Date: 2026-09-23 UTC
[05:50:24.452] weston 14.0.2
               https://wayland.freedesktop.org
               Bug reports to: https://gitlab.freedesktop.org/wayland/weston/issues/
               Build: 14.0.2
[05:50:24.456] Command line: weston --backend=drm-backend.so --renderer=pixman --drm-device=card0 --seat=seat0 --idle-time=0 --debug --log=/root/input17-weston.log
[05:50:24.456] OS: Linux, 10.0.0, 10.0.0, aarch64
[05:50:24.456] Flight recorder: enabled
[05:50:24.468] Starting with no config file.
[05:50:24.494] Output repaint window is 7 ms maximum.
[05:50:24.501] Loading module '/usr/lib/libweston-14/drm-backend.so'
[05:50:24.568] initializing drm backend
[05:50:24.571] Trying libseat launcher...
[05:50:24.580] [libseat/libseat.c:62] Seat opened with backend 'seatd'
[05:50:24.581] [libseat/backend/seatd.c:212] Enabling seat
[05:50:24.582] libseat: session control granted
[05:50:24.597] using /dev/dri/card0
[05:50:24.600] DRM: does not support atomic modesetting
[05:50:24.600] DRM: supports GBM modifiers
[05:50:24.600] DRM: does not support Atomic async page flip
[05:50:24.600] DRM: supports picture aspect ratio
[05:50:24.605] Using Pixman renderer
[05:50:24.790] event0  - failed to create input device '/dev/input/event0'
[05:50:24.799] event1  - failed to create input device '/dev/input/event1'
[05:50:24.803] warning: no input devices on entering Weston. Possible causes:
	- no permissions to read /dev/input/event*
	- seats misconfigured (Weston backend option 'seat', udev device property ID_SEAT)
[05:50:24.803] failed to create input devices
[05:50:24.809] fatal: failed to create compositor backend
