[full]   SNAP[t0] n=1
[188:188:0922/044929.907459:VERBOSE1:chrome/app/chrome_crash_reporter_client.cc:199] GetCollectStatsConsent(): is_official_chrome_build is false so returning false
[full]   SNAP[t5] n=4
[188:188:0922/044933.450548:VERBOSE1:chrome/app/chrome_crash_reporter_client.cc:199] GetCollectStatsConsent(): is_official_chrome_build is false so returning false
[188:188:0922/044933.518328:ERROR:ui/ozone/platform/wayland/common/drm_render_node_path_finder.cc:45] drmGetDevices2() has not found any devices: No such file or directory (2)
[208:208:0922/044941.135920:INFO:third_party/webrtc/rtc_base/cpu_info.cc:77] Available number of cores: 4
[208:208:0922/044941.321255:VERBOSE1:content/zygote/zygote_main_linux.cc:202] ZygoteMain: initializing 0 fork delegates
[210:210:0922/044941.351743:INFO:third_party/webrtc/rtc_base/cpu_info.cc:77] Available number of cores: 4
[full]   SNAP[t10] n=5
[210:210:0922/044941.604059:VERBOSE1:content/zygote/zygote_main_linux.cc:202] ZygoteMain: initializing 0 fork delegates
[188:188:0922/044949.690966:VERBOSE1:components/policy/core/common/config_dir_policy_loader.cc:120] Skipping mandatory platform policies because no policy file was found at: /etc/chromium/policies/managed
[188:188:0922/044949.693021:VERBOSE1:components/policy/core/common/config_dir_policy_loader.cc:120] Skipping recommended platform policies because no policy file was found at: /etc/chromium/policies/recommended
[full]   SNAP[t15] n=3
[188:188:0922/044950.208373:VERBOSE1:components/variations/service/variations_field_trial_creator.cc:77] VariationsSeedUsage:2
[188:188:0922/044950.228539:VERBOSE1:components/variations/service/variations_field_trial_creator.cc:374] VariationsSetupComplete
[188:226:0922/044950.549142:ERROR:base/files/file_path_watcher_inotify.cc:338] inotify_init() failed: Function not implemented (38)
[188:225:0922/044950.556198:VERBOSE1:base/files/file_util_posix.cc:309] Cannot stat "/tmp/chromium-baseline/VariationsSeedV2": No such file or directory (2)
[188:225:0922/044950.572995:VERBOSE1:base/files/file_util_posix.cc:309] Cannot stat "/tmp/chromium-baseline/VariationsSeedV2": No such file or directory (2)
[188:227:0922/044950.665920:ERROR:dbus/bus.cc:405] Failed to connect to the bus: Failed to connect to socket /run/dbus/system_bus_socket: No such file or directory
[188:188:0922/044951.028645:WARNING:ui/ozone/platform/wayland/ozone_platform_wayland.cc:278] Failed to initialize drm render node handle.
[188:188:0922/044951.064237:WARNING:ui/ozone/platform/wayland/common/wayland_object.cc:119] Binding to wl_shm version 1 but version 2 is available.
[188:188:0922/044951.077489:WARNING:ui/ozone/platform/wayland/host/wayland_connection.cc:273] No wl_seat object. The functionality may suffer.
[188:188:0922/044953.174497:ERROR:content/browser/browser_main_loop.cc:274] Gdk: gdk_seat_get_keyboard: assertion 'GDK_IS_SEAT (seat)' failed
[188:188:0922/044956.106608:VERBOSE1:chrome/browser/media/webrtc/webrtc_event_log_manager.cc:126] WebRTC remote-bound event logging enabled.
[188:188:0922/044956.226096:VERBOSE1:components/proxy_config/pref_proxy_config_tracker_impl.cc:462] 0x4400078d00: set chrome proxy config service to 0x4400181500
[188:188:0922/044956.251162:VERBOSE1:google_apis/api_key_cache.cc:120] Using default value "497550622367-ubtkmd3b2pp5gulba5n6ha6sq4n35ehj.apps.googleusercontent.com" for API key GOOGLE_CLIENT_ID_MAIN
[188:188:0922/044956.252541:VERBOSE1:google_apis/api_key_cache.cc:120] Using default value "NaCX8tIIAphrjs56n3TpHx_e" for API key GOOGLE_CLIENT_SECRET_MAIN
[188:188:0922/044956.253111:VERBOSE1:google_apis/api_key_cache.cc:120] Using default value "497550622367-ubtkmd3b2pp5gulba5n6ha6sq4n35ehj.apps.googleusercontent.com" for API key GOOGLE_CLIENT_ID_REMOTING
[188:188:0922/044956.253473:VERBOSE1:google_apis/api_key_cache.cc:120] Using default value "NaCX8tIIAphrjs56n3TpHx_e" for API key GOOGLE_CLIENT_SECRET_REMOTING
[188:188:0922/044956.253800:VERBOSE1:google_apis/api_key_cache.cc:120] Using default value "497550622367-ubtkmd3b2pp5gulba5n6ha6sq4n35ehj.apps.googleusercontent.com" for API key GOOGLE_CLIENT_ID_REMOTING_HOST
[188:188:0922/044956.255780:VERBOSE1:google_apis/api_key_cache.cc:120] Using default value "NaCX8tIIAphrjs56n3TpHx_e" for API key GOOGLE_CLIENT_SECRET_REMOTING_HOST
[full]   SNAP[t20] n=3
[188:188:0922/044956.379840:VERBOSE1:components/device_event_log/device_event_log_impl.cc:203] [04:49:56.379] Display: EVENT: wayland_screen.cc:146 Displays updated, count: 1
[188:188:0922/044957.325008:VERBOSE1:components/device_event_log/device_event_log_impl.cc:203] [04:49:57.324] Display: EVENT: wayland_screen.cc:149 Display[14] bounds=[0,0 1280x800], workarea=[0,0 1280x800], scale=1, rotation=0, panel_rotation=0 external detected
[188:227:0922/044957.485152:ERROR:dbus/bus.cc:405] Failed to connect to the bus: Could not parse server address: Unknown address type (examples of valid types are "tcp" and on UNIX "unix")
[188:227:0922/044957.501162:ERROR:dbus/bus.cc:405] Failed to connect to the bus: Failed to connect to socket /run/dbus/system_bus_socket: No such file or directory
[188:227:0922/044957.502755:ERROR:dbus/bus.cc:405] Failed to connect to the bus: Failed to connect to socket /run/dbus/system_bus_socket: No such file or directory
[188:227:0922/044957.503393:ERROR:dbus/bus.cc:405] Failed to connect to the bus: Could not parse server address: Unknown address type (examples of valid types are "tcp" and on UNIX "unix")
[188:241:0922/044957.649101:VERBOSE1:base/files/file_util_posix.cc:309] Cannot stat "/tmp/chromium-baseline/component_crx_cache/metadata.json": No such file or directory (2)
[188:250:0922/044958.192720:WARNING:ui/ozone/platform/wayland/ozone_platform_wayland.cc:331] Failed to find drm render node path.
[188:250:0922/044958.195819:WARNING:ui/ozone/platform/wayland/gpu/wayland_buffer_manager_gpu.cc:456] Failed to initialize drm render node handle.
[188:227:0922/044959.375212:ERROR:dbus/bus.cc:405] Failed to connect to the bus: Could not parse server address: Unknown address type (examples of valid types are "tcp" and on UNIX "unix")
[188:226:0922/044959.415581:VERBOSE1:base/files/file_util_posix.cc:309] Cannot stat "/tmp/chromium-baseline/Consent To Send Stats": No such file or directory (2)
[188:188:0922/045000.836787:VERBOSE1:components/enterprise/browser/controller/chrome_browser_cloud_management_controller.cc:204] Cloud management controller initialization aborted as CBCM is not enabled. Please use the `--enable-chrome-browser-cloud-management` command line flag to enable it if you are not using the official Google Chrome build.
[188:188:0922/045002.296072:VERBOSE1:components/policy/core/common/cloud/user_cloud_policy_store.cc:130] [policy_type=google/chrome/user] Initiating immediate policy load from disk
[188:188:0922/045002.312415:VERBOSE1:components/policy/core/common/cloud/user_cloud_policy_store.cc:233] [policy_type=google/chrome/user] No policy found on disk
[188:188:0922/045002.313492:VERBOSE1:components/policy/core/common/cloud/user_cloud_policy_store.cc:130] [policy_type=google/extension-install-cloud-policy/chrome/user] Initiating immediate policy load from disk
[188:188:0922/045002.315082:VERBOSE1:components/policy/core/common/cloud/user_cloud_policy_store.cc:233] [policy_type=google/extension-install-cloud-policy/chrome/user] No policy found on disk
[188:250:0922/045002.666500:WARNING:ui/gl/angle_platform_impl.cc:52] vulkan_icd.cpp:388 (ChoosePhysicalDevice): Preferred device ICD not found. Using default physicalDevice instead.
[188:250:0922/045004.884169:WARNING:media/gpu/vaapi/vaapi_wrapper.cc:1643] drmGetDevices2() has not found any devices
[188:250:0922/045004.900456:VERBOSE1:media/gpu/vaapi/vaapi_wrapper.cc:1710] GetHandle(): Either VADisplayStateSingleton::PreSandboxInitialization() hasn't been called or that method failed to find a suitable render node
[188:250:0922/045004.997828:VERBOSE1:components/viz/service/main/viz_main_impl.cc:87] VizNullHypothesis is disabled (not a warning)
[188:225:0922/045005.161437:VERBOSE1:base/files/file_util_posix.cc:309] Cannot stat "/tmp/chromium-baseline/Default/Web Applications/Logs": No such file or directory (2)
[188:227:0922/045005.302790:ERROR:dbus/bus.cc:405] Failed to connect to the bus: Could not parse server address: Unknown address type (examples of valid types are "tcp" and on UNIX "unix")
[188:188:0922/045005.660182:VERBOSE1:components/proxy_config/pref_proxy_config_tracker_impl.cc:462] 0x440007d140: set chrome proxy config service to 0x4400183f00
[188:188:0922/045006.047836:VERBOSE1:components/signin/internal/identity_manager/mutable_profile_oauth2_token_service_delegate.cc:353] MutablePO2TS::MutablePO2TS
[188:241:0922/045006.926923:VERBOSE1:base/files/file_util_posix.cc:309] Cannot stat "/tmp/chromium-baseline/Default/Code Cache/pc": No such file or directory (2)
[full]   SNAP[t25] n=4
[188:226:0922/045007.057353:VERBOSE1:net/disk_cache/simple/simple_index_file.cc:625] Simple Cache Index is being restored from disk.
[188:226:0922/045007.074153:VERBOSE1:base/files/file_util_posix.cc:309] Cannot stat "/tmp/chromium-baseline/Default/Code Cache/js/index-dir/the-real-index": No such file or directory (2)
[188:225:0922/045007.096602:VERBOSE1:net/disk_cache/simple/simple_index_file.cc:625] Simple Cache Index is being restored from disk.
[188:225:0922/045007.116068:VERBOSE1:base/files/file_util_posix.cc:309] Cannot stat "/tmp/chromium-baseline/Default/Code Cache/wasm/index-dir/the-real-index": No such file or directory (2)
[188:188:0922/045007.225680:VERBOSE1:components/proxy_config/pref_proxy_config_tracker_impl.cc:462] 0x440007e800: set chrome proxy config service to 0x44001839c0
[188:188:0922/045007.420599:VERBOSE1:chrome/browser/permissions/prediction_service/prediction_model_handler_provider_factory.cc:61] [PermissionsAI]: PredictionModelHandlerProviderFactory::BuildServiceInstanceForBrowserContext
[188:188:0922/045007.428195:VERBOSE1:chrome/browser/permissions/prediction_service/prediction_model_handler_provider_factory.cc:70] [PermissionsAI]: OptimizationGuideGlobalStateHolderKeyedService not available.
[188:188:0922/045007.842688:VERBOSE1:components/signin/internal/identity_manager/mutable_profile_oauth2_token_service_delegate.cc:443] MutablePO2TS::RefreshTokenIsAvailable
[188:188:0922/045008.417490:VERBOSE1:components/signin/internal/identity_manager/mutable_profile_oauth2_token_service_delegate.cc:443] MutablePO2TS::RefreshTokenIsAvailable
[188:188:0922/045008.937609:VERBOSE1:extensions/browser/extension_registrar.cc:547] AddComponentExtension Web Store
[188:188:0922/045008.938279:VERBOSE1:extensions/browser/extension_registrar.cc:549] Component extension Web Store (ahfgeienlihckogmohjhadlkjgocpleb) installing/upgrading from '' to 0.2
[188:188:0922/045009.202677:VERBOSE1:extensions/browser/extension_registrar.cc:547] AddComponentExtension Chromium PDF Viewer
[188:188:0922/045009.203648:VERBOSE1:extensions/browser/extension_registrar.cc:549] Component extension Chromium PDF Viewer (mhjfbmdgcfjbbpaeojofohoefgiehjai) installing/upgrading from '' to 1
[188:188:0922/045009.253177:VERBOSE1:extensions/browser/extension_registrar.cc:547] AddComponentExtension Google Hangouts
[188:188:0922/045009.253596:VERBOSE1:extensions/browser/extension_registrar.cc:549] Component extension Google Hangouts (nkeimhogjdpnpccoofpliimaahmaaome) installing/upgrading from '' to 1.3.26
[188:188:0922/045009.303575:VERBOSE1:components/signin/internal/identity_manager/mutable_profile_oauth2_token_service_delegate.cc:443] MutablePO2TS::RefreshTokenIsAvailable
[188:188:0922/045009.304298:VERBOSE1:components/signin/internal/identity_manager/mutable_profile_oauth2_token_service_delegate.cc:443] MutablePO2TS::RefreshTokenIsAvailable
[188:188:0922/045009.314108:VERBOSE1:components/signin/core/browser/account_reconcilor.cc:150] AccountReconcilor::AccountReconcilor
[188:188:0922/045009.315187:VERBOSE1:components/signin/core/browser/account_reconcilor.cc:180] AccountReconcilor::Initialize
[188:188:0922/045009.315851:VERBOSE1:components/signin/core/browser/account_reconcilor.cc:231] AccountReconcilor::RegisterWithContentSettings
[188:188:0922/045009.316480:VERBOSE1:components/signin/core/browser/account_reconcilor.cc:254] AccountReconcilor::RegisterWithIdentityManager
[188:227:0922/045009.489999:ERROR:dbus/bus.cc:405] Failed to connect to the bus: Could not parse server address: Unknown address type (examples of valid types are "tcp" and on UNIX "unix")
[188:225:0922/045009.534931:VERBOSE1:base/files/file_util_posix.cc:309] Cannot stat "/tmp/chromium-baseline/Default/Policy/User Policy": No such file or directory (2)
[188:225:0922/045009.536142:VERBOSE1:base/files/file_util_posix.cc:309] Cannot stat "/tmp/chromium-baseline/Default/Policy/Signing Key": No such file or directory (2)
[188:225:0922/045009.537403:VERBOSE1:base/files/file_util_posix.cc:309] Cannot stat "/tmp/chromium-baseline/Default/Policy/User Extension Install Policy": No such file or directory (2)
[188:225:0922/045009.538787:VERBOSE1:base/files/file_util_posix.cc:309] Cannot stat "/tmp/chromium-baseline/Default/Policy/User Extension Install Signing Key": No such file or directory (2)
[188:188:0922/045009.628626:VERBOSE1:chrome/browser/profiles/profile_manager.cc:1408] AddKeepAlive(Default, kBrowserWindow). keep_alives=[kWaitingForFirstBrowserWindow (1), kBrowserWindow (1)]
[188:188:0922/045009.630842:VERBOSE1:chrome/browser/profiles/profile_manager.cc:1490] ClearFirstBrowserWindowKeepAlive(Default). keep_alives=[kBrowserWindow (1)]

(chromium:188): GLib-GIO-CRITICAL **: 04:50:09.826: g_settings_schema_source_lookup: assertion 'source != NULL' failed
[188:188:0922/045010.822920:WARNING:ui/ozone/platform/wayland/host/wayland_surface.cc:170] Server doesn't support zcr_alpha_compositing_v1.
[188:188:0922/045010.823339:WARNING:ui/ozone/platform/wayland/host/wayland_surface.cc:185] Server doesn't support overlay_prioritizer.
[188:188:0922/045010.823603:WARNING:ui/ozone/platform/wayland/host/wayland_surface.cc:200] Server doesn't support wp_content_type_v1
[188:188:0922/045010.824312:WARNING:ui/ozone/platform/wayland/host/wayland_surface.cc:214] Server doesn't support wp_color_management_surface_v1.
[188:188:0922/045010.932130:WARNING:ui/ozone/platform/wayland/host/wayland_connection.cc:408] text-input-v3 not available.
[188:188:0922/045012.127361:VERBOSE1:chrome/browser/ui/views/omnibox/omnibox_popup_closer.cc:65] Closing omnibox popup with reason: kRevertAll
[188:188:0922/045012.866424:VERBOSE1:google_apis/gaia/gaia_auth_util.cc:53] Canonicalized @gmail.com to @gmail.com
[188:188:0922/045012.867418:VERBOSE1:google_apis/gaia/gaia_auth_util.cc:53] Canonicalized @gmail.com to @gmail.com
[188:188:0922/045014.118713:VERBOSE1:chrome/browser/enterprise/data_protection/data_protection_navigation_observer.cc:227] enterprise.data_protection: same document navigation: 0
[188:188:0922/045014.120081:VERBOSE1:chrome/browser/enterprise/data_protection/data_protection_navigation_observer.cc:229] enterprise.data_protection: URL to scan: file:///usr/share/html-test/index.html
[188:188:0922/045014.331969:VERBOSE1:components/signin/internal/identity_manager/mutable_profile_oauth2_token_service_delegate.cc:443] MutablePO2TS::RefreshTokenIsAvailable
[full]   SNAP[t30] n=4
[188:188:0922/045014.790787:VERBOSE1:chrome/browser/ui/views/omnibox/omnibox_popup_closer.cc:65] Closing omnibox popup with reason: kRevertAll
[188:188:0922/045015.146339:VERBOSE1:components/signin/internal/identity_manager/mutable_profile_oauth2_token_service_delegate.cc:443] MutablePO2TS::RefreshTokenIsAvailable
[188:188:0922/045016.052485:ERROR:dbus/object_proxy.cc:572] Failed to call method: org.freedesktop.DBus.NameHasOwner: object_path= /org/freedesktop/DBus: unknown error type: 
[188:188:0922/045016.056224:WARNING:device/bluetooth/dbus/bluez_dbus_manager.cc:209] Floss manager service not available, cannot set Floss enable/disable.
[188:227:0922/045016.055532:ERROR:dbus/bus.cc:405] Failed to connect to the bus: Could not parse server address: Unknown address type (examples of valid types are "tcp" and on UNIX "unix")
[188:188:0922/045016.058460:ERROR:dbus/object_proxy.cc:572] Failed to call method: org.freedesktop.DBus.NameHasOwner: object_path= /org/freedesktop/DBus: unknown error type: 
[188:188:0922/045016.058964:VERBOSE1:ui/base/idle/idle_linux.cc:130] org.freedesktop.ScreenSaver D-Bus service does not exist
[188:227:0922/045016.061579:ERROR:dbus/bus.cc:405] Failed to connect to the bus: Could not parse server address: Unknown address type (examples of valid types are "tcp" and on UNIX "unix")
[188:188:0922/045016.073641:ERROR:dbus/object_proxy.cc:572] Failed to call method: org.freedesktop.DBus.NameHasOwner: object_path= /org/freedesktop/DBus: unknown error type: 
[188:188:0922/045016.281061:ERROR:dbus/object_proxy.cc:572] Failed to call method: org.freedesktop.DBus.NameHasOwner: object_path= /org/freedesktop/DBus: unknown error type: 
[258:276:0922/045016.557619:VERBOSE1:net/base/network_delegate.cc:38] NetworkDelegate::NotifyBeforeURLRequest: http://clients2.google.com/time/1/current?cup2key=10:ZxiuVhNvKd2hcISk02suD0GllX7Tfa-QUdaPuEzatAI&cup2hreq=e3b0c44298fc1c149afbf4c8996fb92427ae41e4649b934ca495991b7852b855
[188:188:0922/045017.198009:VERBOSE1:components/signin/internal/identity_manager/mutable_profile_oauth2_token_service_delegate.cc:443] MutablePO2TS::RefreshTokenIsAvailable
[258:275:0922/045017.205734:VERBOSE1:net/disk_cache/simple/simple_index_file.cc:625] Simple Cache Index is being restored from disk.
[258:275:0922/045017.215755:VERBOSE1:base/files/file_util_posix.cc:309] Cannot stat "/tmp/chromium-baseline/Default/Shared Dictionary/cache/index-dir/the-real-index": No such file or directory (2)
[188:188:0922/045017.269571:ERROR:dbus/object_proxy.cc:572] Failed to call method: org.freedesktop.DBus.NameHasOwner: object_path= /org/freedesktop/DBus: unknown error type: 
[188:188:0922/045017.270136:WARNING:ui/ozone/platform/wayland/host/org_gnome_mutter_idle_monitor.cc:87] org.gnome.Mutter.IdleMonitor D-Bus service does not exist
[258:276:0922/045017.341086:ERROR:net/socket/tcp_socket_posix.cc:93] Failed to set TCP_KEEPIDLE on fd: 27: Protocol not available (92)
[258:276:0922/045017.445764:ERROR:net/socket/tcp_socket_posix.cc:93] Failed to set TCP_KEEPIDLE on fd: 28: Protocol not available (92)
[188:225:0922/045017.683539:VERBOSE1:content/browser/loader/file_url_loader_factory.cc:474] FileURLLoader::Start: file:///usr/share/html-test/index.html
[258:276:0922/045017.750329:VERBOSE1:net/base/network_delegate.cc:38] NetworkDelegate::NotifyBeforeURLRequest: https://www.google.com/async/folae?async=_fmt:pb&udm=50&client_locale=en-US
[188:227:0922/045017.790569:ERROR:dbus/bus.cc:405] Failed to connect to the bus: Failed to connect to socket /run/dbus/system_bus_socket: No such file or directory
[188:227:0922/045017.802712:ERROR:dbus/bus.cc:405] Failed to connect to the bus: Failed to connect to socket /run/dbus/system_bus_socket: No such file or directory
[188:188:0922/045017.822078:ERROR:dbus/object_proxy.cc:572] Failed to call method: org.freedesktop.DBus.NameHasOwner: object_path= /org/freedesktop/DBus: unknown error type: 
[188:188:0922/045017.850115:ERROR:dbus/object_proxy.cc:572] Failed to call method: org.freedesktop.DBus.NameHasOwner: object_path= /org/freedesktop/DBus: unknown error type: 
[188:188:0922/045017.850504:VERBOSE1:ui/base/idle/idle_linux.cc:130] org.cinnamon.ScreenSaver D-Bus service does not exist
[188:227:0922/045017.855141:ERROR:dbus/bus.cc:405] Failed to connect to the bus: Could not parse server address: Unknown address type (examples of valid types are "tcp" and on UNIX "unix")
[188:188:0922/045018.588580:WARNING:dbus/property.cc:94] Failed to connect to PropertiesChangedsignal.
[258:277:0922/045018.689917:VERBOSE1:net/disk_cache/simple/simple_index_file.cc:625] Simple Cache Index is being restored from disk.
[258:277:0922/045018.693924:VERBOSE1:base/files/file_util_posix.cc:309] Cannot stat "/tmp/chromium-baseline/Default/Cache/Cache_Data/index-dir/the-real-index": No such file or directory (2)
[258:275:0922/045018.763589:VERBOSE1:base/files/file_util_posix.cc:309] Cannot stat "/tmp/chromium-baseline/Default/Cache/No_Vary_Search/snapshot-new.baf": No such file or directory (2)
[258:277:0922/045018.774884:VERBOSE1:base/files/file_util_posix.cc:309] Cannot stat "/tmp/chromium-baseline/Default/Cache/Cache_Data/cfc3e0bad1972083_0": No such file or directory (2)
[258:277:0922/045018.781918:VERBOSE1:base/files/file_util_posix.cc:309] Cannot stat "/tmp/chromium-baseline/Default/Cache/Cache_Data/cfc3e0bad1972083_1": No such file or directory (2)
[258:275:0922/045018.783754:VERBOSE1:base/files/file_util_posix.cc:309] Cannot stat "/tmp/chromium-baseline/Default/Cache/No_Vary_Search/journal.baj": No such file or directory (2)
[258:277:0922/045018.795769:VERBOSE1:base/files/file_util_posix.cc:309] Cannot stat "/tmp/chromium-baseline/Default/Cache/Cache_Data/cfc3e0bad1972083_s": No such file or directory (2)
[258:276:0922/045018.926043:ERROR:net/socket/tcp_socket_posix.cc:93] Failed to set TCP_KEEPIDLE on fd: 32: Protocol not available (92)
[188:188:0922/045018.938790:ERROR:dbus/object_proxy.cc:572] Failed to call method: org.freedesktop.DBus.Properties.GetAll: object_path= /org/freedesktop/UPower/devices/DisplayDevice: unknown error type: 
[188:188:0922/045018.939407:WARNING:dbus/property.cc:174] GetAll request failed for: org.freedesktop.UPower.Device
[188:225:0922/045018.989794:VERBOSE1:components/signin/public/webdata/token_service_table.cc:259] Loaded tokens: result = 3 ; number of tokens loaded = 0
[188:188:0922/045018.999788:VERBOSE1:components/signin/internal/identity_manager/mutable_profile_oauth2_token_service_delegate.cc:443] MutablePO2TS::RefreshTokenIsAvailable
[188:188:0922/045019.171636:ERROR:dbus/object_proxy.cc:572] Failed to call method: org.freedesktop.DBus.NameHasOwner: object_path= /org/freedesktop/DBus: unknown error type: 
[188:188:0922/045019.172028:VERBOSE1:ui/base/idle/idle_linux.cc:130] org.gnome.ScreenSaver D-Bus service does not exist
[188:227:0922/045019.174153:ERROR:dbus/bus.cc:405] Failed to connect to the bus: Could not parse server address: Unknown address type (examples of valid types are "tcp" and on UNIX "unix")
[258:276:0922/045019.189115:ERROR:net/socket/tcp_socket_posix.cc:93] Failed to set TCP_KEEPIDLE on fd: 34: Protocol not available (92)
[258:276:0922/045019.218408:ERROR:net/socket/tcp_socket_posix.cc:93] Failed to set TCP_KEEPIDLE on fd: 32: Protocol not available (92)
[188:188:0922/045019.262593:VERBOSE1:chrome/browser/web_applications/locks/partitioned_lock_manager.cc:262] Acquiring <PartitionedLockId>{id: 0x31, partition: 0} for Start@chrome/browser/web_applications/generated_icon_fix_manager.cc:61
[188:188:0922/045019.264980:VERBOSE1:chrome/browser/web_applications/locks/partitioned_lock_manager.cc:243] All locks acquired for Start@chrome/browser/web_applications/generated_icon_fix_manager.cc:61
[188:225:0922/045019.261829:VERBOSE1:base/files/file_util_posix.cc:309] Cannot stat "/tmp/chromium-baseline/Default/Web Applications/Logs": No such file or directory (2)
[0922/045019.700638:ERROR:third_party/crashpad/crashpad/util/linux/socket.cc:177] missing credentials
[full]   SNAP[t35] n=3
[full]   SNAP[t40] n=2
