Tue Sep 22 04:49:25 UTC 2026 [t0] pid=188 st=R type=(browser/none)
Tue Sep 22 04:49:32 UTC 2026 [t5] pid=188 st=S type=(browser/none)
Tue Sep 22 04:49:32 UTC 2026 [t5] pid=200 st=S type=crashpad-handler
Tue Sep 22 04:49:32 UTC 2026 [t5] pid=203 st=S type=crashpad-handler
Tue Sep 22 04:49:32 UTC 2026 [t5] pid=204 st=R type=crashpad-handler
Tue Sep 22 04:49:39 UTC 2026 [t10] pid=188 st=S type=(browser/none)
Tue Sep 22 04:49:39 UTC 2026 [t10] pid=200 st=S type=crashpad-handler
Tue Sep 22 04:49:39 UTC 2026 [t10] pid=204 st=S type=crashpad-handler
Tue Sep 22 04:49:39 UTC 2026 [t10] pid=208 st=? type=zygote
Tue Sep 22 04:49:39 UTC 2026 [t10] pid=210 st=R type=zygote
Tue Sep 22 04:49:48 UTC 2026 [t15] pid=188 st=R type=(browser/none)
Tue Sep 22 04:49:48 UTC 2026 [t15] pid=200 st=S type=crashpad-handler
Tue Sep 22 04:49:48 UTC 2026 [t15] pid=204 st=S type=crashpad-handler
Tue Sep 22 04:49:55 UTC 2026 [t20] pid=188 st=R type=(browser/none)
Tue Sep 22 04:49:55 UTC 2026 [t20] pid=200 st=S type=crashpad-handler
Tue Sep 22 04:49:55 UTC 2026 [t20] pid=204 st=S type=crashpad-handler
Tue Sep 22 04:50:04 UTC 2026 [t25] pid=188 st=S type=(browser/none)
Tue Sep 22 04:50:04 UTC 2026 [t25] pid=200 st=S type=crashpad-handler
Tue Sep 22 04:50:04 UTC 2026 [t25] pid=204 st=S type=crashpad-handler
Tue Sep 22 04:50:04 UTC 2026 [t25] pid=258 st=R type=utility
Tue Sep 22 04:50:13 UTC 2026 [t30] pid=188 st=R type=(browser/none)
Tue Sep 22 04:50:13 UTC 2026 [t30] pid=200 st=S type=crashpad-handler
Tue Sep 22 04:50:13 UTC 2026 [t30] pid=204 st=S type=crashpad-handler
Tue Sep 22 04:50:13 UTC 2026 [t30] pid=258 st=S type=utility
Tue Sep 22 04:50:20 UTC 2026 [t35] pid=188 st=S type=(browser/none)
Tue Sep 22 04:50:20 UTC 2026 [t35] pid=204 st=S type=crashpad-handler
Tue Sep 22 04:50:20 UTC 2026 [t35] pid=258 st=S type=utility
Tue Sep 22 04:50:28 UTC 2026 [t40] pid=204 st=S type=crashpad-handler
Tue Sep 22 04:50:28 UTC 2026 [t40] pid=258 st=S type=utility
