Date: 2026-09-30 UTC
[00:15:12.905] weston 14.0.2
               https://wayland.freedesktop.org
               Bug reports to: https://gitlab.freedesktop.org/wayland/weston/issues/
               Build: 14.0.2
[00:15:12.909] Command line: weston --backend=drm-backend.so --renderer=pixman --drm-device=card0 --seat=seat0 --idle-time=0 --debug --log=/root/mp-weston.log
[00:15:12.910] OS: Linux, 10.0.0, 10.0.0, aarch64
[00:15:12.910] Flight recorder: enabled
[00:15:12.923] Starting with no config file.
[00:15:12.952] Output repaint window is 7 ms maximum.
[00:15:12.960] Loading module '/usr/lib/libweston-14/drm-backend.so'
[00:15:13.059] initializing drm backend
[00:15:13.062] Trying libseat launcher...
[00:15:13.084] [libseat/libseat.c:62] Seat opened with backend 'seatd'
[00:15:13.084] [libseat/backend/seatd.c:212] Enabling seat
[00:15:13.085] libseat: session control granted
[00:15:13.111] using /dev/dri/card0
[00:15:13.114] DRM: does not support atomic modesetting
[00:15:13.115] DRM: supports GBM modifiers
[00:15:13.115] DRM: does not support Atomic async page flip
[00:15:13.115] DRM: supports picture aspect ratio
[00:15:13.120] Using Pixman renderer
[00:15:13.337] event0  - QEMU Virtio Keyboard: is tagged by udev as: Keyboard
[00:15:13.341] event0  - QEMU Virtio Keyboard: device is a keyboard
[00:15:13.368] event1  - QEMU Virtio Mouse: is tagged by udev as: Mouse
[00:15:13.369] event1  - QEMU Virtio Mouse: device is a pointer
[00:15:13.647] libinput: configuring device "QEMU Virtio Keyboard".
[00:15:13.649] libinput: configuring device "QEMU Virtio Mouse".
[00:15:13.659] DRM: head 'Virtual-1' found, connector 48 is connected, EDID make 'unknown', model 'unknown', serial ''
               Supported EOTF modes: SDR
               Supported colorimetry modes: default
[00:15:13.663] Registered plugin API 'weston_drm_output_api_v1' of size 40
[00:15:13.663] Registered plugin API 'weston_drm_virtual_output_api_v2' of size 48
[00:15:13.666] Color manager: no-op
                 protocol support: no
[00:15:13.682] Output 'Virtual-1' attempts EOTF mode SDR and colorimetry mode default.
[00:15:13.682] Output 'Virtual-1' using color profile: stock sRGB color profile
[00:15:13.715] DRM: output Virtual-1 uses shadow framebuffer.
[00:15:13.716] Output Virtual-1 (crtc 16) video modes:
               current@60.0, current, 70.6 MHz
[00:15:13.725] associating input device event0 with output Virtual-1 (none by udev)
[00:15:13.725] associating input device event1 with output Virtual-1 (none by udev)
[00:15:13.733] Output 'Virtual-1' enabled with head(s) Virtual-1
[00:15:13.735] Compositor capabilities:
               arbitrary surface rotation: yes
               screen capture uses y-flip: no
               cursor planes: yes
               arbitrary resolutions: no
               view mask clipping: yes
               explicit sync: no
               color operations: no
               presentation clock: CLOCK_MONOTONIC, id 1
               presentation clock resolution: 0.000001000 s
[00:15:13.760] Loading module '/usr/lib/weston/desktop-shell.so'
[00:15:13.807] launching '/usr/libexec/weston-keyboard'
[00:15:13.862] launching '/usr/libexec/weston-desktop-shell'
