WARNING: debug protocol has been enabled. This is a potential denial-of-service attack vector and information leak.
[ 830715.171] wl_display#1.get_registry(new id wl_registry#2)
[ 830721.137]  -> wl_registry#2.global(1, "wl_compositor", 5)
[ 830722.617]  -> wl_registry#2.global(2, "wl_subcompositor", 1)
[ 830723.241]  -> wl_registry#2.global(3, "wp_viewporter", 1)
[ 830723.581]  -> wl_registry#2.global(4, "zxdg_output_manager_v1", 2)
[ 830723.817]  -> wl_registry#2.global(5, "wp_presentation", 1)
[ 830724.112]  -> wl_registry#2.global(6, "wp_single_pixel_buffer_manager_v1", 1)
[ 830725.661]  -> wl_registry#2.global(7, "wp_tearing_control_manager_v1", 1)
[ 830725.829]  -> wl_registry#2.global(8, "zwp_relative_pointer_manager_v1", 1)
[ 830725.987]  -> wl_registry#2.global(9, "zwp_pointer_constraints_v1", 1)
[ 830726.177]  -> wl_registry#2.global(10, "zwp_input_timestamps_manager_v1", 1)
[ 830726.401]  -> wl_registry#2.global(11, "weston_capture_v1", 1)
[ 830726.610]  -> wl_registry#2.global(12, "wl_data_device_manager", 3)
[ 830726.901]  -> wl_registry#2.global(13, "wl_shm", 2)
[ 830727.273]  -> wl_registry#2.global(14, "weston_debug_v1", 1)
[ 830727.576]  -> wl_registry#2.global(15, "wl_seat", 7)
[ 830727.772]  -> wl_registry#2.global(16, "wl_output", 4)
[ 830728.187]  -> wl_registry#2.global(17, "zwp_input_panel_v1", 1)
[ 830729.967]  -> wl_registry#2.global(18, "zwp_input_method_v1", 1)
[ 830730.200]  -> wl_registry#2.global(19, "zwp_text_input_manager_v1", 1)
[ 830730.433]  -> wl_registry#2.global(20, "xdg_wm_base", 5)
[ 830730.680]  -> wl_registry#2.global(21, "weston_desktop_shell", 1)
[ 830731.196] wl_display#1.sync(new id wl_callback#3)
[ 830731.485]  -> wl_callback#3.done(1)
[ 830732.129]  -> wl_display#1.delete_id(3)
[ 830734.444] wl_display#1.get_registry(new id wl_registry#2)
[ 830734.729]  -> wl_registry#2.global(1, "wl_compositor", 5)
[ 830735.086]  -> wl_registry#2.global(2, "wl_subcompositor", 1)
[ 830735.467]  -> wl_registry#2.global(3, "wp_viewporter", 1)
[ 830735.820]  -> wl_registry#2.global(4, "zxdg_output_manager_v1", 2)
[ 830736.139]  -> wl_registry#2.global(5, "wp_presentation", 1)
[ 830736.666]  -> wl_registry#2.global(6, "wp_single_pixel_buffer_manager_v1", 1)
[ 830737.080]  -> wl_registry#2.global(7, "wp_tearing_control_manager_v1", 1)
[ 830737.647]  -> wl_registry#2.global(8, "zwp_relative_pointer_manager_v1", 1)
[ 830737.845]  -> wl_registry#2.global(9, "zwp_pointer_constraints_v1", 1)
[ 830738.190]  -> wl_registry#2.global(10, "zwp_input_timestamps_manager_v1", 1)
[ 830738.356]  -> wl_registry#2.global(11, "weston_capture_v1", 1)
[ 830738.741]  -> wl_registry#2.global(12, "wl_data_device_manager", 3)
[ 830739.319]  -> wl_registry#2.global(13, "wl_shm", 2)
[ 830739.544]  -> wl_registry#2.global(14, "weston_debug_v1", 1)
[ 830739.891]  -> wl_registry#2.global(15, "wl_seat", 7)
[ 830740.382]  -> wl_registry#2.global(16, "wl_output", 4)
[ 830741.022]  -> wl_registry#2.global(17, "zwp_input_panel_v1", 1)
[ 830741.439]  -> wl_registry#2.global(18, "zwp_input_method_v1", 1)
[ 830741.882]  -> wl_registry#2.global(19, "zwp_text_input_manager_v1", 1)
[ 830742.266]  -> wl_registry#2.global(20, "xdg_wm_base", 5)
[ 830743.007]  -> wl_registry#2.global(21, "weston_desktop_shell", 1)
[ 830743.477] wl_display#1.sync(new id wl_callback#3)
[ 830743.869]  -> wl_callback#3.done(1)
[ 830744.177]  -> wl_display#1.delete_id(3)
[ 830753.706] wl_registry#2.bind(1, "wl_compositor", 3, new id [unknown]#4)
[ 830754.930] wl_registry#2.bind(2, "wl_subcompositor", 1, new id [unknown]#5)
[ 830755.596] wl_registry#2.bind(3, "wp_viewporter", 1, new id [unknown]#6)
[ 830756.036] wl_registry#2.bind(8, "zwp_relative_pointer_manager_v1", 1, new id [unknown]#7)
[ 830756.330] wl_registry#2.bind(9, "zwp_pointer_constraints_v1", 1, new id [unknown]#8)
[ 830756.630] wl_registry#2.bind(12, "wl_data_device_manager", 3, new id [unknown]#9)
[ 830756.873] wl_registry#2.bind(13, "wl_shm", 1, new id [unknown]#10)
[ 830757.247]  -> wl_shm#10.format(0)
[ 830757.527]  -> wl_shm#10.format(1)
[ 830757.804]  -> wl_shm#10.format(909199186)
[ 830758.220]  -> wl_shm#10.format(875709016)
[ 830758.825]  -> wl_shm#10.format(875708993)
[ 830759.137]  -> wl_shm#10.format(875714642)
[ 830759.300]  -> wl_shm#10.format(875708754)
[ 830759.470]  -> wl_shm#10.format(875714626)
[ 830759.689]  -> wl_shm#10.format(875708738)
[ 830760.079]  -> wl_shm#10.format(808669784)
[ 830760.563]  -> wl_shm#10.format(808669761)
[ 830760.900]  -> wl_shm#10.format(808665688)
[ 830761.349]  -> wl_shm#10.format(808665665)
[ 830761.699] wl_registry#2.bind(15, "wl_seat", 7, new id [unknown]#11)
[ 830761.986]  -> wl_seat#11.name("default")
[ 830762.293]  -> wl_seat#11.capabilities(2)
[ 830762.535] wl_data_device_manager#9.get_data_device(new id wl_data_device#12, wl_seat#11)
[ 830763.071] wl_registry#2.bind(16, "wl_output", 2, new id [unknown]#13)
[ 830763.498]  -> wl_output#13.geometry(0, 0, 1280, 800, 0, "unknown", "unknown", 0)
[ 830763.734]  -> wl_output#13.scale(1)
[ 830764.106]  -> wl_output#13.mode(1, 1280, 800, 59999)
[ 830764.352]  -> wl_output#13.done()
[ 830764.725] wl_registry#2.bind(20, "xdg_wm_base", 5, new id [unknown]#14)
[ 830765.383] wl_display#1.sync(new id wl_callback#3)
[ 830765.806]  -> wl_callback#3.done(1)
[ 830765.974]  -> wl_display#1.delete_id(3)
[ 830767.546] wl_registry#2.bind(1, "wl_compositor", 3, new id [unknown]#4)
[ 830768.166] wl_registry#2.bind(2, "wl_subcompositor", 1, new id [unknown]#5)
[ 830768.382] wl_registry#2.bind(3, "wp_viewporter", 1, new id [unknown]#6)
[ 830768.722] wl_registry#2.bind(8, "zwp_relative_pointer_manager_v1", 1, new id [unknown]#7)
[ 830769.215] wl_registry#2.bind(9, "zwp_pointer_constraints_v1", 1, new id [unknown]#8)
[ 830769.568] wl_registry#2.bind(12, "wl_data_device_manager", 3, new id [unknown]#9)
[ 830769.775] wl_registry#2.bind(13, "wl_shm", 1, new id [unknown]#10)
[ 830770.258]  -> wl_shm#10.format(0)
[ 830770.771]  -> wl_shm#10.format(1)
[ 830771.286]  -> wl_shm#10.format(909199186)
[ 830771.578]  -> wl_shm#10.format(875709016)
[ 830771.774]  -> wl_shm#10.format(875708993)
[ 830772.077]  -> wl_shm#10.format(875714642)
[ 830772.269]  -> wl_shm#10.format(875708754)
[ 830772.741]  -> wl_shm#10.format(875714626)
[ 830772.953]  -> wl_shm#10.format(875708738)
[ 830773.295]  -> wl_shm#10.format(808669784)
[ 830773.483]  -> wl_shm#10.format(808669761)
[ 830773.812]  -> wl_shm#10.format(808665688)
[ 830774.141]  -> wl_shm#10.format(808665665)
[ 830774.540] wl_registry#2.bind(15, "wl_seat", 7, new id [unknown]#11)
[ 830774.904]  -> wl_seat#11.name("default")
[ 830775.222]  -> wl_seat#11.capabilities(2)
[ 830775.469] wl_data_device_manager#9.get_data_device(new id wl_data_device#12, wl_seat#11)
[ 830775.794] wl_registry#2.bind(16, "wl_output", 2, new id [unknown]#13)
[ 830776.063]  -> wl_output#13.geometry(0, 0, 1280, 800, 0, "unknown", "unknown", 0)
[ 830776.379]  -> wl_output#13.scale(1)
[ 830776.563]  -> wl_output#13.mode(1, 1280, 800, 59999)
[ 830776.761]  -> wl_output#13.done()
[ 830776.974] wl_registry#2.bind(20, "xdg_wm_base", 5, new id [unknown]#14)
[ 830777.324] wl_display#1.sync(new id wl_callback#3)
[ 830777.559]  -> wl_callback#3.done(1)
[ 830777.774]  -> wl_display#1.delete_id(3)
could not load cursor 'dnd-move'
could not load cursor 'dnd-copy'
could not load cursor 'dnd-none'
could not load cursor 'dnd-move'
could not load cursor 'dnd-copy'
could not load cursor 'dnd-none'
[ 831220.457] wl_seat#11.get_keyboard(new id wl_keyboard#15)
[ 831221.030]  -> wl_keyboard#15.repeat_info(40, 400)
[ 831223.438]  -> wl_keyboard#15.keymap(1, fd 32, 65134)
[ 831224.134] wl_shm#10.create_pool(new id wl_shm_pool#3, fd 30, 4096)
[ 831226.173] wl_shm_pool#3.resize(8832)
[ 831230.312] wl_shm_pool#3.resize(18624)
[ 831231.557] wl_shm_pool#3.resize(38272)
[ 831233.088] wl_registry#2.bind(16, "wl_output", 2, new id [unknown]#16)
[ 831233.426]  -> wl_output#16.geometry(0, 0, 1280, 800, 0, "unknown", "unknown", 0)
[ 831233.751]  -> wl_output#16.scale(1)
[ 831234.142]  -> wl_output#16.mode(1, 1280, 800, 59999)
[ 831234.430]  -> wl_output#16.done()
[ 831234.720] wl_registry#2.bind(21, "weston_desktop_shell", 1, new id [unknown]#17)
[ 831235.159] weston_desktop_shell#17.set_panel_position(0)
[ 831238.614] wl_compositor#4.create_surface(new id wl_surface#18)
[ 831239.316] weston_desktop_shell#17.set_panel(wl_output#16, wl_surface#18)
[ 831239.954]  -> weston_desktop_shell#17.configure(0, wl_surface#18, 1280, 800)
[ 831240.488] wl_compositor#4.create_surface(new id wl_surface#19)
[ 831241.347] weston_desktop_shell#17.set_background(wl_output#16, wl_surface#19)
[ 831241.783]  -> weston_desktop_shell#17.configure(0, wl_surface#19, 1280, 800)
[ 831242.085] wl_compositor#4.create_surface(new id wl_surface#20)
[ 831242.286] weston_desktop_shell#17.set_grab_surface(wl_surface#20)
[ 854647.823] wl_seat#11.get_keyboard(new id wl_keyboard#15)
[ 854651.847]  -> wl_keyboard#15.repeat_info(40, 400)
[ 854656.146]  -> wl_keyboard#15.keymap(1, fd 33, 65134)
[ 854662.700] wl_shm#10.create_pool(new id wl_shm_pool#3, fd 30, 4096)
[ 854672.343] wl_shm_pool#3.resize(8832)
[ 854676.861] wl_shm_pool#3.resize(18624)
[ 854680.507] wl_shm_pool#3.resize(38272)
[ 854690.252] wl_registry#2.bind(17, "zwp_input_panel_v1", 1, new id [unknown]#16)
[ 854691.013] wl_registry#2.bind(18, "zwp_input_method_v1", 1, new id [unknown]#17)
[ 854692.088] wl_compositor#4.create_surface(new id wl_surface#18)
[ 854693.011] zwp_input_panel_v1#16.get_input_panel_surface(new id zwp_input_panel_surface_v1#19, wl_surface#18)
[ 854694.356] zwp_input_panel_surface_v1#19.set_toplevel(wl_output#13, 0)
[ 854695.010] wl_compositor#4.create_region(new id wl_region#20)
[ 854698.709] wl_shm#10.create_pool(new id wl_shm_pool#21, fd 32, 576000)
[ 854700.032] wl_shm_pool#21.create_buffer(new id wl_buffer#22, 0, 720, 200, 2880, 0)
[ 854705.220] wl_surface#18.frame(new id wl_callback#23)
[ 854708.950] wl_surface#18.set_opaque_region(wl_region#20)
[ 854709.596] wl_region#20.destroy()
[ 854712.962]  -> wl_display#1.delete_id(20)
[ 854713.434] wl_surface#18.attach(wl_buffer#22, 0, 0)
[ 854716.081] wl_surface#18.damage(0, 0, 720, 200)
[ 854722.411] wl_surface#18.commit()
[ 856066.868] wl_surface#18.set_buffer_transform(0)
[ 856067.352] wl_surface#19.set_buffer_transform(0)
[ 856067.636] wl_surface#18.set_buffer_scale(1)
[ 856069.705] wl_surface#19.set_buffer_scale(1)
[ 856070.090] wl_compositor#4.create_region(new id wl_region#21)
[ 856070.712] wl_shm#10.create_pool(new id wl_shm_pool#22, fd 30, 163840)
[ 856072.159] wl_shm_pool#22.create_buffer(new id wl_buffer#23, 0, 1280, 32, 5120, 0)
[ 856072.490] wl_surface#18.frame(new id wl_callback#24)
[ 856072.800] wl_surface#18.set_opaque_region(wl_region#21)
[ 856073.084] wl_region#21.destroy()
[ 856074.621]  -> wl_display#1.delete_id(21)
[ 856075.082] wl_surface#18.attach(wl_buffer#23, 0, 0)
[ 856075.377] wl_surface#18.damage(0, 0, 1280, 32)
[ 856075.692] wl_surface#18.commit()
[ 856076.443]  -> wl_surface#18.enter(wl_output#16)
[ 856076.857]  -> wl_surface#18.enter(wl_output#13)
[ 856077.330] wl_compositor#4.create_region(new id wl_region#25)
[ 856077.809] wl_region#25.add(0, 0, 1280, 800)
[ 856078.203] wl_shm#10.create_pool(new id wl_shm_pool#26, fd 32, 4096000)
[ 856079.908] wl_shm_pool#26.create_buffer(new id wl_buffer#27, 0, 1280, 800, 5120, 0)
[ 856080.256] wl_surface#19.frame(new id wl_callback#28)
[ 856080.574] weston_desktop_shell#17.desktop_ready()
[ 856080.902] wl_surface#19.set_opaque_region(wl_region#25)
[ 856081.172] wl_region#25.destroy()
[ 856081.465]  -> wl_display#1.delete_id(25)
[ 856081.792] wl_surface#19.attach(wl_buffer#27, 0, 0)
[ 856082.101] wl_surface#19.damage(0, 0, 1280, 800)
[ 856082.404] wl_surface#19.commit()
[ 856082.863]  -> wl_surface#19.enter(wl_output#16)
[ 856083.152]  -> wl_surface#19.enter(wl_output#13)
[ 856362.453]  -> wl_callback#28.done(41820)
[ 856364.140]  -> wl_display#1.delete_id(28)
[ 856364.772]  -> wl_callback#24.done(41820)
[ 856365.129]  -> wl_display#1.delete_id(24)
[ 860174.323] wl_display#1.get_registry(new id wl_registry#2)
[ 860174.626]  -> wl_registry#2.global(1, "wl_compositor", 5)
[ 860174.787]  -> wl_registry#2.global(2, "wl_subcompositor", 1)
[ 860174.932]  -> wl_registry#2.global(3, "wp_viewporter", 1)
[ 860175.083]  -> wl_registry#2.global(4, "zxdg_output_manager_v1", 2)
[ 860175.350]  -> wl_registry#2.global(5, "wp_presentation", 1)
[ 860175.498]  -> wl_registry#2.global(6, "wp_single_pixel_buffer_manager_v1", 1)
[ 860175.639]  -> wl_registry#2.global(7, "wp_tearing_control_manager_v1", 1)
[ 860175.777]  -> wl_registry#2.global(8, "zwp_relative_pointer_manager_v1", 1)
[ 860175.914]  -> wl_registry#2.global(9, "zwp_pointer_constraints_v1", 1)
[ 860176.049]  -> wl_registry#2.global(10, "zwp_input_timestamps_manager_v1", 1)
[ 860176.195]  -> wl_registry#2.global(11, "weston_capture_v1", 1)
[ 860176.338]  -> wl_registry#2.global(12, "wl_data_device_manager", 3)
[ 860176.473]  -> wl_registry#2.global(13, "wl_shm", 2)
[ 860176.633]  -> wl_registry#2.global(14, "weston_debug_v1", 1)
[ 860176.785]  -> wl_registry#2.global(15, "wl_seat", 7)
[ 860176.928]  -> wl_registry#2.global(16, "wl_output", 4)
[ 860177.052]  -> wl_registry#2.global(17, "zwp_input_panel_v1", 1)
[ 860177.184]  -> wl_registry#2.global(18, "zwp_input_method_v1", 1)
[ 860177.309]  -> wl_registry#2.global(19, "zwp_text_input_manager_v1", 1)
[ 860177.432]  -> wl_registry#2.global(20, "xdg_wm_base", 5)
[ 860177.555]  -> wl_registry#2.global(21, "weston_desktop_shell", 1)
[ 860177.692] wl_display#1.sync(new id wl_callback#3)
[ 860177.810]  -> wl_callback#3.done(1)
[ 860177.932]  -> wl_display#1.delete_id(3)
[ 860184.384] wl_registry#2.bind(1, "wl_compositor", 4, new id [unknown]#4)
[ 860184.665] wl_registry#2.bind(2, "wl_subcompositor", 1, new id [unknown]#5)
[ 860185.146] wl_registry#2.bind(3, "wp_viewporter", 1, new id [unknown]#6)
[ 860185.321] wl_registry#2.bind(4, "zxdg_output_manager_v1", 2, new id [unknown]#7)
[ 860185.698] wl_registry#2.bind(5, "wp_presentation", 1, new id [unknown]#8)
[ 860185.915]  -> wp_presentation#8.clock_id(1)
[ 860188.794] wl_registry#2.bind(6, "wp_single_pixel_buffer_manager_v1", 1, new id [unknown]#9)
[ 860190.324] wl_registry#2.bind(8, "zwp_relative_pointer_manager_v1", 1, new id [unknown]#10)
[ 860192.012] wl_registry#2.bind(9, "zwp_pointer_constraints_v1", 1, new id [unknown]#11)
[ 860194.598] wl_registry#2.bind(12, "wl_data_device_manager", 3, new id [unknown]#12)
[ 860195.869] wl_registry#2.bind(13, "wl_shm", 1, new id [unknown]#13)
[ 860196.116]  -> wl_shm#13.format(0)
[ 860196.501]  -> wl_shm#13.format(1)
[ 860196.647]  -> wl_shm#13.format(909199186)
[ 860196.775]  -> wl_shm#13.format(875709016)
[ 860196.975]  -> wl_shm#13.format(875708993)
[ 860197.159]  -> wl_shm#13.format(875714642)
[ 860197.364]  -> wl_shm#13.format(875708754)
[ 860197.514]  -> wl_shm#13.format(875714626)
[ 860197.652]  -> wl_shm#13.format(875708738)
[ 860197.775]  -> wl_shm#13.format(808669784)
[ 860197.917]  -> wl_shm#13.format(808669761)
[ 860198.062]  -> wl_shm#13.format(808665688)
[ 860198.289]  -> wl_shm#13.format(808665665)
[ 860201.269] wl_registry#2.bind(15, "wl_seat", 7, new id [unknown]#14)
[ 860201.721]  -> wl_seat#14.name("default")
[ 860201.892]  -> wl_seat#14.capabilities(2)
[ 860202.039] wl_data_device_manager#12.get_data_device(new id wl_data_device#15, wl_seat#14)
[ 860205.626] wl_registry#2.bind(16, "wl_output", 4, new id [unknown]#16)
[ 860205.909]  -> wl_output#16.geometry(0, 0, 1280, 800, 0, "unknown", "unknown", 0)
[ 860206.099]  -> wl_output#16.scale(1)
[ 860206.260]  -> wl_output#16.mode(1, 1280, 800, 59999)
[ 860206.460]  -> wl_output#16.name("Virtual-1")
[ 860206.617]  -> wl_output#16.description("unknown")
[ 860206.752]  -> wl_output#16.done()
[ 860206.908] zxdg_output_manager_v1#7.get_xdg_output(new id zxdg_output_v1#17, wl_output#16)
[ 860207.158]  -> zxdg_output_v1#17.logical_position(0, 0)
[ 860207.350]  -> zxdg_output_v1#17.logical_size(1280, 800)
[ 860207.573]  -> zxdg_output_v1#17.name("Virtual-1")
[ 860207.927]  -> zxdg_output_v1#17.done()
[ 860208.127] wl_registry#2.bind(19, "zwp_text_input_manager_v1", 1, new id [unknown]#18)
[ 860208.315] wl_registry#2.bind(20, "xdg_wm_base", 5, new id [unknown]#19)
[ 860209.260] wl_display#1.sync(new id wl_callback#3)
[ 860209.434]  -> wl_callback#3.done(1)
[ 860209.589]  -> wl_display#1.delete_id(3)
[ 860214.510] wl_seat#14.get_keyboard(new id wl_keyboard#20)
[ 860215.191]  -> wl_keyboard#20.repeat_info(40, 400)
[ 860215.534]  -> wl_keyboard#20.keymap(1, fd 33, 65134)
[ 861531.051] wl_display#1.get_registry(new id wl_registry#2)
[ 861531.609]  -> wl_registry#2.global(1, "wl_compositor", 5)
[ 861531.782]  -> wl_registry#2.global(2, "wl_subcompositor", 1)
[ 861531.934]  -> wl_registry#2.global(3, "wp_viewporter", 1)
[ 861532.087]  -> wl_registry#2.global(4, "zxdg_output_manager_v1", 2)
[ 861532.235]  -> wl_registry#2.global(5, "wp_presentation", 1)
[ 861532.387]  -> wl_registry#2.global(6, "wp_single_pixel_buffer_manager_v1", 1)
[ 861532.558]  -> wl_registry#2.global(7, "wp_tearing_control_manager_v1", 1)
[ 861532.764]  -> wl_registry#2.global(8, "zwp_relative_pointer_manager_v1", 1)
[ 861532.941]  -> wl_registry#2.global(9, "zwp_pointer_constraints_v1", 1)
[ 861533.133]  -> wl_registry#2.global(10, "zwp_input_timestamps_manager_v1", 1)
[ 861533.311]  -> wl_registry#2.global(11, "weston_capture_v1", 1)
[ 861533.726]  -> wl_registry#2.global(12, "wl_data_device_manager", 3)
[ 861533.894]  -> wl_registry#2.global(13, "wl_shm", 2)
[ 861534.039]  -> wl_registry#2.global(14, "weston_debug_v1", 1)
[ 861534.199]  -> wl_registry#2.global(15, "wl_seat", 7)
[ 861534.387]  -> wl_registry#2.global(16, "wl_output", 4)
[ 861534.578]  -> wl_registry#2.global(17, "zwp_input_panel_v1", 1)
[ 861534.748]  -> wl_registry#2.global(18, "zwp_input_method_v1", 1)
[ 861534.908]  -> wl_registry#2.global(19, "zwp_text_input_manager_v1", 1)
[ 861535.302]  -> wl_registry#2.global(20, "xdg_wm_base", 5)
[ 861535.449]  -> wl_registry#2.global(21, "weston_desktop_shell", 1)
[ 861535.607] wl_display#1.sync(new id wl_callback#3)
[ 861535.752]  -> wl_callback#3.done(1)
[ 861535.893]  -> wl_display#1.delete_id(3)
[ 861743.797] wl_registry#2.bind(1, "wl_compositor", 3, new id [unknown]#4)
[ 861744.117] wl_registry#2.bind(2, "wl_subcompositor", 1, new id [unknown]#5)
[ 861744.276] wl_registry#2.bind(4, "zxdg_output_manager_v1", 2, new id [unknown]#6)
[ 861744.430] wl_display#1.sync(new id wl_callback#7)
[ 861744.693]  -> wl_callback#7.done(1)
[ 861744.852]  -> wl_display#1.delete_id(7)
[ 861745.002] wl_registry#2.bind(12, "wl_data_device_manager", 3, new id [unknown]#8)
[ 861745.161] wl_registry#2.bind(13, "wl_shm", 1, new id [unknown]#9)
[ 861745.319]  -> wl_shm#9.format(0)
[ 861745.456]  -> wl_shm#9.format(1)
[ 861745.589]  -> wl_shm#9.format(909199186)
[ 861745.720]  -> wl_shm#9.format(875709016)
[ 861745.899]  -> wl_shm#9.format(875708993)
[ 861746.053]  -> wl_shm#9.format(875714642)
[ 861746.190]  -> wl_shm#9.format(875708754)
[ 861746.329]  -> wl_shm#9.format(875714626)
[ 861746.456]  -> wl_shm#9.format(875708738)
[ 861746.581]  -> wl_shm#9.format(808669784)
[ 861746.706]  -> wl_shm#9.format(808669761)
[ 861746.833]  -> wl_shm#9.format(808665688)
[ 861746.961]  -> wl_shm#9.format(808665665)
[ 861747.093] wl_registry#2.bind(16, "wl_output", 2, new id [unknown]#10)
[ 861747.246]  -> wl_output#10.geometry(0, 0, 1280, 800, 0, "unknown", "unknown", 0)
[ 861747.380]  -> wl_output#10.scale(1)
[ 861747.501]  -> wl_output#10.mode(1, 1280, 800, 59999)
[ 861747.625]  -> wl_output#10.done()
[ 861747.748] zxdg_output_manager_v1#6.get_xdg_output(new id zxdg_output_v1#11, wl_output#10)
[ 861747.875]  -> zxdg_output_v1#11.logical_position(0, 0)
[ 861747.997]  -> zxdg_output_v1#11.logical_size(1280, 800)
[ 861748.122]  -> zxdg_output_v1#11.name("Virtual-1")
[ 861748.253]  -> zxdg_output_v1#11.done()
[ 861748.372] wl_display#1.sync(new id wl_callback#12)
[ 861748.488]  -> wl_callback#12.done(1)
[ 861748.607]  -> wl_display#1.delete_id(12)
[ 861748.729] wl_shm#9.create_pool(new id wl_shm_pool#3, fd 35, 2304)
[ 861749.302] wl_shm_pool#3.resize(5568)
[ 861749.648] wl_shm_pool#3.resize(12096)
[ 861749.873] wl_shm_pool#3.resize(25216)
[ 861750.102] wl_registry#2.bind(15, "wl_seat", 5, new id [unknown]#13)
[ 861750.231]  -> wl_seat#13.name("default")
[ 861750.351]  -> wl_seat#13.capabilities(2)
[ 861750.468] wl_compositor#4.create_surface(new id wl_surface#14)
[ 861750.605] wl_data_device_manager#8.get_data_device(new id wl_data_device#15, wl_seat#13)
[ 861750.813] wl_compositor#4.create_surface(new id wl_surface#16)
[ 861750.941] wl_display#1.sync(new id wl_callback#17)
[ 861751.056]  -> wl_callback#17.done(1)
[ 861751.187]  -> wl_display#1.delete_id(17)
[ 875570.743] wl_shm#10.create_pool(new id wl_shm_pool#24, fd 35, 163840)
[ 875573.776] wl_shm_pool#24.create_buffer(new id wl_buffer#28, 0, 1280, 32, 5120, 0)
[ 875574.458] wl_surface#18.frame(new id wl_callback#25)
[ 875574.757] wl_surface#18.attach(wl_buffer#28, 0, 0)
[ 875575.307] wl_surface#18.damage(0, 0, 1280, 32)
[ 875575.673] wl_surface#18.commit()
[ 875609.222]  -> wl_buffer#23.release()
[ 875626.819]  -> wl_callback#25.done(61313)
[ 875627.306]  -> wl_display#1.delete_id(25)
[ 883323.197] wl_compositor#4.create_surface(new id wl_surface#3)
[ 883324.063] wp_viewporter#6.get_viewport(new id wp_viewport#21, wl_surface#3)
[ 883324.690] wl_compositor#4.create_region(new id wl_region#22)
[ 883324.939] wl_region#22.add(0, 0, 1280, 800)
[ 883325.195] wl_surface#3.set_opaque_region(wl_region#22)
[ 883325.760] wl_region#22.destroy()
[ 883325.998]  -> wl_display#1.delete_id(22)
[ 889456.281] xdg_wm_base#19.get_xdg_surface(new id xdg_surface#23, wl_surface#3)
[ 889466.371] xdg_surface#23.get_toplevel(new id xdg_toplevel#24)
[ 889467.547]  -> xdg_toplevel#24.wm_capabilities(array[12])
[ 889468.141] xdg_toplevel#24.set_app_id("chromium-browser")
[ 889468.764] xdg_toplevel#24.set_title("Untitled - Chromium")
[ 889469.079] xdg_toplevel#24.set_min_size(532, 130)
[ 889469.824] xdg_toplevel#24.set_max_size(0, 0)
[ 889471.804] xdg_toplevel#24.unset_maximized()
[ 889473.990] xdg_toplevel#24.set_min_size(532, 130)
[ 889474.373] xdg_toplevel#24.set_max_size(0, 0)
[ 889474.850]  -> xdg_toplevel#24.configure(0, 0, array[0])
[ 889475.634]  -> xdg_surface#23.configure(2)
[ 889478.169] wl_surface#3.commit()
[ 889545.687] xdg_surface#23.set_window_geometry(16, 10, 1248, 758)
[ 889546.246] xdg_toplevel#24.set_fullscreen(nil)
[ 889549.375] xdg_toplevel#24.set_min_size(500, 0)
[ 889553.541] xdg_toplevel#24.set_max_size(0, 0)
[ 889553.985]  -> xdg_toplevel#24.configure(1280, 800, array[4])
[ 889554.301]  -> xdg_surface#23.configure(3)
[ 889815.051] wl_seat#13.get_keyboard(new id wl_keyboard#12)
[ 889815.472]  -> wl_keyboard#12.repeat_info(40, 400)
[ 889901.522]  -> wl_keyboard#12.keymap(1, fd 36, 65134)
[ 889902.130] wl_registry#2.bind(20, "xdg_wm_base", 5, new id [unknown]#17)
[ 890278.300] xdg_toplevel#24.set_min_size(532, 130)
[ 890278.624] xdg_toplevel#24.set_max_size(0, 0)
[ 890337.488] xdg_toplevel#24.set_min_size(500, 0)
[ 890338.367] xdg_toplevel#24.set_max_size(0, 0)
[ 890353.541] xdg_toplevel#24.set_min_size(500, 0)
[ 890353.999] xdg_toplevel#24.set_max_size(0, 0)
[ 935488.281] wl_surface#18.frame(new id wl_callback#25)
[ 935488.608] wl_surface#18.attach(wl_buffer#23, 0, 0)
[ 935488.833] wl_surface#18.damage(0, 0, 1280, 32)
[ 935488.997] wl_surface#18.commit()
[ 935517.078]  -> wl_buffer#28.release()
[ 935518.409]  -> wl_callback#25.done(121226)
[ 935518.577]  -> wl_display#1.delete_id(25)
