Date: 2026-10-02 UTC
[06:16:18.646] weston 14.0.2
               https://wayland.freedesktop.org
               Bug reports to: https://gitlab.freedesktop.org/wayland/weston/issues/
               Build: 14.0.2
[06:16:18.652] Command line: weston --backend=drm-backend.so --renderer=pixman --drm-device=card0 --seat=seat0 --idle-time=0 --debug --log=/root/single-weston.log
[06:16:18.652] OS: Linux, 10.0.0, 10.0.0, aarch64
[06:16:18.653] Flight recorder: enabled
[06:16:18.667] Starting with no config file.
[06:16:18.699] Output repaint window is 7 ms maximum.
[06:16:18.709] Loading module '/usr/lib/libweston-14/drm-backend.so'
[06:16:18.810] initializing drm backend
[06:16:18.815] Trying libseat launcher...
[06:16:18.833] [libseat/libseat.c:62] Seat opened with backend 'seatd'
[06:16:18.834] [libseat/backend/seatd.c:212] Enabling seat
[06:16:18.835] libseat: session control granted
[06:16:18.862] using /dev/dri/card0
[06:16:18.865] DRM: does not support atomic modesetting
[06:16:18.866] DRM: supports GBM modifiers
[06:16:18.866] DRM: does not support Atomic async page flip
[06:16:18.866] DRM: supports picture aspect ratio
[06:16:18.872] Using Pixman renderer
[06:16:19.130] event0  - QEMU Virtio Keyboard: is tagged by udev as: Keyboard
[06:16:19.136] event0  - QEMU Virtio Keyboard: device is a keyboard
[06:16:19.169] event1  - QEMU Virtio Mouse: is tagged by udev as: Mouse
[06:16:19.170] event1  - QEMU Virtio Mouse: device is a pointer
[06:16:19.671] libinput: configuring device "QEMU Virtio Keyboard".
[06:16:19.674] libinput: configuring device "QEMU Virtio Mouse".
[06:16:19.688] DRM: head 'Virtual-1' found, connector 48 is connected, EDID make 'unknown', model 'unknown', serial ''
               Supported EOTF modes: SDR
               Supported colorimetry modes: default
[06:16:19.694] Registered plugin API 'weston_drm_output_api_v1' of size 40
[06:16:19.695] Registered plugin API 'weston_drm_virtual_output_api_v2' of size 48
[06:16:19.698] Color manager: no-op
                 protocol support: no
[06:16:19.733] Output 'Virtual-1' attempts EOTF mode SDR and colorimetry mode default.
[06:16:19.734] Output 'Virtual-1' using color profile: stock sRGB color profile
[06:16:19.770] DRM: output Virtual-1 uses shadow framebuffer.
[06:16:19.770] Output Virtual-1 (crtc 16) video modes:
               current@60.0, current, 70.6 MHz
[06:16:19.773] associating input device event0 with output Virtual-1 (none by udev)
[06:16:19.774] associating input device event1 with output Virtual-1 (none by udev)
[06:16:19.775] Output 'Virtual-1' enabled with head(s) Virtual-1
[06:16:19.776] Compositor capabilities:
               arbitrary surface rotation: yes
               screen capture uses y-flip: no
               cursor planes: yes
               arbitrary resolutions: no
               view mask clipping: yes
               explicit sync: no
               color operations: no
               presentation clock: CLOCK_MONOTONIC, id 1
               presentation clock resolution: 0.000001000 s
[06:16:19.787] Loading module '/usr/lib/weston/desktop-shell.so'
[06:16:19.821] launching '/usr/libexec/weston-keyboard'
[06:16:19.869] launching '/usr/libexec/weston-desktop-shell'
