Date: 2026-09-23 UTC
[03:13:27.206] weston 14.0.2
               https://wayland.freedesktop.org
               Bug reports to: https://gitlab.freedesktop.org/wayland/weston/issues/
               Build: 14.0.2
[03:13:27.210] Command line: weston --backend=drm-backend.so --renderer=pixman --drm-device=card0 --seat=seat0 --idle-time=0 --debug --log=/root/input3-weston.log
[03:13:27.211] OS: Linux, 10.0.0, 10.0.0, aarch64
[03:13:27.211] Flight recorder: enabled
[03:13:27.227] Starting with no config file.
[03:13:27.251] Output repaint window is 7 ms maximum.
[03:13:27.258] Loading module '/usr/lib/libweston-14/drm-backend.so'
[03:13:27.351] initializing drm backend
[03:13:27.354] Trying libseat launcher...
[03:13:27.372] [libseat/libseat.c:62] Seat opened with backend 'seatd'
[03:13:27.373] [libseat/backend/seatd.c:212] Enabling seat
[03:13:27.374] libseat: session control granted
[03:13:27.393] using /dev/dri/card0
[03:13:27.396] DRM: does not support atomic modesetting
[03:13:27.396] DRM: supports GBM modifiers
[03:13:27.396] DRM: does not support Atomic async page flip
[03:13:27.396] DRM: supports picture aspect ratio
[03:13:27.401] Using Pixman renderer
[03:13:27.571] warning: no input devices on entering Weston. Possible causes:
	- no permissions to read /dev/input/event*
	- seats misconfigured (Weston backend option 'seat', udev device property ID_SEAT)
[03:13:27.571] failed to create input devices
[03:13:27.577] fatal: failed to create compositor backend
