Date: 2026-09-23 UTC
[04:26:41.263] weston 14.0.2
               https://wayland.freedesktop.org
               Bug reports to: https://gitlab.freedesktop.org/wayland/weston/issues/
               Build: 14.0.2
[04:26:41.267] Command line: weston --backend=drm-backend.so --renderer=pixman --drm-device=card0 --seat=seat0 --idle-time=0 --debug --log=/root/input9-weston.log
[04:26:41.268] OS: Linux, 10.0.0, 10.0.0, aarch64
[04:26:41.268] Flight recorder: enabled
[04:26:41.284] Starting with no config file.
[04:26:41.311] Output repaint window is 7 ms maximum.
[04:26:41.318] Loading module '/usr/lib/libweston-14/drm-backend.so'
[04:26:41.420] initializing drm backend
[04:26:41.424] Trying libseat launcher...
[04:26:41.442] [libseat/libseat.c:62] Seat opened with backend 'seatd'
[04:26:41.443] [libseat/backend/seatd.c:212] Enabling seat
[04:26:41.443] libseat: session control granted
[04:26:41.462] using /dev/dri/card0
[04:26:41.465] DRM: does not support atomic modesetting
[04:26:41.465] DRM: supports GBM modifiers
[04:26:41.465] DRM: does not support Atomic async page flip
[04:26:41.465] DRM: supports picture aspect ratio
[04:26:41.470] Using Pixman renderer
[04:26:41.665] warning: no input devices on entering Weston. Possible causes:
	- no permissions to read /dev/input/event*
	- seats misconfigured (Weston backend option 'seat', udev device property ID_SEAT)
[04:26:41.666] failed to create input devices
[04:26:41.672] fatal: failed to create compositor backend
