Date: 2026-09-23 UTC
[06:03:22.755] weston 14.0.2
               https://wayland.freedesktop.org
               Bug reports to: https://gitlab.freedesktop.org/wayland/weston/issues/
               Build: 14.0.2
[06:03:22.759] Command line: weston --backend=drm-backend.so --renderer=pixman --drm-device=card0 --seat=seat0 --idle-time=0 --debug --log=/root/input19-weston.log
[06:03:22.760] OS: Linux, 10.0.0, 10.0.0, aarch64
[06:03:22.760] Flight recorder: enabled
[06:03:22.772] Starting with no config file.
[06:03:22.798] Output repaint window is 7 ms maximum.
[06:03:22.805] Loading module '/usr/lib/libweston-14/drm-backend.so'
[06:03:22.875] initializing drm backend
[06:03:22.879] Trying libseat launcher...
[06:03:22.888] [libseat/libseat.c:62] Seat opened with backend 'seatd'
[06:03:22.889] [libseat/backend/seatd.c:212] Enabling seat
[06:03:22.890] libseat: session control granted
[06:03:22.905] using /dev/dri/card0
[06:03:22.908] DRM: does not support atomic modesetting
[06:03:22.909] DRM: supports GBM modifiers
[06:03:22.909] DRM: does not support Atomic async page flip
[06:03:22.909] DRM: supports picture aspect ratio
[06:03:22.914] Using Pixman renderer
[06:03:23.017] event0  - failed to create input device '/dev/input/event0'
[06:03:23.027] event1  - failed to create input device '/dev/input/event1'
[06:03:23.030] warning: no input devices on entering Weston. Possible causes:
	- no permissions to read /dev/input/event*
	- seats misconfigured (Weston backend option 'seat', udev device property ID_SEAT)
[06:03:23.030] failed to create input devices
[06:03:23.035] fatal: failed to create compositor backend
