[63:63:0922/152450.511422:ERROR:content/app/content_main_runner_impl.cc:429] Failed to initialize cpuinfo
[62:62:0922/152450.576457:ERROR:content/app/content_main_runner_impl.cc:429] Failed to initialize cpuinfo
[48:48:0922/152455.263861:ERROR:ui/ozone/platform/wayland/common/drm_render_node_path_finder.cc:45] drmGetDevices2() has not found any devices: No such file or directory (2)
[48:73:0922/152455.895879:ERROR:base/files/file_path_watcher_inotify.cc:339] inotify_init() failed: Function not implemented (38)
[48:74:0922/152455.955956:ERROR:dbus/bus.cc:408] Failed to connect to the bus: Failed to connect to socket /run/dbus/system_bus_socket: No such file or directory
[48:48:0922/152456.254860:WARNING:ui/ozone/platform/wayland/ozone_platform_wayland.cc:272] Failed to initialize drm render node handle.
[48:48:0922/152456.304986:WARNING:ui/ozone/platform/wayland/common/wayland_object.cc:119] Binding to wl_shm version 1 but version 2 is available.
[48:48:0922/152456.317321:WARNING:ui/ozone/platform/wayland/host/wayland_connection.cc:273] No wl_seat object. The functionality may suffer.
[48:48:0922/152457.825361:ERROR:content/browser/browser_main_loop.cc:288] Gdk: gdk_seat_get_keyboard: assertion 'GDK_IS_SEAT (seat)' failed
[48:74:0922/152500.727539:ERROR:dbus/bus.cc:408] Failed to connect to the bus: Could not parse server address: Unknown address type (examples of valid types are "tcp" and on UNIX "unix")
[48:74:0922/152500.736741:ERROR:dbus/bus.cc:408] Failed to connect to the bus: Failed to connect to socket /run/dbus/system_bus_socket: No such file or directory
[48:74:0922/152500.766562:ERROR:dbus/bus.cc:408] Failed to connect to the bus: Failed to connect to socket /run/dbus/system_bus_socket: No such file or directory
[48:74:0922/152505.754544:ERROR:dbus/bus.cc:408] Failed to connect to the bus: Could not parse server address: Unknown address type (examples of valid types are "tcp" and on UNIX "unix")
[48:74:0922/152513.343089:ERROR:dbus/bus.cc:408] Failed to connect to the bus: Could not parse server address: Unknown address type (examples of valid types are "tcp" and on UNIX "unix")
[48:74:0922/152513.347389:ERROR:dbus/bus.cc:408] Failed to connect to the bus: Could not parse server address: Unknown address type (examples of valid types are "tcp" and on UNIX "unix")
[48:48:0922/152513.682216:WARNING:ui/ozone/platform/wayland/host/wayland_surface.cc:170] Server doesn't support zcr_alpha_compositing_v1.
[48:48:0922/152513.682593:WARNING:ui/ozone/platform/wayland/host/wayland_surface.cc:185] Server doesn't support overlay_prioritizer.
[48:48:0922/152513.682809:WARNING:ui/ozone/platform/wayland/host/wayland_surface.cc:200] Server doesn't support wp_content_type_v1
[48:48:0922/152513.683141:WARNING:ui/ozone/platform/wayland/host/wayland_surface.cc:214] Server doesn't support wp_color_management_surface_v1.
[48:48:0922/152513.877448:WARNING:ui/ozone/platform/wayland/host/wayland_connection.cc:408] text-input-v3 not available.
[48:48:0922/152518.113998:ERROR:dbus/object_proxy.cc:573] Failed to call method: org.freedesktop.DBus.NameHasOwner: object_path= /org/freedesktop/DBus: unknown error type: 
[48:74:0922/152518.116682:ERROR:dbus/bus.cc:408] Failed to connect to the bus: Could not parse server address: Unknown address type (examples of valid types are "tcp" and on UNIX "unix")
[48:74:0922/152518.118028:ERROR:dbus/bus.cc:408] Failed to connect to the bus: Could not parse server address: Unknown address type (examples of valid types are "tcp" and on UNIX "unix")
[48:74:0922/152518.119854:ERROR:dbus/bus.cc:408] Failed to connect to the bus: Could not parse server address: Unknown address type (examples of valid types are "tcp" and on UNIX "unix")
[48:74:0922/152518.120316:ERROR:dbus/bus.cc:408] Failed to connect to the bus: Could not parse server address: Unknown address type (examples of valid types are "tcp" and on UNIX "unix")
[48:74:0922/152518.120635:ERROR:dbus/bus.cc:408] Failed to connect to the bus: Could not parse server address: Unknown address type (examples of valid types are "tcp" and on UNIX "unix")
[48:74:0922/152518.121003:ERROR:dbus/bus.cc:408] Failed to connect to the bus: Could not parse server address: Unknown address type (examples of valid types are "tcp" and on UNIX "unix")
[48:48:0922/152518.123224:WARNING:device/bluetooth/dbus/bluez_dbus_manager.cc:209] Floss manager service not available, cannot set Floss enable/disable.
[48:48:0922/152518.129317:ERROR:content/browser/gpu/gpu_process_host.cc:993] GPU process launch failed: error_code=1002
[48:48:0922/152518.129614:WARNING:content/browser/gpu/gpu_process_host.cc:1441] The GPU process has crashed 1 time(s)
[48:48:0922/152518.463874:ERROR:dbus/object_proxy.cc:573] Failed to call method: org.freedesktop.DBus.NameHasOwner: object_path= /org/freedesktop/DBus: unknown error type: 
[48:48:0922/152519.400163:ERROR:dbus/object_proxy.cc:573] Failed to call method: org.freedesktop.DBus.NameHasOwner: object_path= /org/freedesktop/DBus: unknown error type: 
[48:74:0922/152519.403706:ERROR:dbus/bus.cc:408] Failed to connect to the bus: Could not parse server address: Unknown address type (examples of valid types are "tcp" and on UNIX "unix")
[48:48:0922/152519.404595:ERROR:dbus/object_proxy.cc:573] Failed to call method: org.freedesktop.DBus.NameHasOwner: object_path= /org/freedesktop/DBus: unknown error type: 
[48:48:0922/152519.406680:WARNING:ui/ozone/platform/wayland/host/org_gnome_mutter_idle_monitor.cc:87] org.gnome.Mutter.IdleMonitor D-Bus service does not exist
[48:74:0922/152520.008244:ERROR:dbus/bus.cc:408] Failed to connect to the bus: Failed to connect to socket /run/dbus/system_bus_socket: No such file or directory
[48:74:0922/152520.012505:ERROR:dbus/bus.cc:408] Failed to connect to the bus: Failed to connect to socket /run/dbus/system_bus_socket: No such file or directory
[91:97:0922/152520.337909:ERROR:net/socket/tcp_socket_posix.cc:88] Failed to set TCP_KEEPIDLE on fd: 29: Protocol not available (92)
[91:97:0922/152520.446601:ERROR:net/socket/tcp_socket_posix.cc:88] Failed to set TCP_KEEPIDLE on fd: 31: Protocol not available (92)
[48:48:0922/152520.667869:ERROR:dbus/object_proxy.cc:573] Failed to call method: org.freedesktop.DBus.NameHasOwner: object_path= /org/freedesktop/DBus: unknown error type: 
[48:48:0922/152520.695424:ERROR:dbus/object_proxy.cc:573] Failed to call method: org.freedesktop.DBus.NameHasOwner: object_path= /org/freedesktop/DBus: unknown error type: 
[48:74:0922/152520.719191:ERROR:dbus/bus.cc:408] Failed to connect to the bus: Could not parse server address: Unknown address type (examples of valid types are "tcp" and on UNIX "unix")
[48:48:0922/152520.720273:ERROR:dbus/object_proxy.cc:573] Failed to call method: org.freedesktop.DBus.NameHasOwner: object_path= /org/freedesktop/DBus: unknown error type: 
[48:48:0922/152520.731486:ERROR:content/browser/gpu/gpu_process_host.cc:993] GPU process launch failed: error_code=1002
[48:48:0922/152520.740303:WARNING:content/browser/gpu/gpu_process_host.cc:1441] The GPU process has crashed 2 time(s)
[91:97:0922/152521.102904:ERROR:net/socket/tcp_socket_posix.cc:88] Failed to set TCP_KEEPIDLE on fd: 27: Protocol not available (92)
[48:48:0922/152521.197799:ERROR:dbus/object_proxy.cc:573] Failed to call method: org.freedesktop.DBus.NameHasOwner: object_path= /org/freedesktop/DBus: unknown error type: 
[48:74:0922/152521.199475:ERROR:dbus/bus.cc:408] Failed to connect to the bus: Could not parse server address: Unknown address type (examples of valid types are "tcp" and on UNIX "unix")
[48:48:0922/152521.242186:WARNING:dbus/property.cc:94] Failed to connect to PropertiesChangedsignal.
[48:48:0922/152521.244251:ERROR:dbus/object_proxy.cc:573] Failed to call method: org.freedesktop.DBus.Properties.GetAll: object_path= /org/freedesktop/UPower/devices/DisplayDevice: unknown error type: 
[48:48:0922/152521.245047:WARNING:dbus/property.cc:174] GetAll request failed for: org.freedesktop.UPower.Device
[48:48:0922/152521.270321:ERROR:dbus/object_proxy.cc:573] Failed to call method: org.freedesktop.DBus.NameHasOwner: object_path= /org/freedesktop/DBus: unknown error type: 
[48:48:0922/152521.316757:ERROR:content/browser/gpu/gpu_process_host.cc:993] GPU process launch failed: error_code=1002
[48:48:0922/152521.318799:WARNING:content/browser/gpu/gpu_process_host.cc:1441] The GPU process has crashed 3 time(s)
[48:48:0922/152522.717565:ERROR:dbus/object_proxy.cc:573] Failed to call method: org.freedesktop.DBus.NameHasOwner: object_path= /org/freedesktop/DBus: unknown error type: 
[48:74:0922/152522.718818:ERROR:dbus/bus.cc:408] Failed to connect to the bus: Could not parse server address: Unknown address type (examples of valid types are "tcp" and on UNIX "unix")
[48:48:0922/152522.745814:ERROR:content/browser/gpu/gpu_process_host.cc:993] GPU process launch failed: error_code=1002
[48:48:0922/152522.746128:WARNING:content/browser/gpu/gpu_process_host.cc:1441] The GPU process has crashed 4 time(s)
[48:48:0922/152523.522484:ERROR:dbus/object_proxy.cc:573] Failed to call method: org.freedesktop.DBus.NameHasOwner: object_path= /org/freedesktop/DBus: unknown error type: 
[48:74:0922/152523.526277:ERROR:dbus/bus.cc:408] Failed to connect to the bus: Could not parse server address: Unknown address type (examples of valid types are "tcp" and on UNIX "unix")
[48:48:0922/152523.548932:ERROR:content/browser/gpu/gpu_process_host.cc:993] GPU process launch failed: error_code=1002
[48:48:0922/152523.549332:WARNING:content/browser/gpu/gpu_process_host.cc:1441] The GPU process has crashed 5 time(s)
[48:48:0922/152523.930715:ERROR:dbus/object_proxy.cc:573] Failed to call method: org.freedesktop.DBus.NameHasOwner: object_path= /org/freedesktop/DBus: unknown error type: 
[48:48:0922/152523.944082:WARNING:ui/base/idle/idle_linux.cc:98] None of the known D-Bus ScreenSaver services could be used.
[91:97:0922/152524.021451:ERROR:net/socket/tcp_socket_posix.cc:88] Failed to set TCP_KEEPIDLE on fd: 27: Protocol not available (92)
[48:48:0922/152524.128454:ERROR:content/browser/gpu/gpu_process_host.cc:993] GPU process launch failed: error_code=1002
[48:48:0922/152524.128864:WARNING:content/browser/gpu/gpu_process_host.cc:1441] The GPU process has crashed 6 time(s)
[48:48:0922/152524.129487:FATAL:content/browser/gpu/gpu_data_manager_impl_private.cc:415] GPU process isn't usable. Goodbye.
[0922/152524.167824:ERROR:third_party/crashpad/crashpad/util/linux/socket.cc:177] missing credentials
[91:97:0922/152528.490850:ERROR:net/socket/tcp_socket_posix.cc:88] Failed to set TCP_KEEPIDLE on fd: 29: Protocol not available (92)
[91:97:0922/152528.937674:ERROR:net/socket/tcp_socket_posix.cc:88] Failed to set TCP_KEEPIDLE on fd: 31: Protocol not available (92)
