MP_AUTORUN_START_EPOCH_MS=1790652914
MP_AUTORUN_START_MONO_MS=0
[mpdiag] PAGE_URL=file:///usr/share/html-test/index.html
[mpdiag] TRACE_MODE=0
[mpdiag] GL_MODE=legacy
[mpdiag] NET_MODE=normal
[mpdiag] kernel=Linux 10.0.0 aarch64
[mpdiag] LD_PRELOAD=<unset>
[mpdiag] STRACE_PATH=missing
[mpdiag] STRACE_FILE=/usr/bin/strace
MP_WESTON_SOCKET=wayland-1
[mpdiag] weston_pid=31 alive=yes
/dev/input:
total 0
crw-rw----    1 root     input      13,  64 Sep 29 03:35 event0
crw-rw----    1 root     input      13,  65 Sep 29 03:35 event1

/sys/class/input:
total 0
drwxr-xr-x    2 root     root             0 Jan  1  1970 event0
drwxr-xr-x    2 root     root             0 Jan  1  1970 event1
lrwxrwxrwx    1 root     root            50 Jan  1  1970 input0 -> ../../devices/pci0000:00/0000:00:05.0/input/input0
lrwxrwxrwx    1 root     root            50 Jan  1  1970 input1 -> ../../devices/pci0000:00/0000:00:06.0/input/input1
[mpdiag] CHROME_ARGS=--ozone-platform=wayland --use-gl=swiftshader --in-process-gpu --no-sandbox --disable-dev-shm-usage --disable-crash-reporter --disable-breakpad --no-first-run --no-default-browser-check --disable-sync --disable-component-update --disable-background-networking --window-size=1280,800 --start-fullscreen --kiosk --disable-features=Vulkan,SegmentationPlatform,OptimizationGuideModelDownloading,OptimizationHints,WebAppProvider,InterestFeedContentSuggestions --enable-logging=stderr --v=1 --vmodule=*wayland*=2,*ozone*=2,*navigation*=2,*render_process*=2,*zygote*=2,*mojo*=2 --user-data-dir=/root/mp-chromium-profile
MP_BROWSER_START_EPOCH_MS=1790652933
MP_BROWSER_START_MONO_MS=0
[mpdiag] browser_pid=49
MP_SAMPLE_ELAPSED_SEC=0
MP_RENDERER_COUNT=0
MP_RSS_KB=0
MP_SNAPSHOT=0s
MP_PS_BEGIN=0s
MP_PS    49 root      0:00 /usr/lib/chromium/chromium --ozone-platform=wayland --use-gl=swiftshader --in-process-gpu --no-sandbox --disable-dev-shm-usage --disable-crash-reporter --disable-breakpad --no-first-run --no-default-browser-check --disable-sync --disable-component-update --disable-background-networking --window-size=1280,800 --start-fullscreen --kiosk --disable-features=Vulkan,SegmentationPlatform,OptimizationGuideModelDownloading,OptimizationHints,WebAppProvider,InterestFeedContentSuggestions --enable-logging=stderr --v=1 --vmodule=*wayland*=2,*ozone*=2,*navigation*=2,*render_process*=2,*zygote*=2,*mojo*=2 --user-data-dir=/root/mp-chromium-profile file:///usr/share/html-test/index.html
MP_PS    74 root      0:00 {busybox} grep -E chromium|chrome|type=(renderer|zygote|utility|gpu-process)
MP_PS_END=0s
MP_SAMPLE_ELAPSED_SEC=5
MP_RENDERER_COUNT=0
MP_RSS_KB=0
MP_SNAPSHOT=5s
MP_PS_BEGIN=5s
MP_PS    49 root      0:00 /usr/lib/chromium/chromium --ozone-platform=wayland --use-gl=swiftshader --in-process-gpu --no-sandbox --disable-dev-shm-usage --disable-crash-reporter --disable-breakpad --no-first-run --no-default-browser-check --disable-sync --disable-component-update --disable-background-networking --window-size=1280,800 --start-fullscreen --kiosk --disable-features=Vulkan,SegmentationPlatform,OptimizationGuideModelDownloading,OptimizationHints,WebAppProvider,InterestFeedContentSuggestions --enable-logging=stderr --v=1 --vmodule=*wayland*=2,*ozone*=2,*navigation*=2,*render_process*=2,*zygote*=2,*mojo*=2 --user-data-dir=/root/mp-chromium-profile file:///usr/share/html-test/index.html
MP_PS   101 root      0:00 {busybox} grep -E chromium|chrome|type=(renderer|zygote|utility|gpu-process)
MP_PS_END=5s
MP_SAMPLE_ELAPSED_SEC=10
MP_RENDERER_COUNT=0
MP_RSS_KB=0
MP_SNAPSHOT=10s
MP_PS_BEGIN=10s
MP_PS    49 root      0:00 /usr/lib/chromium/chromium --ozone-platform=wayland --use-gl=swiftshader --in-process-gpu --no-sandbox --disable-dev-shm-usage --disable-crash-reporter --disable-breakpad --no-first-run --no-default-browser-check --disable-sync --disable-component-update --disable-background-networking --window-size=1280,800 --start-fullscreen --kiosk --disable-features=Vulkan,SegmentationPlatform,OptimizationGuideModelDownloading,OptimizationHints,WebAppProvider,InterestFeedContentSuggestions --enable-logging=stderr --v=1 --vmodule=*wayland*=2,*ozone*=2,*navigation*=2,*render_process*=2,*zygote*=2,*mojo*=2 --user-data-dir=/root/mp-chromium-profile file:///usr/share/html-test/index.html
MP_PS   105 root      0:00 /usr/lib/chromium/chrome_crashpad_handler --monitor-self --monitor-self-annotation=ptype=crashpad-handler --database=/root/.config/chromium/Crash Reports --annotation=lsb-release=Alpine Linux v3.22 --annotation=plat=Linux --annotation=prod=Chrome_Linux --annotation=ver=142.0.7444.59 --initial-client-fd=4 --shared-client-connection
MP_PS   126 root      0:00 /usr/lib/chromium/chrome_crashpad_handler --monitor-self --monitor-self-annotation=ptype=crashpad-handler --database=/root/.config/chromium/Crash Reports --annotation=lsb-release=Alpine Linux v3.22 --annotation=plat=Linux --annotation=prod=Chrome_Linux --annotation=ver=142.0.7444.59 --initial-client-fd=4 --shared-client-connection
MP_PS   127 root      0:00 /usr/lib/chromium/chrome_crashpad_handler --monitor-self --monitor-self-annotation=ptype=crashpad-handler --database=/root/.config/chromium/Crash Reports --annotation=lsb-release=Alpine Linux v3.22 --annotation=plat=Linux --annotation=prod=Chrome_Linux --annotation=ver=142.0.7444.59 --initial-client-fd=4 --shared-client-connection
MP_PS   136 root      0:00 {busybox} grep -E chromium|chrome|type=(renderer|zygote|utility|gpu-process)
MP_PS_END=10s
MP_SAMPLE_ELAPSED_SEC=15
MP_RENDERER_COUNT=0
MP_RSS_KB=0
MP_SNAPSHOT=15s
MP_PS_BEGIN=15s
MP_PS    49 root      0:00 /usr/lib/chromium/chromium --ozone-platform=wayland --use-gl=swiftshader --in-process-gpu --no-sandbox --disable-dev-shm-usage --disable-crash-reporter --disable-breakpad --no-first-run --no-default-browser-check --disable-sync --disable-component-update --disable-background-networking --window-size=1280,800 --start-fullscreen --kiosk --disable-features=Vulkan,SegmentationPlatform,OptimizationGuideModelDownloading,OptimizationHints,WebAppProvider,InterestFeedContentSuggestions --enable-logging=stderr --v=1 --vmodule=*wayland*=2,*ozone*=2,*navigation*=2,*render_process*=2,*zygote*=2,*mojo*=2 --user-data-dir=/root/mp-chromium-profile file:///usr/share/html-test/index.html
MP_PS   105 root      0:00 /usr/lib/chromium/chrome_crashpad_handler --monitor-self --monitor-self-annotation=ptype=crashpad-handler --database=/root/.config/chromium/Crash Reports --annotation=lsb-release=Alpine Linux v3.22 --annotation=plat=Linux --annotation=prod=Chrome_Linux --annotation=ver=142.0.7444.59 --initial-client-fd=4 --shared-client-connection
MP_PS   127 root      0:00 /usr/lib/chromium/chrome_crashpad_handler --no-periodic-tasks --monitor-self-annotation=ptype=crashpad-handler --database=/root/.config/chromium/Crash Reports --annotation=lsb-release=Alpine Linux v3.22 --annotation=plat=Linux --annotation=prod=Chrome_Linux --annotation=ver=142.0.7444.59 --initial-client-fd=5 --shared-client-connection
MP_PS   175 root      0:00 {busybox} grep -E chromium|chrome|type=(renderer|zygote|utility|gpu-process)
MP_PS_END=15s
MP_SAMPLE_ELAPSED_SEC=20
MP_RENDERER_COUNT=0
MP_RSS_KB=0
MP_SNAPSHOT=20s
MP_PS_BEGIN=20s
MP_PS    49 root      0:00 /usr/lib/chromium/chromium --ozone-platform=wayland --use-gl=swiftshader --in-process-gpu --no-sandbox --disable-dev-shm-usage --disable-crash-reporter --disable-breakpad --no-first-run --no-default-browser-check --disable-sync --disable-component-update --disable-background-networking --window-size=1280,800 --start-fullscreen --kiosk --disable-features=Vulkan,SegmentationPlatform,OptimizationGuideModelDownloading,OptimizationHints,WebAppProvider,InterestFeedContentSuggestions --enable-logging=stderr --v=1 --vmodule=*wayland*=2,*ozone*=2,*navigation*=2,*render_process*=2,*zygote*=2,*mojo*=2 --user-data-dir=/root/mp-chromium-profile file:///usr/share/html-test/index.html
MP_PS   105 root      0:00 /usr/lib/chromium/chrome_crashpad_handler --monitor-self --monitor-self-annotation=ptype=crashpad-handler --database=/root/.config/chromium/Crash Reports --annotation=lsb-release=Alpine Linux v3.22 --annotation=plat=Linux --annotation=prod=Chrome_Linux --annotation=ver=142.0.7444.59 --initial-client-fd=4 --shared-client-connection
MP_PS   127 root      0:00 /usr/lib/chromium/chrome_crashpad_handler --no-periodic-tasks --monitor-self-annotation=ptype=crashpad-handler --database=/root/.config/chromium/Crash Reports --annotation=lsb-release=Alpine Linux v3.22 --annotation=plat=Linux --annotation=prod=Chrome_Linux --annotation=ver=142.0.7444.59 --initial-client-fd=5 --shared-client-connection
MP_PS   206 root      0:00 {busybox} grep -E chromium|chrome|type=(renderer|zygote|utility|gpu-process)
MP_PS_END=20s
MP_SAMPLE_ELAPSED_SEC=25
MP_RENDERER_COUNT=0
MP_RSS_KB=0
MP_SNAPSHOT=25s
MP_PS_BEGIN=25s
MP_PS    49 root      0:00 /usr/lib/chromium/chromium --ozone-platform=wayland --use-gl=swiftshader --in-process-gpu --no-sandbox --disable-dev-shm-usage --disable-crash-reporter --disable-breakpad --no-first-run --no-default-browser-check --disable-sync --disable-component-update --disable-background-networking --window-size=1280,800 --start-fullscreen --kiosk --disable-features=Vulkan,SegmentationPlatform,OptimizationGuideModelDownloading,OptimizationHints,WebAppProvider,InterestFeedContentSuggestions --enable-logging=stderr --v=1 --vmodule=*wayland*=2,*ozone*=2,*navigation*=2,*render_process*=2,*zygote*=2,*mojo*=2 --user-data-dir=/root/mp-chromium-profile file:///usr/share/html-test/index.html
MP_PS   105 root      0:00 /usr/lib/chromium/chrome_crashpad_handler --monitor-self --monitor-self-annotation=ptype=crashpad-handler --database=/root/.config/chromium/Crash Reports --annotation=lsb-release=Alpine Linux v3.22 --annotation=plat=Linux --annotation=prod=Chrome_Linux --annotation=ver=142.0.7444.59 --initial-client-fd=4 --shared-client-connection
MP_PS   127 root      0:00 /usr/lib/chromium/chrome_crashpad_handler --no-periodic-tasks --monitor-self-annotation=ptype=crashpad-handler --database=/root/.config/chromium/Crash Reports --annotation=lsb-release=Alpine Linux v3.22 --annotation=plat=Linux --annotation=prod=Chrome_Linux --annotation=ver=142.0.7444.59 --initial-client-fd=5 --shared-client-connection
MP_PS   252 root      0:00 {busybox} grep -E chromium|chrome|type=(renderer|zygote|utility|gpu-process)
MP_PS_END=25s
MP_SAMPLE_ELAPSED_SEC=30
MP_RENDERER_COUNT=0
MP_RSS_KB=0
MP_SNAPSHOT=30s
MP_PS_BEGIN=30s
MP_PS    49 root      0:00 /usr/lib/chromium/chromium --ozone-platform=wayland --use-gl=swiftshader --in-process-gpu --no-sandbox --disable-dev-shm-usage --disable-crash-reporter --disable-breakpad --no-first-run --no-default-browser-check --disable-sync --disable-component-update --disable-background-networking --window-size=1280,800 --start-fullscreen --kiosk --disable-features=Vulkan,SegmentationPlatform,OptimizationGuideModelDownloading,OptimizationHints,WebAppProvider,InterestFeedContentSuggestions --enable-logging=stderr --v=1 --vmodule=*wayland*=2,*ozone*=2,*navigation*=2,*render_process*=2,*zygote*=2,*mojo*=2 --user-data-dir=/root/mp-chromium-profile file:///usr/share/html-test/index.html
MP_PS   105 root      0:00 /usr/lib/chromium/chrome_crashpad_handler --monitor-self --monitor-self-annotation=ptype=crashpad-handler --database=/root/.config/chromium/Crash Reports --annotation=lsb-release=Alpine Linux v3.22 --annotation=plat=Linux --annotation=prod=Chrome_Linux --annotation=ver=142.0.7444.59 --initial-client-fd=4 --shared-client-connection
MP_PS   127 root      0:00 /usr/lib/chromium/chrome_crashpad_handler --no-periodic-tasks --monitor-self-annotation=ptype=crashpad-handler --database=/root/.config/chromium/Crash Reports --annotation=lsb-release=Alpine Linux v3.22 --annotation=plat=Linux --annotation=prod=Chrome_Linux --annotation=ver=142.0.7444.59 --initial-client-fd=5 --shared-client-connection
MP_PS   266 root      0:00 {chromium} /proc/self/exe --type=utility --utility-sub-type=network.mojom.NetworkService --lang=en-US --service-sandbox-type=none --no-sandbox --disable-dev-shm-usage --use-gl=swiftshader --crashpad-handler-pid=0 --enable-crash-reporter=, --user-data-dir=/root/mp-chromium-profile --change-stack-guard-on-fork=enable --shared-files=v8_context_snapshot_data:100 --metrics-shmem-handle=4,i,14359845134200599114,5934259448269194977,524288 --field-trial-handle=3,i,8063258297837096532,1526627221969621171,262144 --disable-features=InterestFeedContentSuggestions,OptimizationGuideModelDownloading,OptimizationHints,SegmentationPlatform,Vulkan,WebAppProvider --variations-seed-version --trace-process-track-uuid=3190708989122997041 --enable-logging=stderr --v=1 --vmodule=*wayland*=2,*ozone*=2,*navigation*=2,*render_process*=2,*zygote*=2,*mojo*=2
MP_PS   298 root      0:00 {busybox} grep -E chromium|chrome|type=(renderer|zygote|utility|gpu-process)
MP_PS_END=30s
MP_SAMPLE_ELAPSED_SEC=35
MP_RENDERER_COUNT=0
MP_RSS_KB=0
MP_SNAPSHOT=35s
MP_PS_BEGIN=35s
MP_PS    49 root      0:00 /usr/lib/chromium/chromium --ozone-platform=wayland --use-gl=swiftshader --in-process-gpu --no-sandbox --disable-dev-shm-usage --disable-crash-reporter --disable-breakpad --no-first-run --no-default-browser-check --disable-sync --disable-component-update --disable-background-networking --window-size=1280,800 --start-fullscreen --kiosk --disable-features=Vulkan,SegmentationPlatform,OptimizationGuideModelDownloading,OptimizationHints,WebAppProvider,InterestFeedContentSuggestions --enable-logging=stderr --v=1 --vmodule=*wayland*=2,*ozone*=2,*navigation*=2,*render_process*=2,*zygote*=2,*mojo*=2 --user-data-dir=/root/mp-chromium-profile file:///usr/share/html-test/index.html
MP_PS   105 root      0:00 /usr/lib/chromium/chrome_crashpad_handler --monitor-self --monitor-self-annotation=ptype=crashpad-handler --database=/root/.config/chromium/Crash Reports --annotation=lsb-release=Alpine Linux v3.22 --annotation=plat=Linux --annotation=prod=Chrome_Linux --annotation=ver=142.0.7444.59 --initial-client-fd=4 --shared-client-connection
MP_PS   127 root      0:00 /usr/lib/chromium/chrome_crashpad_handler --no-periodic-tasks --monitor-self-annotation=ptype=crashpad-handler --database=/root/.config/chromium/Crash Reports --annotation=lsb-release=Alpine Linux v3.22 --annotation=plat=Linux --annotation=prod=Chrome_Linux --annotation=ver=142.0.7444.59 --initial-client-fd=5 --shared-client-connection
MP_PS   266 root      0:00 {chromium} /proc/self/exe --type=utility --utility-sub-type=network.mojom.NetworkService --lang=en-US --service-sandbox-type=none --no-sandbox --disable-dev-shm-usage --use-gl=swiftshader --crashpad-handler-pid=0 --enable-crash-reporter=, --user-data-dir=/root/mp-chromium-profile --change-stack-guard-on-fork=enable --shared-files=v8_context_snapshot_data:100 --metrics-shmem-handle=4,i,14359845134200599114,5934259448269194977,524288 --field-trial-handle=3,i,8063258297837096532,1526627221969621171,262144 --disable-features=InterestFeedContentSuggestions,OptimizationGuideModelDownloading,OptimizationHints,SegmentationPlatform,Vulkan,WebAppProvider --variations-seed-version --trace-process-track-uuid=3190708989122997041 --enable-logging=stderr --v=1 --vmodule=*wayland*=2,*ozone*=2,*navigation*=2,*render_process*=2,*zygote*=2,*mojo*=2
MP_PS   338 root      0:00 {busybox} grep -E chromium|chrome|type=(renderer|zygote|utility|gpu-process)
MP_PS_END=35s
MP_SAMPLE_ELAPSED_SEC=40
MP_RENDERER_COUNT=0
MP_RSS_KB=0
MP_SNAPSHOT=40s
MP_PS_BEGIN=40s
MP_PS    49 root      0:00 {Chrome_InProcGp} /usr/lib/chromium/chromium --ozone-platform=wayland --use-gl=swiftshader --in-process-gpu --no-sandbox --disable-dev-shm-usage --disable-crash-reporter --disable-breakpad --no-first-run --no-default-browser-check --disable-sync --disable-component-update --disable-background-networking --window-size=1280,800 --start-fullscreen --kiosk --disable-features=Vulkan,SegmentationPlatform,OptimizationGuideModelDownloading,OptimizationHints,WebAppProvider,InterestFeedContentSuggestions --enable-logging=stderr --v=1 --vmodule=*wayland*=2,*ozone*=2,*navigation*=2,*render_process*=2,*zygote*=2,*mojo*=2 --user-data-dir=/root/mp-chromium-profile file:///usr/share/html-test/index.html
MP_PS   105 root      0:00 /usr/lib/chromium/chrome_crashpad_handler --monitor-self --monitor-self-annotation=ptype=crashpad-handler --database=/root/.config/chromium/Crash Reports --annotation=lsb-release=Alpine Linux v3.22 --annotation=plat=Linux --annotation=prod=Chrome_Linux --annotation=ver=142.0.7444.59 --initial-client-fd=4 --shared-client-connection
MP_PS   127 root      0:00 /usr/lib/chromium/chrome_crashpad_handler --no-periodic-tasks --monitor-self-annotation=ptype=crashpad-handler --database=/root/.config/chromium/Crash Reports --annotation=lsb-release=Alpine Linux v3.22 --annotation=plat=Linux --annotation=prod=Chrome_Linux --annotation=ver=142.0.7444.59 --initial-client-fd=5 --shared-client-connection
MP_PS   373 root      0:00 {busybox} grep -E chromium|chrome|type=(renderer|zygote|utility|gpu-process)
MP_PS_END=40s
MP_BROWSER_EXIT_EPOCH_MS=1790653087
MP_BROWSER_EXIT_RC=133
MP_RSS_MAX_KB=0
MP_RENDERER_SEEN=0
MP_RENDERER_MAX_STREAK=0
MP_GATE=0
[mpdiag] CHROMIUM_LOG_BYTES=19278
[49:49:0929/033548.479597:VERBOSE1:chrome/app/chrome_crash_reporter_client.cc:199] GetCollectStatsConsent(): is_official_chrome_build is false so returning false
[49:49:0929/033551.870728:VERBOSE1:chrome/app/chrome_crash_reporter_client.cc:199] GetCollectStatsConsent(): is_official_chrome_build is false so returning false
[140:140:0929/033602.936705:INFO:third_party/webrtc/rtc_base/cpu_info.cc:75] Available number of cores: 4
[139:139:0929/033602.971398:INFO:third_party/webrtc/rtc_base/cpu_info.cc:75] Available number of cores: 4
[140:140:0929/033603.229950:VERBOSE1:content/zygote/zygote_main_linux.cc:201] ZygoteMain: initializing 0 fork delegates
[139:139:0929/033603.229924:VERBOSE1:content/zygote/zygote_main_linux.cc:201] ZygoteMain: initializing 0 fork delegates
[49:49:0929/033612.299695:VERBOSE1:components/policy/core/common/config_dir_policy_loader.cc:116] Found mandatory policy file: /etc/chromium/policies/managed/kiosk.json
[49:49:0929/033612.371598:VERBOSE1:components/policy/core/common/config_dir_policy_loader.cc:121] Skipping recommended platform policies because no policy file was found at: /etc/chromium/policies/recommended
[49:49:0929/033613.217737:VERBOSE1:components/variations/service/variations_field_trial_creator.cc:80] VariationsSeedUsage:2
[49:49:0929/033613.252065:VERBOSE1:components/variations/service/variations_field_trial_creator.cc:353] VariationsSetupComplete
[49:211:0929/033614.009710:VERBOSE1:base/files/file_util_posix.cc:317] Cannot stat "/root/mp-chromium-profile/VariationsSeedV1": No such file or directory (2)
[49:213:0929/033614.211455:ERROR:dbus/bus.cc:408] Failed to connect to the bus: Failed to connect to socket /run/dbus/system_bus_socket: No such file or directory
[49:49:0929/033614.687885:WARNING:ui/ozone/platform/wayland/ozone_platform_wayland.cc:272] Failed to initialize drm render node handle.
[49:49:0929/033614.755102:WARNING:ui/ozone/platform/wayland/common/wayland_object.cc:119] Binding to wl_shm version 1 but version 2 is available.
[49:49:0929/033619.391759:VERBOSE1:chrome/browser/media/webrtc/webrtc_event_log_manager.cc:122] WebRTC remote-bound event logging enabled.
[49:49:0929/033619.763399:VERBOSE1:components/proxy_config/pref_proxy_config_tracker_impl.cc:199] 0x24000a0300: set chrome proxy config service to 0x240008abe0
[49:49:0929/033619.851407:VERBOSE1:google_apis/api_key_cache.cc:99] Using default value "497550622367-ubtkmd3b2pp5gulba5n6ha6sq4n35ehj.apps.googleusercontent.com" for API key GOOGLE_CLIENT_ID_MAIN
[49:49:0929/033619.853104:VERBOSE1:google_apis/api_key_cache.cc:99] Using default value "NaCX8tIIAphrjs56n3TpHx_e" for API key GOOGLE_CLIENT_SECRET_MAIN
[49:49:0929/033619.854451:VERBOSE1:google_apis/api_key_cache.cc:99] Using default value "497550622367-ubtkmd3b2pp5gulba5n6ha6sq4n35ehj.apps.googleusercontent.com" for API key GOOGLE_CLIENT_ID_REMOTING
[49:49:0929/033619.854815:VERBOSE1:google_apis/api_key_cache.cc:99] Using default value "NaCX8tIIAphrjs56n3TpHx_e" for API key GOOGLE_CLIENT_SECRET_REMOTING
[49:49:0929/033619.855102:VERBOSE1:google_apis/api_key_cache.cc:99] Using default value "497550622367-ubtkmd3b2pp5gulba5n6ha6sq4n35ehj.apps.googleusercontent.com" for API key GOOGLE_CLIENT_ID_REMOTING_HOST
[49:49:0929/033619.856807:VERBOSE1:google_apis/api_key_cache.cc:99] Using default value "NaCX8tIIAphrjs56n3TpHx_e" for API key GOOGLE_CLIENT_SECRET_REMOTING_HOST
[49:49:0929/033621.995346:VERBOSE1:components/device_event_log/device_event_log_impl.cc:200] [03:36:20.656] Display: EVENT: wayland_screen.cc:144 Displays updated, count: 1
[49:49:0929/033622.036504:VERBOSE1:components/device_event_log/device_event_log_impl.cc:200] [03:36:22.035] Display: EVENT: wayland_screen.cc:147 Display[16] bounds=[0,0 1280x800], workarea=[0,0 1280x800], scale=1, rotation=0, panel_rotation=0 external detected
[49:213:0929/033622.342259:ERROR:dbus/bus.cc:408] Failed to connect to the bus: Could not parse server address: Unknown address type (examples of valid types are "tcp" and on UNIX "unix")
[49:213:0929/033622.400149:ERROR:dbus/bus.cc:408] Failed to connect to the bus: Failed to connect to socket /run/dbus/system_bus_socket: No such file or directory
[49:213:0929/033622.447830:ERROR:dbus/bus.cc:408] Failed to connect to the bus: Failed to connect to socket /run/dbus/system_bus_socket: No such file or directory
[49:212:0929/033622.493486:VERBOSE1:base/files/file_util_posix.cc:317] Cannot stat "/root/mp-chromium-profile/component_crx_cache/metadata.json": No such file or directory (2)
[49:259:0929/033623.133591:WARNING:ui/ozone/platform/wayland/ozone_platform_wayland.cc:325] Failed to find drm render node path.
[49:259:0929/033623.140425:WARNING:ui/ozone/platform/wayland/gpu/wayland_buffer_manager_gpu.cc:458] Failed to initialize drm render node handle.
[49:259:0929/033623.204036:ERROR:ui/gl/init/gl_factory.cc:102] Requested GL implementation (gl=none,angle=none) not found in allowed implementations: [(gl=egl-angle,angle=opengl),(gl=egl-angle,angle=opengles),(gl=egl-angle,angle=vulkan),(gl=egl-angle,angle=swiftshader)].
[49:259:0929/033623.211713:VERBOSE1:gpu/ipc/service/gpu_init.cc:1030] gl::init::InitializeGLNoExtensionsOneOff failed
[49:259:0929/033623.250530:VERBOSE1:media/gpu/vaapi/vaapi_wrapper.cc:1585] GetHandle(): Either VADisplayStateSingleton::PreSandboxInitialization() hasn't been called or that method failed to find a suitable render node
[49:259:0929/033623.364313:VERBOSE1:components/viz/service/main/viz_main_impl.cc:86] VizNullHypothesis is disabled (not a warning)
[49:217:0929/033623.469797:VERBOSE1:content/browser/renderer_host/media/media_stream_manager.cc:1555] MSM::InitializeMaybeAsync([this=0x240016fc00])
[49:217:0929/033623.498660:VERBOSE1:content/browser/renderer_host/media/media_stream_manager.cc:1555] MDM::MediaDevicesManager()
[49:217:0929/033623.503738:VERBOSE1:content/browser/renderer_host/media/media_stream_manager.cc:1555] MSM::MediaStreamManager([this=0x240016fc00]))
[49:211:0929/033623.593493:VERBOSE1:base/files/file_util_posix.cc:317] Cannot stat "/root/mp-chromium-profile/Consent To Send Stats": No such file or directory (2)
[49:49:0929/033624.262765:VERBOSE1:components/os_crypt/sync/key_storage_util_linux.cc:46] Password storage detected desktop environment: (unknown)
[49:49:0929/033624.266599:VERBOSE1:components/os_crypt/sync/key_storage_linux.cc:116] Selected backend for OSCrypt: BASIC_TEXT
[49:49:0929/033624.269909:VERBOSE1:components/os_crypt/sync/key_storage_linux.cc:135] OSCrypt did not initialize a backend.
[49:49:0929/033624.327183:VERBOSE1:components/enterprise/browser/controller/chrome_browser_cloud_management_controller.cc:171] Cloud management controller initialization aborted as CBCM is not enabled. Please use the `--enable-chrome-browser-cloud-management` command line flag to enable it if you are not using the official Google Chrome build.
[49:49:0929/033626.826732:VERBOSE1:chrome/browser/signin/account_consistency_mode_manager.cc:207] Desktop Identity Consistency disabled as sign-in to Chrome is not allowed
[49:49:0929/033626.922926:VERBOSE1:components/device_event_log/device_event_log_impl.cc:200] [03:36:26.918] Bluetooth: EVENT: bluetooth_api.cc:82 BluetoothAPI: 0x24004bfbc0
[49:211:0929/033627.249966:VERBOSE1:base/files/file_util_posix.cc:317] Cannot stat "/root/mp-chromium-profile/Default/Web Applications/Logs/WebAppInstallManager.log": No such file or directory (2)
[49:213:0929/033627.510970:ERROR:dbus/bus.cc:408] Failed to connect to the bus: Could not parse server address: Unknown address type (examples of valid types are "tcp" and on UNIX "unix")
[49:49:0929/033627.954623:VERBOSE1:components/proxy_config/pref_proxy_config_tracker_impl.cc:199] 0x24000a3000: set chrome proxy config service to 0x240008e320
[49:49:0929/033628.035231:VERBOSE1:chrome/browser/signin/account_consistency_mode_manager.cc:207] Desktop Identity Consistency disabled as sign-in to Chrome is not allowed
[49:49:0929/033628.204041:VERBOSE1:components/signin/internal/identity_manager/mutable_profile_oauth2_token_service_delegate.cc:318] MutablePO2TS::MutablePO2TS
[49:211:0929/033629.372004:VERBOSE1:net/disk_cache/simple/simple_index_file.cc:607] Simple Cache Index is being restored from disk.
[49:214:0929/033629.377288:VERBOSE1:net/disk_cache/simple/simple_index_file.cc:607] Simple Cache Index is being restored from disk.
[49:214:0929/033629.386788:VERBOSE1:base/files/file_util_posix.cc:317] Cannot stat "/root/mp-chromium-profile/Default/Code Cache/js/index-dir/the-real-index": No such file or directory (2)
[49:211:0929/033629.385008:VERBOSE1:base/files/file_util_posix.cc:317] Cannot stat "/root/mp-chromium-profile/Default/Code Cache/wasm/index-dir/the-real-index": No such file or directory (2)
[49:49:0929/033629.565809:VERBOSE1:components/proxy_config/pref_proxy_config_tracker_impl.cc:199] 0x24000a4500: set chrome proxy config service to 0x2400091580
[49:49:0929/033630.793991:VERBOSE1:chrome/browser/signin/account_consistency_mode_manager.cc:207] Desktop Identity Consistency disabled as sign-in to Chrome is not allowed
[49:49:0929/033631.158583:VERBOSE1:extensions/browser/api/bluetooth_low_energy/bluetooth_low_energy_event_router.cc:291] Initializing BluetoothLowEnergyEventRouter.
[49:49:0929/033631.575303:VERBOSE1:chrome/browser/permissions/prediction_service/prediction_model_handler_provider_factory.cc:58] [PermissionsAI]: PredictionModelHandlerProviderFactory::BuildServiceInstanceForBrowserContext
[49:49:0929/033631.575855:VERBOSE1:chrome/browser/permissions/prediction_service/prediction_model_handler_provider_factory.cc:66] [PermissionsAI]: OptimizationGuideKeyedService not available.
[49:49:0929/033633.468475:VERBOSE1:extensions/browser/extension_registrar.cc:521] AddComponentExtension Web Store
[49:49:0929/033633.471201:VERBOSE1:extensions/browser/extension_registrar.cc:523] Component extension Web Store (ahfgeienlihckogmohjhadlkjgocpleb) installing/upgrading from '' to 0.2
[49:49:0929/033633.986726:VERBOSE1:extensions/browser/extension_registrar.cc:521] AddComponentExtension Chromium PDF Viewer
[49:49:0929/033633.997008:VERBOSE1:extensions/browser/extension_registrar.cc:523] Component extension Chromium PDF Viewer (mhjfbmdgcfjbbpaeojofohoefgiehjai) installing/upgrading from '' to 1
[49:49:0929/033634.087139:VERBOSE1:extensions/browser/extension_registrar.cc:521] AddComponentExtension Google Hangouts
[49:49:0929/033634.087730:VERBOSE1:extensions/browser/extension_registrar.cc:523] Component extension Google Hangouts (nkeimhogjdpnpccoofpliimaahmaaome) installing/upgrading from '' to 1.3.26
[49:49:0929/033634.149077:VERBOSE1:components/signin/internal/identity_manager/mutable_profile_oauth2_token_service_delegate.cc:408] MutablePO2TS::RefreshTokenIsAvailable
[49:49:0929/033634.164906:VERBOSE1:components/signin/internal/identity_manager/mutable_profile_oauth2_token_service_delegate.cc:408] MutablePO2TS::RefreshTokenIsAvailable
[49:49:0929/033634.174252:VERBOSE1:chrome/browser/signin/account_consistency_mode_manager.cc:207] Desktop Identity Consistency disabled as sign-in to Chrome is not allowed
[49:49:0929/033634.176942:VERBOSE1:components/signin/core/browser/account_reconcilor.cc:165] AccountReconcilor::AccountReconcilor
[49:49:0929/033634.177405:VERBOSE1:components/signin/core/browser/account_reconcilor.cc:203] AccountReconcilor::Initialize
[49:211:0929/033634.325242:VERBOSE1:base/files/file_util_posix.cc:317] Cannot stat "/root/mp-chromium-profile/Default/Policy/User Policy": No such file or directory (2)
[49:211:0929/033634.326945:VERBOSE1:base/files/file_util_posix.cc:317] Cannot stat "/root/mp-chromium-profile/Default/Policy/Signing Key": No such file or directory (2)
[49:49:0929/033634.563666:VERBOSE1:chrome/browser/profiles/profile_manager.cc:1277] AddKeepAlive(Default, kBrowserWindow). keep_alives=[kWaitingForFirstBrowserWindow (1), kBrowserWindow (1)]
[49:49:0929/033634.564615:VERBOSE1:chrome/browser/profiles/profile_manager.cc:1359] ClearFirstBrowserWindowKeepAlive(Default). keep_alives=[kBrowserWindow (1)]
[49:213:0929/033636.252349:ERROR:dbus/bus.cc:408] Failed to connect to the bus: Could not parse server address: Unknown address type (examples of valid types are "tcp" and on UNIX "unix")
[49:213:0929/033636.257520:ERROR:dbus/bus.cc:408] Failed to connect to the bus: Could not parse server address: Unknown address type (examples of valid types are "tcp" and on UNIX "unix")
[49:49:0929/033636.619109:WARNING:ui/ozone/platform/wayland/host/wayland_surface.cc:170] Server doesn't support zcr_alpha_compositing_v1.
[49:49:0929/033636.619490:WARNING:ui/ozone/platform/wayland/host/wayland_surface.cc:185] Server doesn't support overlay_prioritizer.
[49:49:0929/033636.619771:WARNING:ui/ozone/platform/wayland/host/wayland_surface.cc:200] Server doesn't support wp_content_type_v1
[49:49:0929/033636.620041:WARNING:ui/ozone/platform/wayland/host/wayland_surface.cc:214] Server doesn't support wp_color_management_surface_v1.
[49:49:0929/033636.914230:WARNING:ui/ozone/platform/wayland/host/wayland_connection.cc:408] text-input-v3 not available.
[49:49:0929/033637.407277:VERBOSE1:chrome/browser/signin/account_consistency_mode_manager.cc:207] Desktop Identity Consistency disabled as sign-in to Chrome is not allowed
[49:49:0929/033641.092630:VERBOSE1:google_apis/gaia/gaia_auth_util.cc:54] Canonicalized @gmail.com to @gmail.com
[49:49:0929/033641.093493:VERBOSE1:google_apis/gaia/gaia_auth_util.cc:54] Canonicalized @gmail.com to @gmail.com
[49:49:0929/033642.590387:VERBOSE1:chrome/browser/enterprise/data_protection/data_protection_navigation_observer.cc:216] enterprise.data_protection: same document navigation: 0
[49:49:0929/033642.590968:VERBOSE1:chrome/browser/enterprise/data_protection/data_protection_navigation_observer.cc:218] enterprise.data_protection: URL to scan: file:///usr/share/html-test/index.html
[49:49:0929/033643.009236:VERBOSE1:components/signin/internal/identity_manager/mutable_profile_oauth2_token_service_delegate.cc:408] MutablePO2TS::RefreshTokenIsAvailable
[49:49:0929/033643.009755:VERBOSE1:chrome/browser/signin/account_consistency_mode_manager.cc:207] Desktop Identity Consistency disabled as sign-in to Chrome is not allowed
[49:49:0929/033643.884277:ERROR:dbus/object_proxy.cc:573] Failed to call method: org.freedesktop.DBus.NameHasOwner: object_path= /org/freedesktop/DBus: unknown error type: 
[49:213:0929/033643.887463:ERROR:dbus/bus.cc:408] Failed to connect to the bus: Could not parse server address: Unknown address type (examples of valid types are "tcp" and on UNIX "unix")
[49:213:0929/033643.888826:ERROR:dbus/bus.cc:408] Failed to connect to the bus: Could not parse server address: Unknown address type (examples of valid types are "tcp" and on UNIX "unix")
[49:213:0929/033643.890765:ERROR:dbus/bus.cc:408] Failed to connect to the bus: Could not parse server address: Unknown address type (examples of valid types are "tcp" and on UNIX "unix")
[49:213:0929/033643.891227:ERROR:dbus/bus.cc:408] Failed to connect to the bus: Could not parse server address: Unknown address type (examples of valid types are "tcp" and on UNIX "unix")
[49:213:0929/033643.891590:ERROR:dbus/bus.cc:408] Failed to connect to the bus: Could not parse server address: Unknown address type (examples of valid types are "tcp" and on UNIX "unix")
[49:213:0929/033643.891924:ERROR:dbus/bus.cc:408] Failed to connect to the bus: Could not parse server address: Unknown address type (examples of valid types are "tcp" and on UNIX "unix")
[49:49:0929/033643.893576:WARNING:device/bluetooth/dbus/bluez_dbus_manager.cc:209] Floss manager service not available, cannot set Floss enable/disable.
[49:49:0929/033644.242670:ERROR:dbus/object_proxy.cc:573] Failed to call method: org.freedesktop.DBus.NameHasOwner: object_path= /org/freedesktop/DBus: unknown error type: 
[49:49:0929/033645.036425:VERBOSE1:components/signin/internal/identity_manager/mutable_profile_oauth2_token_service_delegate.cc:408] MutablePO2TS::RefreshTokenIsAvailable
[49:49:0929/033645.037048:VERBOSE1:chrome/browser/signin/account_consistency_mode_manager.cc:207] Desktop Identity Consistency disabled as sign-in to Chrome is not allowed
[266:305:0929/033645.089522:VERBOSE1:net/base/network_delegate.cc:37] NetworkDelegate::NotifyBeforeURLRequest: http://clients2.google.com/time/1/current?cup2key=9:MuX2HGn721KV00JrCKv1ZkXfjQGUaK7UQCw9eA9ktv4&cup2hreq=e3b0c44298fc1c149afbf4c8996fb92427ae41e4649b934ca495991b7852b855
[49:49:0929/033645.200532:ERROR:dbus/object_proxy.cc:573] Failed to call method: org.freedesktop.DBus.NameHasOwner: object_path= /org/freedesktop/DBus: unknown error type: 
[49:49:0929/033645.200948:VERBOSE1:ui/base/idle/idle_linux.cc:117] org.freedesktop.ScreenSaver D-Bus service does not exist
[49:213:0929/033645.207492:ERROR:dbus/bus.cc:408] Failed to connect to the bus: Could not parse server address: Unknown address type (examples of valid types are "tcp" and on UNIX "unix")
[49:49:0929/033645.209142:ERROR:dbus/object_proxy.cc:573] Failed to call method: org.freedesktop.DBus.NameHasOwner: object_path= /org/freedesktop/DBus: unknown error type: 
[49:49:0929/033645.211896:WARNING:ui/ozone/platform/wayland/host/org_gnome_mutter_idle_monitor.cc:87] org.gnome.Mutter.IdleMonitor D-Bus service does not exist
[49:211:0929/033645.906338:VERBOSE1:content/browser/loader/file_url_loader_factory.cc:474] FileURLLoader::Start: file:///usr/share/html-test/index.html
[266:342:0929/033645.942186:VERBOSE1:net/disk_cache/simple/simple_index_file.cc:607] Simple Cache Index is being restored from disk.
[266:342:0929/033645.944954:VERBOSE1:base/files/file_util_posix.cc:317] Cannot stat "/root/mp-chromium-profile/Default/Shared Dictionary/cache/index-dir/the-real-index": No such file or directory (2)
[49:213:0929/033646.139468:ERROR:dbus/bus.cc:408] Failed to connect to the bus: Failed to connect to socket /run/dbus/system_bus_socket: No such file or directory
[49:213:0929/033646.145538:ERROR:dbus/bus.cc:408] Failed to connect to the bus: Failed to connect to socket /run/dbus/system_bus_socket: No such file or directory
[49:49:0929/033646.219485:ERROR:dbus/object_proxy.cc:573] Failed to call method: org.freedesktop.DBus.NameHasOwner: object_path= /org/freedesktop/DBus: unknown error type: 
[49:49:0929/033646.267281:ERROR:dbus/object_proxy.cc:573] Failed to call method: org.freedesktop.DBus.NameHasOwner: object_path= /org/freedesktop/DBus: unknown error type: 
[49:213:0929/033646.284773:ERROR:dbus/bus.cc:408] Failed to connect to the bus: Could not parse server address: Unknown address type (examples of valid types are "tcp" and on UNIX "unix")
[49:49:0929/033646.286130:ERROR:dbus/object_proxy.cc:573] Failed to call method: org.freedesktop.DBus.NameHasOwner: object_path= /org/freedesktop/DBus: unknown error type: 
[266:305:0929/033646.295423:ERROR:net/socket/tcp_socket_posix.cc:88] Failed to set TCP_KEEPIDLE on fd: 28: Protocol not available (92)
[266:305:0929/033646.410904:ERROR:net/socket/tcp_socket_posix.cc:88] Failed to set TCP_KEEPIDLE on fd: 31: Protocol not available (92)
[0929/033647.364713:ERROR:third_party/crashpad/crashpad/util/linux/scoped_ptrace_attach.cc:27] ptrace: Function not implemented (38)
[266:266:0929/033649.035680:INFO:content/child/child_thread_impl.cc:909] ChildThreadImpl::EnsureConnected()
