[     8.419] 
X.Org X Server 1.21.1.19
X Protocol Version 11, Revision 0
[     8.427] Current Operating System: Linux kylin-x 10.0.0 10.0.0 aarch64
[     8.428] Kernel command line: 
[     8.429]  
[     8.431] Current version of pixman: 0.46.4
[     8.432] 	Before reporting problems, check http://wiki.x.org
	to make sure that you have the latest version.
[     8.433] Markers: (--) probed, (**) from config file, (==) default setting,
	(++) from command line, (!!) notice, (II) informational,
	(WW) warning, (EE) error, (NI) not implemented, (??) unknown.
[     8.438] (++) Log file: "/root/xorg.log", Time: Tue Sep 22 10:46:22 2026
[     8.463] (==) Using system config directory "/usr/share/X11/xorg.conf.d"
[     8.475] (==) No Layout section.  Using the first Screen section.
[     8.477] (==) No screen section available. Using defaults.
[     8.477] (**) |-->Screen "Default Screen Section" (0)
[     8.478] (**) |   |-->Monitor "<default monitor>"
[     8.495] (==) No monitor specified for screen "Default Screen Section".
	Using a default monitor configuration.
[     8.496] (**) Allowing byte-swapped clients
[     8.497] (==) Automatically adding devices
[     8.497] (==) Automatically enabling devices
[     8.497] (==) Automatically adding GPU devices
[     8.497] (==) Automatically binding GPU devices
[     8.500] (==) Max clients allowed: 256, resource mask: 0x1fffff
[     8.512] (WW) The directory "/usr/share/fonts/TTF" does not exist.
[     8.513] 	Entry deleted from font path.
[     8.513] (WW) The directory "/usr/share/fonts/Type1" does not exist.
[     8.513] 	Entry deleted from font path.
[     8.514] (==) FontPath set to:
	/usr/share/fonts/misc,
	/usr/share/fonts/100dpi:unscaled,
	/usr/share/fonts/75dpi:unscaled
[     8.514] (==) ModulePath set to "/usr/lib/xorg/modules"
[     8.514] (II) The server relies on udev to provide the list of input devices.
	If no devices become available, reconfigure udev or disable AutoAddDevices.
[     8.515] (II) Module ABI versions:
[     8.515] 	X.Org ANSI C Emulation: 0.4
[     8.515] 	X.Org Video Driver: 25.2
[     8.515] 	X.Org XInput driver : 24.4
[     8.515] 	X.Org Server Extension : 10.0
[     8.522] (II) no primary bus or device found
[     8.529] (II) LoadModule: "glx"
[     8.546] (II) Loading /usr/lib/xorg/modules/extensions/libglx.so
[    15.544] (II) Module glx: vendor="X.Org Foundation"
[    15.545] 	compiled for 1.21.1.19, module version = 1.0.0
[    15.545] 	ABI class: X.Org Server Extension, version 10.0
[    15.547] (==) Matched modesetting as autoconfigured driver 0
[    15.548] (==) Matched fbdev as autoconfigured driver 1
[    15.548] (==) Assigned the driver to the xf86ConfigLayout
[    15.548] (II) LoadModule: "modesetting"
[    15.551] (II) Loading /usr/lib/xorg/modules/drivers/modesetting_drv.so
[    15.571] (II) Module modesetting: vendor="X.Org Foundation"
[    15.571] 	compiled for 1.21.1.19, module version = 1.21.1
[    15.572] 	Module class: X.Org Video Driver
[    15.572] 	ABI class: X.Org Video Driver, version 25.2
[    15.573] (II) LoadModule: "fbdev"
[    15.587] (WW) Warning, couldn't open module fbdev
[    15.587] (EE) Failed to load module "fbdev" (module does not exist, 0)
[    15.588] (II) modesetting: Driver for Modesetting Kernel Drivers: kms
[    15.590] (WW) Falling back to old probe method for modesetting
[    15.596] (II) modeset(0): using default device
[    15.598] (WW) VGA arbiter: cannot open kernel arbiter, no multi-card support
[    15.614] (II) modeset(0): Using 24bpp hw front buffer with 32bpp shadow
[    15.614] (II) modeset(0): Creating default Display subsection in Screen section
	"Default Screen Section" for depth/fbbpp 24/32
[    15.615] (==) modeset(0): Depth 24, (==) framebuffer bpp 32
[    15.615] (DB) xf86MergeOutputClassOptions unsupported bus type 0
[    15.615] (==) modeset(0): RGB weight 888
[    15.616] (==) modeset(0): Default visual is TrueColor
[    15.616] (**) modeset(0): Cannot use glamor with 24bpp packed fb
[    15.616] (II) modeset(0): ShadowFB: preferred YES, enabled FORCE
[    15.617] (II) modeset(0): Double-buffered shadow updates: off
[    15.623] (II) modeset(0): Output Virtual-1 has no monitor section
[    15.638] (II) modeset(0): EDID for output Virtual-1
[    15.646] (II) modeset(0): Printing probed modes for output Virtual-1
[    15.649] (II) modeset(0): Modeline "current"x60.0   70.59  1280 1328 1360 1440  800 803 811 817 (49.0 kHz)
[    15.650] (II) modeset(0): Output Virtual-1 connected
[    15.654] (II) modeset(0): Using sloppy heuristic for initial modes
[    15.654] (II) modeset(0): Output Virtual-1 using initial mode current +0+0
[    15.655] (==) modeset(0): Using gamma correction (1.0, 1.0, 1.0)
[    15.655] (==) modeset(0): DPI set to (96, 96)
[    15.655] (II) Loading sub module "fb"
[    15.656] (II) LoadModule: "fb"
[    15.656] (II) Module "fb" already built-in
[    15.656] (II) Loading sub module "shadow"
[    15.656] (II) LoadModule: "shadow"
[    15.662] (II) Loading /usr/lib/xorg/modules/libshadow.so
[    15.669] (II) Module shadow: vendor="X.Org Foundation"
[    15.669] 	compiled for 1.21.1.19, module version = 1.1.0
[    15.670] 	ABI class: X.Org ANSI C Emulation, version 0.4
[    15.676] (EE) 
Fatal server error:
[    15.677] (EE) AddScreen/ScreenInit failed for driver 0
[    15.677] (EE) 
[    15.678] (EE) 
Please consult the The X.Org Foundation support 
	 at http://wiki.x.org
 for help. 
[    15.678] (EE) Please also check the log file at "/root/xorg.log" for additional information.
[    15.679] (EE) 
[    15.684] (EE) Server terminated with error (1). Closing log file.
