[52:52:0930/004031.462189:VERBOSE1:chrome/app/chrome_crash_reporter_client.cc:199] GetCollectStatsConsent(): is_official_chrome_build is false so returning false
[52:52:0930/004035.027064:VERBOSE1:chrome/app/chrome_crash_reporter_client.cc:199] GetCollectStatsConsent(): is_official_chrome_build is false so returning false
[139:139:0930/004042.965147:INFO:third_party/webrtc/rtc_base/cpu_info.cc:75] Available number of cores: 4
[139:139:0930/004043.125421:VERBOSE1:content/zygote/zygote_main_linux.cc:201] ZygoteMain: initializing 0 fork delegates
[140:140:0930/004043.799295:INFO:third_party/webrtc/rtc_base/cpu_info.cc:75] Available number of cores: 4
[140:140:0930/004043.863805:VERBOSE1:content/zygote/zygote_main_linux.cc:201] ZygoteMain: initializing 0 fork delegates
[52:52:0930/004044.794181:VERBOSE1:components/policy/core/common/config_dir_policy_loader.cc:116] Found mandatory policy file: /etc/chromium/policies/managed/kiosk.json
[52:52:0930/004044.832837:VERBOSE1:components/policy/core/common/config_dir_policy_loader.cc:121] Skipping recommended platform policies because no policy file was found at: /etc/chromium/policies/recommended
[52:52:0930/004045.150069:VERBOSE1:components/variations/service/variations_field_trial_creator.cc:80] VariationsSeedUsage:2
[52:52:0930/004045.162022:VERBOSE1:components/variations/service/variations_field_trial_creator.cc:353] VariationsSetupComplete
[52:180:0930/004045.475437:VERBOSE1:base/files/file_util_posix.cc:317] Cannot stat "/root/mp-chromium-profile/VariationsSeedV1": No such file or directory (2)
[52:183:0930/004045.601154:ERROR:dbus/bus.cc:408] Failed to connect to the bus: Failed to connect to socket /run/dbus/system_bus_socket: No such file or directory
[52:52:0930/004045.861184:WARNING:ui/ozone/platform/wayland/ozone_platform_wayland.cc:272] Failed to initialize drm render node handle.
[2361352.921]  -> wl_display#1.get_registry(new id wl_registry#2)
[2361369.798]  -> wl_display#1.sync(new id wl_callback#3)
[2361375.203] {Display Queue} wl_display#1.delete_id(3)
[2361377.263] wl_registry#2.global(1, "wl_compositor", 5)
[2361380.351]  -> wl_registry#2.bind(1, "wl_compositor", 4, new id [unknown]#4)
[2361381.542] wl_registry#2.global(2, "wl_subcompositor", 1)
[2361381.793]  -> wl_registry#2.bind(2, "wl_subcompositor", 1, new id [unknown]#5)
[2361382.490] wl_registry#2.global(3, "wp_viewporter", 1)
[2361382.811]  -> wl_registry#2.bind(3, "wp_viewporter", 1, new id [unknown]#6)
[2361383.454] wl_registry#2.global(4, "zxdg_output_manager_v1", 2)
[2361383.818]  -> wl_registry#2.bind(4, "zxdg_output_manager_v1", 2, new id [unknown]#7)
[2361384.798] wl_registry#2.global(5, "wp_presentation", 1)
[2361385.033]  -> wl_registry#2.bind(5, "wp_presentation", 1, new id [unknown]#8)
[2361385.903] wl_registry#2.global(6, "wp_single_pixel_buffer_manager_v1", 1)
[2361389.160]  -> wl_registry#2.bind(6, "wp_single_pixel_buffer_manager_v1", 1, new id [unknown]#9)
[2361390.123] wl_registry#2.global(7, "wp_tearing_control_manager_v1", 1)
[2361390.359] wl_registry#2.global(8, "zwp_relative_pointer_manager_v1", 1)
[2361392.130]  -> wl_registry#2.bind(8, "zwp_relative_pointer_manager_v1", 1, new id [unknown]#10)
[2361393.120] wl_registry#2.global(9, "zwp_pointer_constraints_v1", 1)
[2361394.888]  -> wl_registry#2.bind(9, "zwp_pointer_constraints_v1", 1, new id [unknown]#11)
[2361395.955] wl_registry#2.global(10, "zwp_input_timestamps_manager_v1", 1)
[2361396.183] wl_registry#2.global(11, "weston_capture_v1", 1)
[2361396.394] wl_registry#2.global(12, "wl_data_device_manager", 3)
[2361398.164]  -> wl_registry#2.bind(12, "wl_data_device_manager", 3, new id [unknown]#12)
[2361400.486] wl_registry#2.global(13, "wl_shm", 2)
[52:52:0930/004045.926036:WARNING:ui/ozone/platform/wayland/common/wayland_object.cc:119] Binding to wl_shm version 1 but version 2 is available.
[2361401.579]  -> wl_registry#2.bind(13, "wl_shm", 1, new id [unknown]#13)
[2361402.296] wl_registry#2.global(14, "weston_debug_v1", 1)
[2361402.508] wl_registry#2.global(15, "wl_seat", 7)
[2361404.403]  -> wl_registry#2.bind(15, "wl_seat", 7, new id [unknown]#14)
[2361405.074]  -> wl_data_device_manager#12.get_data_device(new id wl_data_device#15, wl_seat#14)
[2361409.038] wl_registry#2.global(16, "wl_output", 4)
[2361410.881]  -> wl_registry#2.bind(16, "wl_output", 4, new id [unknown]#16)
[2361411.498]  -> zxdg_output_manager_v1#7.get_xdg_output(new id zxdg_output_v1#17, wl_output#16)
[2361416.224] wl_registry#2.global(17, "zwp_input_panel_v1", 1)
[2361416.553] wl_registry#2.global(18, "zwp_input_method_v1", 1)
[2361416.769] wl_registry#2.global(19, "zwp_text_input_manager_v1", 1)
[2361416.964]  -> wl_registry#2.bind(19, "zwp_text_input_manager_v1", 1, new id [unknown]#18)
[2361417.968] wl_registry#2.global(20, "xdg_wm_base", 5)
[2361418.193]  -> wl_registry#2.bind(20, "xdg_wm_base", 5, new id [unknown]#19)
[2361418.947] wl_registry#2.global(21, "weston_desktop_shell", 1)
[2361419.156] wl_callback#3.done(1)
[2361419.669]  -> wl_display#1.sync(new id wl_callback#3)
[2361421.552] wp_presentation#8.clock_id(1)
[2361421.786] discarded wl_shm#13.format(0)
[2361421.937] discarded wl_shm#13.format(1)
[2361422.073] discarded wl_shm#13.format(909199186)
[2361422.209] discarded wl_shm#13.format(875709016)
[2361422.344] discarded wl_shm#13.format(875708993)
[2361422.478] discarded wl_shm#13.format(875714642)
[2361422.613] discarded wl_shm#13.format(875708754)
[2361422.771] discarded wl_shm#13.format(875714626)
[2361422.911] discarded wl_shm#13.format(875708738)
[2361423.049] discarded wl_shm#13.format(808669784)
[2361423.188] discarded wl_shm#13.format(808669761)
[2361423.325] discarded wl_shm#13.format(808665688)
[2361423.465] discarded wl_shm#13.format(808665665)
[2361423.606] wl_seat#14.name("default")
[2361423.845] wl_seat#14.capabilities(2)
[2361424.081]  -> wl_seat#14.get_keyboard(new id wl_keyboard#20)
[2361434.228] wl_output#16.geometry(0, 0, 1280, 800, 0, "unknown", "unknown", 0)
[2361434.743] wl_output#16.scale(1)
[2361434.951] wl_output#16.mode(1, 1280, 800, 59999)
[2361435.133] wl_output#16.name("Virtual-1")
[2361435.407] wl_output#16.description("unknown")
[2361435.678] wl_output#16.done()
[2361436.128] zxdg_output_v1#17.logical_position(0, 0)
[2361436.303] zxdg_output_v1#17.logical_size(1280, 800)
[2361436.468] zxdg_output_v1#17.name("Virtual-1")
[2361436.735] zxdg_output_v1#17.done()
[2361437.717] {Display Queue} wl_display#1.delete_id(3)
[2361437.890] wl_callback#3.done(1)
[2361438.037] wl_keyboard#20.repeat_info(40, 400)
[2361439.806] wl_keyboard#20.keymap(1, fd 28, 65134)
[2362923.159] {Default Queue}  -> wl_display#1.get_registry(new id wl_registry#2)
[2362926.162] {Default Queue}  -> wl_display#1.sync(new id wl_callback#3)
[2362931.371] {Display Queue} wl_display#1.delete_id(3)
[2362932.063] {Default Queue} wl_registry#2.global(1, "wl_compositor", 5)
[2362932.437] {Default Queue}  -> wl_registry#2.bind(1, "wl_compositor", 3, new id [unknown]#4)
[2362932.881] {Default Queue} wl_registry#2.global(2, "wl_subcompositor", 1)
[2362933.128] {Default Queue}  -> wl_registry#2.bind(2, "wl_subcompositor", 1, new id [unknown]#5)
[2362933.321] {Default Queue} wl_registry#2.global(3, "wp_viewporter", 1)
[2362933.580] {Default Queue} wl_registry#2.global(4, "zxdg_output_manager_v1", 2)
[2362933.790] {Default Queue}  -> wl_registry#2.bind(4, "zxdg_output_manager_v1", 2, new id [unknown]#6)
[2362934.028] {Default Queue}  -> wl_display#1.sync(new id wl_callback#7)
[2362934.221] {Default Queue} wl_registry#2.global(5, "wp_presentation", 1)
[2362934.374] {Default Queue} wl_registry#2.global(6, "wp_single_pixel_buffer_manager_v1", 1)
[2362934.524] {Default Queue} wl_registry#2.global(7, "wp_tearing_control_manager_v1", 1)
[2362934.673] {Default Queue} wl_registry#2.global(8, "zwp_relative_pointer_manager_v1", 1)
[2362934.846] {Default Queue} wl_registry#2.global(9, "zwp_pointer_constraints_v1", 1)
[2362934.997] {Default Queue} wl_registry#2.global(10, "zwp_input_timestamps_manager_v1", 1)
[2362935.145] {Default Queue} wl_registry#2.global(11, "weston_capture_v1", 1)
[2362935.292] {Default Queue} wl_registry#2.global(12, "wl_data_device_manager", 3)
[2362935.473] {Default Queue}  -> wl_registry#2.bind(12, "wl_data_device_manager", 3, new id [unknown]#8)
[2362935.757] {Default Queue} wl_registry#2.global(13, "wl_shm", 2)
[2362935.937] {Default Queue}  -> wl_registry#2.bind(13, "wl_shm", 1, new id [unknown]#9)
[2362936.112] {Default Queue} wl_registry#2.global(14, "weston_debug_v1", 1)
[2362936.264] {Default Queue} wl_registry#2.global(15, "wl_seat", 7)
[2362936.480] {Default Queue} wl_registry#2.global(16, "wl_output", 4)
[2362936.661] {Default Queue}  -> wl_registry#2.bind(16, "wl_output", 2, new id [unknown]#10)
[2362942.298] {Default Queue}  -> zxdg_output_manager_v1#6.get_xdg_output(new id zxdg_output_v1#11, wl_output#10)
[2362942.773] {Default Queue}  -> wl_display#1.sync(new id wl_callback#12)
[2362943.118] {Default Queue} wl_registry#2.global(17, "zwp_input_panel_v1", 1)
[2362943.292] {Default Queue} wl_registry#2.global(18, "zwp_input_method_v1", 1)
[2362943.448] {Default Queue} wl_registry#2.global(19, "zwp_text_input_manager_v1", 1)
[2362943.599] {Default Queue} wl_registry#2.global(20, "xdg_wm_base", 5)
[2362943.775] {Default Queue} wl_registry#2.global(21, "weston_desktop_shell", 1)
[2362943.930] {Default Queue} wl_callback#3.done(1)
[2362948.295] {Default Queue}  -> wl_shm#9.create_pool(new id wl_shm_pool#3, fd 32, 2304)
[2362955.544] {Default Queue}  -> wl_shm_pool#3.resize(5568)
[2362957.074] {Default Queue}  -> wl_shm_pool#3.resize(12096)
[2362958.584] {Default Queue}  -> wl_shm_pool#3.resize(25216)
[2362960.529] {Default Queue}  -> wl_registry#2.bind(15, "wl_seat", 5, new id [unknown]#13)
[2363093.200] {Default Queue}  -> wl_compositor#4.create_surface(new id wl_surface#14)
[2363097.630] {Default Queue}  -> wl_data_device_manager#8.get_data_device(new id wl_data_device#15, wl_seat#13)
[2363107.937] {Default Queue}  -> wl_compositor#4.create_surface(new id wl_surface#16)
[2363108.586] {Default Queue}  -> wl_display#1.sync(new id wl_callback#17)
[2363116.264] {Display Queue} wl_display#1.delete_id(7)
[2363116.549] {Display Queue} wl_display#1.delete_id(12)
[2363116.678] {Display Queue} wl_display#1.delete_id(17)
[2363116.826] {Default Queue} wl_callback#7.done(1)
[2363117.082] {Default Queue} wl_shm#9.format(0)
[2363117.225] {Default Queue} wl_shm#9.format(1)
[2363117.352] {Default Queue} wl_shm#9.format(909199186)
[2363117.477] {Default Queue} wl_shm#9.format(875709016)
[2363117.600] {Default Queue} wl_shm#9.format(875708993)
[2363117.724] {Default Queue} wl_shm#9.format(875714642)
[2363117.855] {Default Queue} wl_shm#9.format(875708754)
[2363117.979] {Default Queue} wl_shm#9.format(875714626)
[2363118.103] {Default Queue} wl_shm#9.format(875708738)
[2363118.227] {Default Queue} wl_shm#9.format(808669784)
[2363118.350] {Default Queue} wl_shm#9.format(808669761)
[2363118.473] {Default Queue} wl_shm#9.format(808665688)
[2363118.598] {Default Queue} wl_shm#9.format(808665665)
[2363118.725] {Default Queue} wl_output#10.geometry(0, 0, 1280, 800, 0, "unknown", "unknown", 0)
[2363119.809] {Default Queue} wl_output#10.scale(1)
[2363119.992] {Default Queue} wl_output#10.mode(1, 1280, 800, 59999)
[2363120.198] {Default Queue} wl_output#10.done()
[2363120.376] {Default Queue} zxdg_output_v1#11.logical_position(0, 0)
[2363120.529] {Default Queue} zxdg_output_v1#11.logical_size(1280, 800)
[2363120.673] {Default Queue} zxdg_output_v1#11.name("Virtual-1")
[2363120.848] {Default Queue} zxdg_output_v1#11.done()
[2363124.089] {Default Queue} wl_callback#12.done(1)
[2363124.372] {Default Queue} wl_seat#13.name("default")
[2363124.525] {Default Queue} wl_seat#13.capabilities(2)
[2363126.894] {Default Queue}  -> wl_seat#13.get_keyboard(new id wl_keyboard#12)
[2363129.233] {Default Queue} wl_callback#17.done(1)
[2363129.620] {Default Queue}  -> wl_registry#2.bind(20, "xdg_wm_base", 5, new id [unknown]#17)
[52:52:0930/004049.967095:VERBOSE1:chrome/browser/media/webrtc/webrtc_event_log_manager.cc:122] WebRTC remote-bound event logging enabled.
[52:52:0930/004050.205566:VERBOSE1:components/proxy_config/pref_proxy_config_tracker_impl.cc:199] 0x4400199500: set chrome proxy config service to 0x440006abe0
[52:52:0930/004050.284908:VERBOSE1:google_apis/api_key_cache.cc:99] Using default value "497550622367-ubtkmd3b2pp5gulba5n6ha6sq4n35ehj.apps.googleusercontent.com" for API key GOOGLE_CLIENT_ID_MAIN
[52:52:0930/004050.288435:VERBOSE1:google_apis/api_key_cache.cc:99] Using default value "NaCX8tIIAphrjs56n3TpHx_e" for API key GOOGLE_CLIENT_SECRET_MAIN
[52:52:0930/004050.290149:VERBOSE1:google_apis/api_key_cache.cc:99] Using default value "497550622367-ubtkmd3b2pp5gulba5n6ha6sq4n35ehj.apps.googleusercontent.com" for API key GOOGLE_CLIENT_ID_REMOTING
[52:52:0930/004050.290563:VERBOSE1:google_apis/api_key_cache.cc:99] Using default value "NaCX8tIIAphrjs56n3TpHx_e" for API key GOOGLE_CLIENT_SECRET_REMOTING
[52:52:0930/004050.290902:VERBOSE1:google_apis/api_key_cache.cc:99] Using default value "497550622367-ubtkmd3b2pp5gulba5n6ha6sq4n35ehj.apps.googleusercontent.com" for API key GOOGLE_CLIENT_ID_REMOTING_HOST
[52:52:0930/004050.292420:VERBOSE1:google_apis/api_key_cache.cc:99] Using default value "NaCX8tIIAphrjs56n3TpHx_e" for API key GOOGLE_CLIENT_SECRET_REMOTING_HOST
[52:52:0930/004051.997182:VERBOSE1:components/device_event_log/device_event_log_impl.cc:200] [00:40:50.961] Display: EVENT: wayland_screen.cc:144 Displays updated, count: 1
[52:52:0930/004052.012840:VERBOSE1:components/device_event_log/device_event_log_impl.cc:200] [00:40:52.010] Display: EVENT: wayland_screen.cc:147 Display[16] bounds=[0,0 1280x800], workarea=[0,0 1280x800], scale=1, rotation=0, panel_rotation=0 external detected
[52:183:0930/004052.218611:ERROR:dbus/bus.cc:408] Failed to connect to the bus: Could not parse server address: Unknown address type (examples of valid types are "tcp" and on UNIX "unix")
[52:183:0930/004052.230419:ERROR:dbus/bus.cc:408] Failed to connect to the bus: Failed to connect to socket /run/dbus/system_bus_socket: No such file or directory
[52:183:0930/004052.267666:ERROR:dbus/bus.cc:408] Failed to connect to the bus: Failed to connect to socket /run/dbus/system_bus_socket: No such file or directory
[52:180:0930/004052.351702:VERBOSE1:base/files/file_util_posix.cc:317] Cannot stat "/root/mp-chromium-profile/component_crx_cache/metadata.json": No such file or directory (2)
[52:185:0930/004053.450472:VERBOSE1:content/browser/renderer_host/media/media_stream_manager.cc:1555] MSM::InitializeMaybeAsync([this=0x440016f980])
[52:185:0930/004053.510435:VERBOSE1:content/browser/renderer_host/media/media_stream_manager.cc:1555] MDM::MediaDevicesManager()
[52:185:0930/004053.524591:VERBOSE1:content/browser/renderer_host/media/media_stream_manager.cc:1555] MSM::MediaStreamManager([this=0x440016f980]))
[52:180:0930/004053.715150:VERBOSE1:base/files/file_util_posix.cc:317] Cannot stat "/root/mp-chromium-profile/Consent To Send Stats": No such file or directory (2)
[232:232:0930/004054.135244:WARNING:ui/ozone/platform/wayland/ozone_platform_wayland.cc:325] Failed to find drm render node path.
[232:232:0930/004054.212703:WARNING:ui/ozone/platform/wayland/gpu/wayland_buffer_manager_gpu.cc:458] Failed to initialize drm render node handle.
[52:52:0930/004054.495737:VERBOSE1:components/os_crypt/sync/key_storage_util_linux.cc:46] Password storage detected desktop environment: (unknown)
[52:52:0930/004054.497407:VERBOSE1:components/os_crypt/sync/key_storage_linux.cc:116] Selected backend for OSCrypt: BASIC_TEXT
[52:52:0930/004054.502188:VERBOSE1:components/os_crypt/sync/key_storage_linux.cc:135] OSCrypt did not initialize a backend.
[52:52:0930/004054.558070:VERBOSE1:components/enterprise/browser/controller/chrome_browser_cloud_management_controller.cc:171] Cloud management controller initialization aborted as CBCM is not enabled. Please use the `--enable-chrome-browser-cloud-management` command line flag to enable it if you are not using the official Google Chrome build.
[232:232:0930/004055.548905:ERROR:ui/gl/angle_platform_impl.cc:42] vk_renderer.cpp:187 (VerifyExtensionsPresent): Extension not supported: VK_EXT_headless_surface
ERR: vk_renderer.cpp:187 (VerifyExtensionsPresent): Extension not supported: VK_EXT_headless_surface
[232:232:0930/004055.563529:ERROR:ui/gl/angle_platform_impl.cc:42] vk_renderer.cpp:187 (VerifyExtensionsPresent): Extension not supported: VK_KHR_surface
ERR: vk_renderer.cpp:187 (VerifyExtensionsPresent): Extension not supported: VK_KHR_surface
[232:232:0930/004055.578702:ERROR:ui/gl/angle_platform_impl.cc:42] Display.cpp:1093 (initialize): ANGLE Display::initialize error 0: Internal Vulkan error (-7): A requested extension is not supported, in ../../third_party/angle/src/libANGLE/renderer/vulkan/vk_renderer.cpp, enableInstanceExtensions:2252.
ERR: Display.cpp:1093 (initialize): ANGLE Display::initialize error 0: Internal Vulkan error (-7): A requested extension is not supported, in ../../third_party/angle/src/libANGLE/renderer/vulkan/vk_renderer.cpp, enableInstanceExtensions:2252.
[232:232:0930/004055.591837:ERROR:ui/gl/egl_util.cc:92] EGL Driver message (Critical) eglInitialize: Internal Vulkan error (-7): A requested extension is not supported, in ../../third_party/angle/src/libANGLE/renderer/vulkan/vk_renderer.cpp, enableInstanceExtensions:2252.
[232:232:0930/004055.597886:ERROR:ui/gl/gl_display.cc:639] eglInitialize SwANGLE failed with error EGL_NOT_INITIALIZED
[232:232:0930/004055.602618:ERROR:ui/gl/gl_display.cc:674] Initialization of all EGL display types failed.
[232:232:0930/004055.607399:ERROR:ui/ozone/common/gl_ozone_egl.cc:26] GLDisplayEGL::Initialize failed.
[232:232:0930/004055.760697:ERROR:ui/gl/angle_platform_impl.cc:42] vk_renderer.cpp:187 (VerifyExtensionsPresent): Extension not supported: VK_EXT_headless_surface
ERR: vk_renderer.cpp:187 (VerifyExtensionsPresent): Extension not supported: VK_EXT_headless_surface
[232:232:0930/004055.769568:ERROR:ui/gl/angle_platform_impl.cc:42] vk_renderer.cpp:187 (VerifyExtensionsPresent): Extension not supported: VK_KHR_surface
ERR: vk_renderer.cpp:187 (VerifyExtensionsPresent): Extension not supported: VK_KHR_surface
[232:232:0930/004055.778129:ERROR:ui/gl/angle_platform_impl.cc:42] Display.cpp:1093 (initialize): ANGLE Display::initialize error 0: Internal Vulkan error (-7): A requested extension is not supported, in ../../third_party/angle/src/libANGLE/renderer/vulkan/vk_renderer.cpp, enableInstanceExtensions:2252.
ERR: Display.cpp:1093 (initialize): ANGLE Display::initialize error 0: Internal Vulkan error (-7): A requested extension is not supported, in ../../third_party/angle/src/libANGLE/renderer/vulkan/vk_renderer.cpp, enableInstanceExtensions:2252.
[232:232:0930/004055.785786:ERROR:ui/gl/egl_util.cc:92] EGL Driver message (Critical) eglInitialize: Internal Vulkan error (-7): A requested extension is not supported, in ../../third_party/angle/src/libANGLE/renderer/vulkan/vk_renderer.cpp, enableInstanceExtensions:2252.
[232:232:0930/004055.790992:ERROR:ui/gl/gl_display.cc:639] eglInitialize SwANGLE failed with error EGL_NOT_INITIALIZED
[232:232:0930/004055.797630:ERROR:ui/gl/gl_display.cc:674] Initialization of all EGL display types failed.
[232:232:0930/004055.803176:ERROR:ui/ozone/common/gl_ozone_egl.cc:26] GLDisplayEGL::Initialize failed.
[232:232:0930/004055.815414:VERBOSE1:gpu/ipc/service/gpu_init.cc:510] gl::init::InitializeGLNoExtensionsOneOff failed
[232:232:0930/004056.272919:VERBOSE1:components/viz/service/main/viz_main_impl.cc:86] VizNullHypothesis is disabled (not a warning)
[232:232:0930/004056.485727:ERROR:components/viz/service/main/viz_main_impl.cc:189] Exiting GPU process due to errors during initialization
[52:52:0930/004058.188522:VERBOSE1:chrome/browser/signin/account_consistency_mode_manager.cc:207] Desktop Identity Consistency disabled as sign-in to Chrome is not allowed
[52:52:0930/004058.278594:VERBOSE1:components/device_event_log/device_event_log_impl.cc:200] [00:40:58.274] Bluetooth: EVENT: bluetooth_api.cc:82 BluetoothAPI: 0x44004ba0c0
[52:52:0930/004058.315204:VERBOSE2:components/content_settings/core/browser/content_settings_policy_provider.cc:452] Skipping unset preference: profile.managed_automatic_fullscreen_allowed_for_urls
[52:52:0930/004058.315942:VERBOSE2:components/content_settings/core/browser/content_settings_policy_provider.cc:452] Skipping unset preference: profile.managed_automatic_fullscreen_blocked_for_urls
[52:52:0930/004058.316359:VERBOSE2:components/content_settings/core/browser/content_settings_policy_provider.cc:452] Skipping unset preference: profile.managed_cookies_allowed_for_urls
[52:52:0930/004058.316617:VERBOSE2:components/content_settings/core/browser/content_settings_policy_provider.cc:452] Skipping unset preference: profile.managed_cookies_blocked_for_urls
[52:52:0930/004058.316859:VERBOSE2:components/content_settings/core/browser/content_settings_policy_provider.cc:452] Skipping unset preference: profile.managed_cookies_sessiononly_for_urls
[52:52:0930/004058.317251:VERBOSE2:components/content_settings/core/browser/content_settings_policy_provider.cc:452] Skipping unset preference: profile.managed_access_to_get_all_screens_media_in_session_allowed_for_urls
[52:52:0930/004058.317512:VERBOSE2:components/content_settings/core/browser/content_settings_policy_provider.cc:452] Skipping unset preference: profile.managed_images_allowed_for_urls
[52:52:0930/004058.317751:VERBOSE2:components/content_settings/core/browser/content_settings_policy_provider.cc:452] Skipping unset preference: profile.managed_images_blocked_for_urls
[52:52:0930/004058.317995:VERBOSE2:components/content_settings/core/browser/content_settings_policy_provider.cc:452] Skipping unset preference: profile.managed_insecure_content_allowed_for_urls
[52:52:0930/004058.318226:VERBOSE2:components/content_settings/core/browser/content_settings_policy_provider.cc:452] Skipping unset preference: profile.managed_insecure_content_blocked_for_urls
[52:52:0930/004058.318457:VERBOSE2:components/content_settings/core/browser/content_settings_policy_provider.cc:452] Skipping unset preference: profile.managed_javascript_allowed_for_urls
[52:52:0930/004058.318685:VERBOSE2:components/content_settings/core/browser/content_settings_policy_provider.cc:452] Skipping unset preference: profile.managed_javascript_blocked_for_urls
[52:52:0930/004058.318926:VERBOSE2:components/content_settings/core/browser/content_settings_policy_provider.cc:452] Skipping unset preference: profile.managed_clipboard_allowed_for_urls
[52:52:0930/004058.319176:VERBOSE2:components/content_settings/core/browser/content_settings_policy_provider.cc:452] Skipping unset preference: profile.managed_clipboard_blocked_for_urls
[52:52:0930/004058.319615:VERBOSE2:components/content_settings/core/browser/content_settings_policy_provider.cc:452] Skipping unset preference: profile.managed_notifications_allowed_for_urls
[52:52:0930/004058.319863:VERBOSE2:components/content_settings/core/browser/content_settings_policy_provider.cc:452] Skipping unset preference: profile.managed_notifications_blocked_for_urls
[52:52:0930/004058.320095:VERBOSE2:components/content_settings/core/browser/content_settings_policy_provider.cc:452] Skipping unset preference: profile.managed_popups_allowed_for_urls
[52:52:0930/004058.320323:VERBOSE2:components/content_settings/core/browser/content_settings_policy_provider.cc:452] Skipping unset preference: profile.managed_popups_blocked_for_urls
[52:52:0930/004058.320550:VERBOSE2:components/content_settings/core/browser/content_settings_policy_provider.cc:452] Skipping unset preference: profile.managed_web_usb_ask_for_urls
[52:52:0930/004058.320784:VERBOSE2:components/content_settings/core/browser/content_settings_policy_provider.cc:452] Skipping unset preference: profile.managed_web_usb_blocked_for_urls
[52:52:0930/004058.321020:VERBOSE2:components/content_settings/core/browser/content_settings_policy_provider.cc:452] Skipping unset preference: profile.managed_file_system_read_ask_for_urls
[52:52:0930/004058.321248:VERBOSE2:components/content_settings/core/browser/content_settings_policy_provider.cc:452] Skipping unset preference: profile.managed_file_system_read_blocked_for_urls
[52:52:0930/004058.321483:VERBOSE2:components/content_settings/core/browser/content_settings_policy_provider.cc:452] Skipping unset preference: profile.managed_file_system_write_ask_for_urls
[52:52:0930/004058.321896:VERBOSE2:components/content_settings/core/browser/content_settings_policy_provider.cc:452] Skipping unset preference: profile.managed_file_system_write_blocked_for_urls
[52:52:0930/004058.322244:VERBOSE2:components/content_settings/core/browser/content_settings_policy_provider.cc:452] Skipping unset preference: profile.managed_legacy_cookie_access_allowed_for_domains
[52:52:0930/004058.322501:VERBOSE2:components/content_settings/core/browser/content_settings_policy_provider.cc:452] Skipping unset preference: profile.managed_default_content_settings.legacy_cookie_scope
[52:52:0930/004058.322741:VERBOSE2:components/content_settings/core/browser/content_settings_policy_provider.cc:452] Skipping unset preference: profile.managed_legacy_cookie_scope_for_domains
[52:52:0930/004058.323029:VERBOSE2:components/content_settings/core/browser/content_settings_policy_provider.cc:452] Skipping unset preference: profile.managed_serial_ask_for_urls
[52:52:0930/004058.323268:VERBOSE2:components/content_settings/core/browser/content_settings_policy_provider.cc:452] Skipping unset preference: profile.managed_serial_blocked_for_urls
[52:52:0930/004058.323510:VERBOSE2:components/content_settings/core/browser/content_settings_policy_provider.cc:452] Skipping unset preference: profile.managed_sensors_allowed_for_urls
[52:52:0930/004058.323746:VERBOSE2:components/content_settings/core/browser/content_settings_policy_provider.cc:452] Skipping unset preference: profile.managed_sensors_blocked_for_urls
[52:52:0930/004058.324027:VERBOSE2:components/content_settings/core/browser/content_settings_policy_provider.cc:452] Skipping unset preference: profile.managed_javascript_jit_allowed_for_sites
[52:52:0930/004058.324502:VERBOSE2:components/content_settings/core/browser/content_settings_policy_provider.cc:452] Skipping unset preference: profile.managed_javascript_jit_blocked_for_sites
[52:52:0930/004058.324824:VERBOSE2:components/content_settings/core/browser/content_settings_policy_provider.cc:452] Skipping unset preference: profile.managed_javascript_optimizer_allowed_for_sites
[52:52:0930/004058.325195:VERBOSE2:components/content_settings/core/browser/content_settings_policy_provider.cc:452] Skipping unset preference: profile.managed_javascript_optimizer_blocked_for_sites
[52:52:0930/004058.325462:VERBOSE2:components/content_settings/core/browser/content_settings_policy_provider.cc:452] Skipping unset preference: profile.managed_web_hid_ask_for_urls
[52:52:0930/004058.325696:VERBOSE2:components/content_settings/core/browser/content_settings_policy_provider.cc:452] Skipping unset preference: profile.managed_web_hid_blocked_for_urls
[52:52:0930/004058.325951:VERBOSE2:components/content_settings/core/browser/content_settings_policy_provider.cc:452] Skipping unset preference: profile.managed_window_management_allowed_for_urls
[52:52:0930/004058.326587:VERBOSE2:components/content_settings/core/browser/content_settings_policy_provider.cc:452] Skipping unset preference: profile.managed_window_management_blocked_for_urls
[52:52:0930/004058.327275:VERBOSE2:components/content_settings/core/browser/content_settings_policy_provider.cc:452] Skipping unset preference: profile.managed_local_fonts_allowed_for_urls
[52:52:0930/004058.327535:VERBOSE2:components/content_settings/core/browser/content_settings_policy_provider.cc:452] Skipping unset preference: profile.managed_local_fonts_blocked_for_urls
[52:52:0930/004058.327783:VERBOSE2:components/content_settings/core/browser/content_settings_policy_provider.cc:452] Skipping unset preference: profile.managed_third_party_storage_partitioning_blocked_for_origins
[52:52:0930/004058.328035:VERBOSE2:components/content_settings/core/browser/content_settings_policy_provider.cc:452] Skipping unset preference: profile.managed_web_printing_allowed_for_urls
[52:52:0930/004058.328267:VERBOSE2:components/content_settings/core/browser/content_settings_policy_provider.cc:452] Skipping unset preference: profile.managed_web_printing_blocked_for_urls
[52:52:0930/004058.328498:VERBOSE2:components/content_settings/core/browser/content_settings_policy_provider.cc:452] Skipping unset preference: profile.managed_direct_sockets_allowed_for_urls
[52:52:0930/004058.328843:VERBOSE2:components/content_settings/core/browser/content_settings_policy_provider.cc:452] Skipping unset preference: profile.managed_direct_sockets_blocked_for_urls
[52:52:0930/004058.329087:VERBOSE2:components/content_settings/core/browser/content_settings_policy_provider.cc:452] Skipping unset preference: profile.managed_direct_sockets_pna_allowed_for_urls
[52:52:0930/004058.329326:VERBOSE2:components/content_settings/core/browser/content_settings_policy_provider.cc:452] Skipping unset preference: profile.managed_direct_sockets_pna_blocked_for_urls
[52:52:0930/004058.329557:VERBOSE2:components/content_settings/core/browser/content_settings_policy_provider.cc:452] Skipping unset preference: profile.managed_controlled_frame_allowed_for_urls
[52:52:0930/004058.329822:VERBOSE2:components/content_settings/core/browser/content_settings_policy_provider.cc:452] Skipping unset preference: profile.managed_controlled_frame_blocked_for_urls
[52:52:0930/004058.330265:VERBOSE2:components/content_settings/core/browser/content_settings_policy_provider.cc:452] Skipping unset preference: profile.managed_local_network_access_allowed_for_urls
[52:52:0930/004058.330510:VERBOSE2:components/content_settings/core/browser/content_settings_policy_provider.cc:452] Skipping unset preference: profile.managed_local_network_access_blocked_for_urls
[52:52:0930/004058.330887:VERBOSE2:components/content_settings/core/browser/content_settings_policy_provider.cc:530] Skipping unset preference: profile.managed_auto_select_certificate_for_urls
[52:180:0930/004058.858560:VERBOSE1:base/files/file_util_posix.cc:317] Cannot stat "/root/mp-chromium-profile/Default/Web Applications/Logs/WebAppInstallManager.log": No such file or directory (2)
[52:183:0930/004059.780668:ERROR:dbus/bus.cc:408] Failed to connect to the bus: Could not parse server address: Unknown address type (examples of valid types are "tcp" and on UNIX "unix")
[52:52:0930/004100.527744:VERBOSE1:components/proxy_config/pref_proxy_config_tracker_impl.cc:199] 0x440019ad00: set chrome proxy config service to 0x440006e800
[52:52:0930/004100.687418:VERBOSE1:chrome/browser/signin/account_consistency_mode_manager.cc:207] Desktop Identity Consistency disabled as sign-in to Chrome is not allowed
[52:52:0930/004100.951361:VERBOSE1:components/signin/internal/identity_manager/mutable_profile_oauth2_token_service_delegate.cc:318] MutablePO2TS::MutablePO2TS
[52:180:0930/004102.543731:VERBOSE1:net/disk_cache/simple/simple_index_file.cc:607] Simple Cache Index is being restored from disk.
[52:180:0930/004102.553664:VERBOSE1:base/files/file_util_posix.cc:317] Cannot stat "/root/mp-chromium-profile/Default/Code Cache/js/index-dir/the-real-index": No such file or directory (2)
[52:225:0930/004102.568094:VERBOSE1:net/disk_cache/simple/simple_index_file.cc:607] Simple Cache Index is being restored from disk.
[52:225:0930/004102.575902:VERBOSE1:base/files/file_util_posix.cc:317] Cannot stat "/root/mp-chromium-profile/Default/Code Cache/wasm/index-dir/the-real-index": No such file or directory (2)
[52:52:0930/004102.702857:VERBOSE1:components/proxy_config/pref_proxy_config_tracker_impl.cc:199] 0x440019c200: set chrome proxy config service to 0x4400070d60
[52:52:0930/004103.900372:VERBOSE1:chrome/browser/signin/account_consistency_mode_manager.cc:207] Desktop Identity Consistency disabled as sign-in to Chrome is not allowed
[52:52:0930/004104.495325:VERBOSE1:extensions/browser/api/bluetooth_low_energy/bluetooth_low_energy_event_router.cc:291] Initializing BluetoothLowEnergyEventRouter.
[52:52:0930/004104.976744:VERBOSE1:chrome/browser/permissions/prediction_service/prediction_model_handler_provider_factory.cc:58] [PermissionsAI]: PredictionModelHandlerProviderFactory::BuildServiceInstanceForBrowserContext
[52:52:0930/004104.977354:VERBOSE1:chrome/browser/permissions/prediction_service/prediction_model_handler_provider_factory.cc:66] [PermissionsAI]: OptimizationGuideKeyedService not available.
[52:52:0930/004106.345677:VERBOSE1:extensions/browser/extension_registrar.cc:521] AddComponentExtension Web Store
[52:52:0930/004106.347879:VERBOSE1:extensions/browser/extension_registrar.cc:523] Component extension Web Store (ahfgeienlihckogmohjhadlkjgocpleb) installing/upgrading from '' to 0.2
[52:52:0930/004106.794630:VERBOSE1:extensions/browser/extension_registrar.cc:521] AddComponentExtension Chromium PDF Viewer
[52:52:0930/004106.795106:VERBOSE1:extensions/browser/extension_registrar.cc:523] Component extension Chromium PDF Viewer (mhjfbmdgcfjbbpaeojofohoefgiehjai) installing/upgrading from '' to 1
[52:52:0930/004106.843615:VERBOSE1:extensions/browser/extension_registrar.cc:521] AddComponentExtension Google Hangouts
[52:52:0930/004106.844149:VERBOSE1:extensions/browser/extension_registrar.cc:523] Component extension Google Hangouts (nkeimhogjdpnpccoofpliimaahmaaome) installing/upgrading from '' to 1.3.26
[52:52:0930/004106.917406:VERBOSE1:components/signin/internal/identity_manager/mutable_profile_oauth2_token_service_delegate.cc:408] MutablePO2TS::RefreshTokenIsAvailable
[52:52:0930/004106.926999:VERBOSE1:components/signin/internal/identity_manager/mutable_profile_oauth2_token_service_delegate.cc:408] MutablePO2TS::RefreshTokenIsAvailable
[52:52:0930/004106.936790:VERBOSE1:chrome/browser/signin/account_consistency_mode_manager.cc:207] Desktop Identity Consistency disabled as sign-in to Chrome is not allowed
[52:52:0930/004106.939227:VERBOSE1:components/signin/core/browser/account_reconcilor.cc:165] AccountReconcilor::AccountReconcilor
[52:52:0930/004106.939672:VERBOSE1:components/signin/core/browser/account_reconcilor.cc:203] AccountReconcilor::Initialize
[52:180:0930/004107.085310:VERBOSE1:base/files/file_util_posix.cc:317] Cannot stat "/root/mp-chromium-profile/Default/Policy/User Policy": No such file or directory (2)
[52:180:0930/004107.086916:VERBOSE1:base/files/file_util_posix.cc:317] Cannot stat "/root/mp-chromium-profile/Default/Policy/Signing Key": No such file or directory (2)
[52:52:0930/004107.346575:VERBOSE1:chrome/browser/profiles/profile_manager.cc:1277] AddKeepAlive(Default, kBrowserWindow). keep_alives=[kWaitingForFirstBrowserWindow (1), kBrowserWindow (1)]
[52:52:0930/004107.347870:VERBOSE1:chrome/browser/profiles/profile_manager.cc:1359] ClearFirstBrowserWindowKeepAlive(Default). keep_alives=[kBrowserWindow (1)]
[52:183:0930/004109.093574:ERROR:dbus/bus.cc:408] Failed to connect to the bus: Could not parse server address: Unknown address type (examples of valid types are "tcp" and on UNIX "unix")
[52:183:0930/004109.098232:ERROR:dbus/bus.cc:408] Failed to connect to the bus: Could not parse server address: Unknown address type (examples of valid types are "tcp" and on UNIX "unix")
[2384947.021]  -> wl_compositor#4.create_surface(new id wl_surface#3)
[2384948.986]  -> wp_viewporter#6.get_viewport(new id wp_viewport#21, wl_surface#3)
[52:52:0930/004109.475584:WARNING:ui/ozone/platform/wayland/host/wayland_surface.cc:170] Server doesn't support zcr_alpha_compositing_v1.
[52:52:0930/004109.475871:WARNING:ui/ozone/platform/wayland/host/wayland_surface.cc:185] Server doesn't support overlay_prioritizer.
[52:52:0930/004109.476109:WARNING:ui/ozone/platform/wayland/host/wayland_surface.cc:200] Server doesn't support wp_content_type_v1
[52:52:0930/004109.476323:WARNING:ui/ozone/platform/wayland/host/wayland_surface.cc:214] Server doesn't support wp_color_management_surface_v1.
[2384963.635]  -> wl_compositor#4.create_region(new id wl_region#22)
[2384966.714]  -> wl_region#22.add(0, 0, 1280, 800)
[2384967.113]  -> wl_surface#3.set_opaque_region(wl_region#22)
[2384967.392]  -> wl_region#22.destroy()
[52:52:0930/004109.699201:WARNING:ui/ozone/platform/wayland/host/wayland_connection.cc:408] text-input-v3 not available.
[52:52:0930/004110.196719:VERBOSE1:chrome/browser/signin/account_consistency_mode_manager.cc:207] Desktop Identity Consistency disabled as sign-in to Chrome is not allowed
[52:191:0930/004110.310255:VERBOSE1:chrome/browser/shutdown_signal_handlers_posix.cc:131] Handling shutdown for signal 15.
[52:52:0930/004112.434887:VERBOSE1:google_apis/gaia/gaia_auth_util.cc:54] Canonicalized @gmail.com to @gmail.com
[52:52:0930/004112.436232:VERBOSE1:google_apis/gaia/gaia_auth_util.cc:54] Canonicalized @gmail.com to @gmail.com
[52:52:0930/004113.942655:VERBOSE1:chrome/browser/enterprise/data_protection/data_protection_navigation_observer.cc:216] enterprise.data_protection: same document navigation: 0
[52:52:0930/004113.943609:VERBOSE1:chrome/browser/enterprise/data_protection/data_protection_navigation_observer.cc:218] enterprise.data_protection: URL to scan: file:///usr/share/html-test/index.html
[52:52:0930/004114.717150:VERBOSE1:components/signin/internal/identity_manager/mutable_profile_oauth2_token_service_delegate.cc:408] MutablePO2TS::RefreshTokenIsAvailable
[52:52:0930/004114.718176:VERBOSE1:chrome/browser/signin/account_consistency_mode_manager.cc:207] Desktop Identity Consistency disabled as sign-in to Chrome is not allowed
[2391366.033]  -> xdg_wm_base#19.get_xdg_surface(new id xdg_surface#23, wl_surface#3)
[2391369.091]  -> xdg_surface#23.get_toplevel(new id xdg_toplevel#24)
[2391369.856]  -> xdg_toplevel#24.set_app_id("chromium-browser")
[2391370.206]  -> xdg_toplevel#24.set_title("Untitled - Chromium")
[2391374.381]  -> xdg_toplevel#24.set_min_size(532, 130)
[2391374.713]  -> xdg_toplevel#24.set_max_size(0, 0)
[2391375.839]  -> xdg_toplevel#24.unset_maximized()
[2391379.345]  -> xdg_toplevel#24.set_min_size(532, 130)
[2391379.651]  -> xdg_toplevel#24.set_max_size(0, 0)
[2391383.078]  -> wl_surface#3.commit()
[2391386.411]  -> xdg_surface#23.set_window_geometry(16, 10, 1248, 758)
[2391468.009]  -> xdg_toplevel#24.set_fullscreen(nil)
[2391475.082]  -> xdg_toplevel#24.set_min_size(500, 0)
[2391476.809]  -> xdg_toplevel#24.set_max_size(0, 0)
[235:235:0930/004122.406862:INFO:content/child/child_thread_impl.cc:909] ChildThreadImpl::EnsureConnected()
