Date: 2026-09-27 UTC
[13:42:30.452] weston 14.0.2
               https://wayland.freedesktop.org
               Bug reports to: https://gitlab.freedesktop.org/wayland/weston/issues/
               Build: 14.0.2
[13:42:30.459] Command line: weston --backend=drm-backend.so --renderer=pixman --drm-device=card0 --seat=seat0 --idle-time=0 --debug --log=/root/mp-weston.log
[13:42:30.460] OS: Linux, 10.0.0, 10.0.0, aarch64
[13:42:30.460] Flight recorder: enabled
[13:42:30.473] Starting with no config file.
[13:42:30.499] Output repaint window is 7 ms maximum.
[13:42:30.507] Loading module '/usr/lib/libweston-14/drm-backend.so'
[13:42:30.603] initializing drm backend
[13:42:30.607] Trying libseat launcher...
[13:42:30.621] [libseat/libseat.c:62] Seat opened with backend 'seatd'
[13:42:30.622] [libseat/backend/seatd.c:212] Enabling seat
[13:42:30.623] libseat: session control granted
[13:42:30.645] using /dev/dri/card0
[13:42:30.648] DRM: does not support atomic modesetting
[13:42:30.648] DRM: supports GBM modifiers
[13:42:30.648] DRM: does not support Atomic async page flip
[13:42:30.648] DRM: supports picture aspect ratio
[13:42:30.653] Using Pixman renderer
[13:42:30.857] event0  - QEMU Virtio Keyboard: is tagged by udev as: Keyboard
[13:42:30.862] event0  - QEMU Virtio Keyboard: device is a keyboard
[13:42:30.892] event1  - QEMU Virtio Mouse: is tagged by udev as: Mouse
[13:42:30.893] event1  - QEMU Virtio Mouse: device is a pointer
[13:42:31.154] libinput: configuring device "QEMU Virtio Keyboard".
[13:42:31.156] libinput: configuring device "QEMU Virtio Mouse".
[13:42:31.165] DRM: head 'Virtual-1' found, connector 48 is connected, EDID make 'unknown', model 'unknown', serial ''
               Supported EOTF modes: SDR
               Supported colorimetry modes: default
[13:42:31.169] Registered plugin API 'weston_drm_output_api_v1' of size 40
[13:42:31.169] Registered plugin API 'weston_drm_virtual_output_api_v2' of size 48
[13:42:31.172] Color manager: no-op
                 protocol support: no
[13:42:31.186] Output 'Virtual-1' attempts EOTF mode SDR and colorimetry mode default.
[13:42:31.187] Output 'Virtual-1' using color profile: stock sRGB color profile
[13:42:31.213] DRM: output Virtual-1 uses shadow framebuffer.
[13:42:31.214] Output Virtual-1 (crtc 16) video modes:
               current@60.0, current, 70.6 MHz
[13:42:31.217] associating input device event0 with output Virtual-1 (none by udev)
[13:42:31.217] associating input device event1 with output Virtual-1 (none by udev)
[13:42:31.219] Output 'Virtual-1' enabled with head(s) Virtual-1
[13:42:31.219] Compositor capabilities:
               arbitrary surface rotation: yes
               screen capture uses y-flip: no
               cursor planes: yes
               arbitrary resolutions: no
               view mask clipping: yes
               explicit sync: no
               color operations: no
               presentation clock: CLOCK_MONOTONIC, id 1
               presentation clock resolution: 0.000001000 s
[13:42:31.230] Loading module '/usr/lib/weston/desktop-shell.so'
[13:42:31.259] launching '/usr/libexec/weston-keyboard'
[13:42:31.321] launching '/usr/libexec/weston-desktop-shell'
