[48:48:1002/072356.382848:VERBOSE1:chrome/app/chrome_crash_reporter_client.cc:199] GetCollectStatsConsent(): is_official_chrome_build is false so returning false
[48:48:1002/072359.530924:VERBOSE1:chrome/app/chrome_crash_reporter_client.cc:199] GetCollectStatsConsent(): is_official_chrome_build is false so returning false
[48:48:1002/072401.012045:VERBOSE1:components/policy/core/common/config_dir_policy_loader.cc:116] Found mandatory policy file: /etc/chromium/policies/managed/kiosk.json
[48:48:1002/072401.077487:VERBOSE1:components/policy/core/common/config_dir_policy_loader.cc:121] Skipping recommended platform policies because no policy file was found at: /etc/chromium/policies/recommended
[48:48:1002/072401.796821:VERBOSE1:components/variations/service/variations_field_trial_creator.cc:80] VariationsSeedUsage:2
[48:48:1002/072401.818079:VERBOSE1:components/variations/service/variations_field_trial_creator.cc:353] VariationsSetupComplete
[48:65:1002/072402.481756:VERBOSE1:base/files/file_util_posix.cc:317] Cannot stat "/root/single-initial-profile/VariationsSeedV1": No such file or directory (2)
[48:67:1002/072402.659995:ERROR:dbus/bus.cc:408] Failed to connect to the bus: Failed to connect to socket /run/dbus/system_bus_socket: No such file or directory
[48:48:1002/072403.133787:WARNING:ui/ozone/platform/wayland/ozone_platform_wayland.cc:272] Failed to initialize drm render node handle.
[48:48:1002/072403.217807:WARNING:ui/ozone/platform/wayland/common/wayland_object.cc:119] Binding to wl_shm version 1 but version 2 is available.
[48:48:1002/072416.955070:VERBOSE1:chrome/browser/media/webrtc/webrtc_event_log_manager.cc:122] WebRTC remote-bound event logging enabled.
[48:48:1002/072417.108073:VERBOSE1:components/proxy_config/pref_proxy_config_tracker_impl.cc:199] 0x1400195500: set chrome proxy config service to 0x140007ebe0
[48:48:1002/072417.153307:VERBOSE1:google_apis/api_key_cache.cc:99] Using default value "497550622367-ubtkmd3b2pp5gulba5n6ha6sq4n35ehj.apps.googleusercontent.com" for API key GOOGLE_CLIENT_ID_MAIN
[48:48:1002/072417.154997:VERBOSE1:google_apis/api_key_cache.cc:99] Using default value "NaCX8tIIAphrjs56n3TpHx_e" for API key GOOGLE_CLIENT_SECRET_MAIN
[48:48:1002/072417.156447:VERBOSE1:google_apis/api_key_cache.cc:99] Using default value "497550622367-ubtkmd3b2pp5gulba5n6ha6sq4n35ehj.apps.googleusercontent.com" for API key GOOGLE_CLIENT_ID_REMOTING
[48:48:1002/072417.156713:VERBOSE1:google_apis/api_key_cache.cc:99] Using default value "NaCX8tIIAphrjs56n3TpHx_e" for API key GOOGLE_CLIENT_SECRET_REMOTING
[48:48:1002/072417.156889:VERBOSE1:google_apis/api_key_cache.cc:99] Using default value "497550622367-ubtkmd3b2pp5gulba5n6ha6sq4n35ehj.apps.googleusercontent.com" for API key GOOGLE_CLIENT_ID_REMOTING_HOST
[48:48:1002/072417.158192:VERBOSE1:google_apis/api_key_cache.cc:99] Using default value "NaCX8tIIAphrjs56n3TpHx_e" for API key GOOGLE_CLIENT_SECRET_REMOTING_HOST
[48:48:1002/072418.064892:VERBOSE1:components/device_event_log/device_event_log_impl.cc:200] [07:24:17.582] Display: EVENT: wayland_screen.cc:144 Displays updated, count: 1
[48:48:1002/072418.073531:VERBOSE1:components/device_event_log/device_event_log_impl.cc:200] [07:24:18.072] Display: EVENT: wayland_screen.cc:147 Display[16] bounds=[0,0 1280x800], workarea=[0,0 1280x800], scale=1, rotation=0, panel_rotation=0 external detected
[48:67:1002/072418.224728:ERROR:dbus/bus.cc:408] Failed to connect to the bus: Could not parse server address: Unknown address type (examples of valid types are "tcp" and on UNIX "unix")
[48:67:1002/072418.259974:ERROR:dbus/bus.cc:408] Failed to connect to the bus: Failed to connect to socket /run/dbus/system_bus_socket: No such file or directory
[48:67:1002/072418.271452:ERROR:dbus/bus.cc:408] Failed to connect to the bus: Failed to connect to socket /run/dbus/system_bus_socket: No such file or directory
[48:66:1002/072418.379901:VERBOSE1:base/files/file_util_posix.cc:317] Cannot stat "/root/single-initial-profile/component_crx_cache/metadata.json": No such file or directory (2)
[48:86:1002/072418.837786:WARNING:ui/ozone/platform/wayland/ozone_platform_wayland.cc:325] Failed to find drm render node path.
[48:86:1002/072418.849772:WARNING:ui/ozone/platform/wayland/gpu/wayland_buffer_manager_gpu.cc:458] Failed to initialize drm render node handle.
[48:48:1002/072419.394861:VERBOSE1:media/audio/pulse/pulse_util.cc:256] Failed to connect to the context.  Error: Connection refused
[48:48:1002/072419.408888:WARNING:media/audio/linux/audio_manager_linux.cc:54] Falling back to ALSA for audio output. PulseAudio is not available or could not be initialized.
[48:69:1002/072419.629812:VERBOSE1:content/browser/renderer_host/media/media_stream_manager.cc:1555] MSM::InitializeMaybeAsync([this=0x140016b980])
[48:69:1002/072419.659778:VERBOSE1:content/browser/renderer_host/media/media_stream_manager.cc:1555] MDM::MediaDevicesManager()
[48:69:1002/072419.668610:VERBOSE1:content/browser/renderer_host/media/media_stream_manager.cc:1555] MSM::MediaStreamManager([this=0x140016b980]))
[48:64:1002/072419.900671:VERBOSE1:base/files/file_util_posix.cc:317] Cannot stat "/root/single-initial-profile/Consent To Send Stats": No such file or directory (2)
[48:48:1002/072420.231868:ERROR:chrome/browser/net/system_network_context_manager.cc:953] Cannot use V8 Proxy resolver in single process mode.
[48:48:1002/072420.453884:VERBOSE1:components/enterprise/browser/controller/chrome_browser_cloud_management_controller.cc:171] Cloud management controller initialization aborted as CBCM is not enabled. Please use the `--enable-chrome-browser-cloud-management` command line flag to enable it if you are not using the official Google Chrome build.
[48:48:1002/072423.923469:VERBOSE1:chrome/browser/signin/account_consistency_mode_manager.cc:207] Desktop Identity Consistency disabled as sign-in to Chrome is not allowed
[48:48:1002/072424.071268:VERBOSE1:components/device_event_log/device_event_log_impl.cc:200] [07:24:24.065] Bluetooth: EVENT: bluetooth_api.cc:82 BluetoothAPI: 0x1400683080
[48:48:1002/072424.124842:VERBOSE2:components/content_settings/core/browser/content_settings_policy_provider.cc:452] Skipping unset preference: profile.managed_automatic_fullscreen_allowed_for_urls
[48:48:1002/072424.125610:VERBOSE2:components/content_settings/core/browser/content_settings_policy_provider.cc:452] Skipping unset preference: profile.managed_automatic_fullscreen_blocked_for_urls
[48:48:1002/072424.125842:VERBOSE2:components/content_settings/core/browser/content_settings_policy_provider.cc:452] Skipping unset preference: profile.managed_cookies_allowed_for_urls
[48:48:1002/072424.126068:VERBOSE2:components/content_settings/core/browser/content_settings_policy_provider.cc:452] Skipping unset preference: profile.managed_cookies_blocked_for_urls
[48:48:1002/072424.126520:VERBOSE2:components/content_settings/core/browser/content_settings_policy_provider.cc:452] Skipping unset preference: profile.managed_cookies_sessiononly_for_urls
[48:48:1002/072424.126718:VERBOSE2:components/content_settings/core/browser/content_settings_policy_provider.cc:452] Skipping unset preference: profile.managed_access_to_get_all_screens_media_in_session_allowed_for_urls
[48:48:1002/072424.126901:VERBOSE2:components/content_settings/core/browser/content_settings_policy_provider.cc:452] Skipping unset preference: profile.managed_images_allowed_for_urls
[48:48:1002/072424.127074:VERBOSE2:components/content_settings/core/browser/content_settings_policy_provider.cc:452] Skipping unset preference: profile.managed_images_blocked_for_urls
[48:48:1002/072424.127312:VERBOSE2:components/content_settings/core/browser/content_settings_policy_provider.cc:452] Skipping unset preference: profile.managed_insecure_content_allowed_for_urls
[48:48:1002/072424.127485:VERBOSE2:components/content_settings/core/browser/content_settings_policy_provider.cc:452] Skipping unset preference: profile.managed_insecure_content_blocked_for_urls
[48:48:1002/072424.127738:VERBOSE2:components/content_settings/core/browser/content_settings_policy_provider.cc:452] Skipping unset preference: profile.managed_javascript_allowed_for_urls
[48:48:1002/072424.127998:VERBOSE2:components/content_settings/core/browser/content_settings_policy_provider.cc:452] Skipping unset preference: profile.managed_javascript_blocked_for_urls
[48:48:1002/072424.128360:VERBOSE2:components/content_settings/core/browser/content_settings_policy_provider.cc:452] Skipping unset preference: profile.managed_clipboard_allowed_for_urls
[48:48:1002/072424.128554:VERBOSE2:components/content_settings/core/browser/content_settings_policy_provider.cc:452] Skipping unset preference: profile.managed_clipboard_blocked_for_urls
[48:48:1002/072424.129232:VERBOSE2:components/content_settings/core/browser/content_settings_policy_provider.cc:452] Skipping unset preference: profile.managed_notifications_allowed_for_urls
[48:48:1002/072424.129443:VERBOSE2:components/content_settings/core/browser/content_settings_policy_provider.cc:452] Skipping unset preference: profile.managed_notifications_blocked_for_urls
[48:48:1002/072424.129619:VERBOSE2:components/content_settings/core/browser/content_settings_policy_provider.cc:452] Skipping unset preference: profile.managed_popups_allowed_for_urls
[48:48:1002/072424.129789:VERBOSE2:components/content_settings/core/browser/content_settings_policy_provider.cc:452] Skipping unset preference: profile.managed_popups_blocked_for_urls
[48:48:1002/072424.129963:VERBOSE2:components/content_settings/core/browser/content_settings_policy_provider.cc:452] Skipping unset preference: profile.managed_web_usb_ask_for_urls
[48:48:1002/072424.130157:VERBOSE2:components/content_settings/core/browser/content_settings_policy_provider.cc:452] Skipping unset preference: profile.managed_web_usb_blocked_for_urls
[48:48:1002/072424.130363:VERBOSE2:components/content_settings/core/browser/content_settings_policy_provider.cc:452] Skipping unset preference: profile.managed_file_system_read_ask_for_urls
[48:48:1002/072424.130550:VERBOSE2:components/content_settings/core/browser/content_settings_policy_provider.cc:452] Skipping unset preference: profile.managed_file_system_read_blocked_for_urls
[48:48:1002/072424.130930:VERBOSE2:components/content_settings/core/browser/content_settings_policy_provider.cc:452] Skipping unset preference: profile.managed_file_system_write_ask_for_urls
[48:48:1002/072424.131272:VERBOSE2:components/content_settings/core/browser/content_settings_policy_provider.cc:452] Skipping unset preference: profile.managed_file_system_write_blocked_for_urls
[48:48:1002/072424.131754:VERBOSE2:components/content_settings/core/browser/content_settings_policy_provider.cc:452] Skipping unset preference: profile.managed_legacy_cookie_access_allowed_for_domains
[48:48:1002/072424.131972:VERBOSE2:components/content_settings/core/browser/content_settings_policy_provider.cc:452] Skipping unset preference: profile.managed_default_content_settings.legacy_cookie_scope
[48:48:1002/072424.132358:VERBOSE2:components/content_settings/core/browser/content_settings_policy_provider.cc:452] Skipping unset preference: profile.managed_legacy_cookie_scope_for_domains
[48:48:1002/072424.132771:VERBOSE2:components/content_settings/core/browser/content_settings_policy_provider.cc:452] Skipping unset preference: profile.managed_serial_ask_for_urls
[48:48:1002/072424.133016:VERBOSE2:components/content_settings/core/browser/content_settings_policy_provider.cc:452] Skipping unset preference: profile.managed_serial_blocked_for_urls
[48:48:1002/072424.133884:VERBOSE2:components/content_settings/core/browser/content_settings_policy_provider.cc:452] Skipping unset preference: profile.managed_sensors_allowed_for_urls
[48:48:1002/072424.134214:VERBOSE2:components/content_settings/core/browser/content_settings_policy_provider.cc:452] Skipping unset preference: profile.managed_sensors_blocked_for_urls
[48:48:1002/072424.134725:VERBOSE2:components/content_settings/core/browser/content_settings_policy_provider.cc:452] Skipping unset preference: profile.managed_javascript_jit_allowed_for_sites
[48:48:1002/072424.134972:VERBOSE2:components/content_settings/core/browser/content_settings_policy_provider.cc:452] Skipping unset preference: profile.managed_javascript_jit_blocked_for_sites
[48:48:1002/072424.135688:VERBOSE2:components/content_settings/core/browser/content_settings_policy_provider.cc:452] Skipping unset preference: profile.managed_javascript_optimizer_allowed_for_sites
[48:48:1002/072424.136067:VERBOSE2:components/content_settings/core/browser/content_settings_policy_provider.cc:452] Skipping unset preference: profile.managed_javascript_optimizer_blocked_for_sites
[48:48:1002/072424.136346:VERBOSE2:components/content_settings/core/browser/content_settings_policy_provider.cc:452] Skipping unset preference: profile.managed_web_hid_ask_for_urls
[48:48:1002/072424.136787:VERBOSE2:components/content_settings/core/browser/content_settings_policy_provider.cc:452] Skipping unset preference: profile.managed_web_hid_blocked_for_urls
[48:48:1002/072424.137121:VERBOSE2:components/content_settings/core/browser/content_settings_policy_provider.cc:452] Skipping unset preference: profile.managed_window_management_allowed_for_urls
[48:48:1002/072424.137749:VERBOSE2:components/content_settings/core/browser/content_settings_policy_provider.cc:452] Skipping unset preference: profile.managed_window_management_blocked_for_urls
[48:48:1002/072424.138042:VERBOSE2:components/content_settings/core/browser/content_settings_policy_provider.cc:452] Skipping unset preference: profile.managed_local_fonts_allowed_for_urls
[48:48:1002/072424.138354:VERBOSE2:components/content_settings/core/browser/content_settings_policy_provider.cc:452] Skipping unset preference: profile.managed_local_fonts_blocked_for_urls
[48:48:1002/072424.138576:VERBOSE2:components/content_settings/core/browser/content_settings_policy_provider.cc:452] Skipping unset preference: profile.managed_third_party_storage_partitioning_blocked_for_origins
[48:48:1002/072424.138796:VERBOSE2:components/content_settings/core/browser/content_settings_policy_provider.cc:452] Skipping unset preference: profile.managed_web_printing_allowed_for_urls
[48:48:1002/072424.139038:VERBOSE2:components/content_settings/core/browser/content_settings_policy_provider.cc:452] Skipping unset preference: profile.managed_web_printing_blocked_for_urls
[48:48:1002/072424.139422:VERBOSE2:components/content_settings/core/browser/content_settings_policy_provider.cc:452] Skipping unset preference: profile.managed_direct_sockets_allowed_for_urls
[48:48:1002/072424.139968:VERBOSE2:components/content_settings/core/browser/content_settings_policy_provider.cc:452] Skipping unset preference: profile.managed_direct_sockets_blocked_for_urls
[48:48:1002/072424.140536:VERBOSE2:components/content_settings/core/browser/content_settings_policy_provider.cc:452] Skipping unset preference: profile.managed_direct_sockets_pna_allowed_for_urls
[48:48:1002/072424.140871:VERBOSE2:components/content_settings/core/browser/content_settings_policy_provider.cc:452] Skipping unset preference: profile.managed_direct_sockets_pna_blocked_for_urls
[48:48:1002/072424.141051:VERBOSE2:components/content_settings/core/browser/content_settings_policy_provider.cc:452] Skipping unset preference: profile.managed_controlled_frame_allowed_for_urls
[48:48:1002/072424.141305:VERBOSE2:components/content_settings/core/browser/content_settings_policy_provider.cc:452] Skipping unset preference: profile.managed_controlled_frame_blocked_for_urls
[48:48:1002/072424.141486:VERBOSE2:components/content_settings/core/browser/content_settings_policy_provider.cc:452] Skipping unset preference: profile.managed_local_network_access_allowed_for_urls
[48:48:1002/072424.141661:VERBOSE2:components/content_settings/core/browser/content_settings_policy_provider.cc:452] Skipping unset preference: profile.managed_local_network_access_blocked_for_urls
[48:48:1002/072424.141945:VERBOSE2:components/content_settings/core/browser/content_settings_policy_provider.cc:530] Skipping unset preference: profile.managed_auto_select_certificate_for_urls
[48:65:1002/072424.681327:VERBOSE1:base/files/file_util_posix.cc:317] Cannot stat "/root/single-initial-profile/Default/Web Applications/Logs/WebAppInstallManager.log": No such file or directory (2)
[48:67:1002/072425.232710:ERROR:dbus/bus.cc:408] Failed to connect to the bus: Could not parse server address: Unknown address type (examples of valid types are "tcp" and on UNIX "unix")
[48:86:1002/072425.570449:ERROR:media/gpu/vaapi/vaapi_wrapper.cc:1622] Could not get a valid VA display
[48:86:1002/072425.701561:VERBOSE1:components/viz/service/main/viz_main_impl.cc:86] VizNullHypothesis is disabled (not a warning)
[48:48:1002/072425.773717:VERBOSE1:components/proxy_config/pref_proxy_config_tracker_impl.cc:199] 0x1400197000: set chrome proxy config service to 0x1400082320
[48:48:1002/072425.805020:ERROR:chrome/browser/net/system_network_context_manager.cc:953] Cannot use V8 Proxy resolver in single process mode.
[48:48:1002/072425.840486:VERBOSE1:chrome/browser/signin/account_consistency_mode_manager.cc:207] Desktop Identity Consistency disabled as sign-in to Chrome is not allowed
[48:48:1002/072425.949782:VERBOSE1:components/signin/internal/identity_manager/mutable_profile_oauth2_token_service_delegate.cc:318] MutablePO2TS::MutablePO2TS
[48:65:1002/072426.571519:VERBOSE1:net/disk_cache/simple/simple_index_file.cc:607] Simple Cache Index is being restored from disk.
[48:64:1002/072426.572632:VERBOSE1:net/disk_cache/simple/simple_index_file.cc:607] Simple Cache Index is being restored from disk.
[48:65:1002/072426.581259:VERBOSE1:base/files/file_util_posix.cc:317] Cannot stat "/root/single-initial-profile/Default/Code Cache/wasm/index-dir/the-real-index": No such file or directory (2)
[48:64:1002/072426.587099:VERBOSE1:base/files/file_util_posix.cc:317] Cannot stat "/root/single-initial-profile/Default/Code Cache/js/index-dir/the-real-index": No such file or directory (2)
[48:48:1002/072426.655793:VERBOSE1:components/proxy_config/pref_proxy_config_tracker_impl.cc:199] 0x1400198200: set chrome proxy config service to 0x1400085c00
[48:48:1002/072427.267849:VERBOSE1:chrome/browser/signin/account_consistency_mode_manager.cc:207] Desktop Identity Consistency disabled as sign-in to Chrome is not allowed
[48:48:1002/072427.446553:VERBOSE1:extensions/browser/api/bluetooth_low_energy/bluetooth_low_energy_event_router.cc:291] Initializing BluetoothLowEnergyEventRouter.
[48:48:1002/072427.615142:VERBOSE1:chrome/browser/permissions/prediction_service/prediction_model_handler_provider_factory.cc:58] [PermissionsAI]: PredictionModelHandlerProviderFactory::BuildServiceInstanceForBrowserContext
[48:48:1002/072427.615552:VERBOSE1:chrome/browser/permissions/prediction_service/prediction_model_handler_provider_factory.cc:66] [PermissionsAI]: OptimizationGuideKeyedService not available.
[48:48:1002/072428.659577:VERBOSE1:extensions/browser/extension_registrar.cc:521] AddComponentExtension Web Store
[48:48:1002/072428.661326:VERBOSE1:extensions/browser/extension_registrar.cc:523] Component extension Web Store (ahfgeienlihckogmohjhadlkjgocpleb) installing/upgrading from '' to 0.2
[48:48:1002/072429.071957:VERBOSE1:extensions/browser/extension_registrar.cc:521] AddComponentExtension Chromium PDF Viewer
[48:48:1002/072429.072349:VERBOSE1:extensions/browser/extension_registrar.cc:523] Component extension Chromium PDF Viewer (mhjfbmdgcfjbbpaeojofohoefgiehjai) installing/upgrading from '' to 1
[48:48:1002/072429.119013:VERBOSE1:extensions/browser/extension_registrar.cc:521] AddComponentExtension Google Hangouts
[48:48:1002/072429.119400:VERBOSE1:extensions/browser/extension_registrar.cc:523] Component extension Google Hangouts (nkeimhogjdpnpccoofpliimaahmaaome) installing/upgrading from '' to 1.3.26
[48:48:1002/072429.156183:VERBOSE1:components/signin/internal/identity_manager/mutable_profile_oauth2_token_service_delegate.cc:408] MutablePO2TS::RefreshTokenIsAvailable
[48:48:1002/072429.161590:VERBOSE1:components/signin/internal/identity_manager/mutable_profile_oauth2_token_service_delegate.cc:408] MutablePO2TS::RefreshTokenIsAvailable
[48:48:1002/072429.168344:VERBOSE1:chrome/browser/signin/account_consistency_mode_manager.cc:207] Desktop Identity Consistency disabled as sign-in to Chrome is not allowed
[48:48:1002/072429.170642:VERBOSE1:components/signin/core/browser/account_reconcilor.cc:165] AccountReconcilor::AccountReconcilor
[48:48:1002/072429.171164:VERBOSE1:components/signin/core/browser/account_reconcilor.cc:203] AccountReconcilor::Initialize
[48:48:1002/072429.260105:ERROR:chrome/browser/net/system_network_context_manager.cc:953] Cannot use V8 Proxy resolver in single process mode.
[48:64:1002/072429.280479:VERBOSE1:base/files/file_util_posix.cc:317] Cannot stat "/root/single-initial-profile/Default/Policy/User Policy": No such file or directory (2)
[48:64:1002/072429.281319:VERBOSE1:base/files/file_util_posix.cc:317] Cannot stat "/root/single-initial-profile/Default/Policy/Signing Key": No such file or directory (2)
[48:48:1002/072429.455442:VERBOSE1:chrome/browser/profiles/profile_manager.cc:1277] AddKeepAlive(Default, kBrowserWindow). keep_alives=[kWaitingForFirstBrowserWindow (1), kBrowserWindow (1)]
[48:48:1002/072429.456082:VERBOSE1:chrome/browser/profiles/profile_manager.cc:1359] ClearFirstBrowserWindowKeepAlive(Default). keep_alives=[kBrowserWindow (1)]
[48:67:1002/072431.160391:ERROR:dbus/bus.cc:408] Failed to connect to the bus: Could not parse server address: Unknown address type (examples of valid types are "tcp" and on UNIX "unix")
[48:67:1002/072431.166002:ERROR:dbus/bus.cc:408] Failed to connect to the bus: Could not parse server address: Unknown address type (examples of valid types are "tcp" and on UNIX "unix")
[48:48:1002/072431.519852:WARNING:ui/ozone/platform/wayland/host/wayland_surface.cc:170] Server doesn't support zcr_alpha_compositing_v1.
[48:48:1002/072431.520291:WARNING:ui/ozone/platform/wayland/host/wayland_surface.cc:185] Server doesn't support overlay_prioritizer.
[48:48:1002/072431.520482:WARNING:ui/ozone/platform/wayland/host/wayland_surface.cc:200] Server doesn't support wp_content_type_v1
[48:48:1002/072431.520640:WARNING:ui/ozone/platform/wayland/host/wayland_surface.cc:214] Server doesn't support wp_color_management_surface_v1.
[48:48:1002/072431.770483:WARNING:ui/ozone/platform/wayland/host/wayland_connection.cc:408] text-input-v3 not available.
[48:48:1002/072432.314010:VERBOSE1:chrome/browser/signin/account_consistency_mode_manager.cc:207] Desktop Identity Consistency disabled as sign-in to Chrome is not allowed
[48:48:1002/072434.430107:VERBOSE1:google_apis/gaia/gaia_auth_util.cc:54] Canonicalized @gmail.com to @gmail.com
[48:48:1002/072434.430937:VERBOSE1:google_apis/gaia/gaia_auth_util.cc:54] Canonicalized @gmail.com to @gmail.com
[48:48:1002/072436.371539:VERBOSE1:chrome/browser/enterprise/data_protection/data_protection_navigation_observer.cc:216] enterprise.data_protection: same document navigation: 0
[48:48:1002/072436.372476:VERBOSE1:chrome/browser/enterprise/data_protection/data_protection_navigation_observer.cc:218] enterprise.data_protection: URL to scan: file:///usr/share/html-test/index.html
[48:48:1002/072437.257637:VERBOSE1:components/signin/internal/identity_manager/mutable_profile_oauth2_token_service_delegate.cc:408] MutablePO2TS::RefreshTokenIsAvailable
[48:48:1002/072437.258274:VERBOSE1:chrome/browser/signin/account_consistency_mode_manager.cc:207] Desktop Identity Consistency disabled as sign-in to Chrome is not allowed
[48:48:1002/072500.661304:ERROR:dbus/object_proxy.cc:573] Failed to call method: org.freedesktop.DBus.NameHasOwner: object_path= /org/freedesktop/DBus: unknown error type: 
[48:67:1002/072500.666513:ERROR:dbus/bus.cc:408] Failed to connect to the bus: Could not parse server address: Unknown address type (examples of valid types are "tcp" and on UNIX "unix")
[48:67:1002/072500.669444:ERROR:dbus/bus.cc:408] Failed to connect to the bus: Could not parse server address: Unknown address type (examples of valid types are "tcp" and on UNIX "unix")
[48:67:1002/072500.671682:ERROR:dbus/bus.cc:408] Failed to connect to the bus: Could not parse server address: Unknown address type (examples of valid types are "tcp" and on UNIX "unix")
[48:67:1002/072500.672975:ERROR:dbus/bus.cc:408] Failed to connect to the bus: Could not parse server address: Unknown address type (examples of valid types are "tcp" and on UNIX "unix")
[48:67:1002/072500.676134:ERROR:dbus/bus.cc:408] Failed to connect to the bus: Could not parse server address: Unknown address type (examples of valid types are "tcp" and on UNIX "unix")
[48:67:1002/072500.677055:ERROR:dbus/bus.cc:408] Failed to connect to the bus: Could not parse server address: Unknown address type (examples of valid types are "tcp" and on UNIX "unix")
[48:48:1002/072500.680011:WARNING:device/bluetooth/dbus/bluez_dbus_manager.cc:209] Floss manager service not available, cannot set Floss enable/disable.
[48:48:1002/072501.348611:ERROR:dbus/object_proxy.cc:573] Failed to call method: org.freedesktop.DBus.NameHasOwner: object_path= /org/freedesktop/DBus: unknown error type: 
[48:92:1002/072501.689095:VERBOSE1:net/proxy_resolution/configured_proxy_resolution_service.cc:840] PAC support disabled because there is no system implementation
[48:48:1002/072502.531532:VERBOSE1:components/signin/internal/identity_manager/mutable_profile_oauth2_token_service_delegate.cc:408] MutablePO2TS::RefreshTokenIsAvailable
[48:48:1002/072502.537216:VERBOSE1:chrome/browser/signin/account_consistency_mode_manager.cc:207] Desktop Identity Consistency disabled as sign-in to Chrome is not allowed
[48:92:1002/072502.724308:VERBOSE1:net/proxy_resolution/configured_proxy_resolution_service.cc:840] PAC support disabled because there is no system implementation
[48:48:1002/072502.747652:ERROR:dbus/object_proxy.cc:573] Failed to call method: org.freedesktop.DBus.NameHasOwner: object_path= /org/freedesktop/DBus: unknown error type: 
[48:48:1002/072502.748287:VERBOSE1:ui/base/idle/idle_linux.cc:117] org.freedesktop.ScreenSaver D-Bus service does not exist
[48:48:1002/072502.753276:ERROR:dbus/object_proxy.cc:573] Failed to call method: org.freedesktop.DBus.NameHasOwner: object_path= /org/freedesktop/DBus: unknown error type: 
[48:67:1002/072502.753594:ERROR:dbus/bus.cc:408] Failed to connect to the bus: Could not parse server address: Unknown address type (examples of valid types are "tcp" and on UNIX "unix")
[48:48:1002/072502.759770:WARNING:ui/ozone/platform/wayland/host/org_gnome_mutter_idle_monitor.cc:87] org.gnome.Mutter.IdleMonitor D-Bus service does not exist
[48:83:1002/072503.040281:VERBOSE1:net/disk_cache/simple/simple_index_file.cc:607] Simple Cache Index is being restored from disk.
[48:83:1002/072503.044301:VERBOSE1:base/files/file_util_posix.cc:317] Cannot stat "/root/single-initial-profile/Default/Shared Dictionary/cache/index-dir/the-real-index": No such file or directory (2)
[48:92:1002/072503.083091:VERBOSE1:net/proxy_resolution/configured_proxy_resolution_service.cc:840] PAC support disabled because there is no system implementation
[48:64:1002/072503.342553:VERBOSE1:content/browser/loader/file_url_loader_factory.cc:474] FileURLLoader::Start: file:///usr/share/html-test/index.html
[48:92:1002/072503.412443:VERBOSE1:net/base/network_delegate.cc:37] NetworkDelegate::NotifyBeforeURLRequest: http://clients2.google.com/time/1/current?cup2key=9:v812b6CwtolvZ2-TIBrSEPSEnTvcaBPVsGFT8T6kj6g&cup2hreq=e3b0c44298fc1c149afbf4c8996fb92427ae41e4649b934ca495991b7852b855
[48:67:1002/072503.608834:ERROR:dbus/bus.cc:408] Failed to connect to the bus: Failed to connect to socket /run/dbus/system_bus_socket: No such file or directory
[48:67:1002/072503.620297:ERROR:dbus/bus.cc:408] Failed to connect to the bus: Failed to connect to socket /run/dbus/system_bus_socket: No such file or directory
[48:48:1002/072504.111731:ERROR:dbus/object_proxy.cc:573] Failed to call method: org.freedesktop.DBus.NameHasOwner: object_path= /org/freedesktop/DBus: unknown error type: 
[48:48:1002/072504.120826:ERROR:dbus/object_proxy.cc:573] Failed to call method: org.freedesktop.DBus.NameHasOwner: object_path= /org/freedesktop/DBus: unknown error type: 
[48:67:1002/072504.133037:ERROR:dbus/bus.cc:408] Failed to connect to the bus: Could not parse server address: Unknown address type (examples of valid types are "tcp" and on UNIX "unix")
[48:48:1002/072504.133392:ERROR:dbus/object_proxy.cc:573] Failed to call method: org.freedesktop.DBus.NameHasOwner: object_path= /org/freedesktop/DBus: unknown error type: 
[48:48:1002/072504.707634:ERROR:dbus/object_proxy.cc:573] Failed to call method: org.freedesktop.DBus.NameHasOwner: object_path= /org/freedesktop/DBus: unknown error type: 
[48:48:1002/072504.708121:VERBOSE1:ui/base/idle/idle_linux.cc:117] org.cinnamon.ScreenSaver D-Bus service does not exist
[48:67:1002/072504.710766:ERROR:dbus/bus.cc:408] Failed to connect to the bus: Could not parse server address: Unknown address type (examples of valid types are "tcp" and on UNIX "unix")
[48:48:1002/072505.071274:WARNING:dbus/property.cc:94] Failed to connect to PropertiesChangedsignal.
[48:48:1002/072505.099016:ERROR:dbus/object_proxy.cc:573] Failed to call method: org.freedesktop.DBus.Properties.GetAll: object_path= /org/freedesktop/UPower/devices/DisplayDevice: unknown error type: 
[48:48:1002/072505.099713:WARNING:dbus/property.cc:174] GetAll request failed for: org.freedesktop.UPower.Device
[48:66:1002/072505.832374:VERBOSE1:base/files/file_util_posix.cc:317] Cannot stat "/root/single-initial-profile/DeferredBrowserMetrics": No such file or directory (2)
[48:66:1002/072505.835195:VERBOSE1:base/files/file_util_posix.cc:317] Cannot stat "/root/single-initial-profile/CrashpadMetrics.pma": No such file or directory (2)
[48:66:1002/072505.847722:VERBOSE1:base/files/file_util_posix.cc:317] Cannot stat "/root/single-initial-profile/Breadcrumbs": No such file or directory (2)
[48:66:1002/072505.850037:VERBOSE1:base/files/file_util_posix.cc:317] Cannot stat "/root/single-initial-profile/Default/Media Cache": No such file or directory (2)
[48:66:1002/072505.873606:VERBOSE1:base/files/file_util_posix.cc:317] Cannot stat "/root/single-initial-profile/Default/databases": No such file or directory (2)
[48:48:1002/072505.895381:ERROR:dbus/object_proxy.cc:573] Failed to call method: org.freedesktop.DBus.NameHasOwner: object_path= /org/freedesktop/DBus: unknown error type: 
[48:64:1002/072505.918402:VERBOSE1:base/files/file_util_posix.cc:317] Cannot stat "/root/single-initial-profile/Default/webrtc_event_logs": No such file or directory (2)
[48:48:1002/072506.082540:VERBOSE1:components/signin/internal/identity_manager/mutable_profile_oauth2_token_service_delegate.cc:408] MutablePO2TS::RefreshTokenIsAvailable
[48:48:1002/072506.664915:VERBOSE1:chrome/browser/web_applications/locks/partitioned_lock_manager.cc:211] Acquiring <PartitionedLockId>{id: 0x31, partition: 0} for Start@chrome/browser/web_applications/generated_icon_fix_manager.cc:60
[48:48:1002/072506.670995:VERBOSE1:chrome/browser/web_applications/locks/partitioned_lock_manager.cc:193] All locks acquired for Start@chrome/browser/web_applications/generated_icon_fix_manager.cc:60
[48:48:1002/072507.944073:ERROR:dbus/object_proxy.cc:573] Failed to call method: org.freedesktop.DBus.NameHasOwner: object_path= /org/freedesktop/DBus: unknown error type: 
[48:48:1002/072507.944868:VERBOSE1:ui/base/idle/idle_linux.cc:117] org.gnome.ScreenSaver D-Bus service does not exist
[48:67:1002/072507.974245:ERROR:dbus/bus.cc:408] Failed to connect to the bus: Could not parse server address: Unknown address type (examples of valid types are "tcp" and on UNIX "unix")
[48:65:1002/072509.018850:VERBOSE1:components/signin/public/webdata/token_service_table.cc:237] Loaded tokens: result = 3 ; number of tokens loaded = 0
[48:48:1002/072509.569799:VERBOSE1:chrome/browser/web_applications/locks/partitioned_lock_manager.cc:235] Releasing <PartitionedLockId>{id: 0x31, partition: 0} requested by Start@chrome/browser/web_applications/generated_icon_fix_manager.cc:60
[48:48:1002/072509.872470:ERROR:dbus/object_proxy.cc:573] Failed to call method: org.freedesktop.DBus.NameHasOwner: object_path= /org/freedesktop/DBus: unknown error type: 
[48:48:1002/072509.877190:VERBOSE1:ui/base/idle/idle_linux.cc:117] org.mate.ScreenSaver D-Bus service does not exist
[48:67:1002/072509.888647:ERROR:dbus/bus.cc:408] Failed to connect to the bus: Could not parse server address: Unknown address type (examples of valid types are "tcp" and on UNIX "unix")
[48:48:1002/072510.210720:VERBOSE1:components/signin/internal/identity_manager/mutable_profile_oauth2_token_service_delegate.cc:535] MutablePO2TS::OnWebDataServiceRequestDone. Result type: 5
[48:48:1002/072510.211621:VERBOSE1:components/signin/internal/identity_manager/mutable_profile_oauth2_token_service_delegate.cc:592] MutablePO2TS::LoadAllCredentialsIntoMemory; 0 credential(s).
[48:92:1002/072511.228746:VERBOSE1:net/base/network_delegate.cc:37] NetworkDelegate::NotifyBeforeURLRequest: https://www.google.com/async/folae?async=_fmt:pb
[48:48:1002/072511.290475:ERROR:dbus/object_proxy.cc:573] Failed to call method: org.freedesktop.DBus.NameHasOwner: object_path= /org/freedesktop/DBus: unknown error type: 
[48:48:1002/072511.291167:VERBOSE1:ui/base/idle/idle_linux.cc:117] org.xfce.ScreenSaver D-Bus service does not exist
[48:48:1002/072511.291654:WARNING:ui/base/idle/idle_linux.cc:98] None of the known D-Bus ScreenSaver services could be used.
[48:83:1002/072511.373634:VERBOSE1:net/disk_cache/simple/simple_index_file.cc:607] Simple Cache Index is being restored from disk.
[48:83:1002/072511.376205:VERBOSE1:base/files/file_util_posix.cc:317] Cannot stat "/root/single-initial-profile/Default/Cache/Cache_Data/index-dir/the-real-index": No such file or directory (2)
[48:66:1002/072511.547253:VERBOSE1:base/files/file_util_posix.cc:317] Cannot stat "/root/single-initial-profile/Default/Cache/No_Vary_Search/snapshot-new.baf": No such file or directory (2)
[48:83:1002/072511.611109:VERBOSE1:base/files/file_util_posix.cc:317] Cannot stat "/root/single-initial-profile/Default/Cache/Cache_Data/70d96111b776ba72_0": No such file or directory (2)
[48:83:1002/072511.619737:VERBOSE1:base/files/file_util_posix.cc:317] Cannot stat "/root/single-initial-profile/Default/Cache/Cache_Data/70d96111b776ba72_1": No such file or directory (2)
[48:66:1002/072511.621503:VERBOSE1:base/files/file_util_posix.cc:317] Cannot stat "/root/single-initial-profile/Default/Cache/No_Vary_Search/journal.baj": No such file or directory (2)
[48:83:1002/072511.622474:VERBOSE1:base/files/file_util_posix.cc:317] Cannot stat "/root/single-initial-profile/Default/Cache/Cache_Data/70d96111b776ba72_s": No such file or directory (2)
[48:92:1002/072511.702408:VERBOSE1:net/base/network_delegate.cc:37] NetworkDelegate::NotifyBeforeURLRequest: https://android.clients.google.com/checkin
[48:48:1002/072512.099177:VERBOSE1:chrome/browser/web_applications/locks/partitioned_lock_manager.cc:211] Acquiring <PartitionedLockId>{id: 0x31, partition: 0} for SynchronizeInstalledApps@chrome/browser/web_applications/externally_managed_app_manager.cc:186
[48:48:1002/072512.099701:VERBOSE1:chrome/browser/web_applications/locks/partitioned_lock_manager.cc:193] All locks acquired for SynchronizeInstalledApps@chrome/browser/web_applications/externally_managed_app_manager.cc:186
[48:92:1002/072513.017648:ERROR:net/socket/ssl_client_socket_impl.cc:916] handshake failed; returned -1, SSL error code 1, net_error -100
[48:48:1002/072513.266436:VERBOSE1:chrome/browser/web_applications/locks/partitioned_lock_manager.cc:235] Releasing <PartitionedLockId>{id: 0x31, partition: 0} requested by SynchronizeInstalledApps@chrome/browser/web_applications/externally_managed_app_manager.cc:186
[48:48:1002/072515.526802:VERBOSE1:chrome/browser/profiles/profile_manager.cc:1277] AddKeepAlive(Default, kExtensionUpdater). keep_alives=[kBrowserWindow (1), kExtensionUpdater (1)]
[48:65:1002/072515.631003:VERBOSE1:base/files/file_util_posix.cc:317] Cannot stat "/root/single-initial-profile/extensions_crx_cache/metadata.json": No such file or directory (2)
[48:48:1002/072515.679865:VERBOSE1:chrome/browser/profiles/profile_manager.cc:1338] RemoveKeepAlive(Default, kExtensionUpdater). keep_alives=[kBrowserWindow (1)]
[48:48:1002/072515.867726:VERBOSE1:chrome/browser/web_applications/locks/partitioned_lock_manager.cc:211] Acquiring <PartitionedLockId>{id: 0x31, partition: 0} for SynchronizeInstalledApps@chrome/browser/web_applications/externally_managed_app_manager.cc:186
[48:48:1002/072515.868431:VERBOSE1:chrome/browser/web_applications/locks/partitioned_lock_manager.cc:193] All locks acquired for SynchronizeInstalledApps@chrome/browser/web_applications/externally_managed_app_manager.cc:186
[48:48:1002/072515.873511:VERBOSE1:chrome/browser/web_applications/locks/partitioned_lock_manager.cc:235] Releasing <PartitionedLockId>{id: 0x31, partition: 0} requested by SynchronizeInstalledApps@chrome/browser/web_applications/externally_managed_app_manager.cc:186
[48:108:1002/072516.518211:VERBOSE1:extensions/renderer/script_context.cc:150] Created context:
  extension id:           (none)
  frame:                  0x4c0044fd68
  URL:                    
  context_type:           WEB_PAGE
  effective extension id: (none)
  effective context type: WEB_PAGE
[48:108:1002/072516.581553:VERBOSE1:extensions/renderer/script_context.cc:150] Created context:
  extension id:           (none)
  frame:                  (nil)
  URL:                    
  context_type:           UNSPECIFIED
  effective extension id: (none)
  effective context type: UNSPECIFIED
[48:108:1002/072516.626660:VERBOSE1:extensions/renderer/dispatcher.cc:578] Num tracked contexts: 1
[48:108:1002/072517.190790:VERBOSE1:extensions/renderer/script_context.cc:150] Created context:
  extension id:           nkeimhogjdpnpccoofpliimaahmaaome
  frame:                  0x4c004599a0
  URL:                    
  context_type:           BLESSED_EXTENSION
  effective extension id: nkeimhogjdpnpccoofpliimaahmaaome
  effective context type: BLESSED_EXTENSION
[48:108:1002/072517.195367:VERBOSE1:extensions/renderer/script_context.cc:150] Created context:
  extension id:           (none)
  frame:                  (nil)
  URL:                    
  context_type:           UNSPECIFIED
  effective extension id: (none)
  effective context type: UNSPECIFIED
[48:108:1002/072517.230799:VERBOSE1:extensions/renderer/dispatcher.cc:578] Num tracked contexts: 2
[48:92:1002/072532.087312:ERROR:net/socket/ssl_client_socket_impl.cc:916] handshake failed; returned -1, SSL error code 1, net_error -100
[48:92:1002/072532.600621:ERROR:net/socket/ssl_client_socket_impl.cc:916] handshake failed; returned -1, SSL error code 1, net_error -100
[48:108:1002/072535.487014:VERBOSE1:extensions/renderer/dispatcher.cc:780] Num tracked contexts: 1
[48:108:1002/072535.665121:VERBOSE1:extensions/renderer/script_context.cc:163] Destroyed context for extension
  extension id: nkeimhogjdpnpccoofpliimaahmaaome
  effective extension id: nkeimhogjdpnpccoofpliimaahmaaome
[48:108:1002/072535.666999:VERBOSE1:extensions/renderer/script_context.cc:163] Destroyed context for extension
  extension id: 
  effective extension id: 
[48:64:1002/072537.877388:VERBOSE1:components/os_crypt/sync/key_storage_util_linux.cc:46] Password storage detected desktop environment: (unknown)
[48:64:1002/072537.877861:VERBOSE1:components/os_crypt/sync/key_storage_linux.cc:116] Selected backend for OSCrypt: BASIC_TEXT
[48:64:1002/072537.878508:VERBOSE1:components/os_crypt/sync/key_storage_linux.cc:135] OSCrypt did not initialize a backend.
