Date: 2026-09-28 UTC
[11:37:46.809] weston 14.0.2
               https://wayland.freedesktop.org
               Bug reports to: https://gitlab.freedesktop.org/wayland/weston/issues/
               Build: 14.0.2
[11:37:46.813] Command line: weston --backend=drm-backend.so --renderer=pixman --drm-device=card0 --seat=seat0 --idle-time=0 --debug --log=/root/mp-weston.log
[11:37:46.814] OS: Linux, 10.0.0, 10.0.0, aarch64
[11:37:46.814] Flight recorder: enabled
[11:37:46.827] Starting with no config file.
[11:37:46.854] Output repaint window is 7 ms maximum.
[11:37:46.864] Loading module '/usr/lib/libweston-14/drm-backend.so'
[11:37:46.963] initializing drm backend
[11:37:46.966] Trying libseat launcher...
[11:37:46.981] [libseat/libseat.c:62] Seat opened with backend 'seatd'
[11:37:46.982] [libseat/backend/seatd.c:212] Enabling seat
[11:37:46.982] libseat: session control granted
[11:37:47.009] using /dev/dri/card0
[11:37:47.011] DRM: does not support atomic modesetting
[11:37:47.012] DRM: supports GBM modifiers
[11:37:47.012] DRM: does not support Atomic async page flip
[11:37:47.012] DRM: supports picture aspect ratio
[11:37:47.017] Using Pixman renderer
[11:37:47.232] event0  - QEMU Virtio Keyboard: is tagged by udev as: Keyboard
[11:37:47.236] event0  - QEMU Virtio Keyboard: device is a keyboard
[11:37:47.264] event1  - QEMU Virtio Mouse: is tagged by udev as: Mouse
[11:37:47.265] event1  - QEMU Virtio Mouse: device is a pointer
[11:37:47.531] libinput: configuring device "QEMU Virtio Keyboard".
[11:37:47.533] libinput: configuring device "QEMU Virtio Mouse".
[11:37:47.542] DRM: head 'Virtual-1' found, connector 48 is connected, EDID make 'unknown', model 'unknown', serial ''
               Supported EOTF modes: SDR
               Supported colorimetry modes: default
[11:37:47.547] Registered plugin API 'weston_drm_output_api_v1' of size 40
[11:37:47.547] Registered plugin API 'weston_drm_virtual_output_api_v2' of size 48
[11:37:47.550] Color manager: no-op
                 protocol support: no
[11:37:47.564] Output 'Virtual-1' attempts EOTF mode SDR and colorimetry mode default.
[11:37:47.564] Output 'Virtual-1' using color profile: stock sRGB color profile
[11:37:47.606] DRM: output Virtual-1 uses shadow framebuffer.
[11:37:47.607] Output Virtual-1 (crtc 16) video modes:
               current@60.0, current, 70.6 MHz
[11:37:47.613] associating input device event0 with output Virtual-1 (none by udev)
[11:37:47.613] associating input device event1 with output Virtual-1 (none by udev)
[11:37:47.625] Output 'Virtual-1' enabled with head(s) Virtual-1
[11:37:47.626] Compositor capabilities:
               arbitrary surface rotation: yes
               screen capture uses y-flip: no
               cursor planes: yes
               arbitrary resolutions: no
               view mask clipping: yes
               explicit sync: no
               color operations: no
               presentation clock: CLOCK_MONOTONIC, id 1
               presentation clock resolution: 0.000001000 s
[11:37:47.668] Loading module '/usr/lib/weston/desktop-shell.so'
[11:37:47.716] launching '/usr/libexec/weston-keyboard'
[11:37:47.800] launching '/usr/libexec/weston-desktop-shell'
