[single] PAGE_URL=file:///usr/share/html-test/index.html
[single] HOLD_SECONDS=120 SAMPLE_SECONDS=15
[single] kernel=Linux 10.0.0 aarch64
[single] chromium=Chromium 142.0.7444.59 Alpine Linux
[single] LD_PRELOAD=<unset>
[single] WESTON_SOCKET=wayland-1
[single] CHROME_ARGS=--ozone-platform=wayland --use-gl=angle --use-angle=swiftshader --in-process-gpu --no-zygote --single-process --no-sandbox --disable-dev-shm-usage --disable-crash-reporter --disable-breakpad --no-first-run --no-default-browser-check --disable-sync --disable-component-update --disable-background-networking --disable-extensions --window-size=1280,800 --start-fullscreen --kiosk --disable-features=Vulkan,SegmentationPlatform,OptimizationGuideModelDownloading,OptimizationHints,WebAppProvider,InterestFeedContentSuggestions,AudioServiceOutOfProcess,AudioServiceSandbox --enable-logging=stderr --v=1 --vmodule=*wayland*=2,*ozone*=2,*navigation*=2,*render_process*=2,*content*=2,*viz*=2 --user-data-dir=/root/single-initial-profile
[single] SINGLE_MODE=single-process,no-zygote,in-process-gpu
[single] BROWSER_PID=48 BROWSER_START_EPOCH=1790926817
[single] SAMPLE elapsed=0 browser_alive=1 weston_alive=1 rss_kb=0 navigation=0
[single] SAMPLE elapsed=60 browser_alive=1 weston_alive=1 rss_kb=0 navigation=0
[single] FIRST_NAV_EPOCH=1790926897 FIRST_NAV_ELAPSED=75
[single] SAMPLE elapsed=120 browser_alive=1 weston_alive=1 rss_kb=0 navigation=1
[single] SINGLE_HOLD_REACHED elapsed=135
[single] SINGLE_GATE=1
[single] METRICS_BEGIN
elapsed_sec,epoch_sec,browser_pid,browser_alive,weston_alive,rss_kb,navigation_started
0,1790926817,48,1,1,0,0
15,1790926833,48,1,1,0,0
30,1790926849,48,1,1,0,0
45,1790926865,48,1,1,0,0
60,1790926881,48,1,1,0,0
75,1790926897,48,1,1,0,1
90,1790926913,48,1,1,0,1
105,1790926929,48,1,1,0,1
120,1790926945,48,1,1,0,1
[single] METRICS_END
[single] CHROME_LOG_TAIL_BEGIN
[48:48:1002/074053.700421:VERBOSE1:chrome/browser/signin/account_consistency_mode_manager.cc:207] Desktop Identity Consistency disabled as sign-in to Chrome is not allowed
[48:48:1002/074053.783187:VERBOSE1:components/signin/internal/identity_manager/mutable_profile_oauth2_token_service_delegate.cc:318] MutablePO2TS::MutablePO2TS
[48:65:1002/074054.423494:VERBOSE1:net/disk_cache/simple/simple_index_file.cc:607] Simple Cache Index is being restored from disk.
[48:67:1002/074054.429559:VERBOSE1:net/disk_cache/simple/simple_index_file.cc:607] Simple Cache Index is being restored from disk.
[48:65:1002/074054.432532:VERBOSE1:base/files/file_util_posix.cc:317] Cannot stat "/root/single-initial-profile/Default/Code Cache/js/index-dir/the-real-index": No such file or directory (2)
[48:67:1002/074054.433627:VERBOSE1:base/files/file_util_posix.cc:317] Cannot stat "/root/single-initial-profile/Default/Code Cache/wasm/index-dir/the-real-index": No such file or directory (2)
[48:48:1002/074054.496470:VERBOSE1:components/proxy_config/pref_proxy_config_tracker_impl.cc:199] 0x4c00318200: set chrome proxy config service to 0x4c000910a0
[48:48:1002/074055.102013:VERBOSE1:chrome/browser/signin/account_consistency_mode_manager.cc:207] Desktop Identity Consistency disabled as sign-in to Chrome is not allowed
[48:48:1002/074055.287066:VERBOSE1:extensions/browser/api/bluetooth_low_energy/bluetooth_low_energy_event_router.cc:291] Initializing BluetoothLowEnergyEventRouter.
[48:48:1002/074055.458623:VERBOSE1:chrome/browser/permissions/prediction_service/prediction_model_handler_provider_factory.cc:58] [PermissionsAI]: PredictionModelHandlerProviderFactory::BuildServiceInstanceForBrowserContext
[48:48:1002/074055.459074:VERBOSE1:chrome/browser/permissions/prediction_service/prediction_model_handler_provider_factory.cc:66] [PermissionsAI]: OptimizationGuideKeyedService not available.
[48:48:1002/074056.487112:VERBOSE1:extensions/browser/extension_registrar.cc:521] AddComponentExtension Web Store
[48:48:1002/074056.488821:VERBOSE1:extensions/browser/extension_registrar.cc:523] Component extension Web Store (ahfgeienlihckogmohjhadlkjgocpleb) installing/upgrading from '' to 0.2
[48:48:1002/074056.901099:VERBOSE1:extensions/browser/extension_registrar.cc:521] AddComponentExtension Chromium PDF Viewer
[48:48:1002/074056.901481:VERBOSE1:extensions/browser/extension_registrar.cc:523] Component extension Chromium PDF Viewer (mhjfbmdgcfjbbpaeojofohoefgiehjai) installing/upgrading from '' to 1
[48:48:1002/074056.943854:VERBOSE1:extensions/browser/extension_registrar.cc:521] AddComponentExtension Google Hangouts
[48:48:1002/074056.944185:VERBOSE1:extensions/browser/extension_registrar.cc:523] Component extension Google Hangouts (nkeimhogjdpnpccoofpliimaahmaaome) installing/upgrading from '' to 1.3.26
[48:48:1002/074056.979882:VERBOSE1:components/signin/internal/identity_manager/mutable_profile_oauth2_token_service_delegate.cc:408] MutablePO2TS::RefreshTokenIsAvailable
[48:48:1002/074056.984449:VERBOSE1:components/signin/internal/identity_manager/mutable_profile_oauth2_token_service_delegate.cc:408] MutablePO2TS::RefreshTokenIsAvailable
[48:48:1002/074056.990940:VERBOSE1:chrome/browser/signin/account_consistency_mode_manager.cc:207] Desktop Identity Consistency disabled as sign-in to Chrome is not allowed
[48:48:1002/074056.993531:VERBOSE1:components/signin/core/browser/account_reconcilor.cc:165] AccountReconcilor::AccountReconcilor
[48:48:1002/074056.994050:VERBOSE1:components/signin/core/browser/account_reconcilor.cc:203] AccountReconcilor::Initialize
[48:48:1002/074057.078649:ERROR:chrome/browser/net/system_network_context_manager.cc:953] Cannot use V8 Proxy resolver in single process mode.
[48:64:1002/074057.095797:VERBOSE1:base/files/file_util_posix.cc:317] Cannot stat "/root/single-initial-profile/Default/Policy/User Policy": No such file or directory (2)
[48:64:1002/074057.096698:VERBOSE1:base/files/file_util_posix.cc:317] Cannot stat "/root/single-initial-profile/Default/Policy/Signing Key": No such file or directory (2)
[48:48:1002/074057.253149:VERBOSE1:chrome/browser/profiles/profile_manager.cc:1277] AddKeepAlive(Default, kBrowserWindow). keep_alives=[kWaitingForFirstBrowserWindow (1), kBrowserWindow (1)]
[48:48:1002/074057.253837:VERBOSE1:chrome/browser/profiles/profile_manager.cc:1359] ClearFirstBrowserWindowKeepAlive(Default). keep_alives=[kBrowserWindow (1)]
[48:66:1002/074058.945855:ERROR:dbus/bus.cc:408] Failed to connect to the bus: Could not parse server address: Unknown address type (examples of valid types are "tcp" and on UNIX "unix")
[48:66:1002/074058.951053:ERROR:dbus/bus.cc:408] Failed to connect to the bus: Could not parse server address: Unknown address type (examples of valid types are "tcp" and on UNIX "unix")
[48:48:1002/074059.300791:WARNING:ui/ozone/platform/wayland/host/wayland_surface.cc:170] Server doesn't support zcr_alpha_compositing_v1.
[48:48:1002/074059.301178:WARNING:ui/ozone/platform/wayland/host/wayland_surface.cc:185] Server doesn't support overlay_prioritizer.
[48:48:1002/074059.301454:WARNING:ui/ozone/platform/wayland/host/wayland_surface.cc:200] Server doesn't support wp_content_type_v1
[48:48:1002/074059.301631:WARNING:ui/ozone/platform/wayland/host/wayland_surface.cc:214] Server doesn't support wp_color_management_surface_v1.
[48:48:1002/074059.558683:WARNING:ui/ozone/platform/wayland/host/wayland_connection.cc:408] text-input-v3 not available.
[48:48:1002/074100.147451:VERBOSE1:chrome/browser/signin/account_consistency_mode_manager.cc:207] Desktop Identity Consistency disabled as sign-in to Chrome is not allowed
[48:48:1002/074102.313059:VERBOSE1:google_apis/gaia/gaia_auth_util.cc:54] Canonicalized @gmail.com to @gmail.com
[48:48:1002/074102.313916:VERBOSE1:google_apis/gaia/gaia_auth_util.cc:54] Canonicalized @gmail.com to @gmail.com
[48:48:1002/074104.256413:VERBOSE1:chrome/browser/enterprise/data_protection/data_protection_navigation_observer.cc:216] enterprise.data_protection: same document navigation: 0
[48:48:1002/074104.258910:VERBOSE1:chrome/browser/enterprise/data_protection/data_protection_navigation_observer.cc:218] enterprise.data_protection: URL to scan: file:///usr/share/html-test/index.html
[48:48:1002/074105.341183:VERBOSE1:components/signin/internal/identity_manager/mutable_profile_oauth2_token_service_delegate.cc:408] MutablePO2TS::RefreshTokenIsAvailable
[48:48:1002/074105.341944:VERBOSE1:chrome/browser/signin/account_consistency_mode_manager.cc:207] Desktop Identity Consistency disabled as sign-in to Chrome is not allowed
[48:48:1002/074128.817679:ERROR:dbus/object_proxy.cc:573] Failed to call method: org.freedesktop.DBus.NameHasOwner: object_path= /org/freedesktop/DBus: unknown error type: 
[48:66:1002/074128.823620:ERROR:dbus/bus.cc:408] Failed to connect to the bus: Could not parse server address: Unknown address type (examples of valid types are "tcp" and on UNIX "unix")
[48:66:1002/074128.829283:ERROR:dbus/bus.cc:408] Failed to connect to the bus: Could not parse server address: Unknown address type (examples of valid types are "tcp" and on UNIX "unix")
[48:66:1002/074128.833568:ERROR:dbus/bus.cc:408] Failed to connect to the bus: Could not parse server address: Unknown address type (examples of valid types are "tcp" and on UNIX "unix")
[48:66:1002/074128.835253:ERROR:dbus/bus.cc:408] Failed to connect to the bus: Could not parse server address: Unknown address type (examples of valid types are "tcp" and on UNIX "unix")
[48:66:1002/074128.837026:ERROR:dbus/bus.cc:408] Failed to connect to the bus: Could not parse server address: Unknown address type (examples of valid types are "tcp" and on UNIX "unix")
[48:66:1002/074128.838237:ERROR:dbus/bus.cc:408] Failed to connect to the bus: Could not parse server address: Unknown address type (examples of valid types are "tcp" and on UNIX "unix")
[48:48:1002/074128.841278:WARNING:device/bluetooth/dbus/bluez_dbus_manager.cc:209] Floss manager service not available, cannot set Floss enable/disable.
[48:48:1002/074129.545752:ERROR:dbus/object_proxy.cc:573] Failed to call method: org.freedesktop.DBus.NameHasOwner: object_path= /org/freedesktop/DBus: unknown error type: 
[48:92:1002/074129.893471:VERBOSE1:net/proxy_resolution/configured_proxy_resolution_service.cc:840] PAC support disabled because there is no system implementation
[48:48:1002/074130.920987:VERBOSE1:components/signin/internal/identity_manager/mutable_profile_oauth2_token_service_delegate.cc:408] MutablePO2TS::RefreshTokenIsAvailable
[48:48:1002/074130.921972:VERBOSE1:chrome/browser/signin/account_consistency_mode_manager.cc:207] Desktop Identity Consistency disabled as sign-in to Chrome is not allowed
[48:92:1002/074130.961938:VERBOSE1:net/proxy_resolution/configured_proxy_resolution_service.cc:840] PAC support disabled because there is no system implementation
[48:67:1002/074131.232851:VERBOSE1:net/disk_cache/simple/simple_index_file.cc:607] Simple Cache Index is being restored from disk.
[48:67:1002/074131.235027:VERBOSE1:base/files/file_util_posix.cc:317] Cannot stat "/root/single-initial-profile/Default/Shared Dictionary/cache/index-dir/the-real-index": No such file or directory (2)
[48:48:1002/074131.249613:ERROR:dbus/object_proxy.cc:573] Failed to call method: org.freedesktop.DBus.NameHasOwner: object_path= /org/freedesktop/DBus: unknown error type: 
[48:48:1002/074131.250608:VERBOSE1:ui/base/idle/idle_linux.cc:117] org.freedesktop.ScreenSaver D-Bus service does not exist
[48:66:1002/074131.259647:ERROR:dbus/bus.cc:408] Failed to connect to the bus: Could not parse server address: Unknown address type (examples of valid types are "tcp" and on UNIX "unix")
[48:48:1002/074131.259758:ERROR:dbus/object_proxy.cc:573] Failed to call method: org.freedesktop.DBus.NameHasOwner: object_path= /org/freedesktop/DBus: unknown error type: 
[48:48:1002/074131.264273:WARNING:ui/ozone/platform/wayland/host/org_gnome_mutter_idle_monitor.cc:87] org.gnome.Mutter.IdleMonitor D-Bus service does not exist
[48:92:1002/074131.558574:VERBOSE1:net/base/network_delegate.cc:37] NetworkDelegate::NotifyBeforeURLRequest: http://clients2.google.com/time/1/current?cup2key=9:RAxvdPo8Iot8KA8o6aK4fJlnzkT84qwWptsCPDxdJLU&cup2hreq=e3b0c44298fc1c149afbf4c8996fb92427ae41e4649b934ca495991b7852b855
[48:92:1002/074131.914199:VERBOSE1:net/proxy_resolution/configured_proxy_resolution_service.cc:840] PAC support disabled because there is no system implementation
[48:65:1002/074132.438386:VERBOSE1:content/browser/loader/file_url_loader_factory.cc:474] FileURLLoader::Start: file:///usr/share/html-test/index.html
[48:66:1002/074132.736363:ERROR:dbus/bus.cc:408] Failed to connect to the bus: Failed to connect to socket /run/dbus/system_bus_socket: No such file or directory
[48:66:1002/074132.746600:ERROR:dbus/bus.cc:408] Failed to connect to the bus: Failed to connect to socket /run/dbus/system_bus_socket: No such file or directory
[48:48:1002/074133.142480:ERROR:dbus/object_proxy.cc:573] Failed to call method: org.freedesktop.DBus.NameHasOwner: object_path= /org/freedesktop/DBus: unknown error type: 
[48:48:1002/074133.150187:ERROR:dbus/object_proxy.cc:573] Failed to call method: org.freedesktop.DBus.NameHasOwner: object_path= /org/freedesktop/DBus: unknown error type: 
[48:66:1002/074133.162590:ERROR:dbus/bus.cc:408] Failed to connect to the bus: Could not parse server address: Unknown address type (examples of valid types are "tcp" and on UNIX "unix")
[48:48:1002/074133.165399:ERROR:dbus/object_proxy.cc:573] Failed to call method: org.freedesktop.DBus.NameHasOwner: object_path= /org/freedesktop/DBus: unknown error type: 
[48:48:1002/074133.659998:ERROR:dbus/object_proxy.cc:573] Failed to call method: org.freedesktop.DBus.NameHasOwner: object_path= /org/freedesktop/DBus: unknown error type: 
[48:48:1002/074133.660882:VERBOSE1:ui/base/idle/idle_linux.cc:117] org.cinnamon.ScreenSaver D-Bus service does not exist
[48:66:1002/074133.664586:ERROR:dbus/bus.cc:408] Failed to connect to the bus: Could not parse server address: Unknown address type (examples of valid types are "tcp" and on UNIX "unix")
[48:48:1002/074133.783811:WARNING:dbus/property.cc:94] Failed to connect to PropertiesChangedsignal.
[48:48:1002/074133.803238:ERROR:dbus/object_proxy.cc:573] Failed to call method: org.freedesktop.DBus.Properties.GetAll: object_path= /org/freedesktop/UPower/devices/DisplayDevice: unknown error type: 
[48:48:1002/074133.804203:WARNING:dbus/property.cc:174] GetAll request failed for: org.freedesktop.UPower.Device
[48:64:1002/074134.546452:VERBOSE1:base/files/file_util_posix.cc:317] Cannot stat "/root/single-initial-profile/DeferredBrowserMetrics": No such file or directory (2)
[48:64:1002/074134.554417:VERBOSE1:base/files/file_util_posix.cc:317] Cannot stat "/root/single-initial-profile/CrashpadMetrics.pma": No such file or directory (2)
[48:64:1002/074134.580265:VERBOSE1:base/files/file_util_posix.cc:317] Cannot stat "/root/single-initial-profile/Breadcrumbs": No such file or directory (2)
[48:64:1002/074134.587723:VERBOSE1:base/files/file_util_posix.cc:317] Cannot stat "/root/single-initial-profile/Default/Media Cache": No such file or directory (2)
[48:65:1002/074134.622762:VERBOSE1:base/files/file_util_posix.cc:317] Cannot stat "/root/single-initial-profile/Default/webrtc_event_logs": No such file or directory (2)
[48:65:1002/074134.626868:VERBOSE1:base/files/file_util_posix.cc:317] Cannot stat "/root/single-initial-profile/Default/databases": No such file or directory (2)
[48:48:1002/074134.632949:ERROR:dbus/object_proxy.cc:573] Failed to call method: org.freedesktop.DBus.NameHasOwner: object_path= /org/freedesktop/DBus: unknown error type: 
[48:48:1002/074134.857947:VERBOSE1:components/signin/internal/identity_manager/mutable_profile_oauth2_token_service_delegate.cc:408] MutablePO2TS::RefreshTokenIsAvailable
[48:48:1002/074135.303471:VERBOSE1:chrome/browser/web_applications/locks/partitioned_lock_manager.cc:211] Acquiring <PartitionedLockId>{id: 0x31, partition: 0} for Start@chrome/browser/web_applications/generated_icon_fix_manager.cc:60
[48:48:1002/074135.308121:VERBOSE1:chrome/browser/web_applications/locks/partitioned_lock_manager.cc:193] All locks acquired for Start@chrome/browser/web_applications/generated_icon_fix_manager.cc:60
[48:48:1002/074136.545737:ERROR:dbus/object_proxy.cc:573] Failed to call method: org.freedesktop.DBus.NameHasOwner: object_path= /org/freedesktop/DBus: unknown error type: 
[48:48:1002/074136.546253:VERBOSE1:ui/base/idle/idle_linux.cc:117] org.gnome.ScreenSaver D-Bus service does not exist
[48:66:1002/074136.582016:ERROR:dbus/bus.cc:408] Failed to connect to the bus: Could not parse server address: Unknown address type (examples of valid types are "tcp" and on UNIX "unix")
[48:48:1002/074136.963311:VERBOSE1:chrome/browser/web_applications/locks/partitioned_lock_manager.cc:235] Releasing <PartitionedLockId>{id: 0x31, partition: 0} requested by Start@chrome/browser/web_applications/generated_icon_fix_manager.cc:60
[48:67:1002/074138.040575:VERBOSE1:components/signin/public/webdata/token_service_table.cc:237] Loaded tokens: result = 3 ; number of tokens loaded = 0
[48:48:1002/074138.422656:ERROR:dbus/object_proxy.cc:573] Failed to call method: org.freedesktop.DBus.NameHasOwner: object_path= /org/freedesktop/DBus: unknown error type: 
[48:48:1002/074138.423370:VERBOSE1:ui/base/idle/idle_linux.cc:117] org.mate.ScreenSaver D-Bus service does not exist
[48:66:1002/074138.438080:ERROR:dbus/bus.cc:408] Failed to connect to the bus: Could not parse server address: Unknown address type (examples of valid types are "tcp" and on UNIX "unix")
[48:48:1002/074138.680124:VERBOSE1:components/signin/internal/identity_manager/mutable_profile_oauth2_token_service_delegate.cc:535] MutablePO2TS::OnWebDataServiceRequestDone. Result type: 5
[48:48:1002/074138.681535:VERBOSE1:components/signin/internal/identity_manager/mutable_profile_oauth2_token_service_delegate.cc:592] MutablePO2TS::LoadAllCredentialsIntoMemory; 0 credential(s).
[48:48:1002/074139.460188:ERROR:dbus/object_proxy.cc:573] Failed to call method: org.freedesktop.DBus.NameHasOwner: object_path= /org/freedesktop/DBus: unknown error type: 
[48:48:1002/074139.461603:VERBOSE1:ui/base/idle/idle_linux.cc:117] org.xfce.ScreenSaver D-Bus service does not exist
[48:48:1002/074139.461935:WARNING:ui/base/idle/idle_linux.cc:98] None of the known D-Bus ScreenSaver services could be used.
[48:92:1002/074139.492173:VERBOSE1:net/base/network_delegate.cc:37] NetworkDelegate::NotifyBeforeURLRequest: https://www.google.com/async/folae?async=_fmt:pb
[48:84:1002/074139.786612:VERBOSE1:net/disk_cache/simple/simple_index_file.cc:607] Simple Cache Index is being restored from disk.
[48:84:1002/074139.789229:VERBOSE1:base/files/file_util_posix.cc:317] Cannot stat "/root/single-initial-profile/Default/Cache/Cache_Data/index-dir/the-real-index": No such file or directory (2)
[48:67:1002/074140.153627:VERBOSE1:base/files/file_util_posix.cc:317] Cannot stat "/root/single-initial-profile/Default/Cache/Cache_Data/70d96111b776ba72_0": No such file or directory (2)
[48:67:1002/074140.179118:VERBOSE1:base/files/file_util_posix.cc:317] Cannot stat "/root/single-initial-profile/Default/Cache/Cache_Data/70d96111b776ba72_1": No such file or directory (2)
[48:67:1002/074140.190180:VERBOSE1:base/files/file_util_posix.cc:317] Cannot stat "/root/single-initial-profile/Default/Cache/Cache_Data/70d96111b776ba72_s": No such file or directory (2)
[48:64:1002/074140.719890:VERBOSE1:base/files/file_util_posix.cc:317] Cannot stat "/root/single-initial-profile/Default/Cache/No_Vary_Search/snapshot-new.baf": No such file or directory (2)
[48:64:1002/074140.747928:VERBOSE1:base/files/file_util_posix.cc:317] Cannot stat "/root/single-initial-profile/Default/Cache/No_Vary_Search/journal.baj": No such file or directory (2)
[48:92:1002/074140.775534:VERBOSE1:net/base/network_delegate.cc:37] NetworkDelegate::NotifyBeforeURLRequest: https://android.clients.google.com/checkin
[48:48:1002/074141.561387:VERBOSE1:chrome/browser/web_applications/locks/partitioned_lock_manager.cc:211] Acquiring <PartitionedLockId>{id: 0x31, partition: 0} for SynchronizeInstalledApps@chrome/browser/web_applications/externally_managed_app_manager.cc:186
[48:48:1002/074141.562374:VERBOSE1:chrome/browser/web_applications/locks/partitioned_lock_manager.cc:193] All locks acquired for SynchronizeInstalledApps@chrome/browser/web_applications/externally_managed_app_manager.cc:186
[48:48:1002/074143.045201:VERBOSE1:chrome/browser/web_applications/locks/partitioned_lock_manager.cc:235] Releasing <PartitionedLockId>{id: 0x31, partition: 0} requested by SynchronizeInstalledApps@chrome/browser/web_applications/externally_managed_app_manager.cc:186
[48:48:1002/074143.806785:VERBOSE1:chrome/browser/profiles/profile_manager.cc:1277] AddKeepAlive(Default, kExtensionUpdater). keep_alives=[kBrowserWindow (1), kExtensionUpdater (1)]
[48:64:1002/074143.910361:VERBOSE1:base/files/file_util_posix.cc:317] Cannot stat "/root/single-initial-profile/extensions_crx_cache/metadata.json": No such file or directory (2)
[48:48:1002/074143.922365:VERBOSE1:chrome/browser/profiles/profile_manager.cc:1338] RemoveKeepAlive(Default, kExtensionUpdater). keep_alives=[kBrowserWindow (1)]
[48:48:1002/074144.076245:VERBOSE1:chrome/browser/web_applications/locks/partitioned_lock_manager.cc:211] Acquiring <PartitionedLockId>{id: 0x31, partition: 0} for SynchronizeInstalledApps@chrome/browser/web_applications/externally_managed_app_manager.cc:186
[48:48:1002/074144.076824:VERBOSE1:chrome/browser/web_applications/locks/partitioned_lock_manager.cc:193] All locks acquired for SynchronizeInstalledApps@chrome/browser/web_applications/externally_managed_app_manager.cc:186
[48:48:1002/074144.080051:VERBOSE1:chrome/browser/web_applications/locks/partitioned_lock_manager.cc:235] Releasing <PartitionedLockId>{id: 0x31, partition: 0} requested by SynchronizeInstalledApps@chrome/browser/web_applications/externally_managed_app_manager.cc:186
[48:108:1002/074144.506867:VERBOSE1:extensions/renderer/script_context.cc:150] Created context:
  extension id:           (none)
  frame:                  0x2c0044fd68
  URL:                    
  context_type:           WEB_PAGE
  effective extension id: (none)
  effective context type: WEB_PAGE
[48:108:1002/074144.750748:VERBOSE1:extensions/renderer/script_context.cc:150] Created context:
  extension id:           (none)
  frame:                  (nil)
  URL:                    
  context_type:           UNSPECIFIED
  effective extension id: (none)
  effective context type: UNSPECIFIED
[48:108:1002/074144.816503:VERBOSE1:extensions/renderer/dispatcher.cc:578] Num tracked contexts: 1
[48:108:1002/074145.485560:VERBOSE1:extensions/renderer/script_context.cc:150] Created context:
  extension id:           nkeimhogjdpnpccoofpliimaahmaaome
  frame:                  0x2c004599a0
  URL:                    
  context_type:           BLESSED_EXTENSION
  effective extension id: nkeimhogjdpnpccoofpliimaahmaaome
  effective context type: BLESSED_EXTENSION
[48:108:1002/074145.491802:VERBOSE1:extensions/renderer/script_context.cc:150] Created context:
  extension id:           (none)
  frame:                  (nil)
  URL:                    
  context_type:           UNSPECIFIED
  effective extension id: (none)
  effective context type: UNSPECIFIED
[48:108:1002/074145.529561:VERBOSE1:extensions/renderer/dispatcher.cc:578] Num tracked contexts: 2
[48:108:1002/074205.230027:VERBOSE1:extensions/renderer/dispatcher.cc:780] Num tracked contexts: 1
[48:108:1002/074205.298922:VERBOSE1:extensions/renderer/script_context.cc:163] Destroyed context for extension
  extension id: nkeimhogjdpnpccoofpliimaahmaaome
  effective extension id: nkeimhogjdpnpccoofpliimaahmaaome
[48:108:1002/074205.301144:VERBOSE1:extensions/renderer/script_context.cc:163] Destroyed context for extension
  extension id: 
  effective extension id: 
[48:64:1002/074207.039128:VERBOSE1:components/os_crypt/sync/key_storage_util_linux.cc:46] Password storage detected desktop environment: (unknown)
[48:64:1002/074207.040099:VERBOSE1:components/os_crypt/sync/key_storage_linux.cc:116] Selected backend for OSCrypt: BASIC_TEXT
[48:64:1002/074207.041217:VERBOSE1:components/os_crypt/sync/key_storage_linux.cc:135] OSCrypt did not initialize a backend.
[48:92:1002/074216.829982:ERROR:net/socket/ssl_client_socket_impl.cc:916] handshake failed; returned -1, SSL error code 1, net_error -100
[48:92:1002/074216.867164:ERROR:net/socket/ssl_client_socket_impl.cc:916] handshake failed; returned -1, SSL error code 1, net_error -100
[48:92:1002/074217.242857:ERROR:net/socket/ssl_client_socket_impl.cc:916] handshake failed; returned -1, SSL error code 1, net_error -100
[single] CHROME_LOG_TAIL_END
