Date: 2026-10-02 UTC
[07:40:14.693] weston 14.0.2
               https://wayland.freedesktop.org
               Bug reports to: https://gitlab.freedesktop.org/wayland/weston/issues/
               Build: 14.0.2
[07:40:14.698] Command line: weston --backend=drm-backend.so --renderer=pixman --drm-device=card0 --seat=seat0 --idle-time=0 --debug --log=/root/single-weston.log
[07:40:14.699] OS: Linux, 10.0.0, 10.0.0, aarch64
[07:40:14.699] Flight recorder: enabled
[07:40:14.714] Starting with no config file.
[07:40:14.748] Output repaint window is 7 ms maximum.
[07:40:14.758] Loading module '/usr/lib/libweston-14/drm-backend.so'
[07:40:14.854] initializing drm backend
[07:40:14.859] Trying libseat launcher...
[07:40:14.884] [libseat/libseat.c:62] Seat opened with backend 'seatd'
[07:40:14.885] [libseat/backend/seatd.c:212] Enabling seat
[07:40:14.886] libseat: session control granted
[07:40:14.914] using /dev/dri/card0
[07:40:14.917] DRM: does not support atomic modesetting
[07:40:14.918] DRM: supports GBM modifiers
[07:40:14.918] DRM: does not support Atomic async page flip
[07:40:14.918] DRM: supports picture aspect ratio
[07:40:14.924] Using Pixman renderer
[07:40:15.191] event0  - QEMU Virtio Keyboard: is tagged by udev as: Keyboard
[07:40:15.196] event0  - QEMU Virtio Keyboard: device is a keyboard
[07:40:15.232] event1  - QEMU Virtio Mouse: is tagged by udev as: Mouse
[07:40:15.233] event1  - QEMU Virtio Mouse: device is a pointer
[07:40:15.707] libinput: configuring device "QEMU Virtio Keyboard".
[07:40:15.711] libinput: configuring device "QEMU Virtio Mouse".
[07:40:15.732] DRM: head 'Virtual-1' found, connector 48 is connected, EDID make 'unknown', model 'unknown', serial ''
               Supported EOTF modes: SDR
               Supported colorimetry modes: default
[07:40:15.740] Registered plugin API 'weston_drm_output_api_v1' of size 40
[07:40:15.740] Registered plugin API 'weston_drm_virtual_output_api_v2' of size 48
[07:40:15.745] Color manager: no-op
                 protocol support: no
[07:40:15.774] Output 'Virtual-1' attempts EOTF mode SDR and colorimetry mode default.
[07:40:15.775] Output 'Virtual-1' using color profile: stock sRGB color profile
[07:40:15.807] DRM: output Virtual-1 uses shadow framebuffer.
[07:40:15.807] Output Virtual-1 (crtc 16) video modes:
               current@60.0, current, 70.6 MHz
[07:40:15.812] associating input device event0 with output Virtual-1 (none by udev)
[07:40:15.812] associating input device event1 with output Virtual-1 (none by udev)
[07:40:15.814] Output 'Virtual-1' enabled with head(s) Virtual-1
[07:40:15.815] Compositor capabilities:
               arbitrary surface rotation: yes
               screen capture uses y-flip: no
               cursor planes: yes
               arbitrary resolutions: no
               view mask clipping: yes
               explicit sync: no
               color operations: no
               presentation clock: CLOCK_MONOTONIC, id 1
               presentation clock resolution: 0.000001000 s
[07:40:15.827] Loading module '/usr/lib/weston/desktop-shell.so'
[07:40:15.861] launching '/usr/libexec/weston-keyboard'
[07:40:15.916] launching '/usr/libexec/weston-desktop-shell'
