Date: 2026-09-29 UTC
[06:07:36.691] weston 14.0.2
               https://wayland.freedesktop.org
               Bug reports to: https://gitlab.freedesktop.org/wayland/weston/issues/
               Build: 14.0.2
[06:07:36.695] Command line: weston --backend=drm-backend.so --renderer=pixman --drm-device=card0 --seat=seat0 --idle-time=0 --debug --log=/root/mp-weston.log
[06:07:36.695] OS: Linux, 10.0.0, 10.0.0, aarch64
[06:07:36.695] Flight recorder: enabled
[06:07:36.707] Starting with no config file.
[06:07:36.734] Output repaint window is 7 ms maximum.
[06:07:36.743] Loading module '/usr/lib/libweston-14/drm-backend.so'
[06:07:36.841] initializing drm backend
[06:07:36.844] Trying libseat launcher...
[06:07:36.863] [libseat/libseat.c:62] Seat opened with backend 'seatd'
[06:07:36.864] [libseat/backend/seatd.c:212] Enabling seat
[06:07:36.865] libseat: session control granted
[06:07:36.887] using /dev/dri/card0
[06:07:36.889] DRM: does not support atomic modesetting
[06:07:36.890] DRM: supports GBM modifiers
[06:07:36.890] DRM: does not support Atomic async page flip
[06:07:36.890] DRM: supports picture aspect ratio
[06:07:36.895] Using Pixman renderer
[06:07:37.101] event0  - QEMU Virtio Keyboard: is tagged by udev as: Keyboard
[06:07:37.105] event0  - QEMU Virtio Keyboard: device is a keyboard
[06:07:37.131] event1  - QEMU Virtio Mouse: is tagged by udev as: Mouse
[06:07:37.132] event1  - QEMU Virtio Mouse: device is a pointer
[06:07:37.403] libinput: configuring device "QEMU Virtio Keyboard".
[06:07:37.406] libinput: configuring device "QEMU Virtio Mouse".
[06:07:37.415] DRM: head 'Virtual-1' found, connector 48 is connected, EDID make 'unknown', model 'unknown', serial ''
               Supported EOTF modes: SDR
               Supported colorimetry modes: default
[06:07:37.420] Registered plugin API 'weston_drm_output_api_v1' of size 40
[06:07:37.420] Registered plugin API 'weston_drm_virtual_output_api_v2' of size 48
[06:07:37.423] Color manager: no-op
                 protocol support: no
[06:07:37.437] Output 'Virtual-1' attempts EOTF mode SDR and colorimetry mode default.
[06:07:37.438] Output 'Virtual-1' using color profile: stock sRGB color profile
[06:07:37.466] DRM: output Virtual-1 uses shadow framebuffer.
[06:07:37.466] Output Virtual-1 (crtc 16) video modes:
               current@60.0, current, 70.6 MHz
[06:07:37.470] associating input device event0 with output Virtual-1 (none by udev)
[06:07:37.471] associating input device event1 with output Virtual-1 (none by udev)
[06:07:37.472] Output 'Virtual-1' enabled with head(s) Virtual-1
[06:07:37.473] Compositor capabilities:
               arbitrary surface rotation: yes
               screen capture uses y-flip: no
               cursor planes: yes
               arbitrary resolutions: no
               view mask clipping: yes
               explicit sync: no
               color operations: no
               presentation clock: CLOCK_MONOTONIC, id 1
               presentation clock resolution: 0.000001000 s
[06:07:37.488] Loading module '/usr/lib/weston/desktop-shell.so'
[06:07:37.553] launching '/usr/libexec/weston-keyboard'
[06:07:37.634] launching '/usr/libexec/weston-desktop-shell'
