Date: 2026-09-23 UTC
[08:20:44.559] weston 14.0.2
               https://wayland.freedesktop.org
               Bug reports to: https://gitlab.freedesktop.org/wayland/weston/issues/
               Build: 14.0.2
[08:20:44.563] Command line: weston --backend=drm-backend.so --renderer=pixman --drm-device=card0 --seat=seat0 --idle-time=0 --debug --log=/root/input34-weston.log
[08:20:44.563] OS: Linux, 10.0.0, 10.0.0, aarch64
[08:20:44.563] Flight recorder: enabled
[08:20:44.576] Starting with no config file.
[08:20:44.600] Output repaint window is 7 ms maximum.
[08:20:44.608] Loading module '/usr/lib/libweston-14/drm-backend.so'
[08:20:44.677] initializing drm backend
[08:20:44.680] Trying libseat launcher...
[08:20:44.690] [libseat/libseat.c:62] Seat opened with backend 'seatd'
[08:20:44.691] [libseat/backend/seatd.c:212] Enabling seat
[08:20:44.692] libseat: session control granted
[08:20:44.709] using /dev/dri/card0
[08:20:44.712] DRM: does not support atomic modesetting
[08:20:44.713] DRM: supports GBM modifiers
[08:20:44.713] DRM: does not support Atomic async page flip
[08:20:44.713] DRM: supports picture aspect ratio
[08:20:44.718] Using Pixman renderer
[08:20:44.837] event0  - QEMU Virtio Keyboard: is tagged by udev as: Keyboard
[08:20:44.839] event0  - QEMU Virtio Keyboard: device is a keyboard
[08:20:44.861] event1  - QEMU Virtio Mouse: is tagged by udev as: Mouse
[08:20:44.863] event1  - QEMU Virtio Mouse: device is a pointer
[08:20:45.147] libinput: configuring device "QEMU Virtio Keyboard".
[08:20:45.150] libinput: configuring device "QEMU Virtio Mouse".
[08:20:45.160] DRM: head 'Virtual-1' found, connector 48 is connected, EDID make 'unknown', model 'unknown', serial ''
               Supported EOTF modes: SDR
               Supported colorimetry modes: default
[08:20:45.164] Registered plugin API 'weston_drm_output_api_v1' of size 40
[08:20:45.164] Registered plugin API 'weston_drm_virtual_output_api_v2' of size 48
[08:20:45.168] Color manager: no-op
                 protocol support: no
[08:20:45.183] Output 'Virtual-1' attempts EOTF mode SDR and colorimetry mode default.
[08:20:45.184] Output 'Virtual-1' using color profile: stock sRGB color profile
[08:20:45.213] DRM: output Virtual-1 uses shadow framebuffer.
[08:20:45.213] Output Virtual-1 (crtc 16) video modes:
               current@60.0, current, 70.6 MHz
[08:20:45.216] associating input device event0 with output Virtual-1 (none by udev)
[08:20:45.216] associating input device event1 with output Virtual-1 (none by udev)
[08:20:45.218] Output 'Virtual-1' enabled with head(s) Virtual-1
[08:20:45.219] Compositor capabilities:
               arbitrary surface rotation: yes
               screen capture uses y-flip: no
               cursor planes: yes
               arbitrary resolutions: no
               view mask clipping: yes
               explicit sync: no
               color operations: no
               presentation clock: CLOCK_MONOTONIC, id 1
               presentation clock resolution: 0.000001000 s
[08:20:45.229] Loading module '/usr/lib/weston/desktop-shell.so'
[08:20:45.258] launching '/usr/libexec/weston-keyboard'
[08:20:45.297] launching '/usr/libexec/weston-desktop-shell'
