[159:159:0923/082108.229031:VERBOSE1:chrome/app/chrome_crash_reporter_client.cc:199] GetCollectStatsConsent(): is_official_chrome_build is false so returning false
[159:159:0923/082110.326729:VERBOSE1:chrome/app/chrome_crash_reporter_client.cc:199] GetCollectStatsConsent(): is_official_chrome_build is false so returning false
[184:184:0923/082117.028143:INFO:third_party/webrtc/rtc_base/cpu_info.cc:75] Available number of cores: 4
[184:184:0923/082117.118814:VERBOSE1:content/zygote/zygote_main_linux.cc:201] ZygoteMain: initializing 0 fork delegates
[183:183:0923/082117.651459:INFO:third_party/webrtc/rtc_base/cpu_info.cc:75] Available number of cores: 4
[183:183:0923/082117.748802:VERBOSE1:content/zygote/zygote_main_linux.cc:201] ZygoteMain: initializing 0 fork delegates
[159:159:0923/082122.767259:VERBOSE1:components/policy/core/common/config_dir_policy_loader.cc:116] Found mandatory policy file: /etc/chromium/policies/managed/kiosk.json
[159:159:0923/082122.839705:VERBOSE1:components/policy/core/common/config_dir_policy_loader.cc:121] Skipping recommended platform policies because no policy file was found at: /etc/chromium/policies/recommended
[159:159:0923/082123.420326:VERBOSE1:components/variations/service/variations_field_trial_creator.cc:80] VariationsSeedUsage:2
[159:159:0923/082123.433517:VERBOSE1:components/variations/service/variations_field_trial_creator.cc:353] VariationsSetupComplete
[159:159:0923/082123.452643:ERROR:ui/ozone/platform/wayland/common/drm_render_node_path_finder.cc:45] drmGetDevices2() has not found any devices: No such file or directory (2)
[159:210:0923/082123.983519:VERBOSE1:base/files/file_util_posix.cc:317] Cannot stat "/root/input34-chromium-profile/VariationsSeedV1": No such file or directory (2)
[159:213:0923/082124.136775:ERROR:dbus/bus.cc:408] Failed to connect to the bus: Failed to connect to socket /run/dbus/system_bus_socket: No such file or directory
[159:159:0923/082124.458891:WARNING:ui/ozone/platform/wayland/ozone_platform_wayland.cc:272] Failed to initialize drm render node handle.
[159:159:0923/082124.514472:WARNING:ui/ozone/platform/wayland/common/wayland_object.cc:119] Binding to wl_shm version 1 but version 2 is available.
[159:159:0923/082128.772188:VERBOSE1:chrome/browser/media/webrtc/webrtc_event_log_manager.cc:122] WebRTC remote-bound event logging enabled.
[159:159:0923/082128.898157:VERBOSE1:components/proxy_config/pref_proxy_config_tracker_impl.cc:199] 0x2c0018d500: set chrome proxy config service to 0x2c0007ebe0
[159:159:0923/082128.938480:VERBOSE1:google_apis/api_key_cache.cc:99] Using default value "497550622367-ubtkmd3b2pp5gulba5n6ha6sq4n35ehj.apps.googleusercontent.com" for API key GOOGLE_CLIENT_ID_MAIN
[159:159:0923/082128.939850:VERBOSE1:google_apis/api_key_cache.cc:99] Using default value "NaCX8tIIAphrjs56n3TpHx_e" for API key GOOGLE_CLIENT_SECRET_MAIN
[159:159:0923/082128.941053:VERBOSE1:google_apis/api_key_cache.cc:99] Using default value "497550622367-ubtkmd3b2pp5gulba5n6ha6sq4n35ehj.apps.googleusercontent.com" for API key GOOGLE_CLIENT_ID_REMOTING
[159:159:0923/082128.941377:VERBOSE1:google_apis/api_key_cache.cc:99] Using default value "NaCX8tIIAphrjs56n3TpHx_e" for API key GOOGLE_CLIENT_SECRET_REMOTING
[159:159:0923/082128.941775:VERBOSE1:google_apis/api_key_cache.cc:99] Using default value "497550622367-ubtkmd3b2pp5gulba5n6ha6sq4n35ehj.apps.googleusercontent.com" for API key GOOGLE_CLIENT_ID_REMOTING_HOST
[159:159:0923/082128.942899:VERBOSE1:google_apis/api_key_cache.cc:99] Using default value "NaCX8tIIAphrjs56n3TpHx_e" for API key GOOGLE_CLIENT_SECRET_REMOTING_HOST
[159:159:0923/082129.787443:VERBOSE1:components/device_event_log/device_event_log_impl.cc:200] [08:21:29.318] Display: EVENT: wayland_screen.cc:144 Displays updated, count: 1
[159:159:0923/082129.796420:VERBOSE1:components/device_event_log/device_event_log_impl.cc:200] [08:21:29.795] Display: EVENT: wayland_screen.cc:147 Display[16] bounds=[0,0 1280x800], workarea=[0,0 1280x800], scale=1, rotation=0, panel_rotation=0 external detected
[159:213:0923/082129.925292:ERROR:dbus/bus.cc:408] Failed to connect to the bus: Could not parse server address: Unknown address type (examples of valid types are "tcp" and on UNIX "unix")
[159:213:0923/082129.932865:ERROR:dbus/bus.cc:408] Failed to connect to the bus: Failed to connect to socket /run/dbus/system_bus_socket: No such file or directory
[159:213:0923/082129.936345:ERROR:dbus/bus.cc:408] Failed to connect to the bus: Failed to connect to socket /run/dbus/system_bus_socket: No such file or directory
[159:223:0923/082130.020353:VERBOSE1:base/files/file_util_posix.cc:317] Cannot stat "/root/input34-chromium-profile/component_crx_cache/metadata.json": No such file or directory (2)
[159:227:0923/082130.442342:WARNING:ui/ozone/platform/wayland/ozone_platform_wayland.cc:325] Failed to find drm render node path.
[159:227:0923/082130.449945:WARNING:ui/ozone/platform/wayland/gpu/wayland_buffer_manager_gpu.cc:458] Failed to initialize drm render node handle.
[159:215:0923/082130.796591:VERBOSE1:content/browser/renderer_host/media/media_stream_manager.cc:1555] MSM::InitializeMaybeAsync([this=0x2c00163980])
[159:215:0923/082130.841379:VERBOSE1:content/browser/renderer_host/media/media_stream_manager.cc:1555] MDM::MediaDevicesManager()
[159:215:0923/082130.858751:VERBOSE1:content/browser/renderer_host/media/media_stream_manager.cc:1555] MSM::MediaStreamManager([this=0x2c00163980]))
[159:210:0923/082131.005880:VERBOSE1:base/files/file_util_posix.cc:317] Cannot stat "/root/input34-chromium-profile/Consent To Send Stats": No such file or directory (2)
[159:159:0923/082132.365062:VERBOSE1:components/os_crypt/sync/key_storage_util_linux.cc:46] Password storage detected desktop environment: (unknown)
[159:159:0923/082132.369329:VERBOSE1:components/os_crypt/sync/key_storage_linux.cc:116] Selected backend for OSCrypt: BASIC_TEXT
[159:159:0923/082132.375354:VERBOSE1:components/os_crypt/sync/key_storage_linux.cc:135] OSCrypt did not initialize a backend.
[159:159:0923/082132.505809:VERBOSE1:components/enterprise/browser/controller/chrome_browser_cloud_management_controller.cc:171] Cloud management controller initialization aborted as CBCM is not enabled. Please use the `--enable-chrome-browser-cloud-management` command line flag to enable it if you are not using the official Google Chrome build.
[159:159:0923/082137.514725:VERBOSE1:chrome/browser/signin/account_consistency_mode_manager.cc:207] Desktop Identity Consistency disabled as sign-in to Chrome is not allowed
[159:159:0923/082137.718692:VERBOSE1:components/device_event_log/device_event_log_impl.cc:200] [08:21:37.705] Bluetooth: EVENT: bluetooth_api.cc:82 BluetoothAPI: 0x2c004bf080
[159:210:0923/082138.318957:VERBOSE1:base/files/file_util_posix.cc:317] Cannot stat "/root/input34-chromium-profile/Default/Web Applications/Logs/WebAppInstallManager.log": No such file or directory (2)
[159:227:0923/082138.389601:VERBOSE1:media/gpu/vaapi/vaapi_wrapper.cc:1585] GetHandle(): Either VADisplayStateSingleton::PreSandboxInitialization() hasn't been called or that method failed to find a suitable render node
[159:227:0923/082138.573326:VERBOSE1:components/viz/service/main/viz_main_impl.cc:86] VizNullHypothesis is disabled (not a warning)
[159:213:0923/082138.730838:ERROR:dbus/bus.cc:408] Failed to connect to the bus: Could not parse server address: Unknown address type (examples of valid types are "tcp" and on UNIX "unix")
[159:159:0923/082139.127670:VERBOSE1:components/proxy_config/pref_proxy_config_tracker_impl.cc:199] 0x2c0018ed00: set chrome proxy config service to 0x2c00082320
[159:159:0923/082139.173805:VERBOSE1:chrome/browser/signin/account_consistency_mode_manager.cc:207] Desktop Identity Consistency disabled as sign-in to Chrome is not allowed
[159:159:0923/082139.291276:VERBOSE1:components/signin/internal/identity_manager/mutable_profile_oauth2_token_service_delegate.cc:318] MutablePO2TS::MutablePO2TS
[159:212:0923/082140.136656:VERBOSE1:net/disk_cache/simple/simple_index_file.cc:607] Simple Cache Index is being restored from disk.
[159:212:0923/082140.141154:VERBOSE1:base/files/file_util_posix.cc:317] Cannot stat "/root/input34-chromium-profile/Default/Code Cache/js/index-dir/the-real-index": No such file or directory (2)
[159:212:0923/082140.155532:VERBOSE1:net/disk_cache/simple/simple_index_file.cc:607] Simple Cache Index is being restored from disk.
[159:212:0923/082140.156982:VERBOSE1:base/files/file_util_posix.cc:317] Cannot stat "/root/input34-chromium-profile/Default/Code Cache/wasm/index-dir/the-real-index": No such file or directory (2)
[159:159:0923/082140.235674:VERBOSE1:components/proxy_config/pref_proxy_config_tracker_impl.cc:199] 0x2c0018ff00: set chrome proxy config service to 0x2c00085c00
[159:159:0923/082140.942906:VERBOSE1:chrome/browser/signin/account_consistency_mode_manager.cc:207] Desktop Identity Consistency disabled as sign-in to Chrome is not allowed
[159:159:0923/082141.223238:VERBOSE1:extensions/browser/api/bluetooth_low_energy/bluetooth_low_energy_event_router.cc:291] Initializing BluetoothLowEnergyEventRouter.
[159:159:0923/082141.381351:VERBOSE1:chrome/browser/permissions/prediction_service/prediction_model_handler_provider_factory.cc:58] [PermissionsAI]: PredictionModelHandlerProviderFactory::BuildServiceInstanceForBrowserContext
[159:159:0923/082141.381746:VERBOSE1:chrome/browser/permissions/prediction_service/prediction_model_handler_provider_factory.cc:66] [PermissionsAI]: OptimizationGuideKeyedService not available.
[159:159:0923/082142.295023:VERBOSE1:extensions/browser/extension_registrar.cc:521] AddComponentExtension Web Store
[159:159:0923/082142.296552:VERBOSE1:extensions/browser/extension_registrar.cc:523] Component extension Web Store (ahfgeienlihckogmohjhadlkjgocpleb) installing/upgrading from '' to 0.2
[159:159:0923/082142.665163:VERBOSE1:extensions/browser/extension_registrar.cc:521] AddComponentExtension Chromium PDF Viewer
[159:159:0923/082142.665505:VERBOSE1:extensions/browser/extension_registrar.cc:523] Component extension Chromium PDF Viewer (mhjfbmdgcfjbbpaeojofohoefgiehjai) installing/upgrading from '' to 1
[159:159:0923/082142.705175:VERBOSE1:extensions/browser/extension_registrar.cc:521] AddComponentExtension Google Hangouts
[159:159:0923/082142.705466:VERBOSE1:extensions/browser/extension_registrar.cc:523] Component extension Google Hangouts (nkeimhogjdpnpccoofpliimaahmaaome) installing/upgrading from '' to 1.3.26
[159:159:0923/082142.741379:VERBOSE1:components/signin/internal/identity_manager/mutable_profile_oauth2_token_service_delegate.cc:408] MutablePO2TS::RefreshTokenIsAvailable
[159:159:0923/082142.746793:VERBOSE1:components/signin/internal/identity_manager/mutable_profile_oauth2_token_service_delegate.cc:408] MutablePO2TS::RefreshTokenIsAvailable
[159:159:0923/082142.752864:VERBOSE1:chrome/browser/signin/account_consistency_mode_manager.cc:207] Desktop Identity Consistency disabled as sign-in to Chrome is not allowed
[159:159:0923/082142.754589:VERBOSE1:components/signin/core/browser/account_reconcilor.cc:165] AccountReconcilor::AccountReconcilor
[159:159:0923/082142.754915:VERBOSE1:components/signin/core/browser/account_reconcilor.cc:203] AccountReconcilor::Initialize
[159:210:0923/082142.842625:VERBOSE1:base/files/file_util_posix.cc:317] Cannot stat "/root/input34-chromium-profile/Default/Policy/User Policy": No such file or directory (2)
[159:210:0923/082142.843388:VERBOSE1:base/files/file_util_posix.cc:317] Cannot stat "/root/input34-chromium-profile/Default/Policy/Signing Key": No such file or directory (2)
[159:210:0923/082142.896780:VERBOSE1:components/component_updater/component_installer.cc:481] StartRegistration for Subresource Filter Rules
[159:159:0923/082142.900907:VERBOSE1:components/component_updater/installer_policies/on_device_head_suggest_component_installer.cc:59] On Device Head Component will fetch model for locale: ENUS500000
[159:159:0923/082142.904658:VERBOSE1:chrome/browser/component_updater/trust_token_key_commitments_component_installer.cc:21] Registering Trust Token Key Commitments component.
[159:211:0923/082142.903324:VERBOSE1:components/component_updater/component_installer.cc:481] StartRegistration for OnDeviceHeadSuggest
[159:159:0923/082142.912071:VERBOSE1:chrome/browser/component_updater/first_party_sets_component_installer.cc:37] Registering Related Website Sets component.
[159:212:0923/082142.912361:VERBOSE1:components/component_updater/component_installer.cc:481] StartRegistration for Trust Token Key Commitments
[159:159:0923/082142.925949:VERBOSE1:chrome/browser/component_updater/privacy_sandbox_attestations_component_installer.cc:181] Registering Privacy Sandbox Attestations component
[159:210:0923/082142.927460:VERBOSE1:components/component_updater/component_installer.cc:481] StartRegistration for Privacy Sandbox Attestations
[159:159:0923/082142.942841:VERBOSE1:chrome/browser/component_updater/file_type_policies_component_installer.cc:126] Registering File Type Policies component.
[159:211:0923/082142.943176:VERBOSE1:components/component_updater/component_installer.cc:481] StartRegistration for Certificate Error Assistant
[159:212:0923/082142.945134:VERBOSE1:components/component_updater/component_installer.cc:481] StartRegistration for CRLSet
[159:210:0923/082142.946634:VERBOSE1:components/component_updater/component_installer.cc:481] StartRegistration for Origin Trials
[159:225:0923/082142.944641:VERBOSE1:components/component_updater/component_installer.cc:481] StartRegistration for File Type Policies
[159:224:0923/082142.948545:VERBOSE1:components/component_updater/component_installer.cc:481] StartRegistration for MEI Preload
[159:226:0923/082142.955989:VERBOSE1:components/component_updater/component_installer.cc:481] StartRegistration for PKI Metadata
[159:159:0923/082142.961905:VERBOSE1:chrome/browser/component_updater/hyphenation_component_installer.cc:149] Registering Hyphenation component.
[159:223:0923/082142.963775:VERBOSE1:components/component_updater/component_installer.cc:481] StartRegistration for Safety Tips
[159:267:0923/082142.974966:VERBOSE1:components/component_updater/component_installer.cc:481] StartRegistration for Crowd Deny
[159:211:0923/082142.990398:VERBOSE1:components/component_updater/component_installer.cc:481] StartRegistration for Hyphenation
[159:268:0923/082142.991067:VERBOSE1:components/component_updater/component_installer.cc:481] StartRegistration for Zxcvbn Data Dictionaries
[159:269:0923/082143.004170:VERBOSE1:components/component_updater/component_installer.cc:481] StartRegistration for Autofill States Data
[159:159:0923/082143.021548:VERBOSE1:chrome/browser/component_updater/tpcd_metadata_component_installer.cc:23] Third Party Cookie Deprecation Metadata component.
[159:224:0923/082143.010568:VERBOSE1:components/component_updater/component_installer.cc:316] Preinstalled component found for MEI Preload at /usr/lib/chromium/MEIPreload with version 1.0.7.1652906823.
[159:159:0923/082143.026640:VERBOSE1:chrome/browser/component_updater/translate_kit_component_installer.cc:163] Registering TranslateKit component.
[159:210:0923/082143.029369:VERBOSE1:components/component_updater/component_installer.cc:481] StartRegistration for Third-Party Cookie Deprecation Metadata
[159:159:0923/082143.036235:VERBOSE1:chrome/browser/component_updater/open_cookie_database_component_installer.cc:23] Registering Open Cookie Database component.
[159:211:0923/082143.037099:VERBOSE1:components/component_updater/component_installer.cc:481] StartRegistration for Open Cookie Database
[159:159:0923/082143.037417:VERBOSE1:chrome/browser/component_updater/cookie_readiness_list_component_installer.cc:24] Registering Cookie Readiness List component.
[159:212:0923/082143.046413:VERBOSE1:components/component_updater/component_installer.cc:481] StartRegistration for Cookie Readiness List
[159:159:0923/082143.053579:VERBOSE1:chrome/browser/component_updater/wasm_tts_engine_component_installer.cc:272] Registering WASM TTS Engine component.
[159:225:0923/082143.047760:VERBOSE1:components/component_updater/component_installer.cc:481] StartRegistration for Amount Extraction Heuristic Regexes
[159:159:0923/082143.062170:VERBOSE1:chrome/browser/component_updater/probabilistic_reveal_token_component_installer.cc:54] Registering Probabilistic Reveal Token component.
[159:224:0923/082143.062364:VERBOSE1:components/component_updater/component_installer.cc:481] StartRegistration for WASM TTS Engine
[159:226:0923/082143.070617:VERBOSE1:components/component_updater/component_installer.cc:481] StartRegistration for Probabilistic Reveal Tokens
[159:159:0923/082143.216037:VERBOSE1:chrome/browser/profiles/profile_manager.cc:1277] AddKeepAlive(Default, kBrowserWindow). keep_alives=[kWaitingForFirstBrowserWindow (1), kBrowserWindow (1)]
[159:159:0923/082143.216884:VERBOSE1:chrome/browser/profiles/profile_manager.cc:1359] ClearFirstBrowserWindowKeepAlive(Default). keep_alives=[kBrowserWindow (1)]
[159:213:0923/082144.809860:ERROR:dbus/bus.cc:408] Failed to connect to the bus: Could not parse server address: Unknown address type (examples of valid types are "tcp" and on UNIX "unix")
[159:213:0923/082144.815401:ERROR:dbus/bus.cc:408] Failed to connect to the bus: Could not parse server address: Unknown address type (examples of valid types are "tcp" and on UNIX "unix")
[159:159:0923/082145.305721:WARNING:ui/ozone/platform/wayland/host/wayland_surface.cc:170] Server doesn't support zcr_alpha_compositing_v1.
[159:159:0923/082145.306097:WARNING:ui/ozone/platform/wayland/host/wayland_surface.cc:185] Server doesn't support overlay_prioritizer.
[159:159:0923/082145.306312:WARNING:ui/ozone/platform/wayland/host/wayland_surface.cc:200] Server doesn't support wp_content_type_v1
[159:159:0923/082145.306517:WARNING:ui/ozone/platform/wayland/host/wayland_surface.cc:214] Server doesn't support wp_color_management_surface_v1.
[159:159:0923/082145.533036:WARNING:ui/ozone/platform/wayland/host/wayland_connection.cc:408] text-input-v3 not available.
[159:159:0923/082146.053470:VERBOSE1:chrome/browser/signin/account_consistency_mode_manager.cc:207] Desktop Identity Consistency disabled as sign-in to Chrome is not allowed
[159:159:0923/082148.068336:VERBOSE1:google_apis/gaia/gaia_auth_util.cc:54] Canonicalized @gmail.com to @gmail.com
[159:159:0923/082148.069120:VERBOSE1:google_apis/gaia/gaia_auth_util.cc:54] Canonicalized @gmail.com to @gmail.com
[159:159:0923/082149.092219:VERBOSE1:chrome/browser/enterprise/data_protection/data_protection_navigation_observer.cc:216] enterprise.data_protection: same document navigation: 0
[159:159:0923/082149.092837:VERBOSE1:chrome/browser/enterprise/data_protection/data_protection_navigation_observer.cc:218] enterprise.data_protection: URL to scan: file:///usr/share/html-test/index.html
[159:159:0923/082149.490062:VERBOSE1:components/signin/internal/identity_manager/mutable_profile_oauth2_token_service_delegate.cc:408] MutablePO2TS::RefreshTokenIsAvailable
[159:159:0923/082149.490605:VERBOSE1:chrome/browser/signin/account_consistency_mode_manager.cc:207] Desktop Identity Consistency disabled as sign-in to Chrome is not allowed
[159:159:0923/082150.540878:ERROR:dbus/object_proxy.cc:573] Failed to call method: org.freedesktop.DBus.NameHasOwner: object_path= /org/freedesktop/DBus: unknown error type: 
[159:213:0923/082150.545216:ERROR:dbus/bus.cc:408] Failed to connect to the bus: Could not parse server address: Unknown address type (examples of valid types are "tcp" and on UNIX "unix")
[159:213:0923/082150.551188:ERROR:dbus/bus.cc:408] Failed to connect to the bus: Could not parse server address: Unknown address type (examples of valid types are "tcp" and on UNIX "unix")
[159:213:0923/082150.552776:ERROR:dbus/bus.cc:408] Failed to connect to the bus: Could not parse server address: Unknown address type (examples of valid types are "tcp" and on UNIX "unix")
[159:213:0923/082150.553664:ERROR:dbus/bus.cc:408] Failed to connect to the bus: Could not parse server address: Unknown address type (examples of valid types are "tcp" and on UNIX "unix")
[159:213:0923/082150.554390:ERROR:dbus/bus.cc:408] Failed to connect to the bus: Could not parse server address: Unknown address type (examples of valid types are "tcp" and on UNIX "unix")
[159:213:0923/082150.555079:ERROR:dbus/bus.cc:408] Failed to connect to the bus: Could not parse server address: Unknown address type (examples of valid types are "tcp" and on UNIX "unix")
[159:159:0923/082150.558076:WARNING:device/bluetooth/dbus/bluez_dbus_manager.cc:209] Floss manager service not available, cannot set Floss enable/disable.
[159:159:0923/082151.233600:ERROR:dbus/object_proxy.cc:573] Failed to call method: org.freedesktop.DBus.NameHasOwner: object_path= /org/freedesktop/DBus: unknown error type: 
[159:159:0923/082152.447065:VERBOSE1:components/signin/internal/identity_manager/mutable_profile_oauth2_token_service_delegate.cc:408] MutablePO2TS::RefreshTokenIsAvailable
[159:159:0923/082152.447526:VERBOSE1:chrome/browser/signin/account_consistency_mode_manager.cc:207] Desktop Identity Consistency disabled as sign-in to Chrome is not allowed
[159:159:0923/082152.561877:VERBOSE1:components/component_updater/component_installer.cc:560] FinishRegistration for Subresource Filter Rules
[159:159:0923/082152.593613:VERBOSE1:components/component_updater/component_updater_service.cc:166] CrxUpdateService starting up. First update attempt will take place in 60 s seconds. Next update attempt will take place in 18000 s seconds. 
[159:159:0923/082152.604316:VERBOSE1:components/component_updater/component_installer.cc:560] FinishRegistration for OnDeviceHeadSuggest
[159:159:0923/082152.608306:VERBOSE1:components/component_updater/component_installer.cc:560] FinishRegistration for Trust Token Key Commitments
[159:159:0923/082152.610001:VERBOSE1:components/component_updater/component_installer.cc:560] FinishRegistration for Privacy Sandbox Attestations
[159:159:0923/082152.615468:VERBOSE1:components/component_updater/component_installer.cc:560] FinishRegistration for Certificate Error Assistant
[159:159:0923/082152.616726:VERBOSE1:components/component_updater/component_installer.cc:560] FinishRegistration for Origin Trials
[159:159:0923/082152.619546:VERBOSE1:components/component_updater/component_installer.cc:560] FinishRegistration for CRLSet
[159:159:0923/082152.620908:VERBOSE1:components/component_updater/component_installer.cc:560] FinishRegistration for File Type Policies
[159:159:0923/082152.622575:VERBOSE1:components/component_updater/component_installer.cc:560] FinishRegistration for PKI Metadata
[159:159:0923/082152.624046:VERBOSE1:components/component_updater/component_installer.cc:560] FinishRegistration for Hyphenation
[159:159:0923/082152.625831:VERBOSE1:components/component_updater/component_installer.cc:560] FinishRegistration for Zxcvbn Data Dictionaries
[159:159:0923/082152.627108:VERBOSE1:components/component_updater/component_installer.cc:560] FinishRegistration for MEI Preload
[159:159:0923/082152.628199:VERBOSE1:components/component_updater/component_installer.cc:601] Component ready, version 1.0.7.1652906823 in /usr/lib/chromium/MEIPreload
[159:159:0923/082152.630530:VERBOSE1:components/component_updater/component_installer.cc:560] FinishRegistration for Autofill States Data
[159:159:0923/082152.631687:VERBOSE1:components/component_updater/component_installer.cc:560] FinishRegistration for Safety Tips
[159:159:0923/082152.633123:VERBOSE1:components/component_updater/component_installer.cc:560] FinishRegistration for Crowd Deny
[233:265:0923/082152.629837:VERBOSE1:net/base/network_delegate.cc:37] NetworkDelegate::NotifyBeforeURLRequest: http://clients2.google.com/time/1/current?cup2key=9:9omrS3Z8oXH9-q1A2tCqGKISN_08bhw1DXcSZofj5yM&cup2hreq=e3b0c44298fc1c149afbf4c8996fb92427ae41e4649b934ca495991b7852b855
[159:159:0923/082152.634247:VERBOSE1:components/component_updater/component_installer.cc:560] FinishRegistration for Amount Extraction Heuristic Regexes
[159:159:0923/082152.635662:VERBOSE1:components/component_updater/component_installer.cc:560] FinishRegistration for Probabilistic Reveal Tokens
[159:159:0923/082152.636376:VERBOSE1:components/component_updater/component_installer.cc:560] FinishRegistration for Cookie Readiness List
[159:159:0923/082152.637280:VERBOSE1:components/component_updater/component_installer.cc:560] FinishRegistration for Open Cookie Database
[159:159:0923/082152.638248:VERBOSE1:components/component_updater/component_installer.cc:560] FinishRegistration for WASM TTS Engine
[159:159:0923/082152.639306:VERBOSE1:components/component_updater/component_installer.cc:560] FinishRegistration for Third-Party Cookie Deprecation Metadata
[159:159:0923/082152.658674:ERROR:dbus/object_proxy.cc:573] Failed to call method: org.freedesktop.DBus.NameHasOwner: object_path= /org/freedesktop/DBus: unknown error type: 
[159:159:0923/082152.659093:VERBOSE1:ui/base/idle/idle_linux.cc:117] org.freedesktop.ScreenSaver D-Bus service does not exist
[159:159:0923/082152.661565:ERROR:dbus/object_proxy.cc:573] Failed to call method: org.freedesktop.DBus.NameHasOwner: object_path= /org/freedesktop/DBus: unknown error type: 
[159:213:0923/082152.661759:ERROR:dbus/bus.cc:408] Failed to connect to the bus: Could not parse server address: Unknown address type (examples of valid types are "tcp" and on UNIX "unix")
[159:159:0923/082152.663478:WARNING:ui/ozone/platform/wayland/host/org_gnome_mutter_idle_monitor.cc:87] org.gnome.Mutter.IdleMonitor D-Bus service does not exist
[159:211:0923/082153.040480:VERBOSE1:content/browser/loader/file_url_loader_factory.cc:474] FileURLLoader::Start: file:///usr/share/html-test/index.html
[159:213:0923/082153.206043:ERROR:dbus/bus.cc:408] Failed to connect to the bus: Failed to connect to socket /run/dbus/system_bus_socket: No such file or directory
[159:213:0923/082153.217197:ERROR:dbus/bus.cc:408] Failed to connect to the bus: Failed to connect to socket /run/dbus/system_bus_socket: No such file or directory
[159:159:0923/082153.280121:ERROR:dbus/object_proxy.cc:573] Failed to call method: org.freedesktop.DBus.NameHasOwner: object_path= /org/freedesktop/DBus: unknown error type: 
[159:159:0923/082153.293071:ERROR:dbus/object_proxy.cc:573] Failed to call method: org.freedesktop.DBus.NameHasOwner: object_path= /org/freedesktop/DBus: unknown error type: 
[159:213:0923/082153.339281:ERROR:dbus/bus.cc:408] Failed to connect to the bus: Could not parse server address: Unknown address type (examples of valid types are "tcp" and on UNIX "unix")
[159:159:0923/082153.341425:ERROR:dbus/object_proxy.cc:573] Failed to call method: org.freedesktop.DBus.NameHasOwner: object_path= /org/freedesktop/DBus: unknown error type: 
[233:291:0923/082153.589406:VERBOSE1:net/disk_cache/simple/simple_index_file.cc:607] Simple Cache Index is being restored from disk.
[233:291:0923/082153.602843:VERBOSE1:base/files/file_util_posix.cc:317] Cannot stat "/root/input34-chromium-profile/Default/Shared Dictionary/cache/index-dir/the-real-index": No such file or directory (2)
[233:265:0923/082153.870343:ERROR:net/socket/tcp_socket_posix.cc:88] Failed to set TCP_KEEPIDLE on fd: 30: Protocol not available (92)
[233:265:0923/082154.125728:ERROR:net/socket/tcp_socket_posix.cc:88] Failed to set TCP_KEEPIDLE on fd: 34: Protocol not available (92)
[159:159:0923/082154.147888:ERROR:dbus/object_proxy.cc:573] Failed to call method: org.freedesktop.DBus.NameHasOwner: object_path= /org/freedesktop/DBus: unknown error type: 
[159:159:0923/082154.148337:VERBOSE1:ui/base/idle/idle_linux.cc:117] org.cinnamon.ScreenSaver D-Bus service does not exist
[159:213:0923/082154.154787:ERROR:dbus/bus.cc:408] Failed to connect to the bus: Could not parse server address: Unknown address type (examples of valid types are "tcp" and on UNIX "unix")
[159:159:0923/082154.488193:WARNING:dbus/property.cc:94] Failed to connect to PropertiesChangedsignal.
[159:159:0923/082154.490941:ERROR:dbus/object_proxy.cc:573] Failed to call method: org.freedesktop.DBus.Properties.GetAll: object_path= /org/freedesktop/UPower/devices/DisplayDevice: unknown error type: 
[159:159:0923/082154.491710:WARNING:dbus/property.cc:174] GetAll request failed for: org.freedesktop.UPower.Device
[159:159:0923/082154.496473:ERROR:dbus/object_proxy.cc:573] Failed to call method: org.freedesktop.DBus.NameHasOwner: object_path= /org/freedesktop/DBus: unknown error type: 
[159:159:0923/082154.911742:VERBOSE1:chrome/browser/web_applications/locks/partitioned_lock_manager.cc:211] Acquiring <PartitionedLockId>{id: 0x31, partition: 0} for Start@chrome/browser/web_applications/generated_icon_fix_manager.cc:60
[159:159:0923/082154.922456:VERBOSE1:chrome/browser/web_applications/locks/partitioned_lock_manager.cc:193] All locks acquired for Start@chrome/browser/web_applications/generated_icon_fix_manager.cc:60
[159:210:0923/082155.896045:VERBOSE1:components/signin/public/webdata/token_service_table.cc:237] Loaded tokens: result = 3 ; number of tokens loaded = 0
[159:159:0923/082156.163855:VERBOSE1:components/signin/internal/identity_manager/mutable_profile_oauth2_token_service_delegate.cc:408] MutablePO2TS::RefreshTokenIsAvailable
[159:159:0923/082156.386313:ERROR:dbus/object_proxy.cc:573] Failed to call method: org.freedesktop.DBus.NameHasOwner: object_path= /org/freedesktop/DBus: unknown error type: 
[159:159:0923/082156.386688:VERBOSE1:ui/base/idle/idle_linux.cc:117] org.gnome.ScreenSaver D-Bus service does not exist
[159:213:0923/082156.388267:ERROR:dbus/bus.cc:408] Failed to connect to the bus: Could not parse server address: Unknown address type (examples of valid types are "tcp" and on UNIX "unix")
[159:159:0923/082156.460839:VERBOSE1:chrome/browser/web_applications/locks/partitioned_lock_manager.cc:235] Releasing <PartitionedLockId>{id: 0x31, partition: 0} requested by Start@chrome/browser/web_applications/generated_icon_fix_manager.cc:60
[159:210:0923/082156.863312:VERBOSE1:base/files/file_util_posix.cc:317] Cannot stat "/root/input34-chromium-profile/DeferredBrowserMetrics": No such file or directory (2)
[159:210:0923/082156.877725:VERBOSE1:base/files/file_util_posix.cc:317] Cannot stat "/root/input34-chromium-profile/CrashpadMetrics.pma": No such file or directory (2)
[159:212:0923/082156.890749:VERBOSE1:base/files/file_util_posix.cc:317] Cannot stat "/root/input34-chromium-profile/Breadcrumbs": No such file or directory (2)
[159:212:0923/082156.893460:VERBOSE1:base/files/file_util_posix.cc:317] Cannot stat "/root/input34-chromium-profile/Default/Media Cache": No such file or directory (2)
[159:159:0923/082156.914024:VERBOSE1:components/signin/internal/identity_manager/mutable_profile_oauth2_token_service_delegate.cc:535] MutablePO2TS::OnWebDataServiceRequestDone. Result type: 5
[159:159:0923/082156.914820:VERBOSE1:components/signin/internal/identity_manager/mutable_profile_oauth2_token_service_delegate.cc:592] MutablePO2TS::LoadAllCredentialsIntoMemory; 0 credential(s).
[159:211:0923/082156.938857:VERBOSE1:base/files/file_util_posix.cc:317] Cannot stat "/root/input34-chromium-profile/Default/webrtc_event_logs": No such file or directory (2)
[159:211:0923/082156.940997:VERBOSE1:base/files/file_util_posix.cc:317] Cannot stat "/root/input34-chromium-profile/Default/databases": No such file or directory (2)
[159:211:0923/082156.946664:VERBOSE1:components/component_updater/component_installer.cc:481] StartRegistration for Related Website Sets
[159:211:0923/082156.964189:VERBOSE1:base/files/file_util_posix.cc:317] Cannot stat "/root/input34-chromium-profile/DesktopSharingHub": No such file or directory (2)
[159:211:0923/082156.966317:VERBOSE1:base/files/file_util_posix.cc:317] Cannot stat "/root/input34-chromium-profile/HistorySearch": No such file or directory (2)
[159:211:0923/082156.968023:VERBOSE1:base/files/file_util_posix.cc:317] Cannot stat "/root/input34-chromium-profile/pnacl": No such file or directory (2)
[233:265:0923/082157.539934:VERBOSE1:net/base/network_delegate.cc:37] NetworkDelegate::NotifyBeforeURLRequest: https://www.google.com/async/folae?async=_fmt:pb
[159:159:0923/082157.582165:ERROR:dbus/object_proxy.cc:573] Failed to call method: org.freedesktop.DBus.NameHasOwner: object_path= /org/freedesktop/DBus: unknown error type: 
[159:159:0923/082157.583750:VERBOSE1:ui/base/idle/idle_linux.cc:117] org.mate.ScreenSaver D-Bus service does not exist
[159:213:0923/082157.590551:ERROR:dbus/bus.cc:408] Failed to connect to the bus: Could not parse server address: Unknown address type (examples of valid types are "tcp" and on UNIX "unix")
[233:264:0923/082157.646921:VERBOSE1:net/disk_cache/simple/simple_index_file.cc:607] Simple Cache Index is being restored from disk.
[233:264:0923/082157.652380:VERBOSE1:base/files/file_util_posix.cc:317] Cannot stat "/root/input34-chromium-profile/Default/Cache/Cache_Data/index-dir/the-real-index": No such file or directory (2)
[159:159:0923/082157.749507:VERBOSE1:extensions/browser/extension_registrar.cc:521] AddComponentExtension Google Hangouts
[233:264:0923/082157.773191:VERBOSE1:base/files/file_util_posix.cc:317] Cannot stat "/root/input34-chromium-profile/Default/Cache/No_Vary_Search/snapshot-new.baf": No such file or directory (2)
[233:264:0923/082157.896544:VERBOSE1:base/files/file_util_posix.cc:317] Cannot stat "/root/input34-chromium-profile/Default/Cache/No_Vary_Search/journal.baj": No such file or directory (2)
[159:159:0923/082157.916627:VERBOSE1:components/component_updater/component_installer.cc:560] FinishRegistration for Related Website Sets
[159:159:0923/082157.917788:VERBOSE1:chrome/browser/component_updater/first_party_sets_component_installer.cc:42] Received Related Website Sets
[159:159:0923/082158.194563:ERROR:dbus/object_proxy.cc:573] Failed to call method: org.freedesktop.DBus.NameHasOwner: object_path= /org/freedesktop/DBus: unknown error type: 
[159:159:0923/082158.197876:VERBOSE1:ui/base/idle/idle_linux.cc:117] org.xfce.ScreenSaver D-Bus service does not exist
[159:159:0923/082158.198315:WARNING:ui/base/idle/idle_linux.cc:98] None of the known D-Bus ScreenSaver services could be used.
[233:265:0923/082158.378139:ERROR:net/socket/tcp_socket_posix.cc:88] Failed to set TCP_KEEPIDLE on fd: 30: Protocol not available (92)
[233:265:0923/082158.649413:ERROR:net/socket/tcp_socket_posix.cc:88] Failed to set TCP_KEEPIDLE on fd: 34: Protocol not available (92)
[233:265:0923/082159.230941:VERBOSE1:net/base/network_delegate.cc:37] NetworkDelegate::NotifyBeforeURLRequest: https://android.clients.google.com/checkin
[159:159:0923/082159.455650:VERBOSE1:chrome/browser/web_applications/locks/partitioned_lock_manager.cc:211] Acquiring <PartitionedLockId>{id: 0x31, partition: 0} for SynchronizeInstalledApps@chrome/browser/web_applications/externally_managed_app_manager.cc:186
[159:159:0923/082159.468990:VERBOSE1:chrome/browser/web_applications/locks/partitioned_lock_manager.cc:193] All locks acquired for SynchronizeInstalledApps@chrome/browser/web_applications/externally_managed_app_manager.cc:186
[159:159:0923/082159.536544:VERBOSE1:chrome/browser/web_applications/locks/partitioned_lock_manager.cc:235] Releasing <PartitionedLockId>{id: 0x31, partition: 0} requested by SynchronizeInstalledApps@chrome/browser/web_applications/externally_managed_app_manager.cc:186
[233:265:0923/082159.623505:ERROR:net/socket/tcp_socket_posix.cc:88] Failed to set TCP_KEEPIDLE on fd: 35: Protocol not available (92)
[233:265:0923/082159.896824:ERROR:net/socket/tcp_socket_posix.cc:88] Failed to set TCP_KEEPIDLE on fd: 36: Protocol not available (92)
[159:159:0923/082200.047350:VERBOSE1:chrome/browser/profiles/profile_manager.cc:1277] AddKeepAlive(Default, kExtensionUpdater). keep_alives=[kBrowserWindow (1), kExtensionUpdater (1)]
[159:212:0923/082200.143350:VERBOSE1:base/files/file_util_posix.cc:317] Cannot stat "/root/input34-chromium-profile/extensions_crx_cache/metadata.json": No such file or directory (2)
[159:159:0923/082200.163904:VERBOSE1:chrome/browser/profiles/profile_manager.cc:1338] RemoveKeepAlive(Default, kExtensionUpdater). keep_alives=[kBrowserWindow (1)]
[159:159:0923/082200.392099:VERBOSE1:chrome/browser/web_applications/locks/partitioned_lock_manager.cc:211] Acquiring <PartitionedLockId>{id: 0x31, partition: 0} for SynchronizeInstalledApps@chrome/browser/web_applications/externally_managed_app_manager.cc:186
[159:159:0923/082200.392727:VERBOSE1:chrome/browser/web_applications/locks/partitioned_lock_manager.cc:193] All locks acquired for SynchronizeInstalledApps@chrome/browser/web_applications/externally_managed_app_manager.cc:186
[159:159:0923/082200.419460:VERBOSE1:chrome/browser/web_applications/locks/partitioned_lock_manager.cc:235] Releasing <PartitionedLockId>{id: 0x31, partition: 0} requested by SynchronizeInstalledApps@chrome/browser/web_applications/externally_managed_app_manager.cc:186
[233:265:0923/082252.742383:VERBOSE1:net/base/network_delegate.cc:37] NetworkDelegate::NotifyBeforeURLRequest: https://update.googleapis.com/service/update2/json?cup2key=15:1DG5DaYxQS3BUfuSY_tarp3qLFmPFaYTxlWv354WQYI&cup2hreq=e0012e0d6f7cad8ac0021d94a82f587b2c517001e3585ba9688f6d534af26f45
[233:265:0923/082252.771610:ERROR:net/socket/tcp_socket_posix.cc:88] Failed to set TCP_KEEPIDLE on fd: 37: Protocol not available (92)
[159:159:0923/082255.716849:VERBOSE1:components/update_client/request_sender.cc:188] Request completed from url: https://update.googleapis.com/service/update2/json?cup2key=15:1DG5DaYxQS3BUfuSY_tarp3qLFmPFaYTxlWv354WQYI&cup2hreq=e0012e0d6f7cad8ac0021d94a82f587b2c517001e3585ba9688f6d534af26f45
[233:265:0923/082255.911796:VERBOSE1:net/base/network_delegate.cc:37] NetworkDelegate::NotifyBeforeURLRequest: http://edgedl.me.gvt1.com/edgedl/diffgen-puffin/gcmjkmgdlgnkkcocmoeiminaijmmjnii/fc1f961a8e1d6f22b29a01eb8f62d27d7f0f928ed1b230dfa8430cc20542c1bf
[233:265:0923/082255.934077:ERROR:net/socket/tcp_socket_posix.cc:88] Failed to set TCP_KEEPIDLE on fd: 38: Protocol not available (92)
[159:159:0923/082256.101324:VERBOSE1:components/update_client/url_fetcher_downloader.cc:159] url fetcher response started for: http://edgedl.me.gvt1.com/edgedl/diffgen-puffin/gcmjkmgdlgnkkcocmoeiminaijmmjnii/fc1f961a8e1d6f22b29a01eb8f62d27d7f0f928ed1b230dfa8430cc20542c1bf
[159:159:0923/082256.267170:VERBOSE1:components/update_client/url_fetcher_downloader.cc:133] Downloaded 58152 bytes in 357ms from http://edgedl.me.gvt1.com/edgedl/diffgen-puffin/gcmjkmgdlgnkkcocmoeiminaijmmjnii/fc1f961a8e1d6f22b29a01eb8f62d27d7f0f928ed1b230dfa8430cc20542c1bf to /tmp/.org.chromium.Chromium.chrome_url_fetcher_.BpHGOa/fc1f961a8e1d6f22b29a01eb8f62d27d7f0f928ed1b230dfa8430cc20542c1bf
[159:159:0923/082256.381324:VERBOSE1:base/files/file_util_posix.cc:317] Cannot stat "/tmp/.org.chromium.Chromium.chrome_url_fetcher_.BpHGOa/decoded_xz": No such file or directory (2)
[233:265:0923/082256.424304:VERBOSE1:net/base/network_delegate.cc:37] NetworkDelegate::NotifyBeforeURLRequest: http://edgedl.me.gvt1.com/edgedl/release2/chrome_component/acxqjb334trgzb7b3z2ekfnpcxna_9.71.0/gcmjkmgdlgnkkcocmoeiminaijmmjnii_9.71.0_all_pfygnpfkdgwp6ktpnubtvytjbe.crx3
[159:159:0923/082256.584289:VERBOSE1:components/update_client/url_fetcher_downloader.cc:159] url fetcher response started for: http://edgedl.me.gvt1.com/edgedl/release2/chrome_component/acxqjb334trgzb7b3z2ekfnpcxna_9.71.0/gcmjkmgdlgnkkcocmoeiminaijmmjnii_9.71.0_all_pfygnpfkdgwp6ktpnubtvytjbe.crx3
[159:159:0923/082256.640568:VERBOSE1:components/update_client/url_fetcher_downloader.cc:133] Downloaded 186040 bytes in 219ms from http://edgedl.me.gvt1.com/edgedl/release2/chrome_component/acxqjb334trgzb7b3z2ekfnpcxna_9.71.0/gcmjkmgdlgnkkcocmoeiminaijmmjnii_9.71.0_all_pfygnpfkdgwp6ktpnubtvytjbe.crx3 to /tmp/.org.chromium.Chromium.chrome_url_fetcher_.cEPnoB/gcmjkmgdlgnkkcocmoeiminaijmmjnii_9.71.0_all_pfygnpfkdgwp6ktpnubtvytjbe.crx3
[159:210:0923/082256.722287:VERBOSE1:components/update_client/unpacker.cc:70] Verifying component: /root/input34-chromium-profile/component_crx_cache/1a7bce15b133e9626c1c823cf42daf6c0094c12a0bf5f78668be0d69e50a248d
[159:210:0923/082256.759497:VERBOSE1:components/update_client/unpacker.cc:100] Unpacking in: /tmp/.org.chromium.Chromium.chrome_Unpacker_BeginUnzipping.cACHLM
[159:211:0923/082256.774413:VERBOSE1:components/update_client/unpacker.cc:112] Unzipping failed.
[233:265:0923/082256.829948:VERBOSE1:net/base/network_delegate.cc:37] NetworkDelegate::NotifyBeforeURLRequest: https://update.googleapis.com/service/update2/json
[159:159:0923/082257.380855:VERBOSE1:components/update_client/request_sender.cc:188] Request completed from url: https://update.googleapis.com/service/update2/json
[233:265:0923/082258.445859:VERBOSE1:net/base/network_delegate.cc:37] NetworkDelegate::NotifyBeforeURLRequest: http://edgedl.me.gvt1.com/edgedl/diffgen-puffin/obedbbhbpmojnkanicioggnmelmoomoc/e40bb820d29fb9a9bf8935fa5fbe77b363cf9c553cd0c1993bf0a9bec48686e4
[159:159:0923/082258.571853:VERBOSE1:components/update_client/url_fetcher_downloader.cc:159] url fetcher response started for: http://edgedl.me.gvt1.com/edgedl/diffgen-puffin/obedbbhbpmojnkanicioggnmelmoomoc/e40bb820d29fb9a9bf8935fa5fbe77b363cf9c553cd0c1993bf0a9bec48686e4
[159:159:0923/082300.852847:VERBOSE1:components/update_client/url_fetcher_downloader.cc:133] Downloaded 4623756 bytes in 2409ms from http://edgedl.me.gvt1.com/edgedl/diffgen-puffin/obedbbhbpmojnkanicioggnmelmoomoc/e40bb820d29fb9a9bf8935fa5fbe77b363cf9c553cd0c1993bf0a9bec48686e4 to /tmp/.org.chromium.Chromium.chrome_url_fetcher_.EMFKbC/e40bb820d29fb9a9bf8935fa5fbe77b363cf9c553cd0c1993bf0a9bec48686e4
[159:159:0923/082301.694926:VERBOSE1:base/files/file_util_posix.cc:317] Cannot stat "/tmp/.org.chromium.Chromium.chrome_url_fetcher_.EMFKbC/decoded_xz": No such file or directory (2)
[233:265:0923/082301.743464:VERBOSE1:net/base/network_delegate.cc:37] NetworkDelegate::NotifyBeforeURLRequest: http://edgedl.me.gvt1.com/edgedl/release2/chrome_component/acl5xxtkzzfyki2lvq3i2acybumq_20251024.824731831.14/obedbbhbpmojnkanicioggnmelmoomoc_20251024.824731831.14_all_ENUS500000_pvfnv4psgpsyzcf3aznhkmdrk4.crx3
[159:159:0923/082301.869834:VERBOSE1:components/update_client/url_fetcher_downloader.cc:159] url fetcher response started for: http://edgedl.me.gvt1.com/edgedl/release2/chrome_component/acl5xxtkzzfyki2lvq3i2acybumq_20251024.824731831.14/obedbbhbpmojnkanicioggnmelmoomoc_20251024.824731831.14_all_ENUS500000_pvfnv4psgpsyzcf3aznhkmdrk4.crx3
[159:159:0923/082304.673876:VERBOSE1:components/update_client/url_fetcher_downloader.cc:133] Downloaded 7932363 bytes in 2932ms from http://edgedl.me.gvt1.com/edgedl/release2/chrome_component/acl5xxtkzzfyki2lvq3i2acybumq_20251024.824731831.14/obedbbhbpmojnkanicioggnmelmoomoc_20251024.824731831.14_all_ENUS500000_pvfnv4psgpsyzcf3aznhkmdrk4.crx3 to /tmp/.org.chromium.Chromium.chrome_url_fetcher_.hjpIaL/obedbbhbpmojnkanicioggnmelmoomoc_20251024.824731831.14_all_ENUS500000_pvfnv4psgpsyzcf3aznhkmdrk4.crx3
[159:211:0923/082307.651330:VERBOSE1:components/update_client/unpacker.cc:70] Verifying component: /root/input34-chromium-profile/component_crx_cache/23759e3f6d0119a00038b963cec9fb7abafd7b65a35a7e83c7697511db59e6e7
[159:211:0923/082308.637397:VERBOSE1:components/update_client/unpacker.cc:100] Unpacking in: /tmp/.org.chromium.Chromium.chrome_Unpacker_BeginUnzipping.PbeIhI
[159:211:0923/082308.653861:VERBOSE1:components/update_client/unpacker.cc:112] Unzipping failed.
[233:265:0923/082308.710434:VERBOSE1:net/base/network_delegate.cc:37] NetworkDelegate::NotifyBeforeURLRequest: https://update.googleapis.com/service/update2/json
[159:159:0923/082309.895758:VERBOSE1:components/update_client/request_sender.cc:188] Request completed from url: https://update.googleapis.com/service/update2/json
[233:265:0923/082313.445962:ERROR:net/socket/ssl_client_socket_impl.cc:916] handshake failed; returned -1, SSL error code 1, net_error -101
[233:265:0923/082313.457959:ERROR:net/socket/ssl_client_socket_impl.cc:916] handshake failed; returned -1, SSL error code 1, net_error -101
[233:265:0923/082313.483082:ERROR:net/socket/tcp_socket_posix.cc:88] Failed to set TCP_KEEPIDLE on fd: 30: Protocol not available (92)
[233:265:0923/082313.494878:ERROR:net/socket/tcp_socket_posix.cc:88] Failed to set TCP_KEEPIDLE on fd: 34: Protocol not available (92)
[233:265:0923/082314.437541:ERROR:net/socket/ssl_client_socket_impl.cc:916] handshake failed; returned -1, SSL error code 1, net_error -101
[233:265:0923/082314.459459:ERROR:net/socket/tcp_socket_posix.cc:88] Failed to set TCP_KEEPIDLE on fd: 35: Protocol not available (92)
[233:265:0923/082314.935714:ERROR:net/socket/ssl_client_socket_impl.cc:916] handshake failed; returned -1, SSL error code 1, net_error -101
[233:265:0923/082314.939867:ERROR:net/socket/tcp_socket_posix.cc:88] Failed to set TCP_KEEPIDLE on fd: 36: Protocol not available (92)
[233:265:0923/082321.309097:VERBOSE1:net/base/network_delegate.cc:37] NetworkDelegate::NotifyBeforeURLRequest: http://edgedl.me.gvt1.com/edgedl/release2/chrome_component/almxfnyg25yhugusmtq6atp444_2026.8.3.1/kiabhabjdbkjdpjbpigfodbdjmbglcoo_2026.08.03.01_all_adu3xhpyqeasuy6q6ntx4mq5k2va.crx3
[159:159:0923/082321.403554:VERBOSE1:components/update_client/url_fetcher_downloader.cc:159] url fetcher response started for: http://edgedl.me.gvt1.com/edgedl/release2/chrome_component/almxfnyg25yhugusmtq6atp444_2026.8.3.1/kiabhabjdbkjdpjbpigfodbdjmbglcoo_2026.08.03.01_all_adu3xhpyqeasuy6q6ntx4mq5k2va.crx3
[159:159:0923/082321.425153:VERBOSE1:components/update_client/url_fetcher_downloader.cc:133] Downloaded 14631 bytes in 119ms from http://edgedl.me.gvt1.com/edgedl/release2/chrome_component/almxfnyg25yhugusmtq6atp444_2026.8.3.1/kiabhabjdbkjdpjbpigfodbdjmbglcoo_2026.08.03.01_all_adu3xhpyqeasuy6q6ntx4mq5k2va.crx3 to /tmp/.org.chromium.Chromium.chrome_url_fetcher_.lhMnNo/kiabhabjdbkjdpjbpigfodbdjmbglcoo_2026.08.03.01_all_adu3xhpyqeasuy6q6ntx4mq5k2va.crx3
[159:210:0923/082321.498837:VERBOSE1:components/update_client/unpacker.cc:70] Verifying component: /root/input34-chromium-profile/component_crx_cache/ae38058ef6659ce0b8058d3b8f7542f635910015fe40ccfc1e98d2464c383f32
[159:210:0923/082321.506254:VERBOSE1:components/update_client/unpacker.cc:100] Unpacking in: /tmp/.org.chromium.Chromium.chrome_Unpacker_BeginUnzipping.LGMOkE
[159:211:0923/082321.524148:VERBOSE1:components/update_client/unpacker.cc:112] Unzipping failed.
[233:265:0923/082321.581845:VERBOSE1:net/base/network_delegate.cc:37] NetworkDelegate::NotifyBeforeURLRequest: https://update.googleapis.com/service/update2/json
[159:159:0923/082322.329431:VERBOSE1:components/update_client/request_sender.cc:188] Request completed from url: https://update.googleapis.com/service/update2/json
[233:265:0923/082334.057990:VERBOSE1:net/base/network_delegate.cc:37] NetworkDelegate::NotifyBeforeURLRequest: http://edgedl.me.gvt1.com/edgedl/release2/chrome_component/acpeapixpwuzscfa5h5j5m7c4xaa_2025.6.16.0/niikhdgajlphfehepabhhblakbdgeefj_2025.06.16.00_all_acgsomx5qtwgffxcrxwhoksfom7q.crx3
[159:159:0923/082334.169348:VERBOSE1:components/update_client/url_fetcher_downloader.cc:159] url fetcher response started for: http://edgedl.me.gvt1.com/edgedl/release2/chrome_component/acpeapixpwuzscfa5h5j5m7c4xaa_2025.6.16.0/niikhdgajlphfehepabhhblakbdgeefj_2025.06.16.00_all_acgsomx5qtwgffxcrxwhoksfom7q.crx3
[159:159:0923/082334.182587:VERBOSE1:components/update_client/url_fetcher_downloader.cc:133] Downloaded 12271 bytes in 127ms from http://edgedl.me.gvt1.com/edgedl/release2/chrome_component/acpeapixpwuzscfa5h5j5m7c4xaa_2025.6.16.0/niikhdgajlphfehepabhhblakbdgeefj_2025.06.16.00_all_acgsomx5qtwgffxcrxwhoksfom7q.crx3 to /tmp/.org.chromium.Chromium.chrome_url_fetcher_.IHINCh/niikhdgajlphfehepabhhblakbdgeefj_2025.06.16.00_all_acgsomx5qtwgffxcrxwhoksfom7q.crx3
[159:210:0923/082334.247684:VERBOSE1:components/update_client/unpacker.cc:70] Verifying component: /root/input34-chromium-profile/component_crx_cache/38c89b12bb20a8f2751c9c7cd2e31c173a47af08c115e1ecccc2f5151a2cf2c6
[159:210:0923/082334.255370:VERBOSE1:components/update_client/unpacker.cc:100] Unpacking in: /tmp/.org.chromium.Chromium.chrome_Unpacker_BeginUnzipping.iaIhKn
[159:211:0923/082334.268497:VERBOSE1:components/update_client/unpacker.cc:112] Unzipping failed.
[233:265:0923/082334.325027:VERBOSE1:net/base/network_delegate.cc:37] NetworkDelegate::NotifyBeforeURLRequest: https://update.googleapis.com/service/update2/json
[159:159:0923/082334.625931:VERBOSE1:components/update_client/request_sender.cc:188] Request completed from url: https://update.googleapis.com/service/update2/json
[233:265:0923/082346.671264:VERBOSE1:net/base/network_delegate.cc:37] NetworkDelegate::NotifyBeforeURLRequest: http://edgedl.me.gvt1.com/edgedl/release2/chrome_component/V3P1l2hLvLw_7/7_all_sslErrorAssistant.crx3
[159:159:0923/082346.765785:VERBOSE1:components/update_client/url_fetcher_downloader.cc:159] url fetcher response started for: http://edgedl.me.gvt1.com/edgedl/release2/chrome_component/V3P1l2hLvLw_7/7_all_sslErrorAssistant.crx3
[159:159:0923/082346.782661:VERBOSE1:components/update_client/url_fetcher_downloader.cc:133] Downloaded 5407 bytes in 113ms from http://edgedl.me.gvt1.com/edgedl/release2/chrome_component/V3P1l2hLvLw_7/7_all_sslErrorAssistant.crx3 to /tmp/.org.chromium.Chromium.chrome_url_fetcher_.fJaiKJ/7_all_sslErrorAssistant.crx3
[159:210:0923/082346.830364:VERBOSE1:components/update_client/unpacker.cc:70] Verifying component: /root/input34-chromium-profile/component_crx_cache/3eb16d6c28b502ac4cfee8f4a148df05f4d93229fa36a71db8b08d06329ff18a
[159:210:0923/082346.837466:VERBOSE1:components/update_client/unpacker.cc:100] Unpacking in: /tmp/.org.chromium.Chromium.chrome_Unpacker_BeginUnzipping.eKnGgO
[159:211:0923/082346.851507:VERBOSE1:components/update_client/unpacker.cc:112] Unzipping failed.
[233:265:0923/082346.897721:VERBOSE1:net/base/network_delegate.cc:37] NetworkDelegate::NotifyBeforeURLRequest: https://update.googleapis.com/service/update2/json
[159:159:0923/082351.680626:VERBOSE1:components/update_client/request_sender.cc:188] Request completed from url: https://update.googleapis.com/service/update2/json
[233:265:0923/082351.773906:VERBOSE1:net/base/network_delegate.cc:37] NetworkDelegate::NotifyBeforeURLRequest: http://edgedl.me.gvt1.com/edgedl/release2/chrome_component/acmnxqiwjdczk5wye6cexmi2mfya_10794/hfnkpimlhhgieaddgfemjhofmfblmnib_10794_all_actklfiumpd24tgdfgyqthlhw5qq.crx3
[159:159:0923/082351.893358:VERBOSE1:components/update_client/url_fetcher_downloader.cc:159] url fetcher response started for: http://edgedl.me.gvt1.com/edgedl/release2/chrome_component/acmnxqiwjdczk5wye6cexmi2mfya_10794/hfnkpimlhhgieaddgfemjhofmfblmnib_10794_all_actklfiumpd24tgdfgyqthlhw5qq.crx3
[159:159:0923/082352.894925:VERBOSE1:components/update_client/url_fetcher_downloader.cc:133] Downloaded 1365836 bytes in 1122ms from http://edgedl.me.gvt1.com/edgedl/release2/chrome_component/acmnxqiwjdczk5wye6cexmi2mfya_10794/hfnkpimlhhgieaddgfemjhofmfblmnib_10794_all_actklfiumpd24tgdfgyqthlhw5qq.crx3 to /tmp/.org.chromium.Chromium.chrome_url_fetcher_.jIpoMM/hfnkpimlhhgieaddgfemjhofmfblmnib_10794_all_actklfiumpd24tgdfgyqthlhw5qq.crx3
[159:210:0923/082353.255991:VERBOSE1:components/update_client/unpacker.cc:70] Verifying component: /root/input34-chromium-profile/component_crx_cache/69ec5d6337e869e2f2e343d2adfaede605d5310eaf7cd06ca1a79bc5799a7e18
[159:210:0923/082353.408369:VERBOSE1:components/update_client/unpacker.cc:100] Unpacking in: /tmp/.org.chromium.Chromium.chrome_Unpacker_BeginUnzipping.lLegmB
[159:211:0923/082353.421454:VERBOSE1:components/update_client/unpacker.cc:112] Unzipping failed.
[233:265:0923/082353.471339:VERBOSE1:net/base/network_delegate.cc:37] NetworkDelegate::NotifyBeforeURLRequest: https://update.googleapis.com/service/update2/json
[159:159:0923/082353.914013:VERBOSE1:components/update_client/request_sender.cc:188] Request completed from url: https://update.googleapis.com/service/update2/json
[233:265:0923/082355.736804:VERBOSE1:net/base/network_delegate.cc:37] NetworkDelegate::NotifyBeforeURLRequest: http://edgedl.me.gvt1.com/edgedl/diffgen-puffin/khaoiebndkojlmppeemjhbpbandiljpe/0634cfd105888c6d7194e9867daccc475ed94140f1c95bfca9bbde28367f9731
[159:159:0923/082355.835158:VERBOSE1:components/update_client/url_fetcher_downloader.cc:159] url fetcher response started for: http://edgedl.me.gvt1.com/edgedl/diffgen-puffin/khaoiebndkojlmppeemjhbpbandiljpe/0634cfd105888c6d7194e9867daccc475ed94140f1c95bfca9bbde28367f9731
[159:159:0923/082355.849916:VERBOSE1:components/update_client/url_fetcher_downloader.cc:133] Downloaded 4936 bytes in 115ms from http://edgedl.me.gvt1.com/edgedl/diffgen-puffin/khaoiebndkojlmppeemjhbpbandiljpe/0634cfd105888c6d7194e9867daccc475ed94140f1c95bfca9bbde28367f9731 to /tmp/.org.chromium.Chromium.chrome_url_fetcher_.oHoiJL/0634cfd105888c6d7194e9867daccc475ed94140f1c95bfca9bbde28367f9731
[159:159:0923/082355.913931:VERBOSE1:base/files/file_util_posix.cc:317] Cannot stat "/tmp/.org.chromium.Chromium.chrome_url_fetcher_.oHoiJL/decoded_xz": No such file or directory (2)
[233:265:0923/082355.961495:VERBOSE1:net/base/network_delegate.cc:37] NetworkDelegate::NotifyBeforeURLRequest: http://edgedl.me.gvt1.com/edgedl/release2/chrome_component/ac2hgsxpkfl56afxutpo4mqyinqq_145.0.7584.0/khaoiebndkojlmppeemjhbpbandiljpe_145.0.7584.0_linux_lpwt3lctcdmvucpcihxjmqk5qy.crx3
[159:159:0923/082356.059018:VERBOSE1:components/update_client/url_fetcher_downloader.cc:159] url fetcher response started for: http://edgedl.me.gvt1.com/edgedl/release2/chrome_component/ac2hgsxpkfl56afxutpo4mqyinqq_145.0.7584.0/khaoiebndkojlmppeemjhbpbandiljpe_145.0.7584.0_linux_lpwt3lctcdmvucpcihxjmqk5qy.crx3
[159:159:0923/082356.076859:VERBOSE1:components/update_client/url_fetcher_downloader.cc:133] Downloaded 11360 bytes in 117ms from http://edgedl.me.gvt1.com/edgedl/release2/chrome_component/ac2hgsxpkfl56afxutpo4mqyinqq_145.0.7584.0/khaoiebndkojlmppeemjhbpbandiljpe_145.0.7584.0_linux_lpwt3lctcdmvucpcihxjmqk5qy.crx3 to /tmp/.org.chromium.Chromium.chrome_url_fetcher_.pAkFBc/khaoiebndkojlmppeemjhbpbandiljpe_145.0.7584.0_linux_lpwt3lctcdmvucpcihxjmqk5qy.crx3
[159:211:0923/082356.138418:VERBOSE1:components/update_client/unpacker.cc:70] Verifying component: /root/input34-chromium-profile/component_crx_cache/970a3e1af7f986ad66e212796dcd4a2db1210f7222cdfaa7d59d491fbe0369af
[159:211:0923/082356.146491:VERBOSE1:components/update_client/unpacker.cc:100] Unpacking in: /tmp/.org.chromium.Chromium.chrome_Unpacker_BeginUnzipping.PcfLDk
[159:212:0923/082356.159843:VERBOSE1:components/update_client/unpacker.cc:112] Unzipping failed.
[233:265:0923/082356.198924:VERBOSE1:net/base/network_delegate.cc:37] NetworkDelegate::NotifyBeforeURLRequest: https://update.googleapis.com/service/update2/json
[159:159:0923/082405.599166:VERBOSE1:components/update_client/request_sender.cc:188] Request completed from url: https://update.googleapis.com/service/update2/json
[233:265:0923/082407.939075:VERBOSE1:net/base/network_delegate.cc:37] NetworkDelegate::NotifyBeforeURLRequest: http://edgedl.me.gvt1.com/edgedl/release2/chrome_component/bqs5j73g3wxidf4unnp3migk7e_1783/efniojlnjndmcbiieegkicadnoecjjef_1783_all_nvwsteds5e222o3s7jj5pxkcoy.crx3
[159:159:0923/082408.048413:VERBOSE1:components/update_client/url_fetcher_downloader.cc:159] url fetcher response started for: http://edgedl.me.gvt1.com/edgedl/release2/chrome_component/bqs5j73g3wxidf4unnp3migk7e_1783/efniojlnjndmcbiieegkicadnoecjjef_1783_all_nvwsteds5e222o3s7jj5pxkcoy.crx3
[159:159:0923/082408.306318:VERBOSE1:components/update_client/url_fetcher_downloader.cc:133] Downloaded 432503 bytes in 369ms from http://edgedl.me.gvt1.com/edgedl/release2/chrome_component/bqs5j73g3wxidf4unnp3migk7e_1783/efniojlnjndmcbiieegkicadnoecjjef_1783_all_nvwsteds5e222o3s7jj5pxkcoy.crx3 to /tmp/.org.chromium.Chromium.chrome_url_fetcher_.kcGbLb/efniojlnjndmcbiieegkicadnoecjjef_1783_all_nvwsteds5e222o3s7jj5pxkcoy.crx3
[159:211:0923/082408.430267:VERBOSE1:components/update_client/unpacker.cc:70] Verifying component: /root/input34-chromium-profile/component_crx_cache/2113231c3bea3a8558b6e33d5d13d213c44a9877b6351a62ddedaa8cf1fdfe83
[159:211:0923/082408.489405:VERBOSE1:components/update_client/unpacker.cc:100] Unpacking in: /tmp/.org.chromium.Chromium.chrome_Unpacker_BeginUnzipping.LknGKE
[159:211:0923/082408.504889:VERBOSE1:components/update_client/unpacker.cc:112] Unzipping failed.
[233:265:0923/082408.558071:VERBOSE1:net/base/network_delegate.cc:37] NetworkDelegate::NotifyBeforeURLRequest: https://update.googleapis.com/service/update2/json
[159:159:0923/082408.969875:VERBOSE1:components/update_client/request_sender.cc:188] Request completed from url: https://update.googleapis.com/service/update2/json
[233:265:0923/082412.002340:VERBOSE1:net/base/network_delegate.cc:37] NetworkDelegate::NotifyBeforeURLRequest: http://edgedl.me.gvt1.com/edgedl/release2/chrome_component/acaldksiunzh56452py2db5mnbpa_120.0.6050.0/jamhcnnkihinmdlkakkaopbjbbcngflc_120.0.6050.0_all_dgzfpknn7v3zslsbhrwu6bt44e.crx3
[159:159:0923/082412.132469:VERBOSE1:components/update_client/url_fetcher_downloader.cc:159] url fetcher response started for: http://edgedl.me.gvt1.com/edgedl/release2/chrome_component/acaldksiunzh56452py2db5mnbpa_120.0.6050.0/jamhcnnkihinmdlkakkaopbjbbcngflc_120.0.6050.0_all_dgzfpknn7v3zslsbhrwu6bt44e.crx3
[159:159:0923/082412.883881:VERBOSE1:components/update_client/url_fetcher_downloader.cc:133] Downloaded 1114805 bytes in 885ms from http://edgedl.me.gvt1.com/edgedl/release2/chrome_component/acaldksiunzh56452py2db5mnbpa_120.0.6050.0/jamhcnnkihinmdlkakkaopbjbbcngflc_120.0.6050.0_all_dgzfpknn7v3zslsbhrwu6bt44e.crx3 to /tmp/.org.chromium.Chromium.chrome_url_fetcher_.ODMLEd/jamhcnnkihinmdlkakkaopbjbbcngflc_120.0.6050.0_all_dgzfpknn7v3zslsbhrwu6bt44e.crx3
[159:211:0923/082413.189014:VERBOSE1:components/update_client/unpacker.cc:70] Verifying component: /root/input34-chromium-profile/component_crx_cache/c52c62a7c50daf7d3f73ec16977cd4b0ea401710807d5dbe3850941dd1b73a70
[159:211:0923/082413.304886:VERBOSE1:components/update_client/unpacker.cc:100] Unpacking in: /tmp/.org.chromium.Chromium.chrome_Unpacker_BeginUnzipping.aKECko
[159:212:0923/082413.324914:VERBOSE1:components/update_client/unpacker.cc:112] Unzipping failed.
[233:265:0923/082413.387479:VERBOSE1:net/base/network_delegate.cc:37] NetworkDelegate::NotifyBeforeURLRequest: https://update.googleapis.com/service/update2/json
[159:159:0923/082413.883711:VERBOSE1:components/update_client/request_sender.cc:188] Request completed from url: https://update.googleapis.com/service/update2/json
[233:265:0923/082418.333540:VERBOSE1:net/base/network_delegate.cc:37] NetworkDelegate::NotifyBeforeURLRequest: http://edgedl.me.gvt1.com/edgedl/release2/chrome_component/j2hxfei2occ5siitujtlwgp6xi_3/ojhpjlocmbogdgmfpkhlaaeamibhnphh_3_all_gplutbkdljxxbjolk3siq7kive.crx3
[159:159:0923/082418.436665:VERBOSE1:components/update_client/url_fetcher_downloader.cc:159] url fetcher response started for: http://edgedl.me.gvt1.com/edgedl/release2/chrome_component/j2hxfei2occ5siitujtlwgp6xi_3/ojhpjlocmbogdgmfpkhlaaeamibhnphh_3_all_gplutbkdljxxbjolk3siq7kive.crx3
[159:159:0923/082419.029186:VERBOSE1:components/update_client/url_fetcher_downloader.cc:133] Downloaded 878447 bytes in 697ms from http://edgedl.me.gvt1.com/edgedl/release2/chrome_component/j2hxfei2occ5siitujtlwgp6xi_3/ojhpjlocmbogdgmfpkhlaaeamibhnphh_3_all_gplutbkdljxxbjolk3siq7kive.crx3 to /tmp/.org.chromium.Chromium.chrome_url_fetcher_.eHKJKp/ojhpjlocmbogdgmfpkhlaaeamibhnphh_3_all_gplutbkdljxxbjolk3siq7kive.crx3
[159:210:0923/082419.308541:VERBOSE1:components/update_client/unpacker.cc:70] Verifying component: /root/input34-chromium-profile/component_crx_cache/545666a4efd056351597bb386aea1368105ededc976ed5650d8682daab9f37ff
[159:210:0923/082419.431956:VERBOSE1:components/update_client/unpacker.cc:100] Unpacking in: /tmp/.org.chromium.Chromium.chrome_Unpacker_BeginUnzipping.flFPcC
[159:211:0923/082419.460668:VERBOSE1:components/update_client/unpacker.cc:112] Unzipping failed.
[233:265:0923/082419.565924:VERBOSE1:net/base/network_delegate.cc:37] NetworkDelegate::NotifyBeforeURLRequest: https://update.googleapis.com/service/update2/json
[159:159:0923/082419.917373:VERBOSE1:components/update_client/request_sender.cc:188] Request completed from url: https://update.googleapis.com/service/update2/json
[233:265:0923/082425.643518:VERBOSE1:net/base/network_delegate.cc:37] NetworkDelegate::NotifyBeforeURLRequest: http://edgedl.me.gvt1.com/edgedl/release2/chrome_component/acrx7ouhu6es4mtakecyfqbyef2q_1.1.0.3/laoigpblnllgcgjnjnllmfolckpjlhki_1.1.0.3_all_adwgvw4jdcarox4vlsm7t4gq257a.crx3
[159:159:0923/082425.743811:VERBOSE1:components/update_client/url_fetcher_downloader.cc:159] url fetcher response started for: http://edgedl.me.gvt1.com/edgedl/release2/chrome_component/acrx7ouhu6es4mtakecyfqbyef2q_1.1.0.3/laoigpblnllgcgjnjnllmfolckpjlhki_1.1.0.3_all_adwgvw4jdcarox4vlsm7t4gq257a.crx3
[159:159:0923/082425.757531:VERBOSE1:components/update_client/url_fetcher_downloader.cc:133] Downloaded 12491 bytes in 116ms from http://edgedl.me.gvt1.com/edgedl/release2/chrome_component/acrx7ouhu6es4mtakecyfqbyef2q_1.1.0.3/laoigpblnllgcgjnjnllmfolckpjlhki_1.1.0.3_all_adwgvw4jdcarox4vlsm7t4gq257a.crx3 to /tmp/.org.chromium.Chromium.chrome_url_fetcher_.lAoEPI/laoigpblnllgcgjnjnllmfolckpjlhki_1.1.0.3_all_adwgvw4jdcarox4vlsm7t4gq257a.crx3
[159:210:0923/082425.814603:VERBOSE1:components/update_client/unpacker.cc:70] Verifying component: /root/input34-chromium-profile/component_crx_cache/7b05c14dba04ed522210b733f004cb0e74d7679a653b19bd029f9bc0e6b19903
[159:210:0923/082425.822287:VERBOSE1:components/update_client/unpacker.cc:100] Unpacking in: /tmp/.org.chromium.Chromium.chrome_Unpacker_BeginUnzipping.lbEdHO
[159:211:0923/082425.834208:VERBOSE1:components/update_client/unpacker.cc:112] Unzipping failed.
[233:265:0923/082425.878476:VERBOSE1:net/base/network_delegate.cc:37] NetworkDelegate::NotifyBeforeURLRequest: https://update.googleapis.com/service/update2/json
[159:159:0923/082426.387496:VERBOSE1:components/update_client/request_sender.cc:188] Request completed from url: https://update.googleapis.com/service/update2/json
[233:265:0923/082428.537961:ERROR:net/socket/ssl_client_socket_impl.cc:916] handshake failed; returned -1, SSL error code 1, net_error -101
[233:265:0923/082428.555374:ERROR:net/socket/ssl_client_socket_impl.cc:916] handshake failed; returned -1, SSL error code 1, net_error -101
[233:265:0923/082429.528998:ERROR:net/socket/ssl_client_socket_impl.cc:916] handshake failed; returned -1, SSL error code 1, net_error -101
[233:265:0923/082430.023717:ERROR:net/socket/ssl_client_socket_impl.cc:916] handshake failed; returned -1, SSL error code 1, net_error -101
[233:265:0923/082432.388590:VERBOSE1:net/base/network_delegate.cc:37] NetworkDelegate::NotifyBeforeURLRequest: http://edgedl.me.gvt1.com/edgedl/diffgen-puffin/eeigpngbgcognadeebkilcpcaedhellh/c7f7ea7e08d298a80765a4487523560228a6b60c4ff767480b2e91fc313de154
[159:159:0923/082432.497040:VERBOSE1:components/update_client/url_fetcher_downloader.cc:159] url fetcher response started for: http://edgedl.me.gvt1.com/edgedl/diffgen-puffin/eeigpngbgcognadeebkilcpcaedhellh/c7f7ea7e08d298a80765a4487523560228a6b60c4ff767480b2e91fc313de154
[159:159:0923/082432.580373:VERBOSE1:components/update_client/url_fetcher_downloader.cc:133] Downloaded 82164 bytes in 194ms from http://edgedl.me.gvt1.com/edgedl/diffgen-puffin/eeigpngbgcognadeebkilcpcaedhellh/c7f7ea7e08d298a80765a4487523560228a6b60c4ff767480b2e91fc313de154 to /tmp/.org.chromium.Chromium.chrome_url_fetcher_.cokOlA/c7f7ea7e08d298a80765a4487523560228a6b60c4ff767480b2e91fc313de154
[159:159:0923/082432.649022:VERBOSE1:base/files/file_util_posix.cc:317] Cannot stat "/tmp/.org.chromium.Chromium.chrome_url_fetcher_.cokOlA/decoded_xz": No such file or directory (2)
[233:265:0923/082432.694240:VERBOSE1:net/base/network_delegate.cc:37] NetworkDelegate::NotifyBeforeURLRequest: http://edgedl.me.gvt1.com/edgedl/release2/chrome_component/aca2hvz26rf7nouxdifokqhxrypa_2025.6.13.84507/eeigpngbgcognadeebkilcpcaedhellh_2025.06.13.084507_all_acip2yapafsolnpcvaohkisaowaq.crx3
[159:159:0923/082432.798342:VERBOSE1:components/update_client/url_fetcher_downloader.cc:159] url fetcher response started for: http://edgedl.me.gvt1.com/edgedl/release2/chrome_component/aca2hvz26rf7nouxdifokqhxrypa_2025.6.13.84507/eeigpngbgcognadeebkilcpcaedhellh_2025.06.13.084507_all_acip2yapafsolnpcvaohkisaowaq.crx3
[159:159:0923/082432.912498:VERBOSE1:components/update_client/url_fetcher_downloader.cc:133] Downloaded 263880 bytes in 220ms from http://edgedl.me.gvt1.com/edgedl/release2/chrome_component/aca2hvz26rf7nouxdifokqhxrypa_2025.6.13.84507/eeigpngbgcognadeebkilcpcaedhellh_2025.06.13.084507_all_acip2yapafsolnpcvaohkisaowaq.crx3 to /tmp/.org.chromium.Chromium.chrome_url_fetcher_.DjChCK/eeigpngbgcognadeebkilcpcaedhellh_2025.06.13.084507_all_acip2yapafsolnpcvaohkisaowaq.crx3
[159:210:0923/082433.033508:VERBOSE1:components/update_client/unpacker.cc:70] Verifying component: /root/input34-chromium-profile/component_crx_cache/4497d8060d0e53c12b4403aa9ebe7e827d4880bae3f4139a26a4feb7ed64c4a2
[159:210:0923/082433.067866:VERBOSE1:components/update_client/unpacker.cc:100] Unpacking in: /tmp/.org.chromium.Chromium.chrome_Unpacker_BeginUnzipping.Dllohh
[159:211:0923/082433.085989:VERBOSE1:components/update_client/unpacker.cc:112] Unzipping failed.
[233:265:0923/082433.134678:VERBOSE1:net/base/network_delegate.cc:37] NetworkDelegate::NotifyBeforeURLRequest: https://update.googleapis.com/service/update2/json
[159:159:0923/082434.129405:VERBOSE1:components/update_client/request_sender.cc:188] Request completed from url: https://update.googleapis.com/service/update2/json
[233:265:0923/082440.930308:VERBOSE1:net/base/network_delegate.cc:37] NetworkDelegate::NotifyBeforeURLRequest: http://edgedl.me.gvt1.com/edgedl/diffgen-puffin/jflookgnkcckhobaglndicnbbgbonegd/ac83a0cacf04394ae254e3785259fd7a4c5dcbb00b71d2f3f3d9e88597a28951
[159:159:0923/082441.030943:VERBOSE1:components/update_client/url_fetcher_downloader.cc:159] url fetcher response started for: http://edgedl.me.gvt1.com/edgedl/diffgen-puffin/jflookgnkcckhobaglndicnbbgbonegd/ac83a0cacf04394ae254e3785259fd7a4c5dcbb00b71d2f3f3d9e88597a28951
[159:159:0923/082441.096980:VERBOSE1:components/update_client/url_fetcher_downloader.cc:133] Downloaded 67976 bytes in 168ms from http://edgedl.me.gvt1.com/edgedl/diffgen-puffin/jflookgnkcckhobaglndicnbbgbonegd/ac83a0cacf04394ae254e3785259fd7a4c5dcbb00b71d2f3f3d9e88597a28951 to /tmp/.org.chromium.Chromium.chrome_url_fetcher_.kGjICb/ac83a0cacf04394ae254e3785259fd7a4c5dcbb00b71d2f3f3d9e88597a28951
[159:159:0923/082441.163494:VERBOSE1:base/files/file_util_posix.cc:317] Cannot stat "/tmp/.org.chromium.Chromium.chrome_url_fetcher_.kGjICb/decoded_xz": No such file or directory (2)
[233:265:0923/082441.207417:VERBOSE1:net/base/network_delegate.cc:37] NetworkDelegate::NotifyBeforeURLRequest: http://edgedl.me.gvt1.com/edgedl/release2/chrome_component/pusj5vh3lkssdnng52mdw6khti_3091/jflookgnkcckhobaglndicnbbgbonegd_3091_all_adfb4phbxwqsxsfvrtgwwtg25z6a.crx3
[159:159:0923/082441.300709:VERBOSE1:components/update_client/url_fetcher_downloader.cc:159] url fetcher response started for: http://edgedl.me.gvt1.com/edgedl/release2/chrome_component/pusj5vh3lkssdnng52mdw6khti_3091/jflookgnkcckhobaglndicnbbgbonegd_3091_all_adfb4phbxwqsxsfvrtgwwtg25z6a.crx3
[159:159:0923/082441.385548:VERBOSE1:components/update_client/url_fetcher_downloader.cc:133] Downloaded 188589 bytes in 180ms from http://edgedl.me.gvt1.com/edgedl/release2/chrome_component/pusj5vh3lkssdnng52mdw6khti_3091/jflookgnkcckhobaglndicnbbgbonegd_3091_all_adfb4phbxwqsxsfvrtgwwtg25z6a.crx3 to /tmp/.org.chromium.Chromium.chrome_url_fetcher_.Libhbl/jflookgnkcckhobaglndicnbbgbonegd_3091_all_adfb4phbxwqsxsfvrtgwwtg25z6a.crx3
[159:210:0923/082441.480636:VERBOSE1:components/update_client/unpacker.cc:70] Verifying component: /root/input34-chromium-profile/component_crx_cache/9bec6c2c0185d3305ac8495047a1aa01e725d58f8f18d219742a2988f07cd93a
[159:210:0923/082441.507865:VERBOSE1:components/update_client/unpacker.cc:100] Unpacking in: /tmp/.org.chromium.Chromium.chrome_Unpacker_BeginUnzipping.lDKPlE
[159:211:0923/082441.525654:VERBOSE1:components/update_client/unpacker.cc:112] Unzipping failed.
[233:265:0923/082441.568404:VERBOSE1:net/base/network_delegate.cc:37] NetworkDelegate::NotifyBeforeURLRequest: https://update.googleapis.com/service/update2/json
[159:159:0923/082442.147477:VERBOSE1:components/update_client/request_sender.cc:188] Request completed from url: https://update.googleapis.com/service/update2/json
[233:265:0923/082449.631791:VERBOSE1:net/base/network_delegate.cc:37] NetworkDelegate::NotifyBeforeURLRequest: http://edgedl.me.gvt1.com/edgedl/diffgen-puffin/ggkkehgbnfjpeggfpleeakpidbkibbmn/1f8a27feb1a960a3f4d66770af76a38f9eb918a443e9cf28d910d868a68c86d0
[159:159:0923/082449.739808:VERBOSE1:components/update_client/url_fetcher_downloader.cc:159] url fetcher response started for: http://edgedl.me.gvt1.com/edgedl/diffgen-puffin/ggkkehgbnfjpeggfpleeakpidbkibbmn/1f8a27feb1a960a3f4d66770af76a38f9eb918a443e9cf28d910d868a68c86d0
[159:159:0923/082449.789358:VERBOSE1:components/update_client/url_fetcher_downloader.cc:133] Downloaded 95772 bytes in 161ms from http://edgedl.me.gvt1.com/edgedl/diffgen-puffin/ggkkehgbnfjpeggfpleeakpidbkibbmn/1f8a27feb1a960a3f4d66770af76a38f9eb918a443e9cf28d910d868a68c86d0 to /tmp/.org.chromium.Chromium.chrome_url_fetcher_.DjkjDI/1f8a27feb1a960a3f4d66770af76a38f9eb918a443e9cf28d910d868a68c86d0
[159:159:0923/082449.857368:VERBOSE1:base/files/file_util_posix.cc:317] Cannot stat "/tmp/.org.chromium.Chromium.chrome_url_fetcher_.DjkjDI/decoded_xz": No such file or directory (2)
[233:265:0923/082449.903085:VERBOSE1:net/base/network_delegate.cc:37] NetworkDelegate::NotifyBeforeURLRequest: http://edgedl.me.gvt1.com/edgedl/release2/chrome_component/adydmmo4pf4z5mridusofoyfor6q_2026.9.21.87/ggkkehgbnfjpeggfpleeakpidbkibbmn_2026.9.21.87_all_himqgha62xshjg7z4ntr6mr4hu.crx3
[159:159:0923/082450.009698:VERBOSE1:components/update_client/url_fetcher_downloader.cc:159] url fetcher response started for: http://edgedl.me.gvt1.com/edgedl/release2/chrome_component/adydmmo4pf4z5mridusofoyfor6q_2026.9.21.87/ggkkehgbnfjpeggfpleeakpidbkibbmn_2026.9.21.87_all_himqgha62xshjg7z4ntr6mr4hu.crx3
[159:159:0923/082450.183439:VERBOSE1:components/update_client/url_fetcher_downloader.cc:133] Downloaded 297213 bytes in 282ms from http://edgedl.me.gvt1.com/edgedl/release2/chrome_component/adydmmo4pf4z5mridusofoyfor6q_2026.9.21.87/ggkkehgbnfjpeggfpleeakpidbkibbmn_2026.9.21.87_all_himqgha62xshjg7z4ntr6mr4hu.crx3 to /tmp/.org.chromium.Chromium.chrome_url_fetcher_.DKBOJa/ggkkehgbnfjpeggfpleeakpidbkibbmn_2026.9.21.87_all_himqgha62xshjg7z4ntr6mr4hu.crx3
[159:210:0923/082450.384837:VERBOSE1:components/update_client/unpacker.cc:70] Verifying component: /root/input34-chromium-profile/component_crx_cache/bdf31bffb8bb5d48da60cd6d3586dd23c9a0cab28dae671f1481406808c99973
[159:210:0923/082450.423980:VERBOSE1:components/update_client/unpacker.cc:100] Unpacking in: /tmp/.org.chromium.Chromium.chrome_Unpacker_BeginUnzipping.ElKlLC
[159:211:0923/082450.440861:VERBOSE1:components/update_client/unpacker.cc:112] Unzipping failed.
[233:265:0923/082450.492539:VERBOSE1:net/base/network_delegate.cc:37] NetworkDelegate::NotifyBeforeURLRequest: https://update.googleapis.com/service/update2/json
[159:159:0923/082450.844077:VERBOSE1:components/update_client/request_sender.cc:188] Request completed from url: https://update.googleapis.com/service/update2/json
[233:265:0923/082458.078679:VERBOSE1:net/base/network_delegate.cc:37] NetworkDelegate::NotifyBeforeURLRequest: https://android.clients.google.com/checkin
[233:265:0923/082458.122948:ERROR:net/socket/tcp_socket_posix.cc:88] Failed to set TCP_KEEPIDLE on fd: 30: Protocol not available (92)
[233:265:0923/082458.395924:ERROR:net/socket/tcp_socket_posix.cc:88] Failed to set TCP_KEEPIDLE on fd: 31: Protocol not available (92)
[233:265:0923/082459.263635:VERBOSE1:net/base/network_delegate.cc:37] NetworkDelegate::NotifyBeforeURLRequest: http://edgedl.me.gvt1.com/edgedl/release2/chrome_component/ac55zopqc7vere3bm2pinwvz3d6q_4/hajigopbbjhghbfimgkfmpenfkclmohk_4_all_gjbna5ieot3u4sywv4o74naely.crx3
[159:159:0923/082459.373797:VERBOSE1:components/update_client/url_fetcher_downloader.cc:159] url fetcher response started for: http://edgedl.me.gvt1.com/edgedl/release2/chrome_component/ac55zopqc7vere3bm2pinwvz3d6q_4/hajigopbbjhghbfimgkfmpenfkclmohk_4_all_gjbna5ieot3u4sywv4o74naely.crx3
[159:159:0923/082459.400994:VERBOSE1:components/update_client/url_fetcher_downloader.cc:133] Downloaded 4817 bytes in 139ms from http://edgedl.me.gvt1.com/edgedl/release2/chrome_component/ac55zopqc7vere3bm2pinwvz3d6q_4/hajigopbbjhghbfimgkfmpenfkclmohk_4_all_gjbna5ieot3u4sywv4o74naely.crx3 to /tmp/.org.chromium.Chromium.chrome_url_fetcher_.nBLLnm/hajigopbbjhghbfimgkfmpenfkclmohk_4_all_gjbna5ieot3u4sywv4o74naely.crx3
[159:210:0923/082459.483113:VERBOSE1:components/update_client/unpacker.cc:70] Verifying component: /root/input34-chromium-profile/component_crx_cache/abd93867c038d4d17c101ace2226d7e21303d984d7097271392bae6be478495b
[159:210:0923/082459.491867:VERBOSE1:components/update_client/unpacker.cc:100] Unpacking in: /tmp/.org.chromium.Chromium.chrome_Unpacker_BeginUnzipping.NelbME
[159:211:0923/082459.507677:VERBOSE1:components/update_client/unpacker.cc:112] Unzipping failed.
[233:265:0923/082459.548541:VERBOSE1:net/base/network_delegate.cc:37] NetworkDelegate::NotifyBeforeURLRequest: https://update.googleapis.com/service/update2/json
[159:159:0923/082500.176493:VERBOSE1:components/update_client/request_sender.cc:188] Request completed from url: https://update.googleapis.com/service/update2/json
[233:265:0923/082508.934650:VERBOSE1:net/base/network_delegate.cc:37] NetworkDelegate::NotifyBeforeURLRequest: http://edgedl.me.gvt1.com/edgedl/release2/chrome_component/mbdbfgnbg57rum2iy76cscmo5q_2025.8.19.0/ldfkbgjbencjpgjfleiooeldhjdapggh_2025.08.19.00_all_aca33ieotebranxseds54wzpdr5a.crx3
[159:159:0923/082509.027964:VERBOSE1:components/update_client/url_fetcher_downloader.cc:159] url fetcher response started for: http://edgedl.me.gvt1.com/edgedl/release2/chrome_component/mbdbfgnbg57rum2iy76cscmo5q_2025.8.19.0/ldfkbgjbencjpgjfleiooeldhjdapggh_2025.08.19.00_all_aca33ieotebranxseds54wzpdr5a.crx3
[159:159:0923/082509.051305:VERBOSE1:components/update_client/url_fetcher_downloader.cc:133] Downloaded 6369 bytes in 121ms from http://edgedl.me.gvt1.com/edgedl/release2/chrome_component/mbdbfgnbg57rum2iy76cscmo5q_2025.8.19.0/ldfkbgjbencjpgjfleiooeldhjdapggh_2025.08.19.00_all_aca33ieotebranxseds54wzpdr5a.crx3 to /tmp/.org.chromium.Chromium.chrome_url_fetcher_.gNnBCb/ldfkbgjbencjpgjfleiooeldhjdapggh_2025.08.19.00_all_aca33ieotebranxseds54wzpdr5a.crx3
[159:210:0923/082509.121147:VERBOSE1:components/update_client/unpacker.cc:70] Verifying component: /root/input34-chromium-profile/component_crx_cache/38582b0c9b1c6d2f052dc20f30201c30698f3c6a4f3da4567991bf5629b1fa94
[159:210:0923/082509.128185:VERBOSE1:components/update_client/unpacker.cc:100] Unpacking in: /tmp/.org.chromium.Chromium.chrome_Unpacker_BeginUnzipping.hECnbj
[159:211:0923/082509.147385:VERBOSE1:components/update_client/unpacker.cc:112] Unzipping failed.
[233:265:0923/082509.203512:VERBOSE1:net/base/network_delegate.cc:37] NetworkDelegate::NotifyBeforeURLRequest: https://update.googleapis.com/service/update2/json
[159:159:0923/082510.151070:VERBOSE1:components/update_client/request_sender.cc:188] Request completed from url: https://update.googleapis.com/service/update2/json
[159:222:0923/082515.050815:VERBOSE1:chrome/browser/shutdown_signal_handlers_posix.cc:131] Handling shutdown for signal 15.
[233:265:0923/082613.264794:ERROR:net/socket/ssl_client_socket_impl.cc:916] handshake failed; returned -1, SSL error code 1, net_error -101
[233:265:0923/082613.275190:ERROR:net/socket/ssl_client_socket_impl.cc:916] handshake failed; returned -1, SSL error code 1, net_error -101
