Wed Sep 23 08:19:59 UTC 2026 ===== A. official page set and unshimmed environment =====
Wed Sep 23 08:19:59 UTC 2026 kernel: Linux 10.0.0 aarch64
Wed Sep 23 08:19:59 UTC 2026 LD_PRELOAD=<unset>
Wed Sep 23 08:19:59 UTC 2026 pages: 831cf28f3748940b450d1da325aa39a2dcaea2fee15b0532bf4111144d176b38  /usr/share/html-test/index.html;58130daa4a2f426fd16b8bde93d964713f20e147da8af1537ab2d8b506d2fd58  /usr/share/html-test/interaction.html;a1b04f9aba81b4b7818be2e7a858d482d471bd0d625dee257f605b2129b8fc4c  /usr/share/html-test/layout.html;
Wed Sep 23 08:20:04 UTC 2026 runtime overlay extraction complete
fddbdf48c58ef774bfefa6ad47882a2803cf0046c83375566ad3f746704bb846  /root/chromium-swiftshader.apk
e015bef72f2950c15b4861d6c22530269d404d499fa7c4611cf4c27d8fed648c  /usr/lib/chromium/libvk_swiftshader.so
c9eef28b6b984fec220ef0abfecc40b502d46946706e47bfe97707027cb818bd  /usr/lib/chromium/vk_swiftshader_icd.json
Wed Sep 23 08:20:05 UTC 2026 [SWIFTSHADER_PAYLOAD] official apk and extracted files present
{"file_format_version": "1.0.0", "ICD": {"library_path": "./libvk_swiftshader.so", "api_version": "1.0.5"}}[PI_MUTEX_PROBE] protocol_rc=95 enotsup=95 mutex_init=0 lock=0 unlock=0 verdict=OK
Wed Sep 23 08:20:05 UTC 2026 [PTHREAD_PI_PROBE_EXIT] rc=0
Wed Sep 23 08:20:05 UTC 2026 ===== B. pathname AF_UNIX SOCK_SEQPACKET control probe =====
[SEQPACKET] socket/bind/listen/connect/accept + one control roundtrip PASS
[SEQPACKET_EXIT] 0 verdict=PATH_SOCKET_OK
Wed Sep 23 08:20:06 UTC 2026 [SEQPACKETPROBE_EXIT] rc=0
Wed Sep 23 08:20:06 UTC 2026 ===== B2. AF_UNIX automatic SO_PASSCRED probe =====
[PASSCRED] received pid=31 uid=0 gid=0 expected_pid=31
[PASSCRED_EXIT] 0 verdict=AUTO_CREDENTIALS_OK
Wed Sep 23 08:20:06 UTC 2026 [PASSCREDPROBE_EXIT] rc=0
Wed Sep 23 08:20:06 UTC 2026 ===== C. standard eudev service and coldplug =====
Wed Sep 23 08:20:08 UTC 2026 udevd_foreground_pid=38 alive=yes
starting version 3.2.14
 does not exist, please run udevadm hwdb --update
Load module index
timestamp of '/etc/udev/rules.d' changed
Reading rules file: /usr/lib/udev/rules.d/50-udev-default.rules
Reading rules file: /usr/lib/udev/rules.d/60-autosuspend.rules
Reading rules file: /usr/lib/udev/rules.d/60-block.rules
Reading rules file: /usr/lib/udev/rules.d/60-cdrom_id.rules
Reading rules file: /usr/lib/udev/rules.d/60-drm.rules
Reading rules file: /usr/lib/udev/rules.d/60-evdev.rules
Reading rules file: /usr/lib/udev/rules.d/60-fido-id.rules
Reading rules file: /usr/lib/udev/rules.d/60-input-id.rules
Reading rules file: /usr/lib/udev/rules.d/60-persistent-alsa.rules
Reading rules file: /usr/lib/udev/rules.d/60-persistent-input.rules
Reading rules file: /usr/lib/udev/rules.d/60-persistent-storage-tape.rules
Reading rules file: /usr/lib/udev/rules.d/60-persistent-storage.rules
Reading rules file: /usr/lib/udev/rules.d/60-persistent-v4l.rules
Reading rules file: /usr/lib/udev/rules.d/60-sensor.rules
Reading rules file: /usr/lib/udev/rules.d/60-serial.rules
Reading rules file: /usr/lib/udev/rules.d/64-btrfs.rules
Reading rules file: /usr/lib/udev/rules.d/70-camera.rules
Reading rules file: /usr/lib/udev/rules.d/70-joystick.rules
Reading rules file: /usr/lib/udev/rules.d/70-memory.rules
Reading rules file: /usr/lib/udev/rules.d/70-mouse.rules
Reading rules file: /usr/lib/udev/rules.d/70-touchpad.rules
Reading rules file: /usr/lib/udev/rules.d/75-net-description.rules
Reading rules file: /usr/lib/udev/rules.d/75-probe_mtd.rules
Reading rules file: /usr/lib/udev/rules.d/78-sound-card.rules
Reading rules file: /usr/lib/udev/rules.d/80-drivers.rules
Reading rules file: /usr/lib/udev/rules.d/81-net-dhcp.rules
Reading rules file: /etc/udev/rules.d/99-xkernel-seat0.rules
rules contain 24576 bytes tokens (2048 * 12 bytes), 9963 bytes strings
1280 strings (16955 bytes), 808 de-duplicated (7465 bytes), 473 trie nodes used
set children_max to 16
Wed Sep 23 08:20:08 UTC 2026 udevd_start_pid=38
Wed Sep 23 08:20:09 UTC 2026 ===== probe kernel KOBJECT_UEVENT delivery to NETLINK group 1 =====
[UEVENT_PROBE] write action=add rc=4 errno=0
[UEVENT_PROBE] poll(15s) rc=0 errno=0 (No error information)
Wed Sep 23 08:20:24 UTC 2026 [UEVENTPROBE_EXIT] rc=6
Wed Sep 23 08:20:26 UTC 2026 udevadm_trigger_rc=0
Wed Sep 23 08:20:35 UTC 2026 udevadm_settle_rc=1
Wed Sep 23 08:20:35 UTC 2026 udevd processes:
   38 root      0:00 udevd --debug
   66 root      0:00 udevd --debug
   67 root      0:00 udevd --debug
Wed Sep 23 08:20:35 UTC 2026 udevd debug tail:
Reading rules file: /usr/lib/udev/rules.d/60-fido-id.rules
Reading rules file: /usr/lib/udev/rules.d/60-input-id.rules
Reading rules file: /usr/lib/udev/rules.d/60-persistent-alsa.rules
Reading rules file: /usr/lib/udev/rules.d/60-persistent-input.rules
Reading rules file: /usr/lib/udev/rules.d/60-persistent-storage-tape.rules
Reading rules file: /usr/lib/udev/rules.d/60-persistent-storage.rules
Reading rules file: /usr/lib/udev/rules.d/60-persistent-v4l.rules
Reading rules file: /usr/lib/udev/rules.d/60-sensor.rules
Reading rules file: /usr/lib/udev/rules.d/60-serial.rules
Reading rules file: /usr/lib/udev/rules.d/64-btrfs.rules
Reading rules file: /usr/lib/udev/rules.d/70-camera.rules
Reading rules file: /usr/lib/udev/rules.d/70-joystick.rules
Reading rules file: /usr/lib/udev/rules.d/70-memory.rules
Reading rules file: /usr/lib/udev/rules.d/70-mouse.rules
Reading rules file: /usr/lib/udev/rules.d/70-touchpad.rules
Reading rules file: /usr/lib/udev/rules.d/75-net-description.rules
Reading rules file: /usr/lib/udev/rules.d/75-probe_mtd.rules
Reading rules file: /usr/lib/udev/rules.d/78-sound-card.rules
Reading rules file: /usr/lib/udev/rules.d/80-drivers.rules
Reading rules file: /usr/lib/udev/rules.d/81-net-dhcp.rules
Reading rules file: /etc/udev/rules.d/99-xkernel-seat0.rules
rules contain 24576 bytes tokens (2048 * 12 bytes), 9963 bytes strings
1280 strings (16955 bytes), 808 de-duplicated (7465 bytes), 473 trie nodes used
seq 1 forked new worker [66]
seq 1 running
seq 2 queued, 'add' 'input'
no db file to read /run/udev/data/c13:64: No such file or directory
GROUP 23 /usr/lib/udev/rules.d/50-udev-default.rules:29
IMPORT builtin 'hwdb' /usr/lib/udev/rules.d/60-evdev.rules:8
IMPORT builtin 'hwdb' returned non-zero
seq 2 forked new worker [67]
seq 2 running
no db file to read /run/udev/data/c13:65: No such file or directory
GROUP 23 /usr/lib/udev/rules.d/50-udev-default.rules:29
IMPORT builtin 'hwdb' /usr/lib/udev/rules.d/60-evdev.rules:18
IMPORT builtin 'hwdb' returned non-zero
IMPORT builtin 'hwdb' /usr/lib/udev/rules.d/60-evdev.rules:8
IMPORT builtin 'hwdb' returned non-zero
IMPORT builtin 'hwdb' /usr/lib/udev/rules.d/60-evdev.rules:23
IMPORT builtin 'hwdb' returned non-zero
IMPORT builtin 'input_id' /usr/lib/udev/rules.d/60-input-id.rules:5
capabilities/ev raw kernel attribute: 20003
capabilities/abs raw kernel attribute: 
capabilities/rel raw kernel attribute: 
capabilities/key raw kernel attribute: 400000007 ff803078f800dfff febeffff7bcfffff fffffffffffffffe
properties raw kernel attribute: 0
test_key: checking bit block 0 for any keys; found=1
test_key: checking bit block 64 for any keys; found=1
test_key: checking bit block 128 for any keys; found=1
test_key: checking bit block 192 for any keys; found=1
IMPORT builtin 'hwdb' /usr/lib/udev/rules.d/60-input-id.rules:6
IMPORT builtin 'hwdb' returned non-zero
IMPORT builtin 'hwdb' /usr/lib/udev/rules.d/60-evdev.rules:18
IMPORT builtin 'hwdb' returned non-zero
IMPORT builtin 'hwdb' /usr/lib/udev/rules.d/60-evdev.rules:23
IMPORT builtin 'hwdb' returned non-zero
IMPORT builtin 'input_id' /usr/lib/udev/rules.d/60-input-id.rules:5
IMPORT builtin 'path_id' /usr/lib/udev/rules.d/60-persistent-input.rules:35
capabilities/ev raw kernel attribute: 7
LINK 'input/by-path/pci-0000:00:05.0-event-kbd' /usr/lib/udev/rules.d/60-persistent-input.rules:37
capabilities/abs raw kernel attribute: 
handling device node '/dev/input/event0', devnum=c13:64, mode=0660, uid=0, gid=23
set permissions /dev/input/event0, 020660, uid=0, gid=23
capabilities/rel raw kernel attribute: 103
capabilities/key raw kernel attribute: 30400 00000000001f0000 0000000000000000 0000000000000000 0000000000000000 0000000000000000
creating symlink '/dev/char/13:64' to '../input/event0'
atomically replace '/dev/char/13:64'
properties raw kernel attribute: 0
test_key: checking bit block 0 for any keys; found=0
test_key: checking bit block 64 for any keys; found=0
symlink '../input/event0' '/dev/char/13:64.tmp-c13:64' failed: Operation not permitted
test_key: checking bit block 128 for any keys; found=0
test_key: checking bit block 192 for any keys; found=0
creating link '/dev/input/by-path/pci-0000:00:05.0-event-kbd' to '/dev/input/event0'
IMPORT builtin 'hwdb' /usr/lib/udev/rules.d/60-input-id.rules:6
IMPORT builtin 'hwdb' returned non-zero
creating symlink '/dev/input/by-path/pci-0000:00:05.0-event-kbd' to '../event0'
atomically replace '/dev/input/by-path/pci-0000:00:05.0-event-kbd'
symlink '../event0' '/dev/input/by-path/pci-0000:00:05.0-event-kbd.tmp-c13:64' failed: Operation not permitted
IMPORT builtin 'path_id' /usr/lib/udev/rules.d/60-persistent-input.rules:35
LINK 'input/by-path/pci-0000:00:06.0-event-mouse' /usr/lib/udev/rules.d/60-persistent-input.rules:37
handling device node '/dev/input/event1', devnum=c13:65, mode=0660, uid=0, gid=23
set permissions /dev/input/event1, 020660, uid=0, gid=23
creating symlink '/dev/char/13:65' to '../input/event1'
atomically replace '/dev/char/13:65'
symlink '../input/event1' '/dev/char/13:65.tmp-c13:65' failed: Operation not permitted
creating link '/dev/input/by-path/pci-0000:00:06.0-event-mouse' to '/dev/input/event1'
creating symlink '/dev/input/by-path/pci-0000:00:06.0-event-mouse' to '../event1'
atomically replace '/dev/input/by-path/pci-0000:00:06.0-event-mouse'
symlink '../event1' '/dev/input/by-path/pci-0000:00:06.0-event-mouse.tmp-c13:65' failed: Operation not permitted
created db file '/run/udev/data/c13:64' for '/devices/pci0000:00/0000:00:05.0/input/input0/event0'
passed 587 byte device to netlink monitor 0xc3080
seq 1 processed
created db file '/run/udev/data/c13:65' for '/devices/pci0000:00/0000:00:06.0/input/input1/event1'
passed 596 byte device to netlink monitor 0xc080
seq 2 processed
no sender credentials received, message ignored
Validate module index
Validate module index
Validate module index
[UDEVINIT] stat path=/dev/input/event0 rc=0 mode=020660 rdev=13:64
[UDEVINIT] by-name want=event0 sysname=event0 init=1 devnode=/dev/input/event0 devnum=13:64 syspath=/sys/devices/pci0000:00/0000:00:05.0/input/input0/event0 ID_INPUT=1 ID_SEAT=seat0
[UDEVINIT] by-devnum want=event0 sysname=event0 init=1 devnode=/dev/input/event0 devnum=13:64 syspath=/sys/devices/pci0000:00/0000:00:05.0/input/input0/event0 ID_INPUT=1 ID_SEAT=seat0
[UDEVINIT] stat path=/dev/input/event1 rc=0 mode=020660 rdev=13:65
[UDEVINIT] by-name want=event1 sysname=event1 init=1 devnode=/dev/input/event1 devnum=13:65 syspath=/sys/devices/pci0000:00/0000:00:06.0/input/input1/event1 ID_INPUT=1 ID_SEAT=seat0
[UDEVINIT] by-devnum want=event1 sysname=event1 init=1 devnode=/dev/input/event1 devnum=13:65 syspath=/sys/devices/pci0000:00/0000:00:06.0/input/input1/event1 ID_INPUT=1 ID_SEAT=seat0
[UDEVINIT_EXIT] done
Wed Sep 23 08:20:36 UTC 2026 [UDEVINITPROBE_EXIT] rc=0
[STATPROBE] path=/dev/input/event0 mode=020660 rdev=13:64
[STATPROBE] attr=/sys/class/input/event0/dev value=13:64
[STATPROBE] path=/dev/input/event1 mode=020660 rdev=13:65
[STATPROBE] attr=/sys/class/input/event1/dev value=13:65
[STATPROBE_EXIT] done
Wed Sep 23 08:20:36 UTC 2026 [STATPROBE_EXIT] rc=0
Wed Sep 23 08:20:36 UTC 2026 sysfs dev/char links:
Wed Sep 23 08:20:36 UTC 2026 /sys/dev/char/13:64 -> ../../devices/pci0000:00/0000:00:05.0/input/input0/event0 dev=13:64
Wed Sep 23 08:20:37 UTC 2026 /sys/dev/char/13:65 -> ../../devices/pci0000:00/0000:00:06.0/input/input1/event1 dev=13:65
Wed Sep 23 08:20:37 UTC 2026 c13:64: S:input/by-path/pci-0000:00:05.0-event-kbd;I:27469729;E:ID_INPUT=1;E:ID_INPUT_KEY=1;E:ID_INPUT_KEYBOARD=1;E:ID_PATH=pci-0000:00:05.0;E:ID_PATH_TAG=pci-0000_00_05_0;E:ID_SEAT=seat0;E:ID_SERIAL=noserial;G:seat;
Wed Sep 23 08:20:37 UTC 2026 c13:65: S:input/by-path/pci-0000:00:06.0-event-mouse;I:27499727;E:ID_INPUT=1;E:ID_INPUT_MOUSE=1;E:ID_PATH=pci-0000:00:06.0;E:ID_PATH_TAG=pci-0000_00_06_0;E:ID_SEAT=seat0;E:ID_SERIAL=noserial;G:seat;
Wed Sep 23 08:20:37 UTC 2026 sysfs class/input entries:
total 0
drwxr-xr-x    4 root     root             0 Jan  1  1970 .
drwxr-xr-x    5 root     root             0 Jan  1  1970 ..
drwxr-xr-x    2 root     root             0 Jan  1  1970 event0
drwxr-xr-x    2 root     root             0 Jan  1  1970 event1
lrwxrwxrwx    1 root     root            50 Jan  1  1970 input0 -> ../../devices/pci0000:00/0000:00:05.0/input/input0
lrwxrwxrwx    1 root     root            50 Jan  1  1970 input1 -> ../../devices/pci0000:00/0000:00:06.0/input/input1
Wed Sep 23 08:20:38 UTC 2026 sysfs bus/input devices:
total 0
drwxr-xr-x    2 root     root             0 Jan  1  1970 .
drwxr-xr-x    4 root     root             0 Jan  1  1970 ..
lrwxrwxrwx    1 root     root            60 Jan  1  1970 event0 -> ../../../devices/pci0000:00/0000:00:05.0/input/input0/event0
lrwxrwxrwx    1 root     root            60 Jan  1  1970 event1 -> ../../../devices/pci0000:00/0000:00:06.0/input/input1/event1
lrwxrwxrwx    1 root     root            53 Jan  1  1970 input0 -> ../../../devices/pci0000:00/0000:00:05.0/input/input0
lrwxrwxrwx    1 root     root            53 Jan  1  1970 input1 -> ../../../devices/pci0000:00/0000:00:06.0/input/input1
Wed Sep 23 08:20:38 UTC 2026 subsystem/input -> ../bus/input
Wed Sep 23 08:20:38 UTC 2026 ===== D. libudev input enumeration =====
==== inputudevprobe: guest libudev input coldplug view ====
[INPUT_UDEV] enumerate input subsystem match_rc=0 scan_rc=0
[INPUT_UDEV] by-name sysname=event0 devnode=/dev/input/event0 devnum=13:64 ID_INPUT=1 ID_SEAT=seat0 KEYBOARD=1 MOUSE=(null)
[INPUT_UDEV] by-name sysname=event1 devnode=/dev/input/event1 devnum=13:65 ID_INPUT=1 ID_SEAT=seat0 KEYBOARD=(null) MOUSE=1
[INPUT_UDEV] list syspath=/sys/devices/pci0000:00/0000:00:05.0/input/input0 sysname=input0
[INPUT_UDEV] list syspath=/sys/devices/pci0000:00/0000:00:05.0/input/input0 sysname=input0
[INPUT_UDEV] list syspath=/sys/devices/pci0000:00/0000:00:05.0/input/input0/event0 sysname=event0
[INPUT_UDEV] list syspath=/sys/devices/pci0000:00/0000:00:05.0/input/input0/event0 sysname=event0
[INPUT_UDEV] sysname=event0 syspath=/sys/devices/pci0000:00/0000:00:05.0/input/input0/event0 devnode=/dev/input/event0 devnum=13:64 ID_INPUT=1 KEYBOARD=1 MOUSE=(null)
[INPUT_UDEV] list syspath=/sys/devices/pci0000:00/0000:00:06.0/input/input1 sysname=input1
[INPUT_UDEV] list syspath=/sys/devices/pci0000:00/0000:00:06.0/input/input1 sysname=input1
[INPUT_UDEV] list syspath=/sys/devices/pci0000:00/0000:00:06.0/input/input1/event1 sysname=event1
[INPUT_UDEV] list syspath=/sys/devices/pci0000:00/0000:00:06.0/input/input1/event1 sysname=event1
[INPUT_UDEV] sysname=event1 syspath=/sys/devices/pci0000:00/0000:00:06.0/input/input1/event1 devnode=/dev/input/event1 devnum=13:65 ID_INPUT=1 KEYBOARD=(null) MOUSE=1
[INPUT_UDEV] by_name_count=2 event_count=2
[INPUT_UDEV_EXIT] 0 verdict=INPUT_UDEV_OK
Wed Sep 23 08:20:40 UTC 2026 [INPUT_UDEVPROBE_EXIT] rc=0
Wed Sep 23 08:20:40 UTC 2026 ===== E. actual evdev node capabilities =====
total 0
crw-rw----    1 root     input      13,  64 Sep 23 08:20 event0
crw-rw----    1 root     input      13,  65 Sep 23 08:20 event1
=== evprobe: evdev 输入设备枚举 ===
[EV] /dev/input/event0
[EV]   EVIOCGNAME  rc=21 name="QEMU Virtio Keyboard"
[EV]   EVIOCGID    bustype=BUS_VIRTUAL(0x0006) vendor=0x0627 product=0x0001 version=0x0001
[EV]   EV  types:  SYN=0 KEY=1 REL=0 ABS=0 MSC=0 SW=0 REP=0
[EV]   key bits:  BTN_LEFT=0 BTN_RIGHT=0 BTN_MIDDLE=0 BTN_TOUCH=0 KEY_A=1 KEY_Z=1 KEY_SPACE=1
[EVSUM] node=/dev/input/event0 minor=1 class=KEYBOARD (rel=0 abs=0 btn=0 kbdkeys=1)
[EV] /dev/input/event1
[EV]   EVIOCGNAME  rc=18 name="QEMU Virtio Mouse"
[EV]   EVIOCGID    bustype=BUS_VIRTUAL(0x0006) vendor=0x0627 product=0x0002 version=0x0002
[EV]   EV  types:  SYN=0 KEY=1 REL=1 ABS=0 MSC=0 SW=0 REP=0
[EV]   key bits:  BTN_LEFT=1 BTN_RIGHT=1 BTN_MIDDLE=1 BTN_TOUCH=1 KEY_A=0 KEY_Z=0 KEY_SPACE=0
[EVSUM] node=/dev/input/event1 minor=2 class=MOUSE (rel=1 abs=0 btn=1 kbdkeys=0)
[EV] /dev/input/event2 open -> -1 errno=2 (No such file or directory)
[EV] /dev/input/event3 open -> -1 errno=2 (No such file or directory)
[EV] /dev/input/event4 open -> -1 errno=2 (No such file or directory)
[EV] /dev/input/event5 open -> -1 errno=2 (No such file or directory)
[EV] /dev/input/event6 open -> -1 errno=2 (No such file or directory)
[EV] /dev/input/event7 open -> -1 errno=2 (No such file or directory)
[EV] /dev/input/event8 open -> -1 errno=2 (No such file or directory)
[EV] /dev/input/event9 open -> -1 errno=2 (No such file or directory)
[EV] /dev/input/event10 open -> -1 errno=2 (No such file or directory)
[EV] /dev/input/event11 open -> -1 errno=2 (No such file or directory)
[EV] /dev/input/event12 open -> -1 errno=2 (No such file or directory)
[EV] /dev/input/event13 open -> -1 errno=2 (No such file or directory)
[EV] /dev/input/event14 open -> -1 errno=2 (No such file or directory)
[EV] /dev/input/event15 open -> -1 errno=2 (No such file or directory)

[EV] 共找到 2 个 evdev 节点
[EVMAP] 建议的 udev 伪造（可用次设备号）：keyboard=c13:1  pointer=c13:2
Wed Sep 23 08:20:41 UTC 2026 [EVPROBE_EXIT] rc=0
Wed Sep 23 08:20:41 UTC 2026 ===== F. Weston DRM + libinput; input is required =====
00:00:00.012 [INFO] [libseat/libseat.c:73] Seat opened with backend 'seatd'
[SEATPROBE] device_id=1 fd=4 id_rc=0 name_rc=21 name=QEMU Virtio Keyboard dev=0006:0001
[SEATPROBE] close_device rc=0 errno=11 (Resource temporarily unavailable)
00:00:00.030 [INFO] [libseat/backend/seatd.c:212] Enabling seat
[SEATPROBE] seat enabled
[SEATPROBE] close_seat rc=0 errno=11 (Resource temporarily unavailable)
[SEATPROBE_EXIT] 0 verdict=LIBSEAT_DEVICE_FD_OK
Wed Sep 23 08:20:43 UTC 2026 [SEATPROBE_EXIT] rc=0
[LIBINPUT_PROBE] open_restricted path=/dev/input/event0 flags=0x80802 fd=5 errno=2 (No such file or directory)
libinput info: event0  - QEMU Virtio Keyboard: is tagged by udev as: Keyboard
libinput info: event0  - QEMU Virtio Keyboard: device is a keyboard
[LIBINPUT_PROBE] add_device path=/dev/input/event0 result=ok errno=2 (No such file or directory)
libinput info: event0  - QEMU Virtio Keyboard: device removed
[LIBINPUT_PROBE] close_restricted fd=5 rc=0 errno=2 (No such file or directory)
[LIBINPUT_PROBE] open_restricted path=/dev/input/event1 flags=0x80802 fd=5 errno=0 (No error information)
libinput info: event1  - QEMU Virtio Mouse: is tagged by udev as: Mouse
libinput info: event1  - QEMU Virtio Mouse: device is a pointer
[LIBINPUT_PROBE] add_device path=/dev/input/event1 result=ok errno=2 (No such file or directory)
libinput info: event1  - QEMU Virtio Mouse: device removed
[LIBINPUT_PROBE] close_restricted fd=5 rc=0 errno=2 (No such file or directory)
[LIBINPUT_PROBE_EXIT] 0 devices_added=2 verdict=LIBINPUT_OK
Wed Sep 23 08:20:44 UTC 2026 [LIBINPUTPROBE_EXIT] rc=0
Wed Sep 23 08:20:54 UTC 2026 weston_alive=yes socket=[/run/user/0/wayland-1]
[08:20:44.563] Command line: weston --backend=drm-backend.so --renderer=pixman --drm-device=card0 --seat=seat0 --idle-time=0 --debug --log=/root/input34-weston.log
[08:20:44.709] using /dev/dri/card0
[08:20:45.147] libinput: configuring device "QEMU Virtio Keyboard".
[08:20:45.150] libinput: configuring device "QEMU Virtio Mouse".
[08:20:45.213] DRM: output Virtual-1 uses shadow framebuffer.
[08:20:45.216] associating input device event0 with output Virtual-1 (none by udev)
[08:20:45.216] associating input device event1 with output Virtual-1 (none by udev)
[08:20:45.218] Output 'Virtual-1' enabled with head(s) Virtual-1
Wed Sep 23 08:20:55 UTC 2026 ===== G. Chromium normal renderer mode =====
Wed Sep 23 08:20:55 UTC 2026 chromium pid=159
Wed Sep 23 08:20:55 UTC 2026 chromium_alive elapsed=0s
Wed Sep 23 08:20:56 UTC 2026 PROC pid=159 cmd=/usr/lib/chromium/chromium --ozone-platform=wayland --use-gl=angle --use-angle=swiftshader --in-process-gpu --no-sandbox --disable-dev-shm-usage --disable-crash-reporter --disable-breakpad --no-first-run --no-default-browser-check --disable-sync --window-size=1280,800 --start-fullscreen --kiosk --disable-features=SegmentationPlatform,OptimizationGuideModelDownloading,OptimizationHints,WebAppProvider,InterestFeedContentSuggestions --enable-logging=stderr --v=1 --vmodule=*wayland*=2,*ozone*=2,*navigation*=2,*render_process*=2 --user-data-dir=/root/input34-chromium-profile file:///usr/share/html-test/index.html 
Wed Sep 23 08:21:13 UTC 2026 chromium_alive elapsed=15s
Wed Sep 23 08:21:14 UTC 2026 PROC pid=159 cmd=/usr/lib/chromium/chromium --ozone-platform=wayland --use-gl=angle --use-angle=swiftshader --in-process-gpu --no-sandbox --disable-dev-shm-usage --disable-crash-reporter --disable-breakpad --no-first-run --no-default-browser-check --disable-sync --window-size=1280,800 --start-fullscreen --kiosk --disable-features=SegmentationPlatform,OptimizationGuideModelDownloading,OptimizationHints,WebAppProvider,InterestFeedContentSuggestions --enable-logging=stderr --v=1 --vmodule=*wayland*=2,*ozone*=2,*navigation*=2,*render_process*=2 --user-data-dir=/root/input34-chromium-profile file:///usr/share/html-test/index.html 
Wed Sep 23 08:21:15 UTC 2026 PROC pid=183 cmd=/usr/lib/chromium/chromium --type=zygote --no-zygote-sandbox --no-sandbox --enable-logging=stderr --v=1 --vmodule=*wayland*=2,*ozone*=2,*navigation*=2,*render_process*=2 --crashpad-handler-pid=0 --enable-crash-reporter=, --user-data-dir=/root/input34-chromium-profile --change-stack-guard-on-fork=enable 
Wed Sep 23 08:21:15 UTC 2026 PROC pid=184 cmd=/usr/lib/chromium/chromium --type=zygote --no-sandbox --enable-logging=stderr --v=1 --vmodule=*wayland*=2,*ozone*=2,*navigation*=2,*render_process*=2 --crashpad-handler-pid=0 --enable-crash-reporter=, --user-data-dir=/root/input34-chromium-profile --change-stack-guard-on-fork=enable 
Wed Sep 23 08:21:31 UTC 2026 chromium_alive elapsed=30s
Wed Sep 23 08:21:32 UTC 2026 PROC pid=159 cmd=/usr/lib/chromium/chromium --ozone-platform=wayland --use-gl=angle --use-angle=swiftshader --in-process-gpu --no-sandbox --disable-dev-shm-usage --disable-crash-reporter --disable-breakpad --no-first-run --no-default-browser-check --disable-sync --window-size=1280,800 --start-fullscreen --kiosk --disable-features=SegmentationPlatform,OptimizationGuideModelDownloading,OptimizationHints,WebAppProvider,InterestFeedContentSuggestions --enable-logging=stderr --v=1 --vmodule=*wayland*=2,*ozone*=2,*navigation*=2,*render_process*=2 --user-data-dir=/root/input34-chromium-profile file:///usr/share/html-test/index.html 
Wed Sep 23 08:21:33 UTC 2026 PROC pid=233 cmd=/proc/self/exe --type=utility --utility-sub-type=network.mojom.NetworkService --lang=en-US --service-sandbox-type=none --no-sandbox --disable-dev-shm-usage --use-angle=swiftshader --use-gl=angle --crashpad-handler-pid=0 --enable-crash-reporter=, --user-data-dir=/root/input34-chromium-profile --change-stack-guard-on-fork=enable --shared-files=v8_context_snapshot_data:100 --metrics-shmem-handle=4,i,11412083935751891594,18220575207559002488,524288 --field-trial-handle=3,i,12633294963622596672,16712337612644542077,262144 --disable-features=InterestFeedContentSuggestions,OptimizationGuideModelDownloading,OptimizationHints,SegmentationPlatform,WebAppProvider --variations-seed-version --trace-process-track-uuid=3190708989122997041 --enable-logging=stderr --v=1 --vmodule=*wayland*=2,*ozone*=2,*navigation*=2,*render_process*=2 
Wed Sep 23 08:21:50 UTC 2026 chromium_alive elapsed=45s
Wed Sep 23 08:21:51 UTC 2026 PROC pid=159 cmd=/usr/lib/chromium/chromium --ozone-platform=wayland --use-gl=angle --use-angle=swiftshader --in-process-gpu --no-sandbox --disable-dev-shm-usage --disable-crash-reporter --disable-breakpad --no-first-run --no-default-browser-check --disable-sync --window-size=1280,800 --start-fullscreen --kiosk --disable-features=SegmentationPlatform,OptimizationGuideModelDownloading,OptimizationHints,WebAppProvider,InterestFeedContentSuggestions --enable-logging=stderr --v=1 --vmodule=*wayland*=2,*ozone*=2,*navigation*=2,*render_process*=2 --user-data-dir=/root/input34-chromium-profile file:///usr/share/html-test/index.html 
Wed Sep 23 08:21:52 UTC 2026 PROC pid=233 cmd=/proc/self/exe --type=utility --utility-sub-type=network.mojom.NetworkService --lang=en-US --service-sandbox-type=none --no-sandbox --disable-dev-shm-usage --use-angle=swiftshader --use-gl=angle --crashpad-handler-pid=0 --enable-crash-reporter=, --user-data-dir=/root/input34-chromium-profile --change-stack-guard-on-fork=enable --shared-files=v8_context_snapshot_data:100 --metrics-shmem-handle=4,i,11412083935751891594,18220575207559002488,524288 --field-trial-handle=3,i,12633294963622596672,16712337612644542077,262144 --disable-features=InterestFeedContentSuggestions,OptimizationGuideModelDownloading,OptimizationHints,SegmentationPlatform,WebAppProvider --variations-seed-version --trace-process-track-uuid=3190708989122997041 --enable-logging=stderr --v=1 --vmodule=*wayland*=2,*ozone*=2,*navigation*=2,*render_process*=2 
Wed Sep 23 08:22:08 UTC 2026 chromium_alive elapsed=60s
Wed Sep 23 08:22:09 UTC 2026 PROC pid=159 cmd=/usr/lib/chromium/chromium --ozone-platform=wayland --use-gl=angle --use-angle=swiftshader --in-process-gpu --no-sandbox --disable-dev-shm-usage --disable-crash-reporter --disable-breakpad --no-first-run --no-default-browser-check --disable-sync --window-size=1280,800 --start-fullscreen --kiosk --disable-features=SegmentationPlatform,OptimizationGuideModelDownloading,OptimizationHints,WebAppProvider,InterestFeedContentSuggestions --enable-logging=stderr --v=1 --vmodule=*wayland*=2,*ozone*=2,*navigation*=2,*render_process*=2 --user-data-dir=/root/input34-chromium-profile file:///usr/share/html-test/index.html 
Wed Sep 23 08:22:10 UTC 2026 PROC pid=233 cmd=/proc/self/exe --type=utility --utility-sub-type=network.mojom.NetworkService --lang=en-US --service-sandbox-type=none --no-sandbox --disable-dev-shm-usage --use-angle=swiftshader --use-gl=angle --crashpad-handler-pid=0 --enable-crash-reporter=, --user-data-dir=/root/input34-chromium-profile --change-stack-guard-on-fork=enable --shared-files=v8_context_snapshot_data:100 --metrics-shmem-handle=4,i,11412083935751891594,18220575207559002488,524288 --field-trial-handle=3,i,12633294963622596672,16712337612644542077,262144 --disable-features=InterestFeedContentSuggestions,OptimizationGuideModelDownloading,OptimizationHints,SegmentationPlatform,WebAppProvider --variations-seed-version --trace-process-track-uuid=3190708989122997041 --enable-logging=stderr --v=1 --vmodule=*wayland*=2,*ozone*=2,*navigation*=2,*render_process*=2 
Wed Sep 23 08:22:27 UTC 2026 chromium_alive elapsed=75s
Wed Sep 23 08:22:28 UTC 2026 PROC pid=159 cmd=/usr/lib/chromium/chromium --ozone-platform=wayland --use-gl=angle --use-angle=swiftshader --in-process-gpu --no-sandbox --disable-dev-shm-usage --disable-crash-reporter --disable-breakpad --no-first-run --no-default-browser-check --disable-sync --window-size=1280,800 --start-fullscreen --kiosk --disable-features=SegmentationPlatform,OptimizationGuideModelDownloading,OptimizationHints,WebAppProvider,InterestFeedContentSuggestions --enable-logging=stderr --v=1 --vmodule=*wayland*=2,*ozone*=2,*navigation*=2,*render_process*=2 --user-data-dir=/root/input34-chromium-profile file:///usr/share/html-test/index.html 
Wed Sep 23 08:22:29 UTC 2026 PROC pid=233 cmd=/proc/self/exe --type=utility --utility-sub-type=network.mojom.NetworkService --lang=en-US --service-sandbox-type=none --no-sandbox --disable-dev-shm-usage --use-angle=swiftshader --use-gl=angle --crashpad-handler-pid=0 --enable-crash-reporter=, --user-data-dir=/root/input34-chromium-profile --change-stack-guard-on-fork=enable --shared-files=v8_context_snapshot_data:100 --metrics-shmem-handle=4,i,11412083935751891594,18220575207559002488,524288 --field-trial-handle=3,i,12633294963622596672,16712337612644542077,262144 --disable-features=InterestFeedContentSuggestions,OptimizationGuideModelDownloading,OptimizationHints,SegmentationPlatform,WebAppProvider --variations-seed-version --trace-process-track-uuid=3190708989122997041 --enable-logging=stderr --v=1 --vmodule=*wayland*=2,*ozone*=2,*navigation*=2,*render_process*=2 
Wed Sep 23 08:22:46 UTC 2026 chromium_alive elapsed=90s
Wed Sep 23 08:22:47 UTC 2026 PROC pid=159 cmd=/usr/lib/chromium/chromium --ozone-platform=wayland --use-gl=angle --use-angle=swiftshader --in-process-gpu --no-sandbox --disable-dev-shm-usage --disable-crash-reporter --disable-breakpad --no-first-run --no-default-browser-check --disable-sync --window-size=1280,800 --start-fullscreen --kiosk --disable-features=SegmentationPlatform,OptimizationGuideModelDownloading,OptimizationHints,WebAppProvider,InterestFeedContentSuggestions --enable-logging=stderr --v=1 --vmodule=*wayland*=2,*ozone*=2,*navigation*=2,*render_process*=2 --user-data-dir=/root/input34-chromium-profile file:///usr/share/html-test/index.html 
Wed Sep 23 08:22:48 UTC 2026 PROC pid=233 cmd=/proc/self/exe --type=utility --utility-sub-type=network.mojom.NetworkService --lang=en-US --service-sandbox-type=none --no-sandbox --disable-dev-shm-usage --use-angle=swiftshader --use-gl=angle --crashpad-handler-pid=0 --enable-crash-reporter=, --user-data-dir=/root/input34-chromium-profile --change-stack-guard-on-fork=enable --shared-files=v8_context_snapshot_data:100 --metrics-shmem-handle=4,i,11412083935751891594,18220575207559002488,524288 --field-trial-handle=3,i,12633294963622596672,16712337612644542077,262144 --disable-features=InterestFeedContentSuggestions,OptimizationGuideModelDownloading,OptimizationHints,SegmentationPlatform,WebAppProvider --variations-seed-version --trace-process-track-uuid=3190708989122997041 --enable-logging=stderr --v=1 --vmodule=*wayland*=2,*ozone*=2,*navigation*=2,*render_process*=2 
Wed Sep 23 08:23:05 UTC 2026 chromium_alive elapsed=105s
Wed Sep 23 08:23:06 UTC 2026 PROC pid=159 cmd=/usr/lib/chromium/chromium --ozone-platform=wayland --use-gl=angle --use-angle=swiftshader --in-process-gpu --no-sandbox --disable-dev-shm-usage --disable-crash-reporter --disable-breakpad --no-first-run --no-default-browser-check --disable-sync --window-size=1280,800 --start-fullscreen --kiosk --disable-features=SegmentationPlatform,OptimizationGuideModelDownloading,OptimizationHints,WebAppProvider,InterestFeedContentSuggestions --enable-logging=stderr --v=1 --vmodule=*wayland*=2,*ozone*=2,*navigation*=2,*render_process*=2 --user-data-dir=/root/input34-chromium-profile file:///usr/share/html-test/index.html 
Wed Sep 23 08:23:07 UTC 2026 PROC pid=233 cmd=/proc/self/exe --type=utility --utility-sub-type=network.mojom.NetworkService --lang=en-US --service-sandbox-type=none --no-sandbox --disable-dev-shm-usage --use-angle=swiftshader --use-gl=angle --crashpad-handler-pid=0 --enable-crash-reporter=, --user-data-dir=/root/input34-chromium-profile --change-stack-guard-on-fork=enable --shared-files=v8_context_snapshot_data:100 --metrics-shmem-handle=4,i,11412083935751891594,18220575207559002488,524288 --field-trial-handle=3,i,12633294963622596672,16712337612644542077,262144 --disable-features=InterestFeedContentSuggestions,OptimizationGuideModelDownloading,OptimizationHints,SegmentationPlatform,WebAppProvider --variations-seed-version --trace-process-track-uuid=3190708989122997041 --enable-logging=stderr --v=1 --vmodule=*wayland*=2,*ozone*=2,*navigation*=2,*render_process*=2 
Wed Sep 23 08:23:24 UTC 2026 chromium_alive elapsed=120s
Wed Sep 23 08:23:25 UTC 2026 PROC pid=159 cmd=/usr/lib/chromium/chromium --ozone-platform=wayland --use-gl=angle --use-angle=swiftshader --in-process-gpu --no-sandbox --disable-dev-shm-usage --disable-crash-reporter --disable-breakpad --no-first-run --no-default-browser-check --disable-sync --window-size=1280,800 --start-fullscreen --kiosk --disable-features=SegmentationPlatform,OptimizationGuideModelDownloading,OptimizationHints,WebAppProvider,InterestFeedContentSuggestions --enable-logging=stderr --v=1 --vmodule=*wayland*=2,*ozone*=2,*navigation*=2,*render_process*=2 --user-data-dir=/root/input34-chromium-profile file:///usr/share/html-test/index.html 
Wed Sep 23 08:23:26 UTC 2026 PROC pid=233 cmd=/proc/self/exe --type=utility --utility-sub-type=network.mojom.NetworkService --lang=en-US --service-sandbox-type=none --no-sandbox --disable-dev-shm-usage --use-angle=swiftshader --use-gl=angle --crashpad-handler-pid=0 --enable-crash-reporter=, --user-data-dir=/root/input34-chromium-profile --change-stack-guard-on-fork=enable --shared-files=v8_context_snapshot_data:100 --metrics-shmem-handle=4,i,11412083935751891594,18220575207559002488,524288 --field-trial-handle=3,i,12633294963622596672,16712337612644542077,262144 --disable-features=InterestFeedContentSuggestions,OptimizationGuideModelDownloading,OptimizationHints,SegmentationPlatform,WebAppProvider --variations-seed-version --trace-process-track-uuid=3190708989122997041 --enable-logging=stderr --v=1 --vmodule=*wayland*=2,*ozone*=2,*navigation*=2,*render_process*=2 
Wed Sep 23 08:23:42 UTC 2026 chromium_alive elapsed=135s
Wed Sep 23 08:23:43 UTC 2026 PROC pid=159 cmd=/usr/lib/chromium/chromium --ozone-platform=wayland --use-gl=angle --use-angle=swiftshader --in-process-gpu --no-sandbox --disable-dev-shm-usage --disable-crash-reporter --disable-breakpad --no-first-run --no-default-browser-check --disable-sync --window-size=1280,800 --start-fullscreen --kiosk --disable-features=SegmentationPlatform,OptimizationGuideModelDownloading,OptimizationHints,WebAppProvider,InterestFeedContentSuggestions --enable-logging=stderr --v=1 --vmodule=*wayland*=2,*ozone*=2,*navigation*=2,*render_process*=2 --user-data-dir=/root/input34-chromium-profile file:///usr/share/html-test/index.html 
Wed Sep 23 08:23:44 UTC 2026 PROC pid=233 cmd=/proc/self/exe --type=utility --utility-sub-type=network.mojom.NetworkService --lang=en-US --service-sandbox-type=none --no-sandbox --disable-dev-shm-usage --use-angle=swiftshader --use-gl=angle --crashpad-handler-pid=0 --enable-crash-reporter=, --user-data-dir=/root/input34-chromium-profile --change-stack-guard-on-fork=enable --shared-files=v8_context_snapshot_data:100 --metrics-shmem-handle=4,i,11412083935751891594,18220575207559002488,524288 --field-trial-handle=3,i,12633294963622596672,16712337612644542077,262144 --disable-features=InterestFeedContentSuggestions,OptimizationGuideModelDownloading,OptimizationHints,SegmentationPlatform,WebAppProvider --variations-seed-version --trace-process-track-uuid=3190708989122997041 --enable-logging=stderr --v=1 --vmodule=*wayland*=2,*ozone*=2,*navigation*=2,*render_process*=2 
Wed Sep 23 08:24:00 UTC 2026 chromium_alive elapsed=150s
Wed Sep 23 08:24:02 UTC 2026 PROC pid=159 cmd=/usr/lib/chromium/chromium --ozone-platform=wayland --use-gl=angle --use-angle=swiftshader --in-process-gpu --no-sandbox --disable-dev-shm-usage --disable-crash-reporter --disable-breakpad --no-first-run --no-default-browser-check --disable-sync --window-size=1280,800 --start-fullscreen --kiosk --disable-features=SegmentationPlatform,OptimizationGuideModelDownloading,OptimizationHints,WebAppProvider,InterestFeedContentSuggestions --enable-logging=stderr --v=1 --vmodule=*wayland*=2,*ozone*=2,*navigation*=2,*render_process*=2 --user-data-dir=/root/input34-chromium-profile file:///usr/share/html-test/index.html 
Wed Sep 23 08:24:03 UTC 2026 PROC pid=233 cmd=/proc/self/exe --type=utility --utility-sub-type=network.mojom.NetworkService --lang=en-US --service-sandbox-type=none --no-sandbox --disable-dev-shm-usage --use-angle=swiftshader --use-gl=angle --crashpad-handler-pid=0 --enable-crash-reporter=, --user-data-dir=/root/input34-chromium-profile --change-stack-guard-on-fork=enable --shared-files=v8_context_snapshot_data:100 --metrics-shmem-handle=4,i,11412083935751891594,18220575207559002488,524288 --field-trial-handle=3,i,12633294963622596672,16712337612644542077,262144 --disable-features=InterestFeedContentSuggestions,OptimizationGuideModelDownloading,OptimizationHints,SegmentationPlatform,WebAppProvider --variations-seed-version --trace-process-track-uuid=3190708989122997041 --enable-logging=stderr --v=1 --vmodule=*wayland*=2,*ozone*=2,*navigation*=2,*render_process*=2 
Wed Sep 23 08:24:19 UTC 2026 chromium_alive elapsed=165s
Wed Sep 23 08:24:20 UTC 2026 PROC pid=159 cmd=/usr/lib/chromium/chromium --ozone-platform=wayland --use-gl=angle --use-angle=swiftshader --in-process-gpu --no-sandbox --disable-dev-shm-usage --disable-crash-reporter --disable-breakpad --no-first-run --no-default-browser-check --disable-sync --window-size=1280,800 --start-fullscreen --kiosk --disable-features=SegmentationPlatform,OptimizationGuideModelDownloading,OptimizationHints,WebAppProvider,InterestFeedContentSuggestions --enable-logging=stderr --v=1 --vmodule=*wayland*=2,*ozone*=2,*navigation*=2,*render_process*=2 --user-data-dir=/root/input34-chromium-profile file:///usr/share/html-test/index.html 
Wed Sep 23 08:24:21 UTC 2026 PROC pid=233 cmd=/proc/self/exe --type=utility --utility-sub-type=network.mojom.NetworkService --lang=en-US --service-sandbox-type=none --no-sandbox --disable-dev-shm-usage --use-angle=swiftshader --use-gl=angle --crashpad-handler-pid=0 --enable-crash-reporter=, --user-data-dir=/root/input34-chromium-profile --change-stack-guard-on-fork=enable --shared-files=v8_context_snapshot_data:100 --metrics-shmem-handle=4,i,11412083935751891594,18220575207559002488,524288 --field-trial-handle=3,i,12633294963622596672,16712337612644542077,262144 --disable-features=InterestFeedContentSuggestions,OptimizationGuideModelDownloading,OptimizationHints,SegmentationPlatform,WebAppProvider --variations-seed-version --trace-process-track-uuid=3190708989122997041 --enable-logging=stderr --v=1 --vmodule=*wayland*=2,*ozone*=2,*navigation*=2,*render_process*=2 
Wed Sep 23 08:24:37 UTC 2026 chromium_alive elapsed=180s
Wed Sep 23 08:24:39 UTC 2026 PROC pid=159 cmd=/usr/lib/chromium/chromium --ozone-platform=wayland --use-gl=angle --use-angle=swiftshader --in-process-gpu --no-sandbox --disable-dev-shm-usage --disable-crash-reporter --disable-breakpad --no-first-run --no-default-browser-check --disable-sync --window-size=1280,800 --start-fullscreen --kiosk --disable-features=SegmentationPlatform,OptimizationGuideModelDownloading,OptimizationHints,WebAppProvider,InterestFeedContentSuggestions --enable-logging=stderr --v=1 --vmodule=*wayland*=2,*ozone*=2,*navigation*=2,*render_process*=2 --user-data-dir=/root/input34-chromium-profile file:///usr/share/html-test/index.html 
Wed Sep 23 08:24:40 UTC 2026 PROC pid=233 cmd=/proc/self/exe --type=utility --utility-sub-type=network.mojom.NetworkService --lang=en-US --service-sandbox-type=none --no-sandbox --disable-dev-shm-usage --use-angle=swiftshader --use-gl=angle --crashpad-handler-pid=0 --enable-crash-reporter=, --user-data-dir=/root/input34-chromium-profile --change-stack-guard-on-fork=enable --shared-files=v8_context_snapshot_data:100 --metrics-shmem-handle=4,i,11412083935751891594,18220575207559002488,524288 --field-trial-handle=3,i,12633294963622596672,16712337612644542077,262144 --disable-features=InterestFeedContentSuggestions,OptimizationGuideModelDownloading,OptimizationHints,SegmentationPlatform,WebAppProvider --variations-seed-version --trace-process-track-uuid=3190708989122997041 --enable-logging=stderr --v=1 --vmodule=*wayland*=2,*ozone*=2,*navigation*=2,*render_process*=2 
Wed Sep 23 08:24:56 UTC 2026 chromium_alive elapsed=195s
Wed Sep 23 08:24:57 UTC 2026 PROC pid=159 cmd=/usr/lib/chromium/chromium --ozone-platform=wayland --use-gl=angle --use-angle=swiftshader --in-process-gpu --no-sandbox --disable-dev-shm-usage --disable-crash-reporter --disable-breakpad --no-first-run --no-default-browser-check --disable-sync --window-size=1280,800 --start-fullscreen --kiosk --disable-features=SegmentationPlatform,OptimizationGuideModelDownloading,OptimizationHints,WebAppProvider,InterestFeedContentSuggestions --enable-logging=stderr --v=1 --vmodule=*wayland*=2,*ozone*=2,*navigation*=2,*render_process*=2 --user-data-dir=/root/input34-chromium-profile file:///usr/share/html-test/index.html 
Wed Sep 23 08:24:58 UTC 2026 PROC pid=233 cmd=/proc/self/exe --type=utility --utility-sub-type=network.mojom.NetworkService --lang=en-US --service-sandbox-type=none --no-sandbox --disable-dev-shm-usage --use-angle=swiftshader --use-gl=angle --crashpad-handler-pid=0 --enable-crash-reporter=, --user-data-dir=/root/input34-chromium-profile --change-stack-guard-on-fork=enable --shared-files=v8_context_snapshot_data:100 --metrics-shmem-handle=4,i,11412083935751891594,18220575207559002488,524288 --field-trial-handle=3,i,12633294963622596672,16712337612644542077,262144 --disable-features=InterestFeedContentSuggestions,OptimizationGuideModelDownloading,OptimizationHints,SegmentationPlatform,WebAppProvider --variations-seed-version --trace-process-track-uuid=3190708989122997041 --enable-logging=stderr --v=1 --vmodule=*wayland*=2,*ozone*=2,*navigation*=2,*render_process*=2 
Wed Sep 23 08:25:14 UTC 2026 chromium watchdog timeout=210s; sending SIGTERM
Wed Sep 23 08:27:04 UTC 2026 [INPUT34_CHROMIUM_EXIT] wait_rc=0
Wed Sep 23 08:27:05 UTC 2026 [CHROMIUM_LOG_TAIL_BEGIN]
[159:159:0923/082346.782661:VERBOSE1:components/update_client/url_fetcher_downloader.cc:133] Downloaded 5407 bytes in 113ms from http://edgedl.me.gvt1.com/edgedl/release2/chrome_component/V3P1l2hLvLw_7/7_all_sslErrorAssistant.crx3 to /tmp/.org.chromium.Chromium.chrome_url_fetcher_.fJaiKJ/7_all_sslErrorAssistant.crx3
[159:210:0923/082346.830364:VERBOSE1:components/update_client/unpacker.cc:70] Verifying component: /root/input34-chromium-profile/component_crx_cache/3eb16d6c28b502ac4cfee8f4a148df05f4d93229fa36a71db8b08d06329ff18a
[159:210:0923/082346.837466:VERBOSE1:components/update_client/unpacker.cc:100] Unpacking in: /tmp/.org.chromium.Chromium.chrome_Unpacker_BeginUnzipping.eKnGgO
[159:211:0923/082346.851507:VERBOSE1:components/update_client/unpacker.cc:112] Unzipping failed.
[233:265:0923/082346.897721:VERBOSE1:net/base/network_delegate.cc:37] NetworkDelegate::NotifyBeforeURLRequest: https://update.googleapis.com/service/update2/json
[159:159:0923/082351.680626:VERBOSE1:components/update_client/request_sender.cc:188] Request completed from url: https://update.googleapis.com/service/update2/json
[233:265:0923/082351.773906:VERBOSE1:net/base/network_delegate.cc:37] NetworkDelegate::NotifyBeforeURLRequest: http://edgedl.me.gvt1.com/edgedl/release2/chrome_component/acmnxqiwjdczk5wye6cexmi2mfya_10794/hfnkpimlhhgieaddgfemjhofmfblmnib_10794_all_actklfiumpd24tgdfgyqthlhw5qq.crx3
[159:159:0923/082351.893358:VERBOSE1:components/update_client/url_fetcher_downloader.cc:159] url fetcher response started for: http://edgedl.me.gvt1.com/edgedl/release2/chrome_component/acmnxqiwjdczk5wye6cexmi2mfya_10794/hfnkpimlhhgieaddgfemjhofmfblmnib_10794_all_actklfiumpd24tgdfgyqthlhw5qq.crx3
[159:159:0923/082352.894925:VERBOSE1:components/update_client/url_fetcher_downloader.cc:133] Downloaded 1365836 bytes in 1122ms from http://edgedl.me.gvt1.com/edgedl/release2/chrome_component/acmnxqiwjdczk5wye6cexmi2mfya_10794/hfnkpimlhhgieaddgfemjhofmfblmnib_10794_all_actklfiumpd24tgdfgyqthlhw5qq.crx3 to /tmp/.org.chromium.Chromium.chrome_url_fetcher_.jIpoMM/hfnkpimlhhgieaddgfemjhofmfblmnib_10794_all_actklfiumpd24tgdfgyqthlhw5qq.crx3
[159:210:0923/082353.255991:VERBOSE1:components/update_client/unpacker.cc:70] Verifying component: /root/input34-chromium-profile/component_crx_cache/69ec5d6337e869e2f2e343d2adfaede605d5310eaf7cd06ca1a79bc5799a7e18
[159:210:0923/082353.408369:VERBOSE1:components/update_client/unpacker.cc:100] Unpacking in: /tmp/.org.chromium.Chromium.chrome_Unpacker_BeginUnzipping.lLegmB
[159:211:0923/082353.421454:VERBOSE1:components/update_client/unpacker.cc:112] Unzipping failed.
[233:265:0923/082353.471339:VERBOSE1:net/base/network_delegate.cc:37] NetworkDelegate::NotifyBeforeURLRequest: https://update.googleapis.com/service/update2/json
[159:159:0923/082353.914013:VERBOSE1:components/update_client/request_sender.cc:188] Request completed from url: https://update.googleapis.com/service/update2/json
[233:265:0923/082355.736804:VERBOSE1:net/base/network_delegate.cc:37] NetworkDelegate::NotifyBeforeURLRequest: http://edgedl.me.gvt1.com/edgedl/diffgen-puffin/khaoiebndkojlmppeemjhbpbandiljpe/0634cfd105888c6d7194e9867daccc475ed94140f1c95bfca9bbde28367f9731
[159:159:0923/082355.835158:VERBOSE1:components/update_client/url_fetcher_downloader.cc:159] url fetcher response started for: http://edgedl.me.gvt1.com/edgedl/diffgen-puffin/khaoiebndkojlmppeemjhbpbandiljpe/0634cfd105888c6d7194e9867daccc475ed94140f1c95bfca9bbde28367f9731
[159:159:0923/082355.849916:VERBOSE1:components/update_client/url_fetcher_downloader.cc:133] Downloaded 4936 bytes in 115ms from http://edgedl.me.gvt1.com/edgedl/diffgen-puffin/khaoiebndkojlmppeemjhbpbandiljpe/0634cfd105888c6d7194e9867daccc475ed94140f1c95bfca9bbde28367f9731 to /tmp/.org.chromium.Chromium.chrome_url_fetcher_.oHoiJL/0634cfd105888c6d7194e9867daccc475ed94140f1c95bfca9bbde28367f9731
[159:159:0923/082355.913931:VERBOSE1:base/files/file_util_posix.cc:317] Cannot stat "/tmp/.org.chromium.Chromium.chrome_url_fetcher_.oHoiJL/decoded_xz": No such file or directory (2)
[233:265:0923/082355.961495:VERBOSE1:net/base/network_delegate.cc:37] NetworkDelegate::NotifyBeforeURLRequest: http://edgedl.me.gvt1.com/edgedl/release2/chrome_component/ac2hgsxpkfl56afxutpo4mqyinqq_145.0.7584.0/khaoiebndkojlmppeemjhbpbandiljpe_145.0.7584.0_linux_lpwt3lctcdmvucpcihxjmqk5qy.crx3
[159:159:0923/082356.059018:VERBOSE1:components/update_client/url_fetcher_downloader.cc:159] url fetcher response started for: http://edgedl.me.gvt1.com/edgedl/release2/chrome_component/ac2hgsxpkfl56afxutpo4mqyinqq_145.0.7584.0/khaoiebndkojlmppeemjhbpbandiljpe_145.0.7584.0_linux_lpwt3lctcdmvucpcihxjmqk5qy.crx3
[159:159:0923/082356.076859:VERBOSE1:components/update_client/url_fetcher_downloader.cc:133] Downloaded 11360 bytes in 117ms from http://edgedl.me.gvt1.com/edgedl/release2/chrome_component/ac2hgsxpkfl56afxutpo4mqyinqq_145.0.7584.0/khaoiebndkojlmppeemjhbpbandiljpe_145.0.7584.0_linux_lpwt3lctcdmvucpcihxjmqk5qy.crx3 to /tmp/.org.chromium.Chromium.chrome_url_fetcher_.pAkFBc/khaoiebndkojlmppeemjhbpbandiljpe_145.0.7584.0_linux_lpwt3lctcdmvucpcihxjmqk5qy.crx3
[159:211:0923/082356.138418:VERBOSE1:components/update_client/unpacker.cc:70] Verifying component: /root/input34-chromium-profile/component_crx_cache/970a3e1af7f986ad66e212796dcd4a2db1210f7222cdfaa7d59d491fbe0369af
[159:211:0923/082356.146491:VERBOSE1:components/update_client/unpacker.cc:100] Unpacking in: /tmp/.org.chromium.Chromium.chrome_Unpacker_BeginUnzipping.PcfLDk
[159:212:0923/082356.159843:VERBOSE1:components/update_client/unpacker.cc:112] Unzipping failed.
[233:265:0923/082356.198924:VERBOSE1:net/base/network_delegate.cc:37] NetworkDelegate::NotifyBeforeURLRequest: https://update.googleapis.com/service/update2/json
[159:159:0923/082405.599166:VERBOSE1:components/update_client/request_sender.cc:188] Request completed from url: https://update.googleapis.com/service/update2/json
[233:265:0923/082407.939075:VERBOSE1:net/base/network_delegate.cc:37] NetworkDelegate::NotifyBeforeURLRequest: http://edgedl.me.gvt1.com/edgedl/release2/chrome_component/bqs5j73g3wxidf4unnp3migk7e_1783/efniojlnjndmcbiieegkicadnoecjjef_1783_all_nvwsteds5e222o3s7jj5pxkcoy.crx3
[159:159:0923/082408.048413:VERBOSE1:components/update_client/url_fetcher_downloader.cc:159] url fetcher response started for: http://edgedl.me.gvt1.com/edgedl/release2/chrome_component/bqs5j73g3wxidf4unnp3migk7e_1783/efniojlnjndmcbiieegkicadnoecjjef_1783_all_nvwsteds5e222o3s7jj5pxkcoy.crx3
[159:159:0923/082408.306318:VERBOSE1:components/update_client/url_fetcher_downloader.cc:133] Downloaded 432503 bytes in 369ms from http://edgedl.me.gvt1.com/edgedl/release2/chrome_component/bqs5j73g3wxidf4unnp3migk7e_1783/efniojlnjndmcbiieegkicadnoecjjef_1783_all_nvwsteds5e222o3s7jj5pxkcoy.crx3 to /tmp/.org.chromium.Chromium.chrome_url_fetcher_.kcGbLb/efniojlnjndmcbiieegkicadnoecjjef_1783_all_nvwsteds5e222o3s7jj5pxkcoy.crx3
[159:211:0923/082408.430267:VERBOSE1:components/update_client/unpacker.cc:70] Verifying component: /root/input34-chromium-profile/component_crx_cache/2113231c3bea3a8558b6e33d5d13d213c44a9877b6351a62ddedaa8cf1fdfe83
[159:211:0923/082408.489405:VERBOSE1:components/update_client/unpacker.cc:100] Unpacking in: /tmp/.org.chromium.Chromium.chrome_Unpacker_BeginUnzipping.LknGKE
[159:211:0923/082408.504889:VERBOSE1:components/update_client/unpacker.cc:112] Unzipping failed.
[233:265:0923/082408.558071:VERBOSE1:net/base/network_delegate.cc:37] NetworkDelegate::NotifyBeforeURLRequest: https://update.googleapis.com/service/update2/json
[159:159:0923/082408.969875:VERBOSE1:components/update_client/request_sender.cc:188] Request completed from url: https://update.googleapis.com/service/update2/json
[233:265:0923/082412.002340:VERBOSE1:net/base/network_delegate.cc:37] NetworkDelegate::NotifyBeforeURLRequest: http://edgedl.me.gvt1.com/edgedl/release2/chrome_component/acaldksiunzh56452py2db5mnbpa_120.0.6050.0/jamhcnnkihinmdlkakkaopbjbbcngflc_120.0.6050.0_all_dgzfpknn7v3zslsbhrwu6bt44e.crx3
[159:159:0923/082412.132469:VERBOSE1:components/update_client/url_fetcher_downloader.cc:159] url fetcher response started for: http://edgedl.me.gvt1.com/edgedl/release2/chrome_component/acaldksiunzh56452py2db5mnbpa_120.0.6050.0/jamhcnnkihinmdlkakkaopbjbbcngflc_120.0.6050.0_all_dgzfpknn7v3zslsbhrwu6bt44e.crx3
[159:159:0923/082412.883881:VERBOSE1:components/update_client/url_fetcher_downloader.cc:133] Downloaded 1114805 bytes in 885ms from http://edgedl.me.gvt1.com/edgedl/release2/chrome_component/acaldksiunzh56452py2db5mnbpa_120.0.6050.0/jamhcnnkihinmdlkakkaopbjbbcngflc_120.0.6050.0_all_dgzfpknn7v3zslsbhrwu6bt44e.crx3 to /tmp/.org.chromium.Chromium.chrome_url_fetcher_.ODMLEd/jamhcnnkihinmdlkakkaopbjbbcngflc_120.0.6050.0_all_dgzfpknn7v3zslsbhrwu6bt44e.crx3
[159:211:0923/082413.189014:VERBOSE1:components/update_client/unpacker.cc:70] Verifying component: /root/input34-chromium-profile/component_crx_cache/c52c62a7c50daf7d3f73ec16977cd4b0ea401710807d5dbe3850941dd1b73a70
[159:211:0923/082413.304886:VERBOSE1:components/update_client/unpacker.cc:100] Unpacking in: /tmp/.org.chromium.Chromium.chrome_Unpacker_BeginUnzipping.aKECko
[159:212:0923/082413.324914:VERBOSE1:components/update_client/unpacker.cc:112] Unzipping failed.
[233:265:0923/082413.387479:VERBOSE1:net/base/network_delegate.cc:37] NetworkDelegate::NotifyBeforeURLRequest: https://update.googleapis.com/service/update2/json
[159:159:0923/082413.883711:VERBOSE1:components/update_client/request_sender.cc:188] Request completed from url: https://update.googleapis.com/service/update2/json
[233:265:0923/082418.333540:VERBOSE1:net/base/network_delegate.cc:37] NetworkDelegate::NotifyBeforeURLRequest: http://edgedl.me.gvt1.com/edgedl/release2/chrome_component/j2hxfei2occ5siitujtlwgp6xi_3/ojhpjlocmbogdgmfpkhlaaeamibhnphh_3_all_gplutbkdljxxbjolk3siq7kive.crx3
[159:159:0923/082418.436665:VERBOSE1:components/update_client/url_fetcher_downloader.cc:159] url fetcher response started for: http://edgedl.me.gvt1.com/edgedl/release2/chrome_component/j2hxfei2occ5siitujtlwgp6xi_3/ojhpjlocmbogdgmfpkhlaaeamibhnphh_3_all_gplutbkdljxxbjolk3siq7kive.crx3
[159:159:0923/082419.029186:VERBOSE1:components/update_client/url_fetcher_downloader.cc:133] Downloaded 878447 bytes in 697ms from http://edgedl.me.gvt1.com/edgedl/release2/chrome_component/j2hxfei2occ5siitujtlwgp6xi_3/ojhpjlocmbogdgmfpkhlaaeamibhnphh_3_all_gplutbkdljxxbjolk3siq7kive.crx3 to /tmp/.org.chromium.Chromium.chrome_url_fetcher_.eHKJKp/ojhpjlocmbogdgmfpkhlaaeamibhnphh_3_all_gplutbkdljxxbjolk3siq7kive.crx3
[159:210:0923/082419.308541:VERBOSE1:components/update_client/unpacker.cc:70] Verifying component: /root/input34-chromium-profile/component_crx_cache/545666a4efd056351597bb386aea1368105ededc976ed5650d8682daab9f37ff
[159:210:0923/082419.431956:VERBOSE1:components/update_client/unpacker.cc:100] Unpacking in: /tmp/.org.chromium.Chromium.chrome_Unpacker_BeginUnzipping.flFPcC
[159:211:0923/082419.460668:VERBOSE1:components/update_client/unpacker.cc:112] Unzipping failed.
[233:265:0923/082419.565924:VERBOSE1:net/base/network_delegate.cc:37] NetworkDelegate::NotifyBeforeURLRequest: https://update.googleapis.com/service/update2/json
[159:159:0923/082419.917373:VERBOSE1:components/update_client/request_sender.cc:188] Request completed from url: https://update.googleapis.com/service/update2/json
[233:265:0923/082425.643518:VERBOSE1:net/base/network_delegate.cc:37] NetworkDelegate::NotifyBeforeURLRequest: http://edgedl.me.gvt1.com/edgedl/release2/chrome_component/acrx7ouhu6es4mtakecyfqbyef2q_1.1.0.3/laoigpblnllgcgjnjnllmfolckpjlhki_1.1.0.3_all_adwgvw4jdcarox4vlsm7t4gq257a.crx3
[159:159:0923/082425.743811:VERBOSE1:components/update_client/url_fetcher_downloader.cc:159] url fetcher response started for: http://edgedl.me.gvt1.com/edgedl/release2/chrome_component/acrx7ouhu6es4mtakecyfqbyef2q_1.1.0.3/laoigpblnllgcgjnjnllmfolckpjlhki_1.1.0.3_all_adwgvw4jdcarox4vlsm7t4gq257a.crx3
[159:159:0923/082425.757531:VERBOSE1:components/update_client/url_fetcher_downloader.cc:133] Downloaded 12491 bytes in 116ms from http://edgedl.me.gvt1.com/edgedl/release2/chrome_component/acrx7ouhu6es4mtakecyfqbyef2q_1.1.0.3/laoigpblnllgcgjnjnllmfolckpjlhki_1.1.0.3_all_adwgvw4jdcarox4vlsm7t4gq257a.crx3 to /tmp/.org.chromium.Chromium.chrome_url_fetcher_.lAoEPI/laoigpblnllgcgjnjnllmfolckpjlhki_1.1.0.3_all_adwgvw4jdcarox4vlsm7t4gq257a.crx3
[159:210:0923/082425.814603:VERBOSE1:components/update_client/unpacker.cc:70] Verifying component: /root/input34-chromium-profile/component_crx_cache/7b05c14dba04ed522210b733f004cb0e74d7679a653b19bd029f9bc0e6b19903
[159:210:0923/082425.822287:VERBOSE1:components/update_client/unpacker.cc:100] Unpacking in: /tmp/.org.chromium.Chromium.chrome_Unpacker_BeginUnzipping.lbEdHO
[159:211:0923/082425.834208:VERBOSE1:components/update_client/unpacker.cc:112] Unzipping failed.
[233:265:0923/082425.878476:VERBOSE1:net/base/network_delegate.cc:37] NetworkDelegate::NotifyBeforeURLRequest: https://update.googleapis.com/service/update2/json
[159:159:0923/082426.387496:VERBOSE1:components/update_client/request_sender.cc:188] Request completed from url: https://update.googleapis.com/service/update2/json
[233:265:0923/082428.537961:ERROR:net/socket/ssl_client_socket_impl.cc:916] handshake failed; returned -1, SSL error code 1, net_error -101
[233:265:0923/082428.555374:ERROR:net/socket/ssl_client_socket_impl.cc:916] handshake failed; returned -1, SSL error code 1, net_error -101
[233:265:0923/082429.528998:ERROR:net/socket/ssl_client_socket_impl.cc:916] handshake failed; returned -1, SSL error code 1, net_error -101
[233:265:0923/082430.023717:ERROR:net/socket/ssl_client_socket_impl.cc:916] handshake failed; returned -1, SSL error code 1, net_error -101
[233:265:0923/082432.388590:VERBOSE1:net/base/network_delegate.cc:37] NetworkDelegate::NotifyBeforeURLRequest: http://edgedl.me.gvt1.com/edgedl/diffgen-puffin/eeigpngbgcognadeebkilcpcaedhellh/c7f7ea7e08d298a80765a4487523560228a6b60c4ff767480b2e91fc313de154
[159:159:0923/082432.497040:VERBOSE1:components/update_client/url_fetcher_downloader.cc:159] url fetcher response started for: http://edgedl.me.gvt1.com/edgedl/diffgen-puffin/eeigpngbgcognadeebkilcpcaedhellh/c7f7ea7e08d298a80765a4487523560228a6b60c4ff767480b2e91fc313de154
[159:159:0923/082432.580373:VERBOSE1:components/update_client/url_fetcher_downloader.cc:133] Downloaded 82164 bytes in 194ms from http://edgedl.me.gvt1.com/edgedl/diffgen-puffin/eeigpngbgcognadeebkilcpcaedhellh/c7f7ea7e08d298a80765a4487523560228a6b60c4ff767480b2e91fc313de154 to /tmp/.org.chromium.Chromium.chrome_url_fetcher_.cokOlA/c7f7ea7e08d298a80765a4487523560228a6b60c4ff767480b2e91fc313de154
[159:159:0923/082432.649022:VERBOSE1:base/files/file_util_posix.cc:317] Cannot stat "/tmp/.org.chromium.Chromium.chrome_url_fetcher_.cokOlA/decoded_xz": No such file or directory (2)
[233:265:0923/082432.694240:VERBOSE1:net/base/network_delegate.cc:37] NetworkDelegate::NotifyBeforeURLRequest: http://edgedl.me.gvt1.com/edgedl/release2/chrome_component/aca2hvz26rf7nouxdifokqhxrypa_2025.6.13.84507/eeigpngbgcognadeebkilcpcaedhellh_2025.06.13.084507_all_acip2yapafsolnpcvaohkisaowaq.crx3
[159:159:0923/082432.798342:VERBOSE1:components/update_client/url_fetcher_downloader.cc:159] url fetcher response started for: http://edgedl.me.gvt1.com/edgedl/release2/chrome_component/aca2hvz26rf7nouxdifokqhxrypa_2025.6.13.84507/eeigpngbgcognadeebkilcpcaedhellh_2025.06.13.084507_all_acip2yapafsolnpcvaohkisaowaq.crx3
[159:159:0923/082432.912498:VERBOSE1:components/update_client/url_fetcher_downloader.cc:133] Downloaded 263880 bytes in 220ms from http://edgedl.me.gvt1.com/edgedl/release2/chrome_component/aca2hvz26rf7nouxdifokqhxrypa_2025.6.13.84507/eeigpngbgcognadeebkilcpcaedhellh_2025.06.13.084507_all_acip2yapafsolnpcvaohkisaowaq.crx3 to /tmp/.org.chromium.Chromium.chrome_url_fetcher_.DjChCK/eeigpngbgcognadeebkilcpcaedhellh_2025.06.13.084507_all_acip2yapafsolnpcvaohkisaowaq.crx3
[159:210:0923/082433.033508:VERBOSE1:components/update_client/unpacker.cc:70] Verifying component: /root/input34-chromium-profile/component_crx_cache/4497d8060d0e53c12b4403aa9ebe7e827d4880bae3f4139a26a4feb7ed64c4a2
[159:210:0923/082433.067866:VERBOSE1:components/update_client/unpacker.cc:100] Unpacking in: /tmp/.org.chromium.Chromium.chrome_Unpacker_BeginUnzipping.Dllohh
[159:211:0923/082433.085989:VERBOSE1:components/update_client/unpacker.cc:112] Unzipping failed.
[233:265:0923/082433.134678:VERBOSE1:net/base/network_delegate.cc:37] NetworkDelegate::NotifyBeforeURLRequest: https://update.googleapis.com/service/update2/json
[159:159:0923/082434.129405:VERBOSE1:components/update_client/request_sender.cc:188] Request completed from url: https://update.googleapis.com/service/update2/json
[233:265:0923/082440.930308:VERBOSE1:net/base/network_delegate.cc:37] NetworkDelegate::NotifyBeforeURLRequest: http://edgedl.me.gvt1.com/edgedl/diffgen-puffin/jflookgnkcckhobaglndicnbbgbonegd/ac83a0cacf04394ae254e3785259fd7a4c5dcbb00b71d2f3f3d9e88597a28951
[159:159:0923/082441.030943:VERBOSE1:components/update_client/url_fetcher_downloader.cc:159] url fetcher response started for: http://edgedl.me.gvt1.com/edgedl/diffgen-puffin/jflookgnkcckhobaglndicnbbgbonegd/ac83a0cacf04394ae254e3785259fd7a4c5dcbb00b71d2f3f3d9e88597a28951
[159:159:0923/082441.096980:VERBOSE1:components/update_client/url_fetcher_downloader.cc:133] Downloaded 67976 bytes in 168ms from http://edgedl.me.gvt1.com/edgedl/diffgen-puffin/jflookgnkcckhobaglndicnbbgbonegd/ac83a0cacf04394ae254e3785259fd7a4c5dcbb00b71d2f3f3d9e88597a28951 to /tmp/.org.chromium.Chromium.chrome_url_fetcher_.kGjICb/ac83a0cacf04394ae254e3785259fd7a4c5dcbb00b71d2f3f3d9e88597a28951
[159:159:0923/082441.163494:VERBOSE1:base/files/file_util_posix.cc:317] Cannot stat "/tmp/.org.chromium.Chromium.chrome_url_fetcher_.kGjICb/decoded_xz": No such file or directory (2)
[233:265:0923/082441.207417:VERBOSE1:net/base/network_delegate.cc:37] NetworkDelegate::NotifyBeforeURLRequest: http://edgedl.me.gvt1.com/edgedl/release2/chrome_component/pusj5vh3lkssdnng52mdw6khti_3091/jflookgnkcckhobaglndicnbbgbonegd_3091_all_adfb4phbxwqsxsfvrtgwwtg25z6a.crx3
[159:159:0923/082441.300709:VERBOSE1:components/update_client/url_fetcher_downloader.cc:159] url fetcher response started for: http://edgedl.me.gvt1.com/edgedl/release2/chrome_component/pusj5vh3lkssdnng52mdw6khti_3091/jflookgnkcckhobaglndicnbbgbonegd_3091_all_adfb4phbxwqsxsfvrtgwwtg25z6a.crx3
[159:159:0923/082441.385548:VERBOSE1:components/update_client/url_fetcher_downloader.cc:133] Downloaded 188589 bytes in 180ms from http://edgedl.me.gvt1.com/edgedl/release2/chrome_component/pusj5vh3lkssdnng52mdw6khti_3091/jflookgnkcckhobaglndicnbbgbonegd_3091_all_adfb4phbxwqsxsfvrtgwwtg25z6a.crx3 to /tmp/.org.chromium.Chromium.chrome_url_fetcher_.Libhbl/jflookgnkcckhobaglndicnbbgbonegd_3091_all_adfb4phbxwqsxsfvrtgwwtg25z6a.crx3
[159:210:0923/082441.480636:VERBOSE1:components/update_client/unpacker.cc:70] Verifying component: /root/input34-chromium-profile/component_crx_cache/9bec6c2c0185d3305ac8495047a1aa01e725d58f8f18d219742a2988f07cd93a
[159:210:0923/082441.507865:VERBOSE1:components/update_client/unpacker.cc:100] Unpacking in: /tmp/.org.chromium.Chromium.chrome_Unpacker_BeginUnzipping.lDKPlE
[159:211:0923/082441.525654:VERBOSE1:components/update_client/unpacker.cc:112] Unzipping failed.
[233:265:0923/082441.568404:VERBOSE1:net/base/network_delegate.cc:37] NetworkDelegate::NotifyBeforeURLRequest: https://update.googleapis.com/service/update2/json
[159:159:0923/082442.147477:VERBOSE1:components/update_client/request_sender.cc:188] Request completed from url: https://update.googleapis.com/service/update2/json
[233:265:0923/082449.631791:VERBOSE1:net/base/network_delegate.cc:37] NetworkDelegate::NotifyBeforeURLRequest: http://edgedl.me.gvt1.com/edgedl/diffgen-puffin/ggkkehgbnfjpeggfpleeakpidbkibbmn/1f8a27feb1a960a3f4d66770af76a38f9eb918a443e9cf28d910d868a68c86d0
[159:159:0923/082449.739808:VERBOSE1:components/update_client/url_fetcher_downloader.cc:159] url fetcher response started for: http://edgedl.me.gvt1.com/edgedl/diffgen-puffin/ggkkehgbnfjpeggfpleeakpidbkibbmn/1f8a27feb1a960a3f4d66770af76a38f9eb918a443e9cf28d910d868a68c86d0
[159:159:0923/082449.789358:VERBOSE1:components/update_client/url_fetcher_downloader.cc:133] Downloaded 95772 bytes in 161ms from http://edgedl.me.gvt1.com/edgedl/diffgen-puffin/ggkkehgbnfjpeggfpleeakpidbkibbmn/1f8a27feb1a960a3f4d66770af76a38f9eb918a443e9cf28d910d868a68c86d0 to /tmp/.org.chromium.Chromium.chrome_url_fetcher_.DjkjDI/1f8a27feb1a960a3f4d66770af76a38f9eb918a443e9cf28d910d868a68c86d0
[159:159:0923/082449.857368:VERBOSE1:base/files/file_util_posix.cc:317] Cannot stat "/tmp/.org.chromium.Chromium.chrome_url_fetcher_.DjkjDI/decoded_xz": No such file or directory (2)
[233:265:0923/082449.903085:VERBOSE1:net/base/network_delegate.cc:37] NetworkDelegate::NotifyBeforeURLRequest: http://edgedl.me.gvt1.com/edgedl/release2/chrome_component/adydmmo4pf4z5mridusofoyfor6q_2026.9.21.87/ggkkehgbnfjpeggfpleeakpidbkibbmn_2026.9.21.87_all_himqgha62xshjg7z4ntr6mr4hu.crx3
[159:159:0923/082450.009698:VERBOSE1:components/update_client/url_fetcher_downloader.cc:159] url fetcher response started for: http://edgedl.me.gvt1.com/edgedl/release2/chrome_component/adydmmo4pf4z5mridusofoyfor6q_2026.9.21.87/ggkkehgbnfjpeggfpleeakpidbkibbmn_2026.9.21.87_all_himqgha62xshjg7z4ntr6mr4hu.crx3
[159:159:0923/082450.183439:VERBOSE1:components/update_client/url_fetcher_downloader.cc:133] Downloaded 297213 bytes in 282ms from http://edgedl.me.gvt1.com/edgedl/release2/chrome_component/adydmmo4pf4z5mridusofoyfor6q_2026.9.21.87/ggkkehgbnfjpeggfpleeakpidbkibbmn_2026.9.21.87_all_himqgha62xshjg7z4ntr6mr4hu.crx3 to /tmp/.org.chromium.Chromium.chrome_url_fetcher_.DKBOJa/ggkkehgbnfjpeggfpleeakpidbkibbmn_2026.9.21.87_all_himqgha62xshjg7z4ntr6mr4hu.crx3
[159:210:0923/082450.384837:VERBOSE1:components/update_client/unpacker.cc:70] Verifying component: /root/input34-chromium-profile/component_crx_cache/bdf31bffb8bb5d48da60cd6d3586dd23c9a0cab28dae671f1481406808c99973
[159:210:0923/082450.423980:VERBOSE1:components/update_client/unpacker.cc:100] Unpacking in: /tmp/.org.chromium.Chromium.chrome_Unpacker_BeginUnzipping.ElKlLC
[159:211:0923/082450.440861:VERBOSE1:components/update_client/unpacker.cc:112] Unzipping failed.
[233:265:0923/082450.492539:VERBOSE1:net/base/network_delegate.cc:37] NetworkDelegate::NotifyBeforeURLRequest: https://update.googleapis.com/service/update2/json
[159:159:0923/082450.844077:VERBOSE1:components/update_client/request_sender.cc:188] Request completed from url: https://update.googleapis.com/service/update2/json
[233:265:0923/082458.078679:VERBOSE1:net/base/network_delegate.cc:37] NetworkDelegate::NotifyBeforeURLRequest: https://android.clients.google.com/checkin
[233:265:0923/082458.122948:ERROR:net/socket/tcp_socket_posix.cc:88] Failed to set TCP_KEEPIDLE on fd: 30: Protocol not available (92)
[233:265:0923/082458.395924:ERROR:net/socket/tcp_socket_posix.cc:88] Failed to set TCP_KEEPIDLE on fd: 31: Protocol not available (92)
[233:265:0923/082459.263635:VERBOSE1:net/base/network_delegate.cc:37] NetworkDelegate::NotifyBeforeURLRequest: http://edgedl.me.gvt1.com/edgedl/release2/chrome_component/ac55zopqc7vere3bm2pinwvz3d6q_4/hajigopbbjhghbfimgkfmpenfkclmohk_4_all_gjbna5ieot3u4sywv4o74naely.crx3
[159:159:0923/082459.373797:VERBOSE1:components/update_client/url_fetcher_downloader.cc:159] url fetcher response started for: http://edgedl.me.gvt1.com/edgedl/release2/chrome_component/ac55zopqc7vere3bm2pinwvz3d6q_4/hajigopbbjhghbfimgkfmpenfkclmohk_4_all_gjbna5ieot3u4sywv4o74naely.crx3
[159:159:0923/082459.400994:VERBOSE1:components/update_client/url_fetcher_downloader.cc:133] Downloaded 4817 bytes in 139ms from http://edgedl.me.gvt1.com/edgedl/release2/chrome_component/ac55zopqc7vere3bm2pinwvz3d6q_4/hajigopbbjhghbfimgkfmpenfkclmohk_4_all_gjbna5ieot3u4sywv4o74naely.crx3 to /tmp/.org.chromium.Chromium.chrome_url_fetcher_.nBLLnm/hajigopbbjhghbfimgkfmpenfkclmohk_4_all_gjbna5ieot3u4sywv4o74naely.crx3
[159:210:0923/082459.483113:VERBOSE1:components/update_client/unpacker.cc:70] Verifying component: /root/input34-chromium-profile/component_crx_cache/abd93867c038d4d17c101ace2226d7e21303d984d7097271392bae6be478495b
[159:210:0923/082459.491867:VERBOSE1:components/update_client/unpacker.cc:100] Unpacking in: /tmp/.org.chromium.Chromium.chrome_Unpacker_BeginUnzipping.NelbME
[159:211:0923/082459.507677:VERBOSE1:components/update_client/unpacker.cc:112] Unzipping failed.
[233:265:0923/082459.548541:VERBOSE1:net/base/network_delegate.cc:37] NetworkDelegate::NotifyBeforeURLRequest: https://update.googleapis.com/service/update2/json
[159:159:0923/082500.176493:VERBOSE1:components/update_client/request_sender.cc:188] Request completed from url: https://update.googleapis.com/service/update2/json
[233:265:0923/082508.934650:VERBOSE1:net/base/network_delegate.cc:37] NetworkDelegate::NotifyBeforeURLRequest: http://edgedl.me.gvt1.com/edgedl/release2/chrome_component/mbdbfgnbg57rum2iy76cscmo5q_2025.8.19.0/ldfkbgjbencjpgjfleiooeldhjdapggh_2025.08.19.00_all_aca33ieotebranxseds54wzpdr5a.crx3
[159:159:0923/082509.027964:VERBOSE1:components/update_client/url_fetcher_downloader.cc:159] url fetcher response started for: http://edgedl.me.gvt1.com/edgedl/release2/chrome_component/mbdbfgnbg57rum2iy76cscmo5q_2025.8.19.0/ldfkbgjbencjpgjfleiooeldhjdapggh_2025.08.19.00_all_aca33ieotebranxseds54wzpdr5a.crx3
[159:159:0923/082509.051305:VERBOSE1:components/update_client/url_fetcher_downloader.cc:133] Downloaded 6369 bytes in 121ms from http://edgedl.me.gvt1.com/edgedl/release2/chrome_component/mbdbfgnbg57rum2iy76cscmo5q_2025.8.19.0/ldfkbgjbencjpgjfleiooeldhjdapggh_2025.08.19.00_all_aca33ieotebranxseds54wzpdr5a.crx3 to /tmp/.org.chromium.Chromium.chrome_url_fetcher_.gNnBCb/ldfkbgjbencjpgjfleiooeldhjdapggh_2025.08.19.00_all_aca33ieotebranxseds54wzpdr5a.crx3
[159:210:0923/082509.121147:VERBOSE1:components/update_client/unpacker.cc:70] Verifying component: /root/input34-chromium-profile/component_crx_cache/38582b0c9b1c6d2f052dc20f30201c30698f3c6a4f3da4567991bf5629b1fa94
[159:210:0923/082509.128185:VERBOSE1:components/update_client/unpacker.cc:100] Unpacking in: /tmp/.org.chromium.Chromium.chrome_Unpacker_BeginUnzipping.hECnbj
[159:211:0923/082509.147385:VERBOSE1:components/update_client/unpacker.cc:112] Unzipping failed.
[233:265:0923/082509.203512:VERBOSE1:net/base/network_delegate.cc:37] NetworkDelegate::NotifyBeforeURLRequest: https://update.googleapis.com/service/update2/json
[159:159:0923/082510.151070:VERBOSE1:components/update_client/request_sender.cc:188] Request completed from url: https://update.googleapis.com/service/update2/json
[159:222:0923/082515.050815:VERBOSE1:chrome/browser/shutdown_signal_handlers_posix.cc:131] Handling shutdown for signal 15.
[233:265:0923/082613.264794:ERROR:net/socket/ssl_client_socket_impl.cc:916] handshake failed; returned -1, SSL error code 1, net_error -101
[233:265:0923/082613.275190:ERROR:net/socket/ssl_client_socket_impl.cc:916] handshake failed; returned -1, SSL error code 1, net_error -101
Wed Sep 23 08:27:08 UTC 2026 [CHROMIUM_LOG_TAIL_END]
