Date: 2026-09-27 UTC
[14:23:14.640] weston 14.0.2
               https://wayland.freedesktop.org
               Bug reports to: https://gitlab.freedesktop.org/wayland/weston/issues/
               Build: 14.0.2
[14:23:14.644] Command line: weston --backend=drm-backend.so --renderer=pixman --drm-device=card0 --seat=seat0 --idle-time=0 --debug --log=/root/mp-weston.log
[14:23:14.645] OS: Linux, 10.0.0, 10.0.0, aarch64
[14:23:14.645] Flight recorder: enabled
[14:23:14.658] Starting with no config file.
[14:23:14.684] Output repaint window is 7 ms maximum.
[14:23:14.693] Loading module '/usr/lib/libweston-14/drm-backend.so'
[14:23:14.787] initializing drm backend
[14:23:14.791] Trying libseat launcher...
[14:23:14.808] [libseat/libseat.c:62] Seat opened with backend 'seatd'
[14:23:14.808] [libseat/backend/seatd.c:212] Enabling seat
[14:23:14.809] libseat: session control granted
[14:23:14.832] using /dev/dri/card0
[14:23:14.834] DRM: does not support atomic modesetting
[14:23:14.835] DRM: supports GBM modifiers
[14:23:14.835] DRM: does not support Atomic async page flip
[14:23:14.835] DRM: supports picture aspect ratio
[14:23:14.839] Using Pixman renderer
[14:23:15.037] event0  - QEMU Virtio Keyboard: is tagged by udev as: Keyboard
[14:23:15.041] event0  - QEMU Virtio Keyboard: device is a keyboard
[14:23:15.067] event1  - QEMU Virtio Mouse: is tagged by udev as: Mouse
[14:23:15.068] event1  - QEMU Virtio Mouse: device is a pointer
[14:23:15.327] libinput: configuring device "QEMU Virtio Keyboard".
[14:23:15.329] libinput: configuring device "QEMU Virtio Mouse".
[14:23:15.337] DRM: head 'Virtual-1' found, connector 48 is connected, EDID make 'unknown', model 'unknown', serial ''
               Supported EOTF modes: SDR
               Supported colorimetry modes: default
[14:23:15.342] Registered plugin API 'weston_drm_output_api_v1' of size 40
[14:23:15.342] Registered plugin API 'weston_drm_virtual_output_api_v2' of size 48
[14:23:15.344] Color manager: no-op
                 protocol support: no
[14:23:15.358] Output 'Virtual-1' attempts EOTF mode SDR and colorimetry mode default.
[14:23:15.359] Output 'Virtual-1' using color profile: stock sRGB color profile
[14:23:15.385] DRM: output Virtual-1 uses shadow framebuffer.
[14:23:15.386] Output Virtual-1 (crtc 16) video modes:
               current@60.0, current, 70.6 MHz
[14:23:15.389] associating input device event0 with output Virtual-1 (none by udev)
[14:23:15.389] associating input device event1 with output Virtual-1 (none by udev)
[14:23:15.390] Output 'Virtual-1' enabled with head(s) Virtual-1
[14:23:15.391] Compositor capabilities:
               arbitrary surface rotation: yes
               screen capture uses y-flip: no
               cursor planes: yes
               arbitrary resolutions: no
               view mask clipping: yes
               explicit sync: no
               color operations: no
               presentation clock: CLOCK_MONOTONIC, id 1
               presentation clock resolution: 0.000001000 s
[14:23:15.400] Loading module '/usr/lib/weston/desktop-shell.so'
[14:23:15.427] launching '/usr/libexec/weston-keyboard'
[14:23:15.498] launching '/usr/libexec/weston-desktop-shell'
