[52:52:1002/032215.280850:VERBOSE1:chrome/app/chrome_crash_reporter_client.cc:199] GetCollectStatsConsent(): is_official_chrome_build is false so returning false
[52:52:1002/032218.802965:VERBOSE1:chrome/app/chrome_crash_reporter_client.cc:199] GetCollectStatsConsent(): is_official_chrome_build is false so returning false
[140:140:1002/032228.596942:INFO:third_party/webrtc/rtc_base/cpu_info.cc:75] Available number of cores: 4
[139:139:1002/032228.596756:INFO:third_party/webrtc/rtc_base/cpu_info.cc:75] Available number of cores: 4
[140:140:1002/032228.714410:VERBOSE1:content/zygote/zygote_main_linux.cc:201] ZygoteMain: initializing 0 fork delegates
[139:139:1002/032228.718164:VERBOSE1:content/zygote/zygote_main_linux.cc:201] ZygoteMain: initializing 0 fork delegates
[52:52:1002/032229.406651:VERBOSE1:components/policy/core/common/config_dir_policy_loader.cc:116] Found mandatory policy file: /etc/chromium/policies/managed/kiosk.json
[52:52:1002/032229.452231:VERBOSE1:components/policy/core/common/config_dir_policy_loader.cc:121] Skipping recommended platform policies because no policy file was found at: /etc/chromium/policies/recommended
[52:52:1002/032229.808695:VERBOSE1:components/variations/service/variations_field_trial_creator.cc:80] VariationsSeedUsage:2
[52:52:1002/032229.821560:VERBOSE1:components/variations/service/variations_field_trial_creator.cc:353] VariationsSetupComplete
[52:181:1002/032230.214250:VERBOSE1:base/files/file_util_posix.cc:317] Cannot stat "/root/mp-chromium-profile/VariationsSeedV1": No such file or directory (2)
[52:182:1002/032230.377002:ERROR:dbus/bus.cc:408] Failed to connect to the bus: Failed to connect to socket /run/dbus/system_bus_socket: No such file or directory
[52:52:1002/032230.649895:WARNING:ui/ozone/platform/wayland/ozone_platform_wayland.cc:272] Failed to initialize drm render node handle.
[52:52:1002/032230.700581:WARNING:ui/ozone/platform/wayland/common/wayland_object.cc:119] Binding to wl_shm version 1 but version 2 is available.
[52:52:1002/032236.184923:VERBOSE1:chrome/browser/media/webrtc/webrtc_event_log_manager.cc:122] WebRTC remote-bound event logging enabled.
[52:52:1002/032236.495973:VERBOSE1:components/proxy_config/pref_proxy_config_tracker_impl.cc:199] 0x3402399500: set chrome proxy config service to 0x340227abe0
[52:52:1002/032236.619155:VERBOSE1:google_apis/api_key_cache.cc:99] Using default value "497550622367-ubtkmd3b2pp5gulba5n6ha6sq4n35ehj.apps.googleusercontent.com" for API key GOOGLE_CLIENT_ID_MAIN
[52:52:1002/032236.621319:VERBOSE1:google_apis/api_key_cache.cc:99] Using default value "NaCX8tIIAphrjs56n3TpHx_e" for API key GOOGLE_CLIENT_SECRET_MAIN
[52:52:1002/032236.622985:VERBOSE1:google_apis/api_key_cache.cc:99] Using default value "497550622367-ubtkmd3b2pp5gulba5n6ha6sq4n35ehj.apps.googleusercontent.com" for API key GOOGLE_CLIENT_ID_REMOTING
[52:52:1002/032236.623380:VERBOSE1:google_apis/api_key_cache.cc:99] Using default value "NaCX8tIIAphrjs56n3TpHx_e" for API key GOOGLE_CLIENT_SECRET_REMOTING
[52:52:1002/032236.623705:VERBOSE1:google_apis/api_key_cache.cc:99] Using default value "497550622367-ubtkmd3b2pp5gulba5n6ha6sq4n35ehj.apps.googleusercontent.com" for API key GOOGLE_CLIENT_ID_REMOTING_HOST
[52:52:1002/032236.625304:VERBOSE1:google_apis/api_key_cache.cc:99] Using default value "NaCX8tIIAphrjs56n3TpHx_e" for API key GOOGLE_CLIENT_SECRET_REMOTING_HOST
[52:52:1002/032237.717456:VERBOSE1:components/device_event_log/device_event_log_impl.cc:200] [03:22:37.202] Display: EVENT: wayland_screen.cc:144 Displays updated, count: 1
[52:52:1002/032237.727609:VERBOSE1:components/device_event_log/device_event_log_impl.cc:200] [03:22:37.726] Display: EVENT: wayland_screen.cc:147 Display[16] bounds=[0,0 1280x800], workarea=[0,0 1280x800], scale=1, rotation=0, panel_rotation=0 external detected
[52:182:1002/032237.862083:ERROR:dbus/bus.cc:408] Failed to connect to the bus: Could not parse server address: Unknown address type (examples of valid types are "tcp" and on UNIX "unix")
[52:182:1002/032237.884859:ERROR:dbus/bus.cc:408] Failed to connect to the bus: Failed to connect to socket /run/dbus/system_bus_socket: No such file or directory
[52:182:1002/032237.892456:ERROR:dbus/bus.cc:408] Failed to connect to the bus: Failed to connect to socket /run/dbus/system_bus_socket: No such file or directory
[52:227:1002/032238.010786:VERBOSE1:base/files/file_util_posix.cc:317] Cannot stat "/root/mp-chromium-profile/component_crx_cache/metadata.json": No such file or directory (2)
[52:185:1002/032238.807109:VERBOSE1:content/browser/renderer_host/media/media_stream_manager.cc:1555] MSM::InitializeMaybeAsync([this=0x340236f980])
[52:185:1002/032238.843778:VERBOSE1:content/browser/renderer_host/media/media_stream_manager.cc:1555] MDM::MediaDevicesManager()
[52:185:1002/032238.850388:VERBOSE1:content/browser/renderer_host/media/media_stream_manager.cc:1555] MSM::MediaStreamManager([this=0x340236f980]))
[52:180:1002/032239.082139:VERBOSE1:base/files/file_util_posix.cc:317] Cannot stat "/root/mp-chromium-profile/Consent To Send Stats": No such file or directory (2)
[232:232:1002/032239.714515:WARNING:ui/ozone/platform/wayland/ozone_platform_wayland.cc:325] Failed to find drm render node path.
[232:232:1002/032239.751335:WARNING:ui/ozone/platform/wayland/gpu/wayland_buffer_manager_gpu.cc:458] Failed to initialize drm render node handle.
[52:52:1002/032240.116975:VERBOSE1:components/os_crypt/sync/key_storage_util_linux.cc:46] Password storage detected desktop environment: (unknown)
[52:52:1002/032240.119347:VERBOSE1:components/os_crypt/sync/key_storage_linux.cc:116] Selected backend for OSCrypt: BASIC_TEXT
[52:52:1002/032240.124317:VERBOSE1:components/os_crypt/sync/key_storage_linux.cc:135] OSCrypt did not initialize a backend.
[52:52:1002/032240.181402:VERBOSE1:components/enterprise/browser/controller/chrome_browser_cloud_management_controller.cc:171] Cloud management controller initialization aborted as CBCM is not enabled. Please use the `--enable-chrome-browser-cloud-management` command line flag to enable it if you are not using the official Google Chrome build.
[232:232:1002/032241.110832:ERROR:ui/gl/angle_platform_impl.cc:42] vk_renderer.cpp:187 (VerifyExtensionsPresent): Extension not supported: VK_EXT_headless_surface
ERR: vk_renderer.cpp:187 (VerifyExtensionsPresent): Extension not supported: VK_EXT_headless_surface
[232:232:1002/032241.123683:ERROR:ui/gl/angle_platform_impl.cc:42] vk_renderer.cpp:187 (VerifyExtensionsPresent): Extension not supported: VK_KHR_surface
ERR: vk_renderer.cpp:187 (VerifyExtensionsPresent): Extension not supported: VK_KHR_surface
[232:232:1002/032241.134991:ERROR:ui/gl/angle_platform_impl.cc:42] Display.cpp:1093 (initialize): ANGLE Display::initialize error 0: Internal Vulkan error (-7): A requested extension is not supported, in ../../third_party/angle/src/libANGLE/renderer/vulkan/vk_renderer.cpp, enableInstanceExtensions:2252.
ERR: Display.cpp:1093 (initialize): ANGLE Display::initialize error 0: Internal Vulkan error (-7): A requested extension is not supported, in ../../third_party/angle/src/libANGLE/renderer/vulkan/vk_renderer.cpp, enableInstanceExtensions:2252.
[232:232:1002/032241.145312:ERROR:ui/gl/egl_util.cc:92] EGL Driver message (Critical) eglInitialize: Internal Vulkan error (-7): A requested extension is not supported, in ../../third_party/angle/src/libANGLE/renderer/vulkan/vk_renderer.cpp, enableInstanceExtensions:2252.
[232:232:1002/032241.149706:ERROR:ui/gl/gl_display.cc:639] eglInitialize SwANGLE failed with error EGL_NOT_INITIALIZED
[232:232:1002/032241.154086:ERROR:ui/gl/gl_display.cc:674] Initialization of all EGL display types failed.
[232:232:1002/032241.157446:ERROR:ui/ozone/common/gl_ozone_egl.cc:26] GLDisplayEGL::Initialize failed.
[232:232:1002/032241.303509:ERROR:ui/gl/angle_platform_impl.cc:42] vk_renderer.cpp:187 (VerifyExtensionsPresent): Extension not supported: VK_EXT_headless_surface
ERR: vk_renderer.cpp:187 (VerifyExtensionsPresent): Extension not supported: VK_EXT_headless_surface
[232:232:1002/032241.311345:ERROR:ui/gl/angle_platform_impl.cc:42] vk_renderer.cpp:187 (VerifyExtensionsPresent): Extension not supported: VK_KHR_surface
ERR: vk_renderer.cpp:187 (VerifyExtensionsPresent): Extension not supported: VK_KHR_surface
[232:232:1002/032241.327320:ERROR:ui/gl/angle_platform_impl.cc:42] Display.cpp:1093 (initialize): ANGLE Display::initialize error 0: Internal Vulkan error (-7): A requested extension is not supported, in ../../third_party/angle/src/libANGLE/renderer/vulkan/vk_renderer.cpp, enableInstanceExtensions:2252.
ERR: Display.cpp:1093 (initialize): ANGLE Display::initialize error 0: Internal Vulkan error (-7): A requested extension is not supported, in ../../third_party/angle/src/libANGLE/renderer/vulkan/vk_renderer.cpp, enableInstanceExtensions:2252.
[232:232:1002/032241.337751:ERROR:ui/gl/egl_util.cc:92] EGL Driver message (Critical) eglInitialize: Internal Vulkan error (-7): A requested extension is not supported, in ../../third_party/angle/src/libANGLE/renderer/vulkan/vk_renderer.cpp, enableInstanceExtensions:2252.
[232:232:1002/032241.346291:ERROR:ui/gl/gl_display.cc:639] eglInitialize SwANGLE failed with error EGL_NOT_INITIALIZED
[232:232:1002/032241.351816:ERROR:ui/gl/gl_display.cc:674] Initialization of all EGL display types failed.
[232:232:1002/032241.358372:ERROR:ui/ozone/common/gl_ozone_egl.cc:26] GLDisplayEGL::Initialize failed.
[232:232:1002/032241.371604:VERBOSE1:gpu/ipc/service/gpu_init.cc:510] gl::init::InitializeGLNoExtensionsOneOff failed
[232:232:1002/032241.974188:VERBOSE1:components/viz/service/main/viz_main_impl.cc:86] VizNullHypothesis is disabled (not a warning)
[232:232:1002/032242.226708:ERROR:components/viz/service/main/viz_main_impl.cc:189] Exiting GPU process due to errors during initialization
[52:52:1002/032245.514424:VERBOSE1:chrome/browser/signin/account_consistency_mode_manager.cc:207] Desktop Identity Consistency disabled as sign-in to Chrome is not allowed
[52:52:1002/032245.703359:VERBOSE1:components/device_event_log/device_event_log_impl.cc:200] [03:22:45.695] Bluetooth: EVENT: bluetooth_api.cc:82 BluetoothAPI: 0x34026ba540
[52:52:1002/032245.767401:VERBOSE2:components/content_settings/core/browser/content_settings_policy_provider.cc:452] Skipping unset preference: profile.managed_automatic_fullscreen_allowed_for_urls
[52:52:1002/032245.767902:VERBOSE2:components/content_settings/core/browser/content_settings_policy_provider.cc:452] Skipping unset preference: profile.managed_automatic_fullscreen_blocked_for_urls
[52:52:1002/032245.768114:VERBOSE2:components/content_settings/core/browser/content_settings_policy_provider.cc:452] Skipping unset preference: profile.managed_cookies_allowed_for_urls
[52:52:1002/032245.768316:VERBOSE2:components/content_settings/core/browser/content_settings_policy_provider.cc:452] Skipping unset preference: profile.managed_cookies_blocked_for_urls
[52:52:1002/032245.768641:VERBOSE2:components/content_settings/core/browser/content_settings_policy_provider.cc:452] Skipping unset preference: profile.managed_cookies_sessiononly_for_urls
[52:52:1002/032245.768846:VERBOSE2:components/content_settings/core/browser/content_settings_policy_provider.cc:452] Skipping unset preference: profile.managed_access_to_get_all_screens_media_in_session_allowed_for_urls
[52:52:1002/032245.769039:VERBOSE2:components/content_settings/core/browser/content_settings_policy_provider.cc:452] Skipping unset preference: profile.managed_images_allowed_for_urls
[52:52:1002/032245.770777:VERBOSE2:components/content_settings/core/browser/content_settings_policy_provider.cc:452] Skipping unset preference: profile.managed_images_blocked_for_urls
[52:52:1002/032245.771002:VERBOSE2:components/content_settings/core/browser/content_settings_policy_provider.cc:452] Skipping unset preference: profile.managed_insecure_content_allowed_for_urls
[52:52:1002/032245.771177:VERBOSE2:components/content_settings/core/browser/content_settings_policy_provider.cc:452] Skipping unset preference: profile.managed_insecure_content_blocked_for_urls
[52:52:1002/032245.771352:VERBOSE2:components/content_settings/core/browser/content_settings_policy_provider.cc:452] Skipping unset preference: profile.managed_javascript_allowed_for_urls
[52:52:1002/032245.772328:VERBOSE2:components/content_settings/core/browser/content_settings_policy_provider.cc:452] Skipping unset preference: profile.managed_javascript_blocked_for_urls
[52:52:1002/032245.772568:VERBOSE2:components/content_settings/core/browser/content_settings_policy_provider.cc:452] Skipping unset preference: profile.managed_clipboard_allowed_for_urls
[52:52:1002/032245.772766:VERBOSE2:components/content_settings/core/browser/content_settings_policy_provider.cc:452] Skipping unset preference: profile.managed_clipboard_blocked_for_urls
[52:52:1002/032245.772950:VERBOSE2:components/content_settings/core/browser/content_settings_policy_provider.cc:452] Skipping unset preference: profile.managed_notifications_allowed_for_urls
[52:52:1002/032245.773133:VERBOSE2:components/content_settings/core/browser/content_settings_policy_provider.cc:452] Skipping unset preference: profile.managed_notifications_blocked_for_urls
[52:52:1002/032245.773316:VERBOSE2:components/content_settings/core/browser/content_settings_policy_provider.cc:452] Skipping unset preference: profile.managed_popups_allowed_for_urls
[52:52:1002/032245.773538:VERBOSE2:components/content_settings/core/browser/content_settings_policy_provider.cc:452] Skipping unset preference: profile.managed_popups_blocked_for_urls
[52:52:1002/032245.773732:VERBOSE2:components/content_settings/core/browser/content_settings_policy_provider.cc:452] Skipping unset preference: profile.managed_web_usb_ask_for_urls
[52:52:1002/032245.774696:VERBOSE2:components/content_settings/core/browser/content_settings_policy_provider.cc:452] Skipping unset preference: profile.managed_web_usb_blocked_for_urls
[52:52:1002/032245.775434:VERBOSE2:components/content_settings/core/browser/content_settings_policy_provider.cc:452] Skipping unset preference: profile.managed_file_system_read_ask_for_urls
[52:52:1002/032245.776351:VERBOSE2:components/content_settings/core/browser/content_settings_policy_provider.cc:452] Skipping unset preference: profile.managed_file_system_read_blocked_for_urls
[52:52:1002/032245.776916:VERBOSE2:components/content_settings/core/browser/content_settings_policy_provider.cc:452] Skipping unset preference: profile.managed_file_system_write_ask_for_urls
[52:52:1002/032245.777184:VERBOSE2:components/content_settings/core/browser/content_settings_policy_provider.cc:452] Skipping unset preference: profile.managed_file_system_write_blocked_for_urls
[52:52:1002/032245.777443:VERBOSE2:components/content_settings/core/browser/content_settings_policy_provider.cc:452] Skipping unset preference: profile.managed_legacy_cookie_access_allowed_for_domains
[52:52:1002/032245.777855:VERBOSE2:components/content_settings/core/browser/content_settings_policy_provider.cc:452] Skipping unset preference: profile.managed_default_content_settings.legacy_cookie_scope
[52:52:1002/032245.778228:VERBOSE2:components/content_settings/core/browser/content_settings_policy_provider.cc:452] Skipping unset preference: profile.managed_legacy_cookie_scope_for_domains
[52:52:1002/032245.778909:VERBOSE2:components/content_settings/core/browser/content_settings_policy_provider.cc:452] Skipping unset preference: profile.managed_serial_ask_for_urls
[52:52:1002/032245.779432:VERBOSE2:components/content_settings/core/browser/content_settings_policy_provider.cc:452] Skipping unset preference: profile.managed_serial_blocked_for_urls
[52:52:1002/032245.780034:VERBOSE2:components/content_settings/core/browser/content_settings_policy_provider.cc:452] Skipping unset preference: profile.managed_sensors_allowed_for_urls
[52:52:1002/032245.780431:VERBOSE2:components/content_settings/core/browser/content_settings_policy_provider.cc:452] Skipping unset preference: profile.managed_sensors_blocked_for_urls
[52:52:1002/032245.780837:VERBOSE2:components/content_settings/core/browser/content_settings_policy_provider.cc:452] Skipping unset preference: profile.managed_javascript_jit_allowed_for_sites
[52:52:1002/032245.781237:VERBOSE2:components/content_settings/core/browser/content_settings_policy_provider.cc:452] Skipping unset preference: profile.managed_javascript_jit_blocked_for_sites
[52:52:1002/032245.781805:VERBOSE2:components/content_settings/core/browser/content_settings_policy_provider.cc:452] Skipping unset preference: profile.managed_javascript_optimizer_allowed_for_sites
[52:52:1002/032245.782119:VERBOSE2:components/content_settings/core/browser/content_settings_policy_provider.cc:452] Skipping unset preference: profile.managed_javascript_optimizer_blocked_for_sites
[52:52:1002/032245.782418:VERBOSE2:components/content_settings/core/browser/content_settings_policy_provider.cc:452] Skipping unset preference: profile.managed_web_hid_ask_for_urls
[52:52:1002/032245.782682:VERBOSE2:components/content_settings/core/browser/content_settings_policy_provider.cc:452] Skipping unset preference: profile.managed_web_hid_blocked_for_urls
[52:52:1002/032245.782921:VERBOSE2:components/content_settings/core/browser/content_settings_policy_provider.cc:452] Skipping unset preference: profile.managed_window_management_allowed_for_urls
[52:52:1002/032245.783179:VERBOSE2:components/content_settings/core/browser/content_settings_policy_provider.cc:452] Skipping unset preference: profile.managed_window_management_blocked_for_urls
[52:52:1002/032245.783522:VERBOSE2:components/content_settings/core/browser/content_settings_policy_provider.cc:452] Skipping unset preference: profile.managed_local_fonts_allowed_for_urls
[52:52:1002/032245.783922:VERBOSE2:components/content_settings/core/browser/content_settings_policy_provider.cc:452] Skipping unset preference: profile.managed_local_fonts_blocked_for_urls
[52:52:1002/032245.784306:VERBOSE2:components/content_settings/core/browser/content_settings_policy_provider.cc:452] Skipping unset preference: profile.managed_third_party_storage_partitioning_blocked_for_origins
[52:52:1002/032245.784911:VERBOSE2:components/content_settings/core/browser/content_settings_policy_provider.cc:452] Skipping unset preference: profile.managed_web_printing_allowed_for_urls
[52:52:1002/032245.785438:VERBOSE2:components/content_settings/core/browser/content_settings_policy_provider.cc:452] Skipping unset preference: profile.managed_web_printing_blocked_for_urls
[52:52:1002/032245.785850:VERBOSE2:components/content_settings/core/browser/content_settings_policy_provider.cc:452] Skipping unset preference: profile.managed_direct_sockets_allowed_for_urls
[52:52:1002/032245.786462:VERBOSE2:components/content_settings/core/browser/content_settings_policy_provider.cc:452] Skipping unset preference: profile.managed_direct_sockets_blocked_for_urls
[52:52:1002/032245.787062:VERBOSE2:components/content_settings/core/browser/content_settings_policy_provider.cc:452] Skipping unset preference: profile.managed_direct_sockets_pna_allowed_for_urls
[52:52:1002/032245.787633:VERBOSE2:components/content_settings/core/browser/content_settings_policy_provider.cc:452] Skipping unset preference: profile.managed_direct_sockets_pna_blocked_for_urls
[52:52:1002/032245.788166:VERBOSE2:components/content_settings/core/browser/content_settings_policy_provider.cc:452] Skipping unset preference: profile.managed_controlled_frame_allowed_for_urls
[52:52:1002/032245.788679:VERBOSE2:components/content_settings/core/browser/content_settings_policy_provider.cc:452] Skipping unset preference: profile.managed_controlled_frame_blocked_for_urls
[52:52:1002/032245.789334:VERBOSE2:components/content_settings/core/browser/content_settings_policy_provider.cc:452] Skipping unset preference: profile.managed_local_network_access_allowed_for_urls
[52:52:1002/032245.789874:VERBOSE2:components/content_settings/core/browser/content_settings_policy_provider.cc:452] Skipping unset preference: profile.managed_local_network_access_blocked_for_urls
[52:52:1002/032245.790436:VERBOSE2:components/content_settings/core/browser/content_settings_policy_provider.cc:530] Skipping unset preference: profile.managed_auto_select_certificate_for_urls
[52:180:1002/032246.270127:VERBOSE1:base/files/file_util_posix.cc:317] Cannot stat "/root/mp-chromium-profile/Default/Web Applications/Logs/WebAppInstallManager.log": No such file or directory (2)
[52:182:1002/032247.086485:ERROR:dbus/bus.cc:408] Failed to connect to the bus: Could not parse server address: Unknown address type (examples of valid types are "tcp" and on UNIX "unix")
[52:52:1002/032248.170726:VERBOSE1:components/proxy_config/pref_proxy_config_tracker_impl.cc:199] 0x340239ad00: set chrome proxy config service to 0x340227e800
[52:52:1002/032248.234939:VERBOSE1:chrome/browser/signin/account_consistency_mode_manager.cc:207] Desktop Identity Consistency disabled as sign-in to Chrome is not allowed
[52:52:1002/032248.444092:VERBOSE1:components/signin/internal/identity_manager/mutable_profile_oauth2_token_service_delegate.cc:318] MutablePO2TS::MutablePO2TS
[52:180:1002/032250.078031:VERBOSE1:net/disk_cache/simple/simple_index_file.cc:607] Simple Cache Index is being restored from disk.
[52:181:1002/032250.080335:VERBOSE1:net/disk_cache/simple/simple_index_file.cc:607] Simple Cache Index is being restored from disk.
[52:181:1002/032250.100974:VERBOSE1:base/files/file_util_posix.cc:317] Cannot stat "/root/mp-chromium-profile/Default/Code Cache/js/index-dir/the-real-index": No such file or directory (2)
[52:180:1002/032250.102658:VERBOSE1:base/files/file_util_posix.cc:317] Cannot stat "/root/mp-chromium-profile/Default/Code Cache/wasm/index-dir/the-real-index": No such file or directory (2)
[52:52:1002/032250.210514:VERBOSE1:components/proxy_config/pref_proxy_config_tracker_impl.cc:199] 0x340239c200: set chrome proxy config service to 0x3402280d60
[52:52:1002/032251.192840:VERBOSE1:chrome/browser/signin/account_consistency_mode_manager.cc:207] Desktop Identity Consistency disabled as sign-in to Chrome is not allowed
[52:52:1002/032251.557476:VERBOSE1:extensions/browser/api/bluetooth_low_energy/bluetooth_low_energy_event_router.cc:291] Initializing BluetoothLowEnergyEventRouter.
[52:52:1002/032251.924317:VERBOSE1:chrome/browser/permissions/prediction_service/prediction_model_handler_provider_factory.cc:58] [PermissionsAI]: PredictionModelHandlerProviderFactory::BuildServiceInstanceForBrowserContext
[52:52:1002/032251.924974:VERBOSE1:chrome/browser/permissions/prediction_service/prediction_model_handler_provider_factory.cc:66] [PermissionsAI]: OptimizationGuideKeyedService not available.
[52:52:1002/032253.253763:VERBOSE1:extensions/browser/extension_registrar.cc:521] AddComponentExtension Web Store
[52:52:1002/032253.256626:VERBOSE1:extensions/browser/extension_registrar.cc:523] Component extension Web Store (ahfgeienlihckogmohjhadlkjgocpleb) installing/upgrading from '' to 0.2
[52:52:1002/032253.817286:VERBOSE1:extensions/browser/extension_registrar.cc:521] AddComponentExtension Chromium PDF Viewer
[52:52:1002/032253.817719:VERBOSE1:extensions/browser/extension_registrar.cc:523] Component extension Chromium PDF Viewer (mhjfbmdgcfjbbpaeojofohoefgiehjai) installing/upgrading from '' to 1
[52:52:1002/032253.894603:VERBOSE1:extensions/browser/extension_registrar.cc:521] AddComponentExtension Google Hangouts
[52:52:1002/032253.895118:VERBOSE1:extensions/browser/extension_registrar.cc:523] Component extension Google Hangouts (nkeimhogjdpnpccoofpliimaahmaaome) installing/upgrading from '' to 1.3.26
[52:52:1002/032253.999465:VERBOSE1:components/signin/internal/identity_manager/mutable_profile_oauth2_token_service_delegate.cc:408] MutablePO2TS::RefreshTokenIsAvailable
[52:52:1002/032254.008082:VERBOSE1:components/signin/internal/identity_manager/mutable_profile_oauth2_token_service_delegate.cc:408] MutablePO2TS::RefreshTokenIsAvailable
[52:52:1002/032254.019331:VERBOSE1:chrome/browser/signin/account_consistency_mode_manager.cc:207] Desktop Identity Consistency disabled as sign-in to Chrome is not allowed
[52:52:1002/032254.022149:VERBOSE1:components/signin/core/browser/account_reconcilor.cc:165] AccountReconcilor::AccountReconcilor
[52:52:1002/032254.022869:VERBOSE1:components/signin/core/browser/account_reconcilor.cc:203] AccountReconcilor::Initialize
[52:180:1002/032254.197470:VERBOSE1:base/files/file_util_posix.cc:317] Cannot stat "/root/mp-chromium-profile/Default/Policy/User Policy": No such file or directory (2)
[52:180:1002/032254.199680:VERBOSE1:base/files/file_util_posix.cc:317] Cannot stat "/root/mp-chromium-profile/Default/Policy/Signing Key": No such file or directory (2)
[52:222:1002/032254.310448:VERBOSE1:chrome/browser/shutdown_signal_handlers_posix.cc:131] Handling shutdown for signal 15.
[52:52:1002/032254.560737:VERBOSE1:chrome/browser/profiles/profile_manager.cc:1277] AddKeepAlive(Default, kBrowserWindow). keep_alives=[kWaitingForFirstBrowserWindow (1), kBrowserWindow (1)]
[52:52:1002/032254.562194:VERBOSE1:chrome/browser/profiles/profile_manager.cc:1359] ClearFirstBrowserWindowKeepAlive(Default). keep_alives=[kBrowserWindow (1)]
[52:182:1002/032256.383916:ERROR:dbus/bus.cc:408] Failed to connect to the bus: Could not parse server address: Unknown address type (examples of valid types are "tcp" and on UNIX "unix")
[52:182:1002/032256.389884:ERROR:dbus/bus.cc:408] Failed to connect to the bus: Could not parse server address: Unknown address type (examples of valid types are "tcp" and on UNIX "unix")
[52:52:1002/032256.813247:WARNING:ui/ozone/platform/wayland/host/wayland_surface.cc:170] Server doesn't support zcr_alpha_compositing_v1.
[52:52:1002/032256.813837:WARNING:ui/ozone/platform/wayland/host/wayland_surface.cc:185] Server doesn't support overlay_prioritizer.
[52:52:1002/032256.814062:WARNING:ui/ozone/platform/wayland/host/wayland_surface.cc:200] Server doesn't support wp_content_type_v1
[52:52:1002/032256.814287:WARNING:ui/ozone/platform/wayland/host/wayland_surface.cc:214] Server doesn't support wp_color_management_surface_v1.
[52:52:1002/032257.076560:WARNING:ui/ozone/platform/wayland/host/wayland_connection.cc:408] text-input-v3 not available.
[52:52:1002/032257.660236:VERBOSE1:chrome/browser/signin/account_consistency_mode_manager.cc:207] Desktop Identity Consistency disabled as sign-in to Chrome is not allowed
[52:52:1002/032300.001640:VERBOSE1:google_apis/gaia/gaia_auth_util.cc:54] Canonicalized @gmail.com to @gmail.com
[52:52:1002/032300.002441:VERBOSE1:google_apis/gaia/gaia_auth_util.cc:54] Canonicalized @gmail.com to @gmail.com
[236:236:1002/032309.052914:INFO:content/child/child_thread_impl.cc:909] ChildThreadImpl::EnsureConnected()
