### [2026-09-22 17:15:00] SESSION START
### cwd: /home/mo/x-kernel
### argv: make run GRAPHIC=y ACCEL=n MEM=2g SMP=4 VSOCK=n 'QEMU_ARGS=-device virtio-keyboard-pci -device virtio-mouse-pci'
Running x-kernel...
   Compiling kaddr_layout v0.3.0-dev (/home/mo/x-kernel/mm/kaddr_layout)
error[E0658]: use of unstable library feature `cfg_select`
  --> /home/mo/x-kernel/mm/kaddr_layout/src/lib.rs:54:1
   |
54 | cfg_select! {
   | ^^^^^^^^^^
   |
   = note: see issue #115585 <https://github.com/rust-lang/rust/issues/115585> for more information
   = help: add `#![feature(cfg_select)]` to the crate attributes to enable
   = note: this compiler was built on 2026-02-11; consider upgrading it if it is out of date

error[E0658]: use of unstable library feature `cfg_select`
   --> /home/mo/x-kernel/mm/kaddr_layout/src/lib.rs:188:1
    |
188 | cfg_select! {
    | ^^^^^^^^^^
    |
    = note: see issue #115585 <https://github.com/rust-lang/rust/issues/115585> for more information
    = help: add `#![feature(cfg_select)]` to the crate attributes to enable
    = note: this compiler was built on 2026-02-11; consider upgrading it if it is out of date

For more information about this error, try `rustc --explain E0658`.
error: could not compile `kaddr_layout` (lib) due to 2 previous errors
make: *** [Makefile:172：run] 错误 101

### [2026-09-22 17:15:03] 子进程已退出（elapsed=3.0s）

### [2026-09-22 17:15:03] stopping session...
^Ax### [2026-09-22 17:15:03] SESSION END (exit=2)
