Date: 2026-09-28 UTC
[09:19:35.617] weston 14.0.2
               https://wayland.freedesktop.org
               Bug reports to: https://gitlab.freedesktop.org/wayland/weston/issues/
               Build: 14.0.2
[09:19:35.621] Command line: weston --backend=drm-backend.so --renderer=pixman --drm-device=card0 --seat=seat0 --idle-time=0 --debug --log=/root/mp-weston.log
[09:19:35.621] OS: Linux, 10.0.0, 10.0.0, aarch64
[09:19:35.621] Flight recorder: enabled
[09:19:35.634] Starting with no config file.
[09:19:35.659] Output repaint window is 7 ms maximum.
[09:19:35.667] Loading module '/usr/lib/libweston-14/drm-backend.so'
[09:19:35.764] initializing drm backend
[09:19:35.767] Trying libseat launcher...
[09:19:35.781] [libseat/libseat.c:62] Seat opened with backend 'seatd'
[09:19:35.782] [libseat/backend/seatd.c:212] Enabling seat
[09:19:35.783] libseat: session control granted
[09:19:35.805] using /dev/dri/card0
[09:19:35.808] DRM: does not support atomic modesetting
[09:19:35.808] DRM: supports GBM modifiers
[09:19:35.809] DRM: does not support Atomic async page flip
[09:19:35.809] DRM: supports picture aspect ratio
[09:19:35.813] Using Pixman renderer
[09:19:36.023] event0  - QEMU Virtio Keyboard: is tagged by udev as: Keyboard
[09:19:36.027] event0  - QEMU Virtio Keyboard: device is a keyboard
[09:19:36.054] event1  - QEMU Virtio Mouse: is tagged by udev as: Mouse
[09:19:36.055] event1  - QEMU Virtio Mouse: device is a pointer
[09:19:36.321] libinput: configuring device "QEMU Virtio Keyboard".
[09:19:36.323] libinput: configuring device "QEMU Virtio Mouse".
[09:19:36.333] DRM: head 'Virtual-1' found, connector 48 is connected, EDID make 'unknown', model 'unknown', serial ''
               Supported EOTF modes: SDR
               Supported colorimetry modes: default
[09:19:36.338] Registered plugin API 'weston_drm_output_api_v1' of size 40
[09:19:36.338] Registered plugin API 'weston_drm_virtual_output_api_v2' of size 48
[09:19:36.340] Color manager: no-op
                 protocol support: no
[09:19:36.355] Output 'Virtual-1' attempts EOTF mode SDR and colorimetry mode default.
[09:19:36.355] Output 'Virtual-1' using color profile: stock sRGB color profile
[09:19:36.383] DRM: output Virtual-1 uses shadow framebuffer.
[09:19:36.383] Output Virtual-1 (crtc 16) video modes:
               current@60.0, current, 70.6 MHz
[09:19:36.386] associating input device event0 with output Virtual-1 (none by udev)
[09:19:36.387] associating input device event1 with output Virtual-1 (none by udev)
[09:19:36.388] Output 'Virtual-1' enabled with head(s) Virtual-1
[09:19:36.388] Compositor capabilities:
               arbitrary surface rotation: yes
               screen capture uses y-flip: no
               cursor planes: yes
               arbitrary resolutions: no
               view mask clipping: yes
               explicit sync: no
               color operations: no
               presentation clock: CLOCK_MONOTONIC, id 1
               presentation clock resolution: 0.000001000 s
[09:19:36.402] Loading module '/usr/lib/weston/desktop-shell.so'
[09:19:36.455] launching '/usr/libexec/weston-keyboard'
[09:19:36.549] launching '/usr/libexec/weston-desktop-shell'
