Date: 2026-09-28 UTC
[11:43:18.748] weston 14.0.2
               https://wayland.freedesktop.org
               Bug reports to: https://gitlab.freedesktop.org/wayland/weston/issues/
               Build: 14.0.2
[11:43:18.752] Command line: weston --backend=drm-backend.so --renderer=pixman --drm-device=card0 --seat=seat0 --idle-time=0 --debug --log=/root/mp-weston.log
[11:43:18.753] OS: Linux, 10.0.0, 10.0.0, aarch64
[11:43:18.753] Flight recorder: enabled
[11:43:18.766] Starting with no config file.
[11:43:18.792] Output repaint window is 7 ms maximum.
[11:43:18.801] Loading module '/usr/lib/libweston-14/drm-backend.so'
[11:43:18.898] initializing drm backend
[11:43:18.901] Trying libseat launcher...
[11:43:18.916] [libseat/libseat.c:62] Seat opened with backend 'seatd'
[11:43:18.917] [libseat/backend/seatd.c:212] Enabling seat
[11:43:18.917] libseat: session control granted
[11:43:18.939] using /dev/dri/card0
[11:43:18.942] DRM: does not support atomic modesetting
[11:43:18.943] DRM: supports GBM modifiers
[11:43:18.943] DRM: does not support Atomic async page flip
[11:43:18.943] DRM: supports picture aspect ratio
[11:43:18.947] Using Pixman renderer
[11:43:19.164] event0  - QEMU Virtio Keyboard: is tagged by udev as: Keyboard
[11:43:19.168] event0  - QEMU Virtio Keyboard: device is a keyboard
[11:43:19.197] event1  - QEMU Virtio Mouse: is tagged by udev as: Mouse
[11:43:19.198] event1  - QEMU Virtio Mouse: device is a pointer
[11:43:19.481] libinput: configuring device "QEMU Virtio Keyboard".
[11:43:19.484] libinput: configuring device "QEMU Virtio Mouse".
[11:43:19.494] DRM: head 'Virtual-1' found, connector 48 is connected, EDID make 'unknown', model 'unknown', serial ''
               Supported EOTF modes: SDR
               Supported colorimetry modes: default
[11:43:19.498] Registered plugin API 'weston_drm_output_api_v1' of size 40
[11:43:19.498] Registered plugin API 'weston_drm_virtual_output_api_v2' of size 48
[11:43:19.501] Color manager: no-op
                 protocol support: no
[11:43:19.517] Output 'Virtual-1' attempts EOTF mode SDR and colorimetry mode default.
[11:43:19.517] Output 'Virtual-1' using color profile: stock sRGB color profile
[11:43:19.548] DRM: output Virtual-1 uses shadow framebuffer.
[11:43:19.548] Output Virtual-1 (crtc 16) video modes:
               current@60.0, current, 70.6 MHz
[11:43:19.553] associating input device event0 with output Virtual-1 (none by udev)
[11:43:19.553] associating input device event1 with output Virtual-1 (none by udev)
[11:43:19.555] Output 'Virtual-1' enabled with head(s) Virtual-1
[11:43:19.555] Compositor capabilities:
               arbitrary surface rotation: yes
               screen capture uses y-flip: no
               cursor planes: yes
               arbitrary resolutions: no
               view mask clipping: yes
               explicit sync: no
               color operations: no
               presentation clock: CLOCK_MONOTONIC, id 1
               presentation clock resolution: 0.000001000 s
[11:43:19.569] Loading module '/usr/lib/weston/desktop-shell.so'
[11:43:19.635] launching '/usr/libexec/weston-keyboard'
[11:43:19.718] launching '/usr/libexec/weston-desktop-shell'
