Date: 2026-10-02 UTC
[04:13:14.534] weston 14.0.2
               https://wayland.freedesktop.org
               Bug reports to: https://gitlab.freedesktop.org/wayland/weston/issues/
               Build: 14.0.2
[04:13:14.539] Command line: weston --backend=drm-backend.so --renderer=pixman --drm-device=card0 --seat=seat0 --idle-time=0 --debug --log=/root/mp-weston.log
[04:13:14.540] OS: Linux, 10.0.0, 10.0.0, aarch64
[04:13:14.541] Flight recorder: enabled
[04:13:14.556] Starting with no config file.
[04:13:14.590] Output repaint window is 7 ms maximum.
[04:13:14.598] Loading module '/usr/lib/libweston-14/drm-backend.so'
[04:13:14.715] initializing drm backend
[04:13:14.719] Trying libseat launcher...
[04:13:14.739] [libseat/libseat.c:62] Seat opened with backend 'seatd'
[04:13:14.740] [libseat/backend/seatd.c:212] Enabling seat
[04:13:14.740] libseat: session control granted
[04:13:14.767] using /dev/dri/card0
[04:13:14.772] DRM: does not support atomic modesetting
[04:13:14.772] DRM: supports GBM modifiers
[04:13:14.772] DRM: does not support Atomic async page flip
[04:13:14.772] DRM: supports picture aspect ratio
[04:13:14.778] Using Pixman renderer
[04:13:15.016] event0  - QEMU Virtio Keyboard: is tagged by udev as: Keyboard
[04:13:15.021] event0  - QEMU Virtio Keyboard: device is a keyboard
[04:13:15.051] event1  - QEMU Virtio Mouse: is tagged by udev as: Mouse
[04:13:15.052] event1  - QEMU Virtio Mouse: device is a pointer
[04:13:15.538] libinput: configuring device "QEMU Virtio Keyboard".
[04:13:15.540] libinput: configuring device "QEMU Virtio Mouse".
[04:13:15.551] DRM: head 'Virtual-1' found, connector 48 is connected, EDID make 'unknown', model 'unknown', serial ''
               Supported EOTF modes: SDR
               Supported colorimetry modes: default
[04:13:15.557] Registered plugin API 'weston_drm_output_api_v1' of size 40
[04:13:15.557] Registered plugin API 'weston_drm_virtual_output_api_v2' of size 48
[04:13:15.560] Color manager: no-op
                 protocol support: no
[04:13:15.582] Output 'Virtual-1' attempts EOTF mode SDR and colorimetry mode default.
[04:13:15.582] Output 'Virtual-1' using color profile: stock sRGB color profile
[04:13:15.621] DRM: output Virtual-1 uses shadow framebuffer.
[04:13:15.622] Output Virtual-1 (crtc 16) video modes:
               current@60.0, current, 70.6 MHz
[04:13:15.624] associating input device event0 with output Virtual-1 (none by udev)
[04:13:15.625] associating input device event1 with output Virtual-1 (none by udev)
[04:13:15.627] Output 'Virtual-1' enabled with head(s) Virtual-1
[04:13:15.627] Compositor capabilities:
               arbitrary surface rotation: yes
               screen capture uses y-flip: no
               cursor planes: yes
               arbitrary resolutions: no
               view mask clipping: yes
               explicit sync: no
               color operations: no
               presentation clock: CLOCK_MONOTONIC, id 1
               presentation clock resolution: 0.000001000 s
[04:13:15.638] Loading module '/usr/lib/weston/desktop-shell.so'
[04:13:15.672] launching '/usr/libexec/weston-keyboard'
[04:13:15.717] launching '/usr/libexec/weston-desktop-shell'
