=== Mon Sep 21 07:03:27 UTC 2026 uptime= (+0s) ===
weston:        97 
desktop-shell: 104 
chromium:      161 163 
wayland-0:     no
   90 root      0:00 seatd -g root -l debug
   97 root      0:00 weston --backend=drm-backend.so --renderer=pixman --drm-device=card0 --seat=seat0 --continue-without-input --idle-time=0 --log=/tmp/weston.log
  103 root      0:00 /usr/libexec/weston-keyboard
  104 root      0:00 /usr/libexec/weston-desktop-shell
  161 root      0:00 /usr/lib/chromium/chrome_crashpad_handler --monitor-self --monitor-self-annotation=ptype=crashpad-handler --database=/root/.config/chromium/Crash Reports --annotation=channel=Alpine Linux --annotation=lsb-release=Alpine Linux v3.23 --annotation=plat=Linux --annotation=prod=Chrome_Linux --annotation=ver=149.0.7827.53 --initial-client-fd=4 --shared-client-connection
  163 root      0:00 /usr/lib/chromium/chrome_crashpad_handler --no-periodic-tasks --monitor-self-annotation=ptype=crashpad-handler --database=/root/.config/chromium/Crash Reports --annotation=channel=Alpine Linux --annotation=lsb-release=Alpine Linux v3.23 --annotation=plat=Linux --annotation=prod=Chrome_Linux --annotation=ver=149.0.7827.53 --initial-client-fd=5 --shared-client-connection
=== Mon Sep 21 07:03:59 UTC 2026 uptime= (+30s) ===
weston:        97 
desktop-shell: 104 
chromium:      161 163 
wayland-0:     no
   90 root      0:00 seatd -g root -l debug
   97 root      0:00 weston --backend=drm-backend.so --renderer=pixman --drm-device=card0 --seat=seat0 --continue-without-input --idle-time=0 --log=/tmp/weston.log
  103 root      0:00 /usr/libexec/weston-keyboard
  104 root      0:00 /usr/libexec/weston-desktop-shell
  161 root      0:00 /usr/lib/chromium/chrome_crashpad_handler --monitor-self --monitor-self-annotation=ptype=crashpad-handler --database=/root/.config/chromium/Crash Reports --annotation=channel=Alpine Linux --annotation=lsb-release=Alpine Linux v3.23 --annotation=plat=Linux --annotation=prod=Chrome_Linux --annotation=ver=149.0.7827.53 --initial-client-fd=4 --shared-client-connection
  163 root      0:00 /usr/lib/chromium/chrome_crashpad_handler --no-periodic-tasks --monitor-self-annotation=ptype=crashpad-handler --database=/root/.config/chromium/Crash Reports --annotation=channel=Alpine Linux --annotation=lsb-release=Alpine Linux v3.23 --annotation=plat=Linux --annotation=prod=Chrome_Linux --annotation=ver=149.0.7827.53 --initial-client-fd=5 --shared-client-connection
=== Mon Sep 21 07:04:31 UTC 2026 uptime= (+60s) ===
weston:        97 
desktop-shell: 104 
chromium:      161 163 
wayland-0:     no
   90 root      0:00 seatd -g root -l debug
   97 root      0:00 weston --backend=drm-backend.so --renderer=pixman --drm-device=card0 --seat=seat0 --continue-without-input --idle-time=0 --log=/tmp/weston.log
  103 root      0:00 /usr/libexec/weston-keyboard
  104 root      0:00 /usr/libexec/weston-desktop-shell
  161 root      0:00 /usr/lib/chromium/chrome_crashpad_handler --monitor-self --monitor-self-annotation=ptype=crashpad-handler --database=/root/.config/chromium/Crash Reports --annotation=channel=Alpine Linux --annotation=lsb-release=Alpine Linux v3.23 --annotation=plat=Linux --annotation=prod=Chrome_Linux --annotation=ver=149.0.7827.53 --initial-client-fd=4 --shared-client-connection
  163 root      0:00 /usr/lib/chromium/chrome_crashpad_handler --no-periodic-tasks --monitor-self-annotation=ptype=crashpad-handler --database=/root/.config/chromium/Crash Reports --annotation=channel=Alpine Linux --annotation=lsb-release=Alpine Linux v3.23 --annotation=plat=Linux --annotation=prod=Chrome_Linux --annotation=ver=149.0.7827.53 --initial-client-fd=5 --shared-client-connection
