Wed Sep 23 01:52:11 UTC 2026 ===== A. 环境与内核投射 =====
Wed Sep 23 01:52:11 UTC 2026 kernel: Linux 10.0.0 aarch64
Wed Sep 23 01:52:11 UTC 2026 /sys/devices/system/cpu/possible=0-3
Wed Sep 23 01:52:11 UTC 2026 /sys/devices/system/cpu/present=0-3
Wed Sep 23 01:52:11 UTC 2026 /sys/devices/system/cpu/online=0-3
Wed Sep 23 01:52:12 UTC 2026 /sys/devices/system/cpu/kernel_max=3
Wed Sep 23 01:52:12 UTC 2026 cpuinfo: 4 processors
Wed Sep 23 01:52:12 UTC 2026 page hashes: 831cf28f3748940b450d1da325aa39a2dcaea2fee15b0532bf4111144d176b38  /usr/share/html-test/index.html;58130daa4a2f426fd16b8bde93d964713f20e147da8af1537ab2d8b506d2fd58  /usr/share/html-test/interaction.html;a1b04f9aba81b4b7818be2e7a858d482d471bd0d625dee257f605b2129b8fc4c  /usr/share/html-test/layout.html;
Chromium 142.0.7444.59 Alpine Linux
Wed Sep 23 01:52:25 UTC 2026 ===== B. Weston（真实 DRM + seatd，无输入降级）=====
Wed Sep 23 01:52:32 UTC 2026 weston_alive=yes socket=[/run/user/0/wayland-1]
[weston] [01:52:26.400] using /dev/dri/card0
[weston] [01:52:26.588] warning: no input devices found, but none required as per configuration.
[weston] [01:52:26.647] DRM: output Virtual-1 uses shadow framebuffer.
[weston] [01:52:26.652] Output 'Virtual-1' enabled with head(s) Virtual-1
Wed Sep 23 01:52:32 UTC 2026 ===== C. Chromium 启动（参数与 cr2 相同）=====
Wed Sep 23 01:52:33 UTC 2026 chromium pid=49
Wed Sep 23 01:52:33 UTC 2026 elapsed=0s browser_pid_alive=yes
Wed Sep 23 01:52:34 UTC 2026 PROC pid=49 cmd=/usr/lib/chromium/chromium --user-data-dir=/root/.config/chromium --ozone-platform-hint=auto --ozone-platform=wayland --in-process-gpu --disable-gpu-sandbox --no-sandbox --disable-dev-shm-usage --user-data-dir=/root/cr3-profile --no-first-run --no-default-browser-check --disable-sync --window-size=1280,800 --start-fullscreen --kiosk --enable-logging=stderr file:///usr/share/html-test/index.html 
Wed Sep 23 01:52:50 UTC 2026 elapsed=15s browser_pid_alive=yes
Wed Sep 23 01:52:51 UTC 2026 PROC pid=49 cmd=/usr/lib/chromium/chromium --user-data-dir=/root/.config/chromium --ozone-platform-hint=auto --ozone-platform=wayland --in-process-gpu --disable-gpu-sandbox --no-sandbox --disable-dev-shm-usage --user-data-dir=/root/cr3-profile --no-first-run --no-default-browser-check --disable-sync --window-size=1280,800 --start-fullscreen --kiosk --enable-logging=stderr file:///usr/share/html-test/index.html 
Wed Sep 23 01:53:08 UTC 2026 elapsed=30s browser_pid_alive=yes
Wed Sep 23 01:53:08 UTC 2026 PROC pid=114 cmd=/proc/self/exe --type=utility --utility-sub-type=network.mojom.NetworkService --lang=en-US --service-sandbox-type=none --no-sandbox --disable-dev-shm-usage --crashpad-handler-pid=0 --enable-crash-reporter=,Alpine Linux --user-data-dir=/root/cr3-profile --change-stack-guard-on-fork=enable --shared-files=v8_context_snapshot_data:100 --metrics-shmem-handle=4,i,14621217017791676779,18226708481477883998,524288 --field-trial-handle=3,i,14795176947120075381,1983888308306249851,262144 --variations-seed-version --trace-process-track-uuid=3190708989122997041 --enable-logging=stderr 
Wed Sep 23 01:53:09 UTC 2026 PROC pid=49 cmd=/usr/lib/chromium/chromium --user-data-dir=/root/.config/chromium --ozone-platform-hint=auto --ozone-platform=wayland --in-process-gpu --disable-gpu-sandbox --no-sandbox --disable-dev-shm-usage --user-data-dir=/root/cr3-profile --no-first-run --no-default-browser-check --disable-sync --window-size=1280,800 --start-fullscreen --kiosk --enable-logging=stderr file:///usr/share/html-test/index.html 
Wed Sep 23 01:53:26 UTC 2026 elapsed=45s browser_pid_alive=yes
Wed Sep 23 01:53:27 UTC 2026 PROC pid=49 cmd=/usr/lib/chromium/chromium --user-data-dir=/root/.config/chromium --ozone-platform-hint=auto --ozone-platform=wayland --in-process-gpu --disable-gpu-sandbox --no-sandbox --disable-dev-shm-usage --user-data-dir=/root/cr3-profile --no-first-run --no-default-browser-check --disable-sync --window-size=1280,800 --start-fullscreen --kiosk --enable-logging=stderr file:///usr/share/html-test/index.html 
Wed Sep 23 01:54:50 UTC 2026 [CR3_EXIT] chromium_wait_rc=132
Wed Sep 23 01:54:53 UTC 2026 --- chromium decisive lines ---
[49:49:0923/015255.287115:ERROR:ui/ozone/platform/wayland/common/drm_render_node_path_finder.cc:45] drmGetDevices2() has not found any devices: No such file or directory (2)
[49:93:0923/015255.741278:ERROR:base/files/file_path_watcher_inotify.cc:339] inotify_init() failed: Function not implemented (38)
[49:94:0923/015255.797901:ERROR:dbus/bus.cc:408] Failed to connect to the bus: Failed to connect to socket /run/dbus/system_bus_socket: No such file or directory
[49:49:0923/015257.980331:ERROR:content/browser/browser_main_loop.cc:288] Gdk: gdk_seat_get_keyboard: assertion 'GDK_IS_SEAT (seat)' failed
[49:94:0923/015301.020380:ERROR:dbus/bus.cc:408] Failed to connect to the bus: Could not parse server address: Unknown address type (examples of valid types are "tcp" and on UNIX "unix")
[49:94:0923/015301.045403:ERROR:dbus/bus.cc:408] Failed to connect to the bus: Failed to connect to socket /run/dbus/system_bus_socket: No such file or directory
[49:94:0923/015301.055446:ERROR:dbus/bus.cc:408] Failed to connect to the bus: Failed to connect to socket /run/dbus/system_bus_socket: No such file or directory
[49:94:0923/015314.956076:ERROR:dbus/bus.cc:408] Failed to connect to the bus: Could not parse server address: Unknown address type (examples of valid types are "tcp" and on UNIX "unix")
[49:94:0923/015325.182553:ERROR:dbus/bus.cc:408] Failed to connect to the bus: Could not parse server address: Unknown address type (examples of valid types are "tcp" and on UNIX "unix")
[49:94:0923/015325.192053:ERROR:dbus/bus.cc:408] Failed to connect to the bus: Could not parse server address: Unknown address type (examples of valid types are "tcp" and on UNIX "unix")
[49:49:0923/015327.066168:WARNING:ui/ozone/platform/wayland/host/wayland_surface.cc:170] Server doesn't support zcr_alpha_compositing_v1.
[49:49:0923/015327.066596:WARNING:ui/ozone/platform/wayland/host/wayland_surface.cc:185] Server doesn't support overlay_prioritizer.
[49:49:0923/015327.066988:WARNING:ui/ozone/platform/wayland/host/wayland_surface.cc:200] Server doesn't support wp_content_type_v1
[49:49:0923/015327.067221:WARNING:ui/ozone/platform/wayland/host/wayland_surface.cc:214] Server doesn't support wp_color_management_surface_v1.
[0923/015331.935422:ERROR:third_party/crashpad/crashpad/util/linux/socket.cc:177] missing credentials
[49:49:0923/015336.221337:ERROR:dbus/object_proxy.cc:573] Failed to call method: org.freedesktop.DBus.NameHasOwner: object_path= /org/freedesktop/DBus: unknown error type: 
[49:94:0923/015336.224584:ERROR:dbus/bus.cc:408] Failed to connect to the bus: Could not parse server address: Unknown address type (examples of valid types are "tcp" and on UNIX "unix")
[49:94:0923/015336.227460:ERROR:dbus/bus.cc:408] Failed to connect to the bus: Could not parse server address: Unknown address type (examples of valid types are "tcp" and on UNIX "unix")
[49:94:0923/015336.230450:ERROR:dbus/bus.cc:408] Failed to connect to the bus: Could not parse server address: Unknown address type (examples of valid types are "tcp" and on UNIX "unix")
[49:94:0923/015336.231263:ERROR:dbus/bus.cc:408] Failed to connect to the bus: Could not parse server address: Unknown address type (examples of valid types are "tcp" and on UNIX "unix")
[49:94:0923/015336.231887:ERROR:dbus/bus.cc:408] Failed to connect to the bus: Could not parse server address: Unknown address type (examples of valid types are "tcp" and on UNIX "unix")
[49:94:0923/015336.232483:ERROR:dbus/bus.cc:408] Failed to connect to the bus: Could not parse server address: Unknown address type (examples of valid types are "tcp" and on UNIX "unix")
[49:49:0923/015336.531487:ERROR:dbus/object_proxy.cc:573] Failed to call method: org.freedesktop.DBus.NameHasOwner: object_path= /org/freedesktop/DBus: unknown error type: 
Wed Sep 23 01:54:55 UTC 2026 --- Weston client lines ---
[01:52:26.647] DRM: output Virtual-1 uses shadow framebuffer.
               arbitrary surface rotation: yes
[01:52:26.663] Loading module '/usr/lib/weston/desktop-shell.so'
[01:52:26.723] launching '/usr/libexec/weston-desktop-shell'
Wed Sep 23 01:54:56 UTC 2026 [CR3_SUM] chromium_wait_rc=132 weston_alive=yes socket=/run/user/0/wayland-1
Wed Sep 23 01:55:17 UTC 2026 cr3 cleanup complete
