Date: 2026-10-02 UTC
[03:46:28.203] weston 14.0.2
               https://wayland.freedesktop.org
               Bug reports to: https://gitlab.freedesktop.org/wayland/weston/issues/
               Build: 14.0.2
[03:46:28.207] Command line: weston --backend=drm-backend.so --renderer=pixman --drm-device=card0 --seat=seat0 --idle-time=0 --debug --log=/root/mp-weston.log
[03:46:28.208] OS: Linux, 10.0.0, 10.0.0, aarch64
[03:46:28.208] Flight recorder: enabled
[03:46:28.223] Starting with no config file.
[03:46:28.255] Output repaint window is 7 ms maximum.
[03:46:28.264] Loading module '/usr/lib/libweston-14/drm-backend.so'
[03:46:28.383] initializing drm backend
[03:46:28.388] Trying libseat launcher...
[03:46:28.407] [libseat/libseat.c:62] Seat opened with backend 'seatd'
[03:46:28.408] [libseat/backend/seatd.c:212] Enabling seat
[03:46:28.408] libseat: session control granted
[03:46:28.436] using /dev/dri/card0
[03:46:28.439] DRM: does not support atomic modesetting
[03:46:28.439] DRM: supports GBM modifiers
[03:46:28.440] DRM: does not support Atomic async page flip
[03:46:28.440] DRM: supports picture aspect ratio
[03:46:28.446] Using Pixman renderer
[03:46:28.693] event0  - QEMU Virtio Keyboard: is tagged by udev as: Keyboard
[03:46:28.699] event0  - QEMU Virtio Keyboard: device is a keyboard
[03:46:28.734] event1  - QEMU Virtio Mouse: is tagged by udev as: Mouse
[03:46:28.735] event1  - QEMU Virtio Mouse: device is a pointer
[03:46:29.238] libinput: configuring device "QEMU Virtio Keyboard".
[03:46:29.242] libinput: configuring device "QEMU Virtio Mouse".
[03:46:29.259] DRM: head 'Virtual-1' found, connector 48 is connected, EDID make 'unknown', model 'unknown', serial ''
               Supported EOTF modes: SDR
               Supported colorimetry modes: default
[03:46:29.268] Registered plugin API 'weston_drm_output_api_v1' of size 40
[03:46:29.268] Registered plugin API 'weston_drm_virtual_output_api_v2' of size 48
[03:46:29.273] Color manager: no-op
                 protocol support: no
[03:46:29.299] Output 'Virtual-1' attempts EOTF mode SDR and colorimetry mode default.
[03:46:29.300] Output 'Virtual-1' using color profile: stock sRGB color profile
[03:46:29.341] DRM: output Virtual-1 uses shadow framebuffer.
[03:46:29.341] Output Virtual-1 (crtc 16) video modes:
               current@60.0, current, 70.6 MHz
[03:46:29.344] associating input device event0 with output Virtual-1 (none by udev)
[03:46:29.344] associating input device event1 with output Virtual-1 (none by udev)
[03:46:29.346] Output 'Virtual-1' enabled with head(s) Virtual-1
[03:46:29.347] Compositor capabilities:
               arbitrary surface rotation: yes
               screen capture uses y-flip: no
               cursor planes: yes
               arbitrary resolutions: no
               view mask clipping: yes
               explicit sync: no
               color operations: no
               presentation clock: CLOCK_MONOTONIC, id 1
               presentation clock resolution: 0.000001000 s
[03:46:29.358] Loading module '/usr/lib/weston/desktop-shell.so'
[03:46:29.392] launching '/usr/libexec/weston-keyboard'
[03:46:29.443] launching '/usr/libexec/weston-desktop-shell'
