MP_AUTORUN_START_EPOCH_MS=1790612763
MP_AUTORUN_START_MONO_MS=0
[mpdiag] PAGE_URL=file:///usr/share/html-test/index.html
[mpdiag] TRACE_MODE=0
[mpdiag] GL_MODE=legacy
[mpdiag] NET_MODE=normal
[mpdiag] kernel=Linux 10.0.0 aarch64
[mpdiag] LD_PRELOAD=<unset>
[mpdiag] STRACE_PATH=missing
[mpdiag] STRACE_FILE=/usr/bin/strace
MP_WESTON_SOCKET=wayland-1
[mpdiag] weston_pid=31 alive=yes
/dev/input:
total 0
crw-rw----    1 root     input      13,  64 Sep 28 16:26 event0
crw-rw----    1 root     input      13,  65 Sep 28 16:26 event1

/sys/class/input:
total 0
drwxr-xr-x    2 root     root             0 Jan  1  1970 event0
drwxr-xr-x    2 root     root             0 Jan  1  1970 event1
lrwxrwxrwx    1 root     root            50 Jan  1  1970 input0 -> ../../devices/pci0000:00/0000:00:05.0/input/input0
lrwxrwxrwx    1 root     root            50 Jan  1  1970 input1 -> ../../devices/pci0000:00/0000:00:06.0/input/input1
[mpdiag] CHROME_ARGS=--ozone-platform=wayland --use-gl=swiftshader --in-process-gpu --no-sandbox --disable-dev-shm-usage --disable-crash-reporter --disable-breakpad --no-first-run --no-default-browser-check --disable-sync --disable-component-update --disable-background-networking --window-size=1280,800 --start-fullscreen --kiosk --disable-features=Vulkan,SegmentationPlatform,OptimizationGuideModelDownloading,OptimizationHints,WebAppProvider,InterestFeedContentSuggestions --enable-logging=stderr --v=1 --vmodule=*wayland*=2,*ozone*=2,*navigation*=2,*render_process*=2,*zygote*=2,*mojo*=2 --user-data-dir=/root/mp-chromium-profile
MP_BROWSER_START_EPOCH_MS=1790612783
MP_BROWSER_START_MONO_MS=0
[mpdiag] browser_pid=53
MP_SAMPLE_ELAPSED_SEC=0
MP_RENDERER_COUNT=0
MP_RSS_KB=0
MP_SNAPSHOT=0s
MP_PS_BEGIN=0s
MP_PS    53 root      0:00 /usr/lib/chromium/chromium --ozone-platform=wayland --use-gl=swiftshader --in-process-gpu --no-sandbox --disable-dev-shm-usage --disable-crash-reporter --disable-breakpad --no-first-run --no-default-browser-check --disable-sync --disable-component-update --disable-background-networking --window-size=1280,800 --start-fullscreen --kiosk --disable-features=Vulkan,SegmentationPlatform,OptimizationGuideModelDownloading,OptimizationHints,WebAppProvider,InterestFeedContentSuggestions --enable-logging=stderr --v=1 --vmodule=*wayland*=2,*ozone*=2,*navigation*=2,*render_process*=2,*zygote*=2,*mojo*=2 --user-data-dir=/root/mp-chromium-profile file:///usr/share/html-test/index.html
MP_PS    78 root      0:00 {busybox} grep -E chromium|chrome|type=(renderer|zygote|utility|gpu-process)
MP_PS_END=0s
MP_SAMPLE_ELAPSED_SEC=5
MP_RENDERER_COUNT=0
MP_RSS_KB=0
MP_SNAPSHOT=5s
MP_PS_BEGIN=5s
MP_PS    53 root      0:00 /usr/lib/chromium/chromium --ozone-platform=wayland --use-gl=swiftshader --in-process-gpu --no-sandbox --disable-dev-shm-usage --disable-crash-reporter --disable-breakpad --no-first-run --no-default-browser-check --disable-sync --disable-component-update --disable-background-networking --window-size=1280,800 --start-fullscreen --kiosk --disable-features=Vulkan,SegmentationPlatform,OptimizationGuideModelDownloading,OptimizationHints,WebAppProvider,InterestFeedContentSuggestions --enable-logging=stderr --v=1 --vmodule=*wayland*=2,*ozone*=2,*navigation*=2,*render_process*=2,*zygote*=2,*mojo*=2 --user-data-dir=/root/mp-chromium-profile file:///usr/share/html-test/index.html
MP_PS   105 root      0:00 {busybox} grep -E chromium|chrome|type=(renderer|zygote|utility|gpu-process)
MP_PS_END=5s
MP_SAMPLE_ELAPSED_SEC=10
MP_RENDERER_COUNT=0
MP_RSS_KB=0
MP_SNAPSHOT=10s
MP_PS_BEGIN=10s
MP_PS    53 root      0:00 /usr/lib/chromium/chromium --ozone-platform=wayland --use-gl=swiftshader --in-process-gpu --no-sandbox --disable-dev-shm-usage --disable-crash-reporter --disable-breakpad --no-first-run --no-default-browser-check --disable-sync --disable-component-update --disable-background-networking --window-size=1280,800 --start-fullscreen --kiosk --disable-features=Vulkan,SegmentationPlatform,OptimizationGuideModelDownloading,OptimizationHints,WebAppProvider,InterestFeedContentSuggestions --enable-logging=stderr --v=1 --vmodule=*wayland*=2,*ozone*=2,*navigation*=2,*render_process*=2,*zygote*=2,*mojo*=2 --user-data-dir=/root/mp-chromium-profile file:///usr/share/html-test/index.html
MP_PS   121 root      0:00 /usr/lib/chromium/chrome_crashpad_handler --monitor-self --monitor-self-annotation=ptype=crashpad-handler --database=/root/.config/chromium/Crash Reports --annotation=lsb-release=Alpine Linux v3.22 --annotation=plat=Linux --annotation=prod=Chrome_Linux --annotation=ver=142.0.7444.59 --initial-client-fd=4 --shared-client-connection
MP_PS   134 root      0:00 {busybox} grep -E chromium|chrome|type=(renderer|zygote|utility|gpu-process)
MP_PS_END=10s
MP_SAMPLE_ELAPSED_SEC=15
MP_RENDERER_COUNT=0
MP_RSS_KB=0
MP_SNAPSHOT=15s
MP_PS_BEGIN=15s
MP_PS    53 root      0:00 /usr/lib/chromium/chromium --ozone-platform=wayland --use-gl=swiftshader --in-process-gpu --no-sandbox --disable-dev-shm-usage --disable-crash-reporter --disable-breakpad --no-first-run --no-default-browser-check --disable-sync --disable-component-update --disable-background-networking --window-size=1280,800 --start-fullscreen --kiosk --disable-features=Vulkan,SegmentationPlatform,OptimizationGuideModelDownloading,OptimizationHints,WebAppProvider,InterestFeedContentSuggestions --enable-logging=stderr --v=1 --vmodule=*wayland*=2,*ozone*=2,*navigation*=2,*render_process*=2,*zygote*=2,*mojo*=2 --user-data-dir=/root/mp-chromium-profile file:///usr/share/html-test/index.html
MP_PS   121 root      0:00 /usr/lib/chromium/chrome_crashpad_handler --monitor-self --monitor-self-annotation=ptype=crashpad-handler --database=/root/.config/chromium/Crash Reports --annotation=lsb-release=Alpine Linux v3.22 --annotation=plat=Linux --annotation=prod=Chrome_Linux --annotation=ver=142.0.7444.59 --initial-client-fd=4 --shared-client-connection
MP_PS   138 root      0:00 /usr/lib/chromium/chrome_crashpad_handler --no-periodic-tasks --monitor-self-annotation=ptype=crashpad-handler --database=/root/.config/chromium/Crash Reports --annotation=lsb-release=Alpine Linux v3.22 --annotation=plat=Linux --annotation=prod=Chrome_Linux --annotation=ver=142.0.7444.59 --initial-client-fd=5 --shared-client-connection
MP_PS   140 root      0:00 /usr/lib/chromium/chromium --type=zygote --no-zygote-sandbox --no-sandbox --enable-logging=stderr --v=1 --vmodule=*wayland*=2,*ozone*=2,*navigation*=2,*render_process*=2,*zygote*=2,*mojo*=2 --crashpad-handler-pid=0 --enable-crash-reporter=, --user-data-dir=/root/mp-chromium-profile --change-stack-guard-on-fork=enable
MP_PS   141 root      0:00 /usr/lib/chromium/chromium --type=zygote --no-sandbox --enable-logging=stderr --v=1 --vmodule=*wayland*=2,*ozone*=2,*navigation*=2,*render_process*=2,*zygote*=2,*mojo*=2 --crashpad-handler-pid=0 --enable-crash-reporter=, --user-data-dir=/root/mp-chromium-profile --change-stack-guard-on-fork=enable
MP_PS   175 root      0:00 {busybox} grep -E chromium|chrome|type=(renderer|zygote|utility|gpu-process)
MP_PS_END=15s
MP_SAMPLE_ELAPSED_SEC=20
MP_RENDERER_COUNT=0
MP_RSS_KB=0
MP_SNAPSHOT=20s
MP_PS_BEGIN=20s
MP_PS    53 root      0:00 /usr/lib/chromium/chromium --ozone-platform=wayland --use-gl=swiftshader --in-process-gpu --no-sandbox --disable-dev-shm-usage --disable-crash-reporter --disable-breakpad --no-first-run --no-default-browser-check --disable-sync --disable-component-update --disable-background-networking --window-size=1280,800 --start-fullscreen --kiosk --disable-features=Vulkan,SegmentationPlatform,OptimizationGuideModelDownloading,OptimizationHints,WebAppProvider,InterestFeedContentSuggestions --enable-logging=stderr --v=1 --vmodule=*wayland*=2,*ozone*=2,*navigation*=2,*render_process*=2,*zygote*=2,*mojo*=2 --user-data-dir=/root/mp-chromium-profile file:///usr/share/html-test/index.html
MP_PS   121 root      0:00 /usr/lib/chromium/chrome_crashpad_handler --monitor-self --monitor-self-annotation=ptype=crashpad-handler --database=/root/.config/chromium/Crash Reports --annotation=lsb-release=Alpine Linux v3.22 --annotation=plat=Linux --annotation=prod=Chrome_Linux --annotation=ver=142.0.7444.59 --initial-client-fd=4 --shared-client-connection
MP_PS   138 root      0:00 /usr/lib/chromium/chrome_crashpad_handler --no-periodic-tasks --monitor-self-annotation=ptype=crashpad-handler --database=/root/.config/chromium/Crash Reports --annotation=lsb-release=Alpine Linux v3.22 --annotation=plat=Linux --annotation=prod=Chrome_Linux --annotation=ver=142.0.7444.59 --initial-client-fd=5 --shared-client-connection
MP_PS   206 root      0:00 {busybox} grep -E chromium|chrome|type=(renderer|zygote|utility|gpu-process)
MP_PS_END=20s
MP_SAMPLE_ELAPSED_SEC=25
MP_RENDERER_COUNT=0
MP_RSS_KB=0
MP_SNAPSHOT=25s
MP_PS_BEGIN=25s
MP_PS    53 root      0:00 /usr/lib/chromium/chromium --ozone-platform=wayland --use-gl=swiftshader --in-process-gpu --no-sandbox --disable-dev-shm-usage --disable-crash-reporter --disable-breakpad --no-first-run --no-default-browser-check --disable-sync --disable-component-update --disable-background-networking --window-size=1280,800 --start-fullscreen --kiosk --disable-features=Vulkan,SegmentationPlatform,OptimizationGuideModelDownloading,OptimizationHints,WebAppProvider,InterestFeedContentSuggestions --enable-logging=stderr --v=1 --vmodule=*wayland*=2,*ozone*=2,*navigation*=2,*render_process*=2,*zygote*=2,*mojo*=2 --user-data-dir=/root/mp-chromium-profile file:///usr/share/html-test/index.html
MP_PS   121 root      0:00 /usr/lib/chromium/chrome_crashpad_handler --monitor-self --monitor-self-annotation=ptype=crashpad-handler --database=/root/.config/chromium/Crash Reports --annotation=lsb-release=Alpine Linux v3.22 --annotation=plat=Linux --annotation=prod=Chrome_Linux --annotation=ver=142.0.7444.59 --initial-client-fd=4 --shared-client-connection
MP_PS   138 root      0:00 /usr/lib/chromium/chrome_crashpad_handler --no-periodic-tasks --monitor-self-annotation=ptype=crashpad-handler --database=/root/.config/chromium/Crash Reports --annotation=lsb-release=Alpine Linux v3.22 --annotation=plat=Linux --annotation=prod=Chrome_Linux --annotation=ver=142.0.7444.59 --initial-client-fd=5 --shared-client-connection
MP_PS   256 root      0:00 {busybox} grep -E chromium|chrome|type=(renderer|zygote|utility|gpu-process)
MP_PS_END=25s
MP_SAMPLE_ELAPSED_SEC=30
MP_RENDERER_COUNT=0
MP_RSS_KB=0
MP_SNAPSHOT=30s
MP_PS_BEGIN=30s
MP_PS    53 root      0:00 /usr/lib/chromium/chromium --ozone-platform=wayland --use-gl=swiftshader --in-process-gpu --no-sandbox --disable-dev-shm-usage --disable-crash-reporter --disable-breakpad --no-first-run --no-default-browser-check --disable-sync --disable-component-update --disable-background-networking --window-size=1280,800 --start-fullscreen --kiosk --disable-features=Vulkan,SegmentationPlatform,OptimizationGuideModelDownloading,OptimizationHints,WebAppProvider,InterestFeedContentSuggestions --enable-logging=stderr --v=1 --vmodule=*wayland*=2,*ozone*=2,*navigation*=2,*render_process*=2,*zygote*=2,*mojo*=2 --user-data-dir=/root/mp-chromium-profile file:///usr/share/html-test/index.html
MP_PS   121 root      0:00 /usr/lib/chromium/chrome_crashpad_handler --monitor-self --monitor-self-annotation=ptype=crashpad-handler --database=/root/.config/chromium/Crash Reports --annotation=lsb-release=Alpine Linux v3.22 --annotation=plat=Linux --annotation=prod=Chrome_Linux --annotation=ver=142.0.7444.59 --initial-client-fd=4 --shared-client-connection
MP_PS   138 root      0:00 /usr/lib/chromium/chrome_crashpad_handler --no-periodic-tasks --monitor-self-annotation=ptype=crashpad-handler --database=/root/.config/chromium/Crash Reports --annotation=lsb-release=Alpine Linux v3.22 --annotation=plat=Linux --annotation=prod=Chrome_Linux --annotation=ver=142.0.7444.59 --initial-client-fd=5 --shared-client-connection
MP_PS   266 root      0:00 {chromium} /proc/self/exe --type=utility --utility-sub-type=network.mojom.NetworkService --lang=en-US --service-sandbox-type=none --no-sandbox --disable-dev-shm-usage --use-gl=swiftshader --crashpad-handler-pid=0 --enable-crash-reporter=, --user-data-dir=/root/mp-chromium-profile --change-stack-guard-on-fork=enable --shared-files=v8_context_snapshot_data:100 --metrics-shmem-handle=4,i,15368435625049001311,6862745486343428131,524288 --field-trial-handle=3,i,15120181828839105804,4190496726400884520,262144 --disable-features=InterestFeedContentSuggestions,OptimizationGuideModelDownloading,OptimizationHints,SegmentationPlatform,Vulkan,WebAppProvider --variations-seed-version --trace-process-track-uuid=3190708989122997041 --enable-logging=stderr --v=1 --vmodule=*wayland*=2,*ozone*=2,*navigation*=2,*render_process*=2,*zygote*=2,*mojo*=2
MP_PS   298 root      0:00 {busybox} grep -E chromium|chrome|type=(renderer|zygote|utility|gpu-process)
MP_PS_END=30s
MP_SAMPLE_ELAPSED_SEC=35
MP_RENDERER_COUNT=0
MP_RSS_KB=0
MP_SNAPSHOT=35s
MP_PS_BEGIN=35s
MP_PS    53 root      0:00 /usr/lib/chromium/chromium --ozone-platform=wayland --use-gl=swiftshader --in-process-gpu --no-sandbox --disable-dev-shm-usage --disable-crash-reporter --disable-breakpad --no-first-run --no-default-browser-check --disable-sync --disable-component-update --disable-background-networking --window-size=1280,800 --start-fullscreen --kiosk --disable-features=Vulkan,SegmentationPlatform,OptimizationGuideModelDownloading,OptimizationHints,WebAppProvider,InterestFeedContentSuggestions --enable-logging=stderr --v=1 --vmodule=*wayland*=2,*ozone*=2,*navigation*=2,*render_process*=2,*zygote*=2,*mojo*=2 --user-data-dir=/root/mp-chromium-profile file:///usr/share/html-test/index.html
MP_PS   121 root      0:00 /usr/lib/chromium/chrome_crashpad_handler --monitor-self --monitor-self-annotation=ptype=crashpad-handler --database=/root/.config/chromium/Crash Reports --annotation=lsb-release=Alpine Linux v3.22 --annotation=plat=Linux --annotation=prod=Chrome_Linux --annotation=ver=142.0.7444.59 --initial-client-fd=4 --shared-client-connection
MP_PS   138 root      0:00 /usr/lib/chromium/chrome_crashpad_handler --no-periodic-tasks --monitor-self-annotation=ptype=crashpad-handler --database=/root/.config/chromium/Crash Reports --annotation=lsb-release=Alpine Linux v3.22 --annotation=plat=Linux --annotation=prod=Chrome_Linux --annotation=ver=142.0.7444.59 --initial-client-fd=5 --shared-client-connection
MP_PS   266 root      0:00 {chromium} /proc/self/exe --type=utility --utility-sub-type=network.mojom.NetworkService --lang=en-US --service-sandbox-type=none --no-sandbox --disable-dev-shm-usage --use-gl=swiftshader --crashpad-handler-pid=0 --enable-crash-reporter=, --user-data-dir=/root/mp-chromium-profile --change-stack-guard-on-fork=enable --shared-files=v8_context_snapshot_data:100 --metrics-shmem-handle=4,i,15368435625049001311,6862745486343428131,524288 --field-trial-handle=3,i,15120181828839105804,4190496726400884520,262144 --disable-features=InterestFeedContentSuggestions,OptimizationGuideModelDownloading,OptimizationHints,SegmentationPlatform,Vulkan,WebAppProvider --variations-seed-version --trace-process-track-uuid=3190708989122997041 --enable-logging=stderr --v=1 --vmodule=*wayland*=2,*ozone*=2,*navigation*=2,*render_process*=2,*zygote*=2,*mojo*=2
MP_PS   338 root      0:00 {busybox} grep -E chromium|chrome|type=(renderer|zygote|utility|gpu-process)
MP_PS_END=35s
MP_SAMPLE_ELAPSED_SEC=40
MP_RENDERER_COUNT=0
MP_RSS_KB=0
MP_SNAPSHOT=40s
MP_PS_BEGIN=40s
MP_PS   121 root      0:00 /usr/lib/chromium/chrome_crashpad_handler --monitor-self --monitor-self-annotation=ptype=crashpad-handler --database=/root/.config/chromium/Crash Reports --annotation=lsb-release=Alpine Linux v3.22 --annotation=plat=Linux --annotation=prod=Chrome_Linux --annotation=ver=142.0.7444.59 --initial-client-fd=4 --shared-client-connection
MP_PS   138 root      0:00 /usr/lib/chromium/chrome_crashpad_handler --no-periodic-tasks --monitor-self-annotation=ptype=crashpad-handler --database=/root/.config/chromium/Crash Reports --annotation=lsb-release=Alpine Linux v3.22 --annotation=plat=Linux --annotation=prod=Chrome_Linux --annotation=ver=142.0.7444.59 --initial-client-fd=5 --shared-client-connection
MP_PS   266 root      0:00 {chromium} /proc/self/exe --type=utility --utility-sub-type=network.mojom.NetworkService --lang=en-US --service-sandbox-type=none --no-sandbox --disable-dev-shm-usage --use-gl=swiftshader --crashpad-handler-pid=0 --enable-crash-reporter=, --user-data-dir=/root/mp-chromium-profile --change-stack-guard-on-fork=enable --shared-files=v8_context_snapshot_data:100 --metrics-shmem-handle=4,i,15368435625049001311,6862745486343428131,524288 --field-trial-handle=3,i,15120181828839105804,4190496726400884520,262144 --disable-features=InterestFeedContentSuggestions,OptimizationGuideModelDownloading,OptimizationHints,SegmentationPlatform,Vulkan,WebAppProvider --variations-seed-version --trace-process-track-uuid=3190708989122997041 --enable-logging=stderr --v=1 --vmodule=*wayland*=2,*ozone*=2,*navigation*=2,*render_process*=2,*zygote*=2,*mojo*=2
MP_PS   373 root      0:00 {busybox} grep -E chromium|chrome|type=(renderer|zygote|utility|gpu-process)
MP_PS_END=40s
MP_BROWSER_EXIT_EPOCH_MS=1790612928
MP_BROWSER_EXIT_RC=133
MP_RSS_MAX_KB=0
MP_RENDERER_SEEN=0
MP_RENDERER_MAX_STREAK=0
MP_GATE=0
[mpdiag] CHROMIUM_LOG_BYTES=24951
[53:258:0928/162710.601918:VERBOSE1:gpu/ipc/service/gpu_init.cc:1030] gl::init::InitializeGLNoExtensionsOneOff failed
[53:258:0928/162710.728200:VERBOSE1:media/gpu/vaapi/vaapi_wrapper.cc:1585] GetHandle(): Either VADisplayStateSingleton::PreSandboxInitialization() hasn't been called or that method failed to find a suitable render node
[53:258:0928/162711.026515:VERBOSE1:components/viz/service/main/viz_main_impl.cc:86] VizNullHypothesis is disabled (not a warning)
[53:217:0928/162711.135415:VERBOSE1:content/browser/renderer_host/media/media_stream_manager.cc:1555] MSM::InitializeMaybeAsync([this=0x2c0236fc00])
[53:217:0928/162711.166622:VERBOSE1:content/browser/renderer_host/media/media_stream_manager.cc:1555] MDM::MediaDevicesManager()
[53:217:0928/162711.176035:VERBOSE1:content/browser/renderer_host/media/media_stream_manager.cc:1555] MSM::MediaStreamManager([this=0x2c0236fc00]))
[53:211:0928/162711.264332:VERBOSE1:base/files/file_util_posix.cc:317] Cannot stat "/root/mp-chromium-profile/Consent To Send Stats": No such file or directory (2)
[53:53:0928/162711.993906:VERBOSE1:components/os_crypt/sync/key_storage_util_linux.cc:46] Password storage detected desktop environment: (unknown)
[53:53:0928/162711.997255:VERBOSE1:components/os_crypt/sync/key_storage_linux.cc:116] Selected backend for OSCrypt: BASIC_TEXT
[53:53:0928/162712.000244:VERBOSE1:components/os_crypt/sync/key_storage_linux.cc:135] OSCrypt did not initialize a backend.
[53:53:0928/162712.056819:VERBOSE1:components/enterprise/browser/controller/chrome_browser_cloud_management_controller.cc:171] Cloud management controller initialization aborted as CBCM is not enabled. Please use the `--enable-chrome-browser-cloud-management` command line flag to enable it if you are not using the official Google Chrome build.
[53:53:0928/162714.622839:VERBOSE1:chrome/browser/signin/account_consistency_mode_manager.cc:207] Desktop Identity Consistency disabled as sign-in to Chrome is not allowed
[53:53:0928/162714.723928:VERBOSE1:components/device_event_log/device_event_log_impl.cc:200] [16:27:14.719] Bluetooth: EVENT: bluetooth_api.cc:82 BluetoothAPI: 0x2c026bfbc0
[53:211:0928/162715.081786:VERBOSE1:base/files/file_util_posix.cc:317] Cannot stat "/root/mp-chromium-profile/Default/Web Applications/Logs/WebAppInstallManager.log": No such file or directory (2)
[53:213:0928/162715.338608:ERROR:dbus/bus.cc:408] Failed to connect to the bus: Could not parse server address: Unknown address type (examples of valid types are "tcp" and on UNIX "unix")
[53:53:0928/162715.806591:VERBOSE1:components/proxy_config/pref_proxy_config_tracker_impl.cc:199] 0x2c02283000: set chrome proxy config service to 0x2c0226e320
[53:53:0928/162715.866271:VERBOSE1:chrome/browser/signin/account_consistency_mode_manager.cc:207] Desktop Identity Consistency disabled as sign-in to Chrome is not allowed
[53:53:0928/162716.008796:VERBOSE1:components/signin/internal/identity_manager/mutable_profile_oauth2_token_service_delegate.cc:318] MutablePO2TS::MutablePO2TS
[53:211:0928/162717.205312:VERBOSE1:net/disk_cache/simple/simple_index_file.cc:607] Simple Cache Index is being restored from disk.
[53:211:0928/162717.219914:VERBOSE1:base/files/file_util_posix.cc:317] Cannot stat "/root/mp-chromium-profile/Default/Code Cache/js/index-dir/the-real-index": No such file or directory (2)
[53:214:0928/162717.235488:VERBOSE1:net/disk_cache/simple/simple_index_file.cc:607] Simple Cache Index is being restored from disk.
[53:214:0928/162717.237206:VERBOSE1:base/files/file_util_posix.cc:317] Cannot stat "/root/mp-chromium-profile/Default/Code Cache/wasm/index-dir/the-real-index": No such file or directory (2)
[53:53:0928/162717.356064:VERBOSE1:components/proxy_config/pref_proxy_config_tracker_impl.cc:199] 0x2c02284500: set chrome proxy config service to 0x2c02271580
[53:53:0928/162718.462128:VERBOSE1:chrome/browser/signin/account_consistency_mode_manager.cc:207] Desktop Identity Consistency disabled as sign-in to Chrome is not allowed
[53:53:0928/162718.891895:VERBOSE1:extensions/browser/api/bluetooth_low_energy/bluetooth_low_energy_event_router.cc:291] Initializing BluetoothLowEnergyEventRouter.
[53:53:0928/162719.174669:VERBOSE1:chrome/browser/permissions/prediction_service/prediction_model_handler_provider_factory.cc:58] [PermissionsAI]: PredictionModelHandlerProviderFactory::BuildServiceInstanceForBrowserContext
[53:53:0928/162719.175236:VERBOSE1:chrome/browser/permissions/prediction_service/prediction_model_handler_provider_factory.cc:66] [PermissionsAI]: OptimizationGuideKeyedService not available.
[53:53:0928/162721.279426:VERBOSE1:extensions/browser/extension_registrar.cc:521] AddComponentExtension Web Store
[53:53:0928/162721.282290:VERBOSE1:extensions/browser/extension_registrar.cc:523] Component extension Web Store (ahfgeienlihckogmohjhadlkjgocpleb) installing/upgrading from '' to 0.2
[53:53:0928/162721.834776:VERBOSE1:extensions/browser/extension_registrar.cc:521] AddComponentExtension Chromium PDF Viewer
[53:53:0928/162721.836040:VERBOSE1:extensions/browser/extension_registrar.cc:523] Component extension Chromium PDF Viewer (mhjfbmdgcfjbbpaeojofohoefgiehjai) installing/upgrading from '' to 1
[53:53:0928/162721.893840:VERBOSE1:extensions/browser/extension_registrar.cc:521] AddComponentExtension Google Hangouts
[53:53:0928/162721.894314:VERBOSE1:extensions/browser/extension_registrar.cc:523] Component extension Google Hangouts (nkeimhogjdpnpccoofpliimaahmaaome) installing/upgrading from '' to 1.3.26
[53:53:0928/162721.956737:VERBOSE1:components/signin/internal/identity_manager/mutable_profile_oauth2_token_service_delegate.cc:408] MutablePO2TS::RefreshTokenIsAvailable
[53:53:0928/162721.963037:VERBOSE1:components/signin/internal/identity_manager/mutable_profile_oauth2_token_service_delegate.cc:408] MutablePO2TS::RefreshTokenIsAvailable
[53:53:0928/162721.976725:VERBOSE1:chrome/browser/signin/account_consistency_mode_manager.cc:207] Desktop Identity Consistency disabled as sign-in to Chrome is not allowed
[53:53:0928/162722.007314:VERBOSE1:components/signin/core/browser/account_reconcilor.cc:165] AccountReconcilor::AccountReconcilor
[53:53:0928/162722.008714:VERBOSE1:components/signin/core/browser/account_reconcilor.cc:203] AccountReconcilor::Initialize
[53:211:0928/162722.157847:VERBOSE1:base/files/file_util_posix.cc:317] Cannot stat "/root/mp-chromium-profile/Default/Policy/User Policy": No such file or directory (2)
[53:211:0928/162722.159006:VERBOSE1:base/files/file_util_posix.cc:317] Cannot stat "/root/mp-chromium-profile/Default/Policy/Signing Key": No such file or directory (2)
[53:53:0928/162722.381564:VERBOSE1:chrome/browser/profiles/profile_manager.cc:1277] AddKeepAlive(Default, kBrowserWindow). keep_alives=[kWaitingForFirstBrowserWindow (1), kBrowserWindow (1)]
[53:53:0928/162722.382551:VERBOSE1:chrome/browser/profiles/profile_manager.cc:1359] ClearFirstBrowserWindowKeepAlive(Default). keep_alives=[kBrowserWindow (1)]
[53:213:0928/162724.135308:ERROR:dbus/bus.cc:408] Failed to connect to the bus: Could not parse server address: Unknown address type (examples of valid types are "tcp" and on UNIX "unix")
[53:213:0928/162724.139853:ERROR:dbus/bus.cc:408] Failed to connect to the bus: Could not parse server address: Unknown address type (examples of valid types are "tcp" and on UNIX "unix")
[53:53:0928/162724.511247:WARNING:ui/ozone/platform/wayland/host/wayland_surface.cc:170] Server doesn't support zcr_alpha_compositing_v1.
[53:53:0928/162724.512048:WARNING:ui/ozone/platform/wayland/host/wayland_surface.cc:185] Server doesn't support overlay_prioritizer.
[53:53:0928/162724.512281:WARNING:ui/ozone/platform/wayland/host/wayland_surface.cc:200] Server doesn't support wp_content_type_v1
[53:53:0928/162724.512494:WARNING:ui/ozone/platform/wayland/host/wayland_surface.cc:214] Server doesn't support wp_color_management_surface_v1.
[53:53:0928/162724.731142:WARNING:ui/ozone/platform/wayland/host/wayland_connection.cc:408] text-input-v3 not available.
[53:53:0928/162725.312540:VERBOSE1:chrome/browser/signin/account_consistency_mode_manager.cc:207] Desktop Identity Consistency disabled as sign-in to Chrome is not allowed
[53:53:0928/162728.394369:VERBOSE1:google_apis/gaia/gaia_auth_util.cc:54] Canonicalized @gmail.com to @gmail.com
[53:53:0928/162728.395369:VERBOSE1:google_apis/gaia/gaia_auth_util.cc:54] Canonicalized @gmail.com to @gmail.com
[53:53:0928/162730.252673:VERBOSE1:chrome/browser/enterprise/data_protection/data_protection_navigation_observer.cc:216] enterprise.data_protection: same document navigation: 0
[53:53:0928/162730.253282:VERBOSE1:chrome/browser/enterprise/data_protection/data_protection_navigation_observer.cc:218] enterprise.data_protection: URL to scan: file:///usr/share/html-test/index.html
[53:53:0928/162730.664496:VERBOSE1:components/signin/internal/identity_manager/mutable_profile_oauth2_token_service_delegate.cc:408] MutablePO2TS::RefreshTokenIsAvailable
[53:53:0928/162730.665052:VERBOSE1:chrome/browser/signin/account_consistency_mode_manager.cc:207] Desktop Identity Consistency disabled as sign-in to Chrome is not allowed
[53:53:0928/162731.527938:ERROR:dbus/object_proxy.cc:573] Failed to call method: org.freedesktop.DBus.NameHasOwner: object_path= /org/freedesktop/DBus: unknown error type: 
[53:213:0928/162731.532056:ERROR:dbus/bus.cc:408] Failed to connect to the bus: Could not parse server address: Unknown address type (examples of valid types are "tcp" and on UNIX "unix")
[53:213:0928/162731.534250:ERROR:dbus/bus.cc:408] Failed to connect to the bus: Could not parse server address: Unknown address type (examples of valid types are "tcp" and on UNIX "unix")
[53:213:0928/162731.537055:ERROR:dbus/bus.cc:408] Failed to connect to the bus: Could not parse server address: Unknown address type (examples of valid types are "tcp" and on UNIX "unix")
[53:213:0928/162731.537980:ERROR:dbus/bus.cc:408] Failed to connect to the bus: Could not parse server address: Unknown address type (examples of valid types are "tcp" and on UNIX "unix")
[53:213:0928/162731.538660:ERROR:dbus/bus.cc:408] Failed to connect to the bus: Could not parse server address: Unknown address type (examples of valid types are "tcp" and on UNIX "unix")
[53:213:0928/162731.539313:ERROR:dbus/bus.cc:408] Failed to connect to the bus: Could not parse server address: Unknown address type (examples of valid types are "tcp" and on UNIX "unix")
[53:53:0928/162731.542142:WARNING:device/bluetooth/dbus/bluez_dbus_manager.cc:209] Floss manager service not available, cannot set Floss enable/disable.
[53:53:0928/162731.907583:ERROR:dbus/object_proxy.cc:573] Failed to call method: org.freedesktop.DBus.NameHasOwner: object_path= /org/freedesktop/DBus: unknown error type: 
[53:53:0928/162732.728021:VERBOSE1:components/signin/internal/identity_manager/mutable_profile_oauth2_token_service_delegate.cc:408] MutablePO2TS::RefreshTokenIsAvailable
[53:53:0928/162732.728654:VERBOSE1:chrome/browser/signin/account_consistency_mode_manager.cc:207] Desktop Identity Consistency disabled as sign-in to Chrome is not allowed
[266:305:0928/162732.832771:VERBOSE1:net/base/network_delegate.cc:37] NetworkDelegate::NotifyBeforeURLRequest: http://clients2.google.com/time/1/current?cup2key=9:ux_-j1YwUrcAhsGqvJh-QnWiRrhnkkCdNC3wpEKeYts&cup2hreq=e3b0c44298fc1c149afbf4c8996fb92427ae41e4649b934ca495991b7852b855
[53:53:0928/162732.842392:ERROR:dbus/object_proxy.cc:573] Failed to call method: org.freedesktop.DBus.NameHasOwner: object_path= /org/freedesktop/DBus: unknown error type: 
[53:53:0928/162732.842819:VERBOSE1:ui/base/idle/idle_linux.cc:117] org.freedesktop.ScreenSaver D-Bus service does not exist
[53:213:0928/162732.845853:ERROR:dbus/bus.cc:408] Failed to connect to the bus: Could not parse server address: Unknown address type (examples of valid types are "tcp" and on UNIX "unix")
[53:53:0928/162732.845940:ERROR:dbus/object_proxy.cc:573] Failed to call method: org.freedesktop.DBus.NameHasOwner: object_path= /org/freedesktop/DBus: unknown error type: 
[53:53:0928/162732.848192:WARNING:ui/ozone/platform/wayland/host/org_gnome_mutter_idle_monitor.cc:87] org.gnome.Mutter.IdleMonitor D-Bus service does not exist
[53:211:0928/162733.240059:VERBOSE1:content/browser/loader/file_url_loader_factory.cc:474] FileURLLoader::Start: file:///usr/share/html-test/index.html
[53:213:0928/162733.420738:ERROR:dbus/bus.cc:408] Failed to connect to the bus: Failed to connect to socket /run/dbus/system_bus_socket: No such file or directory
[53:213:0928/162733.427591:ERROR:dbus/bus.cc:408] Failed to connect to the bus: Failed to connect to socket /run/dbus/system_bus_socket: No such file or directory
[53:53:0928/162733.520094:ERROR:dbus/object_proxy.cc:573] Failed to call method: org.freedesktop.DBus.NameHasOwner: object_path= /org/freedesktop/DBus: unknown error type: 
[53:53:0928/162733.529093:ERROR:dbus/object_proxy.cc:573] Failed to call method: org.freedesktop.DBus.NameHasOwner: object_path= /org/freedesktop/DBus: unknown error type: 
[53:213:0928/162733.539343:ERROR:dbus/bus.cc:408] Failed to connect to the bus: Could not parse server address: Unknown address type (examples of valid types are "tcp" and on UNIX "unix")
[53:53:0928/162733.540204:ERROR:dbus/object_proxy.cc:573] Failed to call method: org.freedesktop.DBus.NameHasOwner: object_path= /org/freedesktop/DBus: unknown error type: 
[266:304:0928/162733.628520:VERBOSE1:net/disk_cache/simple/simple_index_file.cc:607] Simple Cache Index is being restored from disk.
[266:304:0928/162733.640557:VERBOSE1:base/files/file_util_posix.cc:317] Cannot stat "/root/mp-chromium-profile/Default/Shared Dictionary/cache/index-dir/the-real-index": No such file or directory (2)
[266:305:0928/162734.045397:ERROR:net/socket/tcp_socket_posix.cc:88] Failed to set TCP_KEEPIDLE on fd: 30: Protocol not available (92)
[0928/162734.052580:ERROR:third_party/crashpad/crashpad/util/linux/scoped_ptrace_attach.cc:27] ptrace: Function not implemented (38)
[266:305:0928/162734.332095:ERROR:net/socket/tcp_socket_posix.cc:88] Failed to set TCP_KEEPIDLE on fd: 32: Protocol not available (92)
[53:53:0928/162734.439660:ERROR:dbus/object_proxy.cc:573] Failed to call method: org.freedesktop.DBus.NameHasOwner: object_path= /org/freedesktop/DBus: unknown error type: 
[53:53:0928/162734.443576:VERBOSE1:ui/base/idle/idle_linux.cc:117] org.cinnamon.ScreenSaver D-Bus service does not exist
[53:213:0928/162734.445894:ERROR:dbus/bus.cc:408] Failed to connect to the bus: Could not parse server address: Unknown address type (examples of valid types are "tcp" and on UNIX "unix")
[53:53:0928/162734.690495:WARNING:dbus/property.cc:94] Failed to connect to PropertiesChangedsignal.
[53:53:0928/162734.693997:ERROR:dbus/object_proxy.cc:573] Failed to call method: org.freedesktop.DBus.Properties.GetAll: object_path= /org/freedesktop/UPower/devices/DisplayDevice: unknown error type: 
[53:53:0928/162734.694783:WARNING:dbus/property.cc:174] GetAll request failed for: org.freedesktop.UPower.Device
[53:53:0928/162734.706261:ERROR:dbus/object_proxy.cc:573] Failed to call method: org.freedesktop.DBus.NameHasOwner: object_path= /org/freedesktop/DBus: unknown error type: 
[53:53:0928/162735.265253:VERBOSE1:chrome/browser/web_applications/locks/partitioned_lock_manager.cc:211] Acquiring <PartitionedLockId>{id: 0x31, partition: 0} for Start@chrome/browser/web_applications/generated_icon_fix_manager.cc:60
[53:53:0928/162735.277820:VERBOSE1:chrome/browser/web_applications/locks/partitioned_lock_manager.cc:193] All locks acquired for Start@chrome/browser/web_applications/generated_icon_fix_manager.cc:60
[53:211:0928/162736.284155:VERBOSE1:components/signin/public/webdata/token_service_table.cc:237] Loaded tokens: result = 3 ; number of tokens loaded = 0
[53:53:0928/162736.589627:VERBOSE1:components/signin/internal/identity_manager/mutable_profile_oauth2_token_service_delegate.cc:408] MutablePO2TS::RefreshTokenIsAvailable
[53:53:0928/162737.047662:ERROR:dbus/object_proxy.cc:573] Failed to call method: org.freedesktop.DBus.NameHasOwner: object_path= /org/freedesktop/DBus: unknown error type: 
[53:53:0928/162737.048043:VERBOSE1:ui/base/idle/idle_linux.cc:117] org.gnome.ScreenSaver D-Bus service does not exist
[53:213:0928/162737.049494:ERROR:dbus/bus.cc:408] Failed to connect to the bus: Could not parse server address: Unknown address type (examples of valid types are "tcp" and on UNIX "unix")
[53:53:0928/162737.162508:VERBOSE1:chrome/browser/web_applications/locks/partitioned_lock_manager.cc:235] Releasing <PartitionedLockId>{id: 0x31, partition: 0} requested by Start@chrome/browser/web_applications/generated_icon_fix_manager.cc:60
[53:53:0928/162737.496169:VERBOSE1:components/signin/internal/identity_manager/mutable_profile_oauth2_token_service_delegate.cc:535] MutablePO2TS::OnWebDataServiceRequestDone. Result type: 5
[53:53:0928/162737.497861:VERBOSE1:components/signin/internal/identity_manager/mutable_profile_oauth2_token_service_delegate.cc:592] MutablePO2TS::LoadAllCredentialsIntoMemory; 0 credential(s).
[266:305:0928/162737.840947:VERBOSE1:net/base/network_delegate.cc:37] NetworkDelegate::NotifyBeforeURLRequest: https://www.google.com/async/folae?async=_fmt:pb
[53:53:0928/162737.904304:ERROR:dbus/object_proxy.cc:573] Failed to call method: org.freedesktop.DBus.NameHasOwner: object_path= /org/freedesktop/DBus: unknown error type: 
[53:53:0928/162737.904665:VERBOSE1:ui/base/idle/idle_linux.cc:117] org.mate.ScreenSaver D-Bus service does not exist
[53:213:0928/162737.908404:ERROR:dbus/bus.cc:408] Failed to connect to the bus: Could not parse server address: Unknown address type (examples of valid types are "tcp" and on UNIX "unix")
[53:53:0928/162737.944040:VERBOSE1:extensions/browser/extension_registrar.cc:521] AddComponentExtension Google Hangouts
[266:304:0928/162737.946697:VERBOSE1:net/disk_cache/simple/simple_index_file.cc:607] Simple Cache Index is being restored from disk.
[266:304:0928/162737.947548:VERBOSE1:base/files/file_util_posix.cc:317] Cannot stat "/root/mp-chromium-profile/Default/Cache/Cache_Data/index-dir/the-real-index": No such file or directory (2)
[266:304:0928/162738.057284:VERBOSE1:base/files/file_util_posix.cc:317] Cannot stat "/root/mp-chromium-profile/Default/Cache/No_Vary_Search/snapshot-new.baf": No such file or directory (2)
[266:304:0928/162738.085957:VERBOSE1:base/files/file_util_posix.cc:317] Cannot stat "/root/mp-chromium-profile/Default/Cache/No_Vary_Search/journal.baj": No such file or directory (2)
[53:211:0928/162738.124140:VERBOSE1:base/files/file_util_posix.cc:317] Cannot stat "/root/mp-chromium-profile/DeferredBrowserMetrics": No such file or directory (2)
[53:211:0928/162738.128326:VERBOSE1:base/files/file_util_posix.cc:317] Cannot stat "/root/mp-chromium-profile/CrashpadMetrics.pma": No such file or directory (2)
[53:211:0928/162738.154175:VERBOSE1:base/files/file_util_posix.cc:317] Cannot stat "/root/mp-chromium-profile/Breadcrumbs": No such file or directory (2)
[53:214:0928/162738.179431:VERBOSE1:base/files/file_util_posix.cc:317] Cannot stat "/root/mp-chromium-profile/Default/Media Cache": No such file or directory (2)
[53:214:0928/162738.274789:VERBOSE1:base/files/file_util_posix.cc:317] Cannot stat "/root/mp-chromium-profile/Default/databases": No such file or directory (2)
[53:211:0928/162738.284951:VERBOSE1:base/files/file_util_posix.cc:317] Cannot stat "/root/mp-chromium-profile/Default/webrtc_event_logs": No such file or directory (2)
[53:53:0928/162738.501256:ERROR:dbus/object_proxy.cc:573] Failed to call method: org.freedesktop.DBus.NameHasOwner: object_path= /org/freedesktop/DBus: unknown error type: 
[53:53:0928/162738.502273:VERBOSE1:ui/base/idle/idle_linux.cc:117] org.xfce.ScreenSaver D-Bus service does not exist
[53:53:0928/162738.502829:WARNING:ui/base/idle/idle_linux.cc:98] None of the known D-Bus ScreenSaver services could be used.
