Date: 2026-09-28 UTC
[16:26:20.775] weston 14.0.2
               https://wayland.freedesktop.org
               Bug reports to: https://gitlab.freedesktop.org/wayland/weston/issues/
               Build: 14.0.2
[16:26:20.780] Command line: weston --backend=drm-backend.so --renderer=pixman --drm-device=card0 --seat=seat0 --idle-time=0 --debug --log=/root/mp-weston.log
[16:26:20.780] OS: Linux, 10.0.0, 10.0.0, aarch64
[16:26:20.780] Flight recorder: enabled
[16:26:20.793] Starting with no config file.
[16:26:20.820] Output repaint window is 7 ms maximum.
[16:26:20.830] Loading module '/usr/lib/libweston-14/drm-backend.so'
[16:26:20.929] initializing drm backend
[16:26:20.933] Trying libseat launcher...
[16:26:20.952] [libseat/libseat.c:62] Seat opened with backend 'seatd'
[16:26:20.953] [libseat/backend/seatd.c:212] Enabling seat
[16:26:20.954] libseat: session control granted
[16:26:20.979] using /dev/dri/card0
[16:26:20.982] DRM: does not support atomic modesetting
[16:26:20.982] DRM: supports GBM modifiers
[16:26:20.982] DRM: does not support Atomic async page flip
[16:26:20.982] DRM: supports picture aspect ratio
[16:26:20.987] Using Pixman renderer
[16:26:21.202] event0  - QEMU Virtio Keyboard: is tagged by udev as: Keyboard
[16:26:21.207] event0  - QEMU Virtio Keyboard: device is a keyboard
[16:26:21.235] event1  - QEMU Virtio Mouse: is tagged by udev as: Mouse
[16:26:21.236] event1  - QEMU Virtio Mouse: device is a pointer
[16:26:21.516] libinput: configuring device "QEMU Virtio Keyboard".
[16:26:21.519] libinput: configuring device "QEMU Virtio Mouse".
[16:26:21.531] DRM: head 'Virtual-1' found, connector 48 is connected, EDID make 'unknown', model 'unknown', serial ''
               Supported EOTF modes: SDR
               Supported colorimetry modes: default
[16:26:21.540] Registered plugin API 'weston_drm_output_api_v1' of size 40
[16:26:21.540] Registered plugin API 'weston_drm_virtual_output_api_v2' of size 48
[16:26:21.545] Color manager: no-op
                 protocol support: no
[16:26:21.568] Output 'Virtual-1' attempts EOTF mode SDR and colorimetry mode default.
[16:26:21.569] Output 'Virtual-1' using color profile: stock sRGB color profile
[16:26:21.622] DRM: output Virtual-1 uses shadow framebuffer.
[16:26:21.623] Output Virtual-1 (crtc 16) video modes:
               current@60.0, current, 70.6 MHz
[16:26:21.627] associating input device event0 with output Virtual-1 (none by udev)
[16:26:21.628] associating input device event1 with output Virtual-1 (none by udev)
[16:26:21.630] Output 'Virtual-1' enabled with head(s) Virtual-1
[16:26:21.630] Compositor capabilities:
               arbitrary surface rotation: yes
               screen capture uses y-flip: no
               cursor planes: yes
               arbitrary resolutions: no
               view mask clipping: yes
               explicit sync: no
               color operations: no
               presentation clock: CLOCK_MONOTONIC, id 1
               presentation clock resolution: 0.000001000 s
[16:26:21.650] Loading module '/usr/lib/weston/desktop-shell.so'
[16:26:21.694] launching '/usr/libexec/weston-keyboard'
[16:26:21.759] launching '/usr/libexec/weston-desktop-shell'
