Date: 2026-09-28 UTC
[11:50:47.798] weston 14.0.2
               https://wayland.freedesktop.org
               Bug reports to: https://gitlab.freedesktop.org/wayland/weston/issues/
               Build: 14.0.2
[11:50:47.802] Command line: weston --backend=drm-backend.so --renderer=pixman --drm-device=card0 --seat=seat0 --idle-time=0 --debug --log=/root/mp-weston.log
[11:50:47.803] OS: Linux, 10.0.0, 10.0.0, aarch64
[11:50:47.803] Flight recorder: enabled
[11:50:47.818] Starting with no config file.
[11:50:47.849] Output repaint window is 7 ms maximum.
[11:50:47.859] Loading module '/usr/lib/libweston-14/drm-backend.so'
[11:50:47.963] initializing drm backend
[11:50:47.967] Trying libseat launcher...
[11:50:47.981] [libseat/libseat.c:62] Seat opened with backend 'seatd'
[11:50:47.982] [libseat/backend/seatd.c:212] Enabling seat
[11:50:47.983] libseat: session control granted
[11:50:48.006] using /dev/dri/card0
[11:50:48.008] DRM: does not support atomic modesetting
[11:50:48.009] DRM: supports GBM modifiers
[11:50:48.009] DRM: does not support Atomic async page flip
[11:50:48.009] DRM: supports picture aspect ratio
[11:50:48.013] Using Pixman renderer
[11:50:48.230] event0  - QEMU Virtio Keyboard: is tagged by udev as: Keyboard
[11:50:48.234] event0  - QEMU Virtio Keyboard: device is a keyboard
[11:50:48.263] event1  - QEMU Virtio Mouse: is tagged by udev as: Mouse
[11:50:48.264] event1  - QEMU Virtio Mouse: device is a pointer
[11:50:48.623] libinput: configuring device "QEMU Virtio Keyboard".
[11:50:48.626] libinput: configuring device "QEMU Virtio Mouse".
[11:50:48.643] DRM: head 'Virtual-1' found, connector 48 is connected, EDID make 'unknown', model 'unknown', serial ''
               Supported EOTF modes: SDR
               Supported colorimetry modes: default
[11:50:48.653] Registered plugin API 'weston_drm_output_api_v1' of size 40
[11:50:48.654] Registered plugin API 'weston_drm_virtual_output_api_v2' of size 48
[11:50:48.658] Color manager: no-op
                 protocol support: no
[11:50:48.690] Output 'Virtual-1' attempts EOTF mode SDR and colorimetry mode default.
[11:50:48.691] Output 'Virtual-1' using color profile: stock sRGB color profile
[11:50:48.732] DRM: output Virtual-1 uses shadow framebuffer.
[11:50:48.732] Output Virtual-1 (crtc 16) video modes:
               current@60.0, current, 70.6 MHz
[11:50:48.741] associating input device event0 with output Virtual-1 (none by udev)
[11:50:48.741] associating input device event1 with output Virtual-1 (none by udev)
[11:50:48.746] Output 'Virtual-1' enabled with head(s) Virtual-1
[11:50:48.746] Compositor capabilities:
               arbitrary surface rotation: yes
               screen capture uses y-flip: no
               cursor planes: yes
               arbitrary resolutions: no
               view mask clipping: yes
               explicit sync: no
               color operations: no
               presentation clock: CLOCK_MONOTONIC, id 1
               presentation clock resolution: 0.000001000 s
[11:50:48.759] Loading module '/usr/lib/weston/desktop-shell.so'
[11:50:48.800] launching '/usr/libexec/weston-keyboard'
[11:50:48.863] launching '/usr/libexec/weston-desktop-shell'
