Date: 2026-09-23 UTC
[06:33:23.529] weston 14.0.2
               https://wayland.freedesktop.org
               Bug reports to: https://gitlab.freedesktop.org/wayland/weston/issues/
               Build: 14.0.2
[06:33:23.533] Command line: weston --backend=drm-backend.so --renderer=pixman --drm-device=card0 --seat=seat0 --idle-time=0 --debug --log=/root/input24-weston.log
[06:33:23.534] OS: Linux, 10.0.0, 10.0.0, aarch64
[06:33:23.534] Flight recorder: enabled
[06:33:23.546] Starting with no config file.
[06:33:23.570] Output repaint window is 7 ms maximum.
[06:33:23.578] Loading module '/usr/lib/libweston-14/drm-backend.so'
[06:33:23.648] initializing drm backend
[06:33:23.651] Trying libseat launcher...
[06:33:23.661] [libseat/libseat.c:62] Seat opened with backend 'seatd'
[06:33:23.661] [libseat/backend/seatd.c:212] Enabling seat
[06:33:23.662] libseat: session control granted
[06:33:23.678] using /dev/dri/card0
[06:33:23.680] DRM: does not support atomic modesetting
[06:33:23.681] DRM: supports GBM modifiers
[06:33:23.681] DRM: does not support Atomic async page flip
[06:33:23.681] DRM: supports picture aspect ratio
[06:33:23.686] Using Pixman renderer
[06:33:23.805] event0  - QEMU Virtio Keyboard: is tagged by udev as: Keyboard
[06:33:23.806] event0  - QEMU Virtio Keyboard: device is a keyboard
[06:33:23.830] event1  - QEMU Virtio Mouse: is tagged by udev as: Mouse
[06:33:23.831] event1  - QEMU Virtio Mouse: device is a pointer
[06:33:24.110] libinput: configuring device "QEMU Virtio Keyboard".
[06:33:24.113] libinput: configuring device "QEMU Virtio Mouse".
[06:33:24.121] DRM: head 'Virtual-1' found, connector 48 is connected, EDID make 'unknown', model 'unknown', serial ''
               Supported EOTF modes: SDR
               Supported colorimetry modes: default
[06:33:24.126] Registered plugin API 'weston_drm_output_api_v1' of size 40
[06:33:24.126] Registered plugin API 'weston_drm_virtual_output_api_v2' of size 48
[06:33:24.129] Color manager: no-op
                 protocol support: no
[06:33:24.145] Output 'Virtual-1' attempts EOTF mode SDR and colorimetry mode default.
[06:33:24.145] Output 'Virtual-1' using color profile: stock sRGB color profile
[06:33:24.173] DRM: output Virtual-1 uses shadow framebuffer.
[06:33:24.173] Output Virtual-1 (crtc 16) video modes:
               current@60.0, current, 70.6 MHz
[06:33:24.177] associating input device event0 with output Virtual-1 (none by udev)
[06:33:24.177] associating input device event1 with output Virtual-1 (none by udev)
[06:33:24.179] Output 'Virtual-1' enabled with head(s) Virtual-1
[06:33:24.179] Compositor capabilities:
               arbitrary surface rotation: yes
               screen capture uses y-flip: no
               cursor planes: yes
               arbitrary resolutions: no
               view mask clipping: yes
               explicit sync: no
               color operations: no
               presentation clock: CLOCK_MONOTONIC, id 1
               presentation clock resolution: 0.000001000 s
[06:33:24.189] Loading module '/usr/lib/weston/desktop-shell.so'
[06:33:24.216] launching '/usr/libexec/weston-keyboard'
[06:33:24.251] launching '/usr/libexec/weston-desktop-shell'
