[145:145:0923/063344.701230:VERBOSE1:chrome/app/chrome_crash_reporter_client.cc:199] GetCollectStatsConsent(): is_official_chrome_build is false so returning false
[145:145:0923/063346.764142:VERBOSE1:chrome/app/chrome_crash_reporter_client.cc:199] GetCollectStatsConsent(): is_official_chrome_build is false so returning false
[161:161:0923/063353.233626:INFO:third_party/webrtc/rtc_base/cpu_info.cc:75] Available number of cores: 4
[160:160:0923/063353.233502:INFO:third_party/webrtc/rtc_base/cpu_info.cc:75] Available number of cores: 4
[161:161:0923/063353.327194:VERBOSE1:content/zygote/zygote_main_linux.cc:201] ZygoteMain: initializing 0 fork delegates
[160:160:0923/063353.327793:VERBOSE1:content/zygote/zygote_main_linux.cc:201] ZygoteMain: initializing 0 fork delegates
[145:145:0923/063356.833667:VERBOSE1:components/policy/core/common/config_dir_policy_loader.cc:116] Found mandatory policy file: /etc/chromium/policies/managed/kiosk.json
[145:145:0923/063356.906491:VERBOSE1:components/policy/core/common/config_dir_policy_loader.cc:121] Skipping recommended platform policies because no policy file was found at: /etc/chromium/policies/recommended
[145:145:0923/063357.406980:VERBOSE1:components/variations/service/variations_field_trial_creator.cc:80] VariationsSeedUsage:2
[145:145:0923/063357.420526:VERBOSE1:components/variations/service/variations_field_trial_creator.cc:353] VariationsSetupComplete
[145:145:0923/063357.461264:ERROR:ui/ozone/platform/wayland/common/drm_render_node_path_finder.cc:45] drmGetDevices2() has not found any devices: No such file or directory (2)
[145:186:0923/063357.847021:VERBOSE1:base/files/file_util_posix.cc:317] Cannot stat "/root/input24-chromium-profile/VariationsSeedV1": No such file or directory (2)
[145:189:0923/063357.950986:ERROR:dbus/bus.cc:408] Failed to connect to the bus: Failed to connect to socket /run/dbus/system_bus_socket: No such file or directory
[145:145:0923/063358.385673:WARNING:ui/ozone/platform/wayland/ozone_platform_wayland.cc:272] Failed to initialize drm render node handle.
[145:145:0923/063358.446604:WARNING:ui/ozone/platform/wayland/common/wayland_object.cc:119] Binding to wl_shm version 1 but version 2 is available.
[145:145:0923/063402.397269:VERBOSE1:chrome/browser/media/webrtc/webrtc_event_log_manager.cc:122] WebRTC remote-bound event logging enabled.
[145:145:0923/063402.540448:VERBOSE1:components/proxy_config/pref_proxy_config_tracker_impl.cc:199] 0x3c00080300: set chrome proxy config service to 0x3c0006abe0
[145:145:0923/063402.582275:VERBOSE1:google_apis/api_key_cache.cc:99] Using default value "497550622367-ubtkmd3b2pp5gulba5n6ha6sq4n35ehj.apps.googleusercontent.com" for API key GOOGLE_CLIENT_ID_MAIN
[145:145:0923/063402.583682:VERBOSE1:google_apis/api_key_cache.cc:99] Using default value "NaCX8tIIAphrjs56n3TpHx_e" for API key GOOGLE_CLIENT_SECRET_MAIN
[145:145:0923/063402.584871:VERBOSE1:google_apis/api_key_cache.cc:99] Using default value "497550622367-ubtkmd3b2pp5gulba5n6ha6sq4n35ehj.apps.googleusercontent.com" for API key GOOGLE_CLIENT_ID_REMOTING
[145:145:0923/063402.585203:VERBOSE1:google_apis/api_key_cache.cc:99] Using default value "NaCX8tIIAphrjs56n3TpHx_e" for API key GOOGLE_CLIENT_SECRET_REMOTING
[145:145:0923/063402.585424:VERBOSE1:google_apis/api_key_cache.cc:99] Using default value "497550622367-ubtkmd3b2pp5gulba5n6ha6sq4n35ehj.apps.googleusercontent.com" for API key GOOGLE_CLIENT_ID_REMOTING_HOST
[145:145:0923/063402.586564:VERBOSE1:google_apis/api_key_cache.cc:99] Using default value "NaCX8tIIAphrjs56n3TpHx_e" for API key GOOGLE_CLIENT_SECRET_REMOTING_HOST
[145:145:0923/063403.407840:VERBOSE1:components/device_event_log/device_event_log_impl.cc:200] [06:34:02.939] Display: EVENT: wayland_screen.cc:144 Displays updated, count: 1
[145:145:0923/063403.416821:VERBOSE1:components/device_event_log/device_event_log_impl.cc:200] [06:34:03.415] Display: EVENT: wayland_screen.cc:147 Display[16] bounds=[0,0 1280x800], workarea=[0,0 1280x800], scale=1, rotation=0, panel_rotation=0 external detected
[145:189:0923/063403.557483:ERROR:dbus/bus.cc:408] Failed to connect to the bus: Could not parse server address: Unknown address type (examples of valid types are "tcp" and on UNIX "unix")
[145:189:0923/063403.562721:ERROR:dbus/bus.cc:408] Failed to connect to the bus: Failed to connect to socket /run/dbus/system_bus_socket: No such file or directory
[145:189:0923/063403.570172:ERROR:dbus/bus.cc:408] Failed to connect to the bus: Failed to connect to socket /run/dbus/system_bus_socket: No such file or directory
[145:186:0923/063403.656156:VERBOSE1:base/files/file_util_posix.cc:317] Cannot stat "/root/input24-chromium-profile/component_crx_cache/metadata.json": No such file or directory (2)
[145:204:0923/063404.034480:WARNING:ui/ozone/platform/wayland/ozone_platform_wayland.cc:325] Failed to find drm render node path.
[145:204:0923/063404.044235:WARNING:ui/ozone/platform/wayland/gpu/wayland_buffer_manager_gpu.cc:458] Failed to initialize drm render node handle.
[145:191:0923/063404.518140:VERBOSE1:content/browser/renderer_host/media/media_stream_manager.cc:1555] MSM::InitializeMaybeAsync([this=0x3c0016f980])
[145:191:0923/063404.545509:VERBOSE1:content/browser/renderer_host/media/media_stream_manager.cc:1555] MDM::MediaDevicesManager()
[145:191:0923/063404.555362:VERBOSE1:content/browser/renderer_host/media/media_stream_manager.cc:1555] MSM::MediaStreamManager([this=0x3c0016f980]))
[145:186:0923/063404.747819:VERBOSE1:base/files/file_util_posix.cc:317] Cannot stat "/root/input24-chromium-profile/Consent To Send Stats": No such file or directory (2)
[145:145:0923/063405.562748:VERBOSE1:components/os_crypt/sync/key_storage_util_linux.cc:46] Password storage detected desktop environment: (unknown)
[145:145:0923/063405.565292:VERBOSE1:components/os_crypt/sync/key_storage_linux.cc:116] Selected backend for OSCrypt: BASIC_TEXT
[145:145:0923/063405.571695:VERBOSE1:components/os_crypt/sync/key_storage_linux.cc:135] OSCrypt did not initialize a backend.
[145:145:0923/063405.639075:VERBOSE1:components/enterprise/browser/controller/chrome_browser_cloud_management_controller.cc:171] Cloud management controller initialization aborted as CBCM is not enabled. Please use the `--enable-chrome-browser-cloud-management` command line flag to enable it if you are not using the official Google Chrome build.
[145:145:0923/063411.906851:VERBOSE1:chrome/browser/signin/account_consistency_mode_manager.cc:207] Desktop Identity Consistency disabled as sign-in to Chrome is not allowed
[145:145:0923/063412.095366:VERBOSE1:components/device_event_log/device_event_log_impl.cc:200] [06:34:12.079] Bluetooth: EVENT: bluetooth_api.cc:82 BluetoothAPI: 0x3c004bf080
[145:186:0923/063412.775519:VERBOSE1:base/files/file_util_posix.cc:317] Cannot stat "/root/input24-chromium-profile/Default/Web Applications/Logs/WebAppInstallManager.log": No such file or directory (2)
[145:189:0923/063413.399999:ERROR:dbus/bus.cc:408] Failed to connect to the bus: Could not parse server address: Unknown address type (examples of valid types are "tcp" and on UNIX "unix")
[145:145:0923/063415.552925:VERBOSE1:components/proxy_config/pref_proxy_config_tracker_impl.cc:199] 0x3c00083000: set chrome proxy config service to 0x3c0006d620
[145:145:0923/063417.556643:VERBOSE1:chrome/browser/signin/account_consistency_mode_manager.cc:207] Desktop Identity Consistency disabled as sign-in to Chrome is not allowed
[145:145:0923/063417.967826:VERBOSE1:components/signin/internal/identity_manager/mutable_profile_oauth2_token_service_delegate.cc:318] MutablePO2TS::MutablePO2TS
[145:186:0923/063418.747903:VERBOSE1:net/disk_cache/simple/simple_index_file.cc:607] Simple Cache Index is being restored from disk.
[145:187:0923/063418.748009:VERBOSE1:net/disk_cache/simple/simple_index_file.cc:607] Simple Cache Index is being restored from disk.
[145:187:0923/063418.755159:VERBOSE1:base/files/file_util_posix.cc:317] Cannot stat "/root/input24-chromium-profile/Default/Code Cache/wasm/index-dir/the-real-index": No such file or directory (2)
[145:186:0923/063418.755659:VERBOSE1:base/files/file_util_posix.cc:317] Cannot stat "/root/input24-chromium-profile/Default/Code Cache/js/index-dir/the-real-index": No such file or directory (2)
[145:145:0923/063418.874665:VERBOSE1:components/proxy_config/pref_proxy_config_tracker_impl.cc:199] 0x3c00084200: set chrome proxy config service to 0x3c00071580
[145:145:0923/063419.518468:VERBOSE1:chrome/browser/signin/account_consistency_mode_manager.cc:207] Desktop Identity Consistency disabled as sign-in to Chrome is not allowed
[145:145:0923/063419.759953:VERBOSE1:extensions/browser/api/bluetooth_low_energy/bluetooth_low_energy_event_router.cc:291] Initializing BluetoothLowEnergyEventRouter.
[145:145:0923/063420.027822:VERBOSE1:chrome/browser/permissions/prediction_service/prediction_model_handler_provider_factory.cc:58] [PermissionsAI]: PredictionModelHandlerProviderFactory::BuildServiceInstanceForBrowserContext
[145:145:0923/063420.028616:VERBOSE1:chrome/browser/permissions/prediction_service/prediction_model_handler_provider_factory.cc:66] [PermissionsAI]: OptimizationGuideKeyedService not available.
[145:145:0923/063422.412319:VERBOSE1:extensions/browser/extension_registrar.cc:521] AddComponentExtension Web Store
[145:145:0923/063422.416675:VERBOSE1:extensions/browser/extension_registrar.cc:523] Component extension Web Store (ahfgeienlihckogmohjhadlkjgocpleb) installing/upgrading from '' to 0.2
MESA-LOADER: failed to retrieve device information
failed to get driver name for fd 79
MESA-LOADER: failed to retrieve device information
failed to get driver name for fd 79
MESA-LOADER: failed to retrieve device information
failed to get driver name for fd 79
[145:145:0923/063422.900908:VERBOSE1:extensions/browser/extension_registrar.cc:521] AddComponentExtension Chromium PDF Viewer
[145:145:0923/063422.901223:VERBOSE1:extensions/browser/extension_registrar.cc:523] Component extension Chromium PDF Viewer (mhjfbmdgcfjbbpaeojofohoefgiehjai) installing/upgrading from '' to 1
MESA-LOADER: failed to retrieve device information
failed to get driver name for fd 79
MESA-LOADER: failed to retrieve device information
failed to get driver name for fd 79
MESA-LOADER: failed to retrieve device information
failed to get driver name for fd 79
[145:145:0923/063422.931144:VERBOSE1:extensions/browser/extension_registrar.cc:521] AddComponentExtension Google Hangouts
[145:145:0923/063422.931512:VERBOSE1:extensions/browser/extension_registrar.cc:523] Component extension Google Hangouts (nkeimhogjdpnpccoofpliimaahmaaome) installing/upgrading from '' to 1.3.26
[145:145:0923/063423.014828:VERBOSE1:components/signin/internal/identity_manager/mutable_profile_oauth2_token_service_delegate.cc:408] MutablePO2TS::RefreshTokenIsAvailable
[145:145:0923/063423.025802:VERBOSE1:components/signin/internal/identity_manager/mutable_profile_oauth2_token_service_delegate.cc:408] MutablePO2TS::RefreshTokenIsAvailable
[145:145:0923/063423.044077:VERBOSE1:chrome/browser/signin/account_consistency_mode_manager.cc:207] Desktop Identity Consistency disabled as sign-in to Chrome is not allowed
[145:145:0923/063423.047587:VERBOSE1:components/signin/core/browser/account_reconcilor.cc:165] AccountReconcilor::AccountReconcilor
[145:145:0923/063423.048318:VERBOSE1:components/signin/core/browser/account_reconcilor.cc:203] AccountReconcilor::Initialize
[145:186:0923/063423.212437:VERBOSE1:base/files/file_util_posix.cc:317] Cannot stat "/root/input24-chromium-profile/Default/Policy/User Policy": No such file or directory (2)
[145:186:0923/063423.213627:VERBOSE1:base/files/file_util_posix.cc:317] Cannot stat "/root/input24-chromium-profile/Default/Policy/Signing Key": No such file or directory (2)
[145:186:0923/063423.376223:VERBOSE1:components/component_updater/component_installer.cc:481] StartRegistration for Subresource Filter Rules
[145:145:0923/063423.380621:VERBOSE1:components/component_updater/installer_policies/on_device_head_suggest_component_installer.cc:59] On Device Head Component will fetch model for locale: ENUS500000
[145:187:0923/063423.386228:VERBOSE1:components/component_updater/component_installer.cc:481] StartRegistration for OnDeviceHeadSuggest
[145:145:0923/063423.392637:VERBOSE1:chrome/browser/component_updater/trust_token_key_commitments_component_installer.cc:21] Registering Trust Token Key Commitments component.
[145:145:0923/063423.408372:VERBOSE1:chrome/browser/component_updater/first_party_sets_component_installer.cc:37] Registering Related Website Sets component.
[145:188:0923/063423.408529:VERBOSE1:components/component_updater/component_installer.cc:481] StartRegistration for Trust Token Key Commitments
[145:145:0923/063423.427629:VERBOSE1:chrome/browser/component_updater/privacy_sandbox_attestations_component_installer.cc:181] Registering Privacy Sandbox Attestations component
[145:186:0923/063423.430752:VERBOSE1:components/component_updater/component_installer.cc:481] StartRegistration for Privacy Sandbox Attestations
[145:145:0923/063423.451216:VERBOSE1:chrome/browser/component_updater/file_type_policies_component_installer.cc:126] Registering File Type Policies component.
[145:186:0923/063423.451758:VERBOSE1:components/component_updater/component_installer.cc:481] StartRegistration for Certificate Error Assistant
[145:187:0923/063423.452987:VERBOSE1:components/component_updater/component_installer.cc:481] StartRegistration for File Type Policies
[145:188:0923/063423.454535:VERBOSE1:components/component_updater/component_installer.cc:481] StartRegistration for CRLSet
[145:201:0923/063423.459076:VERBOSE1:components/component_updater/component_installer.cc:481] StartRegistration for Origin Trials
[145:186:0923/063423.485160:VERBOSE1:components/component_updater/component_installer.cc:481] StartRegistration for PKI Metadata
[145:187:0923/063423.498711:VERBOSE1:components/component_updater/component_installer.cc:481] StartRegistration for Crowd Deny
[145:145:0923/063423.498173:VERBOSE1:chrome/browser/component_updater/hyphenation_component_installer.cc:149] Registering Hyphenation component.
[145:202:0923/063423.476268:VERBOSE1:components/component_updater/component_installer.cc:481] StartRegistration for MEI Preload
[145:203:0923/063423.500144:VERBOSE1:components/component_updater/component_installer.cc:481] StartRegistration for Safety Tips
[145:188:0923/063423.505732:VERBOSE1:components/component_updater/component_installer.cc:481] StartRegistration for Hyphenation
[145:201:0923/063423.516344:VERBOSE1:components/component_updater/component_installer.cc:481] StartRegistration for Zxcvbn Data Dictionaries
[145:145:0923/063423.561651:VERBOSE1:chrome/browser/component_updater/tpcd_metadata_component_installer.cc:23] Third Party Cookie Deprecation Metadata component.
[145:145:0923/063423.570031:VERBOSE1:chrome/browser/component_updater/translate_kit_component_installer.cc:163] Registering TranslateKit component.
[145:187:0923/063423.574086:VERBOSE1:components/component_updater/component_installer.cc:481] StartRegistration for Third-Party Cookie Deprecation Metadata
[145:145:0923/063423.595226:VERBOSE1:chrome/browser/component_updater/open_cookie_database_component_installer.cc:23] Registering Open Cookie Database component.
[145:200:0923/063423.584585:VERBOSE1:components/component_updater/component_installer.cc:481] StartRegistration for Autofill States Data
[145:202:0923/063423.582510:VERBOSE1:components/component_updater/component_installer.cc:316] Preinstalled component found for MEI Preload at /usr/lib/chromium/MEIPreload with version 1.0.7.1652906823.
[145:186:0923/063423.621553:VERBOSE1:components/component_updater/component_installer.cc:481] StartRegistration for Open Cookie Database
[145:145:0923/063423.623532:VERBOSE1:chrome/browser/component_updater/cookie_readiness_list_component_installer.cc:24] Registering Cookie Readiness List component.
[145:202:0923/063423.625040:VERBOSE1:components/component_updater/component_installer.cc:481] StartRegistration for Cookie Readiness List
[145:187:0923/063423.625364:VERBOSE1:components/component_updater/component_installer.cc:481] StartRegistration for Amount Extraction Heuristic Regexes
[145:145:0923/063423.635080:VERBOSE1:chrome/browser/component_updater/wasm_tts_engine_component_installer.cc:272] Registering WASM TTS Engine component.
[145:145:0923/063423.636744:VERBOSE1:chrome/browser/component_updater/probabilistic_reveal_token_component_installer.cc:54] Registering Probabilistic Reveal Token component.
[145:201:0923/063423.639227:VERBOSE1:components/component_updater/component_installer.cc:481] StartRegistration for WASM TTS Engine
[145:188:0923/063423.639268:VERBOSE1:components/component_updater/component_installer.cc:481] StartRegistration for Probabilistic Reveal Tokens
[145:145:0923/063423.900275:VERBOSE1:chrome/browser/profiles/profile_manager.cc:1277] AddKeepAlive(Default, kBrowserWindow). keep_alives=[kWaitingForFirstBrowserWindow (1), kBrowserWindow (1)]
[145:145:0923/063423.901276:VERBOSE1:chrome/browser/profiles/profile_manager.cc:1359] ClearFirstBrowserWindowKeepAlive(Default). keep_alives=[kBrowserWindow (1)]
[145:189:0923/063427.133013:ERROR:dbus/bus.cc:408] Failed to connect to the bus: Could not parse server address: Unknown address type (examples of valid types are "tcp" and on UNIX "unix")
[145:189:0923/063427.151265:ERROR:dbus/bus.cc:408] Failed to connect to the bus: Could not parse server address: Unknown address type (examples of valid types are "tcp" and on UNIX "unix")
[210:210:0923/063428.274474:INFO:content/child/child_thread_impl.cc:909] ChildThreadImpl::EnsureConnected()
[145:145:0923/063428.605069:WARNING:ui/ozone/platform/wayland/host/wayland_surface.cc:170] Server doesn't support zcr_alpha_compositing_v1.
[145:145:0923/063428.605480:WARNING:ui/ozone/platform/wayland/host/wayland_surface.cc:185] Server doesn't support overlay_prioritizer.
[145:145:0923/063428.605712:WARNING:ui/ozone/platform/wayland/host/wayland_surface.cc:200] Server doesn't support wp_content_type_v1
[145:145:0923/063428.605933:WARNING:ui/ozone/platform/wayland/host/wayland_surface.cc:214] Server doesn't support wp_color_management_surface_v1.
[145:145:0923/063429.509297:WARNING:ui/ozone/platform/wayland/host/wayland_connection.cc:408] text-input-v3 not available.
[145:145:0923/063431.699979:VERBOSE1:chrome/browser/signin/account_consistency_mode_manager.cc:207] Desktop Identity Consistency disabled as sign-in to Chrome is not allowed
[0923/063434.325939:ERROR:third_party/crashpad/crashpad/util/linux/socket.cc:177] missing credentials
[145:145:0923/063435.884847:VERBOSE1:google_apis/gaia/gaia_auth_util.cc:54] Canonicalized @gmail.com to @gmail.com
[145:145:0923/063435.885606:VERBOSE1:google_apis/gaia/gaia_auth_util.cc:54] Canonicalized @gmail.com to @gmail.com
[145:145:0923/063436.948303:VERBOSE1:chrome/browser/enterprise/data_protection/data_protection_navigation_observer.cc:216] enterprise.data_protection: same document navigation: 0
[145:145:0923/063436.948855:VERBOSE1:chrome/browser/enterprise/data_protection/data_protection_navigation_observer.cc:218] enterprise.data_protection: URL to scan: file:///usr/share/html-test/index.html
[145:145:0923/063437.321267:VERBOSE1:components/signin/internal/identity_manager/mutable_profile_oauth2_token_service_delegate.cc:408] MutablePO2TS::RefreshTokenIsAvailable
[145:145:0923/063437.321733:VERBOSE1:chrome/browser/signin/account_consistency_mode_manager.cc:207] Desktop Identity Consistency disabled as sign-in to Chrome is not allowed
[145:145:0923/063438.109687:ERROR:dbus/object_proxy.cc:573] Failed to call method: org.freedesktop.DBus.NameHasOwner: object_path= /org/freedesktop/DBus: unknown error type: 
[145:189:0923/063438.113081:ERROR:dbus/bus.cc:408] Failed to connect to the bus: Could not parse server address: Unknown address type (examples of valid types are "tcp" and on UNIX "unix")
[145:189:0923/063438.115143:ERROR:dbus/bus.cc:408] Failed to connect to the bus: Could not parse server address: Unknown address type (examples of valid types are "tcp" and on UNIX "unix")
[145:189:0923/063438.117056:ERROR:dbus/bus.cc:408] Failed to connect to the bus: Could not parse server address: Unknown address type (examples of valid types are "tcp" and on UNIX "unix")
[145:189:0923/063438.117563:ERROR:dbus/bus.cc:408] Failed to connect to the bus: Could not parse server address: Unknown address type (examples of valid types are "tcp" and on UNIX "unix")
[145:189:0923/063438.118049:ERROR:dbus/bus.cc:408] Failed to connect to the bus: Could not parse server address: Unknown address type (examples of valid types are "tcp" and on UNIX "unix")
[145:189:0923/063438.118431:ERROR:dbus/bus.cc:408] Failed to connect to the bus: Could not parse server address: Unknown address type (examples of valid types are "tcp" and on UNIX "unix")
[145:145:0923/063438.120466:WARNING:device/bluetooth/dbus/bluez_dbus_manager.cc:209] Floss manager service not available, cannot set Floss enable/disable.
[145:145:0923/063438.424777:ERROR:dbus/object_proxy.cc:573] Failed to call method: org.freedesktop.DBus.NameHasOwner: object_path= /org/freedesktop/DBus: unknown error type: 
[145:145:0923/063439.067769:VERBOSE1:components/signin/internal/identity_manager/mutable_profile_oauth2_token_service_delegate.cc:408] MutablePO2TS::RefreshTokenIsAvailable
[145:145:0923/063439.072924:VERBOSE1:chrome/browser/signin/account_consistency_mode_manager.cc:207] Desktop Identity Consistency disabled as sign-in to Chrome is not allowed
[145:145:0923/063439.138977:VERBOSE1:components/component_updater/component_installer.cc:560] FinishRegistration for Subresource Filter Rules
[145:145:0923/063439.154649:VERBOSE1:components/component_updater/component_updater_service.cc:166] CrxUpdateService starting up. First update attempt will take place in 60 s seconds. Next update attempt will take place in 18000 s seconds. 
[145:145:0923/063439.158814:VERBOSE1:components/component_updater/component_installer.cc:560] FinishRegistration for OnDeviceHeadSuggest
[145:145:0923/063439.160481:VERBOSE1:components/component_updater/component_installer.cc:560] FinishRegistration for Trust Token Key Commitments
[145:145:0923/063439.161126:VERBOSE1:components/component_updater/component_installer.cc:560] FinishRegistration for Privacy Sandbox Attestations
[145:145:0923/063439.163997:VERBOSE1:components/component_updater/component_installer.cc:560] FinishRegistration for Certificate Error Assistant
[145:145:0923/063439.164534:VERBOSE1:components/component_updater/component_installer.cc:560] FinishRegistration for CRLSet
[145:145:0923/063439.165298:VERBOSE1:components/component_updater/component_installer.cc:560] FinishRegistration for File Type Policies
[145:145:0923/063439.165713:VERBOSE1:components/component_updater/component_installer.cc:560] FinishRegistration for Origin Trials
[145:145:0923/063439.166558:VERBOSE1:components/component_updater/component_installer.cc:560] FinishRegistration for Crowd Deny
[145:145:0923/063439.166996:VERBOSE1:components/component_updater/component_installer.cc:560] FinishRegistration for PKI Metadata
[145:145:0923/063439.167626:VERBOSE1:components/component_updater/component_installer.cc:560] FinishRegistration for Zxcvbn Data Dictionaries
[145:145:0923/063439.168342:VERBOSE1:components/component_updater/component_installer.cc:560] FinishRegistration for Hyphenation
[145:145:0923/063439.169056:VERBOSE1:components/component_updater/component_installer.cc:560] FinishRegistration for Safety Tips
[145:145:0923/063439.169678:VERBOSE1:components/component_updater/component_installer.cc:560] FinishRegistration for MEI Preload
[145:145:0923/063439.170033:VERBOSE1:components/component_updater/component_installer.cc:601] Component ready, version 1.0.7.1652906823 in /usr/lib/chromium/MEIPreload
[145:145:0923/063439.171056:VERBOSE1:components/component_updater/component_installer.cc:560] FinishRegistration for Third-Party Cookie Deprecation Metadata
[145:145:0923/063439.171522:VERBOSE1:components/component_updater/component_installer.cc:560] FinishRegistration for Autofill States Data
[145:145:0923/063439.172461:VERBOSE1:components/component_updater/component_installer.cc:560] FinishRegistration for Open Cookie Database
[145:145:0923/063439.172979:VERBOSE1:components/component_updater/component_installer.cc:560] FinishRegistration for WASM TTS Engine
[145:145:0923/063439.173647:VERBOSE1:components/component_updater/component_installer.cc:560] FinishRegistration for Amount Extraction Heuristic Regexes
[145:145:0923/063439.174354:VERBOSE1:components/component_updater/component_installer.cc:560] FinishRegistration for Cookie Readiness List
[145:145:0923/063439.175001:VERBOSE1:components/component_updater/component_installer.cc:560] FinishRegistration for Probabilistic Reveal Tokens
[145:145:0923/063439.187319:ERROR:dbus/object_proxy.cc:573] Failed to call method: org.freedesktop.DBus.NameHasOwner: object_path= /org/freedesktop/DBus: unknown error type: 
[145:145:0923/063439.187686:VERBOSE1:ui/base/idle/idle_linux.cc:117] org.freedesktop.ScreenSaver D-Bus service does not exist
[145:145:0923/063439.189909:ERROR:dbus/object_proxy.cc:573] Failed to call method: org.freedesktop.DBus.NameHasOwner: object_path= /org/freedesktop/DBus: unknown error type: 
[145:189:0923/063439.190074:ERROR:dbus/bus.cc:408] Failed to connect to the bus: Could not parse server address: Unknown address type (examples of valid types are "tcp" and on UNIX "unix")
[145:145:0923/063439.191932:WARNING:ui/ozone/platform/wayland/host/org_gnome_mutter_idle_monitor.cc:87] org.gnome.Mutter.IdleMonitor D-Bus service does not exist
