[52:52:1002/031007.943827:VERBOSE1:chrome/app/chrome_crash_reporter_client.cc:199] GetCollectStatsConsent(): is_official_chrome_build is false so returning false
[52:52:1002/031011.418638:VERBOSE1:chrome/app/chrome_crash_reporter_client.cc:199] GetCollectStatsConsent(): is_official_chrome_build is false so returning false
[140:140:1002/031021.393489:INFO:third_party/webrtc/rtc_base/cpu_info.cc:75] Available number of cores: 4
[139:139:1002/031021.396553:INFO:third_party/webrtc/rtc_base/cpu_info.cc:75] Available number of cores: 4
[140:140:1002/031021.536551:VERBOSE1:content/zygote/zygote_main_linux.cc:201] ZygoteMain: initializing 0 fork delegates
[139:139:1002/031021.538129:VERBOSE1:content/zygote/zygote_main_linux.cc:201] ZygoteMain: initializing 0 fork delegates
[52:52:1002/031022.258532:VERBOSE1:components/policy/core/common/config_dir_policy_loader.cc:116] Found mandatory policy file: /etc/chromium/policies/managed/kiosk.json
[52:52:1002/031022.305811:VERBOSE1:components/policy/core/common/config_dir_policy_loader.cc:121] Skipping recommended platform policies because no policy file was found at: /etc/chromium/policies/recommended
[52:52:1002/031022.675208:VERBOSE1:components/variations/service/variations_field_trial_creator.cc:80] VariationsSeedUsage:2
[52:52:1002/031022.688424:VERBOSE1:components/variations/service/variations_field_trial_creator.cc:353] VariationsSetupComplete
[52:180:1002/031023.048394:VERBOSE1:base/files/file_util_posix.cc:317] Cannot stat "/root/mp-chromium-profile/VariationsSeedV1": No such file or directory (2)
[52:183:1002/031023.186945:ERROR:dbus/bus.cc:408] Failed to connect to the bus: Failed to connect to socket /run/dbus/system_bus_socket: No such file or directory
[52:52:1002/031023.482180:WARNING:ui/ozone/platform/wayland/ozone_platform_wayland.cc:272] Failed to initialize drm render node handle.
[52:52:1002/031023.534713:WARNING:ui/ozone/platform/wayland/common/wayland_object.cc:119] Binding to wl_shm version 1 but version 2 is available.
[52:52:1002/031028.397631:VERBOSE1:chrome/browser/media/webrtc/webrtc_event_log_manager.cc:122] WebRTC remote-bound event logging enabled.
[52:52:1002/031028.696000:VERBOSE1:components/proxy_config/pref_proxy_config_tracker_impl.cc:199] 0x2c0018d500: set chrome proxy config service to 0x2c0007ebe0
[52:52:1002/031028.783532:VERBOSE1:google_apis/api_key_cache.cc:99] Using default value "497550622367-ubtkmd3b2pp5gulba5n6ha6sq4n35ehj.apps.googleusercontent.com" for API key GOOGLE_CLIENT_ID_MAIN
[52:52:1002/031028.785463:VERBOSE1:google_apis/api_key_cache.cc:99] Using default value "NaCX8tIIAphrjs56n3TpHx_e" for API key GOOGLE_CLIENT_SECRET_MAIN
[52:52:1002/031028.786787:VERBOSE1:google_apis/api_key_cache.cc:99] Using default value "497550622367-ubtkmd3b2pp5gulba5n6ha6sq4n35ehj.apps.googleusercontent.com" for API key GOOGLE_CLIENT_ID_REMOTING
[52:52:1002/031028.787439:VERBOSE1:google_apis/api_key_cache.cc:99] Using default value "NaCX8tIIAphrjs56n3TpHx_e" for API key GOOGLE_CLIENT_SECRET_REMOTING
[52:52:1002/031028.787829:VERBOSE1:google_apis/api_key_cache.cc:99] Using default value "497550622367-ubtkmd3b2pp5gulba5n6ha6sq4n35ehj.apps.googleusercontent.com" for API key GOOGLE_CLIENT_ID_REMOTING_HOST
[52:52:1002/031028.789555:VERBOSE1:google_apis/api_key_cache.cc:99] Using default value "NaCX8tIIAphrjs56n3TpHx_e" for API key GOOGLE_CLIENT_SECRET_REMOTING_HOST
[52:52:1002/031030.512747:VERBOSE1:components/device_event_log/device_event_log_impl.cc:200] [03:10:29.641] Display: EVENT: wayland_screen.cc:144 Displays updated, count: 1
[52:52:1002/031030.522275:VERBOSE1:components/device_event_log/device_event_log_impl.cc:200] [03:10:30.520] Display: EVENT: wayland_screen.cc:147 Display[16] bounds=[0,0 1280x800], workarea=[0,0 1280x800], scale=1, rotation=0, panel_rotation=0 external detected
[52:183:1002/031030.657507:ERROR:dbus/bus.cc:408] Failed to connect to the bus: Could not parse server address: Unknown address type (examples of valid types are "tcp" and on UNIX "unix")
[52:183:1002/031030.682486:ERROR:dbus/bus.cc:408] Failed to connect to the bus: Failed to connect to socket /run/dbus/system_bus_socket: No such file or directory
[52:183:1002/031030.697511:ERROR:dbus/bus.cc:408] Failed to connect to the bus: Failed to connect to socket /run/dbus/system_bus_socket: No such file or directory
[52:227:1002/031030.759251:VERBOSE1:base/files/file_util_posix.cc:317] Cannot stat "/root/mp-chromium-profile/component_crx_cache/metadata.json": No such file or directory (2)
[52:185:1002/031031.516261:VERBOSE1:content/browser/renderer_host/media/media_stream_manager.cc:1555] MSM::InitializeMaybeAsync([this=0x2c00163980])
[52:185:1002/031031.548489:VERBOSE1:content/browser/renderer_host/media/media_stream_manager.cc:1555] MDM::MediaDevicesManager()
[52:185:1002/031031.558026:VERBOSE1:content/browser/renderer_host/media/media_stream_manager.cc:1555] MSM::MediaStreamManager([this=0x2c00163980]))
[52:180:1002/031031.693320:VERBOSE1:base/files/file_util_posix.cc:317] Cannot stat "/root/mp-chromium-profile/Consent To Send Stats": No such file or directory (2)
[233:233:1002/031032.326386:WARNING:ui/ozone/platform/wayland/ozone_platform_wayland.cc:325] Failed to find drm render node path.
[233:233:1002/031032.394016:WARNING:ui/ozone/platform/wayland/gpu/wayland_buffer_manager_gpu.cc:458] Failed to initialize drm render node handle.
[52:52:1002/031032.698305:VERBOSE1:components/os_crypt/sync/key_storage_util_linux.cc:46] Password storage detected desktop environment: (unknown)
[52:52:1002/031032.701873:VERBOSE1:components/os_crypt/sync/key_storage_linux.cc:116] Selected backend for OSCrypt: BASIC_TEXT
[52:52:1002/031032.707759:VERBOSE1:components/os_crypt/sync/key_storage_linux.cc:135] OSCrypt did not initialize a backend.
[52:52:1002/031032.797379:VERBOSE1:components/enterprise/browser/controller/chrome_browser_cloud_management_controller.cc:171] Cloud management controller initialization aborted as CBCM is not enabled. Please use the `--enable-chrome-browser-cloud-management` command line flag to enable it if you are not using the official Google Chrome build.
[233:233:1002/031033.837217:ERROR:ui/gl/angle_platform_impl.cc:42] vk_renderer.cpp:187 (VerifyExtensionsPresent): Extension not supported: VK_EXT_headless_surface
ERR: vk_renderer.cpp:187 (VerifyExtensionsPresent): Extension not supported: VK_EXT_headless_surface
[233:233:1002/031033.849149:ERROR:ui/gl/angle_platform_impl.cc:42] vk_renderer.cpp:187 (VerifyExtensionsPresent): Extension not supported: VK_KHR_surface
ERR: vk_renderer.cpp:187 (VerifyExtensionsPresent): Extension not supported: VK_KHR_surface
[233:233:1002/031033.868406:ERROR:ui/gl/angle_platform_impl.cc:42] Display.cpp:1093 (initialize): ANGLE Display::initialize error 0: Internal Vulkan error (-7): A requested extension is not supported, in ../../third_party/angle/src/libANGLE/renderer/vulkan/vk_renderer.cpp, enableInstanceExtensions:2252.
ERR: Display.cpp:1093 (initialize): ANGLE Display::initialize error 0: Internal Vulkan error (-7): A requested extension is not supported, in ../../third_party/angle/src/libANGLE/renderer/vulkan/vk_renderer.cpp, enableInstanceExtensions:2252.
[233:233:1002/031033.881355:ERROR:ui/gl/egl_util.cc:92] EGL Driver message (Critical) eglInitialize: Internal Vulkan error (-7): A requested extension is not supported, in ../../third_party/angle/src/libANGLE/renderer/vulkan/vk_renderer.cpp, enableInstanceExtensions:2252.
[233:233:1002/031033.887363:ERROR:ui/gl/gl_display.cc:639] eglInitialize SwANGLE failed with error EGL_NOT_INITIALIZED
[233:233:1002/031033.892025:ERROR:ui/gl/gl_display.cc:674] Initialization of all EGL display types failed.
[233:233:1002/031033.897134:ERROR:ui/ozone/common/gl_ozone_egl.cc:26] GLDisplayEGL::Initialize failed.
[233:233:1002/031034.048371:ERROR:ui/gl/angle_platform_impl.cc:42] vk_renderer.cpp:187 (VerifyExtensionsPresent): Extension not supported: VK_EXT_headless_surface
ERR: vk_renderer.cpp:187 (VerifyExtensionsPresent): Extension not supported: VK_EXT_headless_surface
[233:233:1002/031034.054542:ERROR:ui/gl/angle_platform_impl.cc:42] vk_renderer.cpp:187 (VerifyExtensionsPresent): Extension not supported: VK_KHR_surface
ERR: vk_renderer.cpp:187 (VerifyExtensionsPresent): Extension not supported: VK_KHR_surface
[233:233:1002/031034.064017:ERROR:ui/gl/angle_platform_impl.cc:42] Display.cpp:1093 (initialize): ANGLE Display::initialize error 0: Internal Vulkan error (-7): A requested extension is not supported, in ../../third_party/angle/src/libANGLE/renderer/vulkan/vk_renderer.cpp, enableInstanceExtensions:2252.
ERR: Display.cpp:1093 (initialize): ANGLE Display::initialize error 0: Internal Vulkan error (-7): A requested extension is not supported, in ../../third_party/angle/src/libANGLE/renderer/vulkan/vk_renderer.cpp, enableInstanceExtensions:2252.
[233:233:1002/031034.071251:ERROR:ui/gl/egl_util.cc:92] EGL Driver message (Critical) eglInitialize: Internal Vulkan error (-7): A requested extension is not supported, in ../../third_party/angle/src/libANGLE/renderer/vulkan/vk_renderer.cpp, enableInstanceExtensions:2252.
[233:233:1002/031034.077620:ERROR:ui/gl/gl_display.cc:639] eglInitialize SwANGLE failed with error EGL_NOT_INITIALIZED
[233:233:1002/031034.086158:ERROR:ui/gl/gl_display.cc:674] Initialization of all EGL display types failed.
[233:233:1002/031034.096623:ERROR:ui/ozone/common/gl_ozone_egl.cc:26] GLDisplayEGL::Initialize failed.
[233:233:1002/031034.107947:VERBOSE1:gpu/ipc/service/gpu_init.cc:510] gl::init::InitializeGLNoExtensionsOneOff failed
[233:233:1002/031034.703919:VERBOSE1:components/viz/service/main/viz_main_impl.cc:86] VizNullHypothesis is disabled (not a warning)
[233:233:1002/031034.900615:ERROR:components/viz/service/main/viz_main_impl.cc:189] Exiting GPU process due to errors during initialization
[52:52:1002/031037.944857:VERBOSE1:chrome/browser/signin/account_consistency_mode_manager.cc:207] Desktop Identity Consistency disabled as sign-in to Chrome is not allowed
[52:52:1002/031038.126099:VERBOSE1:components/device_event_log/device_event_log_impl.cc:200] [03:10:38.116] Bluetooth: EVENT: bluetooth_api.cc:82 BluetoothAPI: 0x2c004be0c0
[52:52:1002/031038.178221:VERBOSE2:components/content_settings/core/browser/content_settings_policy_provider.cc:452] Skipping unset preference: profile.managed_automatic_fullscreen_allowed_for_urls
[52:52:1002/031038.179112:VERBOSE2:components/content_settings/core/browser/content_settings_policy_provider.cc:452] Skipping unset preference: profile.managed_automatic_fullscreen_blocked_for_urls
[52:52:1002/031038.179430:VERBOSE2:components/content_settings/core/browser/content_settings_policy_provider.cc:452] Skipping unset preference: profile.managed_cookies_allowed_for_urls
[52:52:1002/031038.179654:VERBOSE2:components/content_settings/core/browser/content_settings_policy_provider.cc:452] Skipping unset preference: profile.managed_cookies_blocked_for_urls
[52:52:1002/031038.179871:VERBOSE2:components/content_settings/core/browser/content_settings_policy_provider.cc:452] Skipping unset preference: profile.managed_cookies_sessiononly_for_urls
[52:52:1002/031038.180054:VERBOSE2:components/content_settings/core/browser/content_settings_policy_provider.cc:452] Skipping unset preference: profile.managed_access_to_get_all_screens_media_in_session_allowed_for_urls
[52:52:1002/031038.180232:VERBOSE2:components/content_settings/core/browser/content_settings_policy_provider.cc:452] Skipping unset preference: profile.managed_images_allowed_for_urls
[52:52:1002/031038.180401:VERBOSE2:components/content_settings/core/browser/content_settings_policy_provider.cc:452] Skipping unset preference: profile.managed_images_blocked_for_urls
[52:52:1002/031038.180571:VERBOSE2:components/content_settings/core/browser/content_settings_policy_provider.cc:452] Skipping unset preference: profile.managed_insecure_content_allowed_for_urls
[52:52:1002/031038.180739:VERBOSE2:components/content_settings/core/browser/content_settings_policy_provider.cc:452] Skipping unset preference: profile.managed_insecure_content_blocked_for_urls
[52:52:1002/031038.180938:VERBOSE2:components/content_settings/core/browser/content_settings_policy_provider.cc:452] Skipping unset preference: profile.managed_javascript_allowed_for_urls
[52:52:1002/031038.184855:VERBOSE2:components/content_settings/core/browser/content_settings_policy_provider.cc:452] Skipping unset preference: profile.managed_javascript_blocked_for_urls
[52:52:1002/031038.185411:VERBOSE2:components/content_settings/core/browser/content_settings_policy_provider.cc:452] Skipping unset preference: profile.managed_clipboard_allowed_for_urls
[52:52:1002/031038.185721:VERBOSE2:components/content_settings/core/browser/content_settings_policy_provider.cc:452] Skipping unset preference: profile.managed_clipboard_blocked_for_urls
[52:52:1002/031038.186142:VERBOSE2:components/content_settings/core/browser/content_settings_policy_provider.cc:452] Skipping unset preference: profile.managed_notifications_allowed_for_urls
[52:52:1002/031038.186581:VERBOSE2:components/content_settings/core/browser/content_settings_policy_provider.cc:452] Skipping unset preference: profile.managed_notifications_blocked_for_urls
[52:52:1002/031038.187228:VERBOSE2:components/content_settings/core/browser/content_settings_policy_provider.cc:452] Skipping unset preference: profile.managed_popups_allowed_for_urls
[52:52:1002/031038.187747:VERBOSE2:components/content_settings/core/browser/content_settings_policy_provider.cc:452] Skipping unset preference: profile.managed_popups_blocked_for_urls
[52:52:1002/031038.188150:VERBOSE2:components/content_settings/core/browser/content_settings_policy_provider.cc:452] Skipping unset preference: profile.managed_web_usb_ask_for_urls
[52:52:1002/031038.188533:VERBOSE2:components/content_settings/core/browser/content_settings_policy_provider.cc:452] Skipping unset preference: profile.managed_web_usb_blocked_for_urls
[52:52:1002/031038.188941:VERBOSE2:components/content_settings/core/browser/content_settings_policy_provider.cc:452] Skipping unset preference: profile.managed_file_system_read_ask_for_urls
[52:52:1002/031038.189379:VERBOSE2:components/content_settings/core/browser/content_settings_policy_provider.cc:452] Skipping unset preference: profile.managed_file_system_read_blocked_for_urls
[52:52:1002/031038.189774:VERBOSE2:components/content_settings/core/browser/content_settings_policy_provider.cc:452] Skipping unset preference: profile.managed_file_system_write_ask_for_urls
[52:52:1002/031038.190161:VERBOSE2:components/content_settings/core/browser/content_settings_policy_provider.cc:452] Skipping unset preference: profile.managed_file_system_write_blocked_for_urls
[52:52:1002/031038.190564:VERBOSE2:components/content_settings/core/browser/content_settings_policy_provider.cc:452] Skipping unset preference: profile.managed_legacy_cookie_access_allowed_for_domains
[52:52:1002/031038.190950:VERBOSE2:components/content_settings/core/browser/content_settings_policy_provider.cc:452] Skipping unset preference: profile.managed_default_content_settings.legacy_cookie_scope
[52:52:1002/031038.191239:VERBOSE2:components/content_settings/core/browser/content_settings_policy_provider.cc:452] Skipping unset preference: profile.managed_legacy_cookie_scope_for_domains
[52:52:1002/031038.191633:VERBOSE2:components/content_settings/core/browser/content_settings_policy_provider.cc:452] Skipping unset preference: profile.managed_serial_ask_for_urls
[52:52:1002/031038.191955:VERBOSE2:components/content_settings/core/browser/content_settings_policy_provider.cc:452] Skipping unset preference: profile.managed_serial_blocked_for_urls
[52:52:1002/031038.192263:VERBOSE2:components/content_settings/core/browser/content_settings_policy_provider.cc:452] Skipping unset preference: profile.managed_sensors_allowed_for_urls
[52:52:1002/031038.192689:VERBOSE2:components/content_settings/core/browser/content_settings_policy_provider.cc:452] Skipping unset preference: profile.managed_sensors_blocked_for_urls
[52:52:1002/031038.193289:VERBOSE2:components/content_settings/core/browser/content_settings_policy_provider.cc:452] Skipping unset preference: profile.managed_javascript_jit_allowed_for_sites
[52:52:1002/031038.193987:VERBOSE2:components/content_settings/core/browser/content_settings_policy_provider.cc:452] Skipping unset preference: profile.managed_javascript_jit_blocked_for_sites
[52:52:1002/031038.194617:VERBOSE2:components/content_settings/core/browser/content_settings_policy_provider.cc:452] Skipping unset preference: profile.managed_javascript_optimizer_allowed_for_sites
[52:52:1002/031038.195576:VERBOSE2:components/content_settings/core/browser/content_settings_policy_provider.cc:452] Skipping unset preference: profile.managed_javascript_optimizer_blocked_for_sites
[52:52:1002/031038.195954:VERBOSE2:components/content_settings/core/browser/content_settings_policy_provider.cc:452] Skipping unset preference: profile.managed_web_hid_ask_for_urls
[52:52:1002/031038.196595:VERBOSE2:components/content_settings/core/browser/content_settings_policy_provider.cc:452] Skipping unset preference: profile.managed_web_hid_blocked_for_urls
[52:52:1002/031038.196980:VERBOSE2:components/content_settings/core/browser/content_settings_policy_provider.cc:452] Skipping unset preference: profile.managed_window_management_allowed_for_urls
[52:52:1002/031038.198193:VERBOSE2:components/content_settings/core/browser/content_settings_policy_provider.cc:452] Skipping unset preference: profile.managed_window_management_blocked_for_urls
[52:52:1002/031038.198509:VERBOSE2:components/content_settings/core/browser/content_settings_policy_provider.cc:452] Skipping unset preference: profile.managed_local_fonts_allowed_for_urls
[52:52:1002/031038.198800:VERBOSE2:components/content_settings/core/browser/content_settings_policy_provider.cc:452] Skipping unset preference: profile.managed_local_fonts_blocked_for_urls
[52:52:1002/031038.199302:VERBOSE2:components/content_settings/core/browser/content_settings_policy_provider.cc:452] Skipping unset preference: profile.managed_third_party_storage_partitioning_blocked_for_origins
[52:52:1002/031038.199794:VERBOSE2:components/content_settings/core/browser/content_settings_policy_provider.cc:452] Skipping unset preference: profile.managed_web_printing_allowed_for_urls
[52:52:1002/031038.200240:VERBOSE2:components/content_settings/core/browser/content_settings_policy_provider.cc:452] Skipping unset preference: profile.managed_web_printing_blocked_for_urls
[52:52:1002/031038.200622:VERBOSE2:components/content_settings/core/browser/content_settings_policy_provider.cc:452] Skipping unset preference: profile.managed_direct_sockets_allowed_for_urls
[52:52:1002/031038.201017:VERBOSE2:components/content_settings/core/browser/content_settings_policy_provider.cc:452] Skipping unset preference: profile.managed_direct_sockets_blocked_for_urls
[52:52:1002/031038.201585:VERBOSE2:components/content_settings/core/browser/content_settings_policy_provider.cc:452] Skipping unset preference: profile.managed_direct_sockets_pna_allowed_for_urls
[52:52:1002/031038.201940:VERBOSE2:components/content_settings/core/browser/content_settings_policy_provider.cc:452] Skipping unset preference: profile.managed_direct_sockets_pna_blocked_for_urls
[52:52:1002/031038.202206:VERBOSE2:components/content_settings/core/browser/content_settings_policy_provider.cc:452] Skipping unset preference: profile.managed_controlled_frame_allowed_for_urls
[52:52:1002/031038.202419:VERBOSE2:components/content_settings/core/browser/content_settings_policy_provider.cc:452] Skipping unset preference: profile.managed_controlled_frame_blocked_for_urls
[52:52:1002/031038.202636:VERBOSE2:components/content_settings/core/browser/content_settings_policy_provider.cc:452] Skipping unset preference: profile.managed_local_network_access_allowed_for_urls
[52:52:1002/031038.202887:VERBOSE2:components/content_settings/core/browser/content_settings_policy_provider.cc:452] Skipping unset preference: profile.managed_local_network_access_blocked_for_urls
[52:52:1002/031038.203397:VERBOSE2:components/content_settings/core/browser/content_settings_policy_provider.cc:530] Skipping unset preference: profile.managed_auto_select_certificate_for_urls
[52:180:1002/031038.747362:VERBOSE1:base/files/file_util_posix.cc:317] Cannot stat "/root/mp-chromium-profile/Default/Web Applications/Logs/WebAppInstallManager.log": No such file or directory (2)
[52:183:1002/031039.559592:ERROR:dbus/bus.cc:408] Failed to connect to the bus: Could not parse server address: Unknown address type (examples of valid types are "tcp" and on UNIX "unix")
[52:52:1002/031040.586142:VERBOSE1:components/proxy_config/pref_proxy_config_tracker_impl.cc:199] 0x2c0018ed00: set chrome proxy config service to 0x2c00082800
[52:52:1002/031040.789880:VERBOSE1:chrome/browser/signin/account_consistency_mode_manager.cc:207] Desktop Identity Consistency disabled as sign-in to Chrome is not allowed
[52:52:1002/031041.204781:VERBOSE1:components/signin/internal/identity_manager/mutable_profile_oauth2_token_service_delegate.cc:318] MutablePO2TS::MutablePO2TS
[52:180:1002/031042.724139:VERBOSE1:net/disk_cache/simple/simple_index_file.cc:607] Simple Cache Index is being restored from disk.
[52:180:1002/031042.734410:VERBOSE1:base/files/file_util_posix.cc:317] Cannot stat "/root/mp-chromium-profile/Default/Code Cache/wasm/index-dir/the-real-index": No such file or directory (2)
[52:181:1002/031042.739241:VERBOSE1:net/disk_cache/simple/simple_index_file.cc:607] Simple Cache Index is being restored from disk.
[52:181:1002/031042.747572:VERBOSE1:base/files/file_util_posix.cc:317] Cannot stat "/root/mp-chromium-profile/Default/Code Cache/js/index-dir/the-real-index": No such file or directory (2)
[52:52:1002/031042.873030:VERBOSE1:components/proxy_config/pref_proxy_config_tracker_impl.cc:199] 0x2c00190200: set chrome proxy config service to 0x2c00084d60
[52:52:1002/031043.891071:VERBOSE1:chrome/browser/signin/account_consistency_mode_manager.cc:207] Desktop Identity Consistency disabled as sign-in to Chrome is not allowed
[52:52:1002/031044.249634:VERBOSE1:extensions/browser/api/bluetooth_low_energy/bluetooth_low_energy_event_router.cc:291] Initializing BluetoothLowEnergyEventRouter.
[52:52:1002/031044.602615:VERBOSE1:chrome/browser/permissions/prediction_service/prediction_model_handler_provider_factory.cc:58] [PermissionsAI]: PredictionModelHandlerProviderFactory::BuildServiceInstanceForBrowserContext
[52:52:1002/031044.603284:VERBOSE1:chrome/browser/permissions/prediction_service/prediction_model_handler_provider_factory.cc:66] [PermissionsAI]: OptimizationGuideKeyedService not available.
[52:52:1002/031046.008570:VERBOSE1:extensions/browser/extension_registrar.cc:521] AddComponentExtension Web Store
[52:52:1002/031046.010685:VERBOSE1:extensions/browser/extension_registrar.cc:523] Component extension Web Store (ahfgeienlihckogmohjhadlkjgocpleb) installing/upgrading from '' to 0.2
[52:52:1002/031046.501506:VERBOSE1:extensions/browser/extension_registrar.cc:521] AddComponentExtension Chromium PDF Viewer
[52:52:1002/031046.502352:VERBOSE1:extensions/browser/extension_registrar.cc:523] Component extension Chromium PDF Viewer (mhjfbmdgcfjbbpaeojofohoefgiehjai) installing/upgrading from '' to 1
[52:52:1002/031046.611345:VERBOSE1:extensions/browser/extension_registrar.cc:521] AddComponentExtension Google Hangouts
[52:52:1002/031046.611922:VERBOSE1:extensions/browser/extension_registrar.cc:523] Component extension Google Hangouts (nkeimhogjdpnpccoofpliimaahmaaome) installing/upgrading from '' to 1.3.26
[52:52:1002/031046.703545:VERBOSE1:components/signin/internal/identity_manager/mutable_profile_oauth2_token_service_delegate.cc:408] MutablePO2TS::RefreshTokenIsAvailable
[52:52:1002/031046.718639:VERBOSE1:components/signin/internal/identity_manager/mutable_profile_oauth2_token_service_delegate.cc:408] MutablePO2TS::RefreshTokenIsAvailable
[52:52:1002/031046.740009:VERBOSE1:chrome/browser/signin/account_consistency_mode_manager.cc:207] Desktop Identity Consistency disabled as sign-in to Chrome is not allowed
[52:52:1002/031046.743658:VERBOSE1:components/signin/core/browser/account_reconcilor.cc:165] AccountReconcilor::AccountReconcilor
[52:52:1002/031046.744385:VERBOSE1:components/signin/core/browser/account_reconcilor.cc:203] AccountReconcilor::Initialize
[52:180:1002/031046.896436:VERBOSE1:base/files/file_util_posix.cc:317] Cannot stat "/root/mp-chromium-profile/Default/Policy/User Policy": No such file or directory (2)
[52:180:1002/031046.899315:VERBOSE1:base/files/file_util_posix.cc:317] Cannot stat "/root/mp-chromium-profile/Default/Policy/Signing Key": No such file or directory (2)
[52:52:1002/031047.187095:VERBOSE1:chrome/browser/profiles/profile_manager.cc:1277] AddKeepAlive(Default, kBrowserWindow). keep_alives=[kWaitingForFirstBrowserWindow (1), kBrowserWindow (1)]
[52:52:1002/031047.188335:VERBOSE1:chrome/browser/profiles/profile_manager.cc:1359] ClearFirstBrowserWindowKeepAlive(Default). keep_alives=[kBrowserWindow (1)]
[52:207:1002/031047.674750:VERBOSE1:chrome/browser/shutdown_signal_handlers_posix.cc:131] Handling shutdown for signal 15.
[52:183:1002/031049.083435:ERROR:dbus/bus.cc:408] Failed to connect to the bus: Could not parse server address: Unknown address type (examples of valid types are "tcp" and on UNIX "unix")
[52:183:1002/031049.088760:ERROR:dbus/bus.cc:408] Failed to connect to the bus: Could not parse server address: Unknown address type (examples of valid types are "tcp" and on UNIX "unix")
[52:52:1002/031049.446986:WARNING:ui/ozone/platform/wayland/host/wayland_surface.cc:170] Server doesn't support zcr_alpha_compositing_v1.
[52:52:1002/031049.447327:WARNING:ui/ozone/platform/wayland/host/wayland_surface.cc:185] Server doesn't support overlay_prioritizer.
[52:52:1002/031049.447569:WARNING:ui/ozone/platform/wayland/host/wayland_surface.cc:200] Server doesn't support wp_content_type_v1
[52:52:1002/031049.447810:WARNING:ui/ozone/platform/wayland/host/wayland_surface.cc:214] Server doesn't support wp_color_management_surface_v1.
[52:52:1002/031049.694803:WARNING:ui/ozone/platform/wayland/host/wayland_connection.cc:408] text-input-v3 not available.
[52:52:1002/031050.343312:VERBOSE1:chrome/browser/signin/account_consistency_mode_manager.cc:207] Desktop Identity Consistency disabled as sign-in to Chrome is not allowed
[52:52:1002/031052.716575:VERBOSE1:google_apis/gaia/gaia_auth_util.cc:54] Canonicalized @gmail.com to @gmail.com
[52:52:1002/031052.717500:VERBOSE1:google_apis/gaia/gaia_auth_util.cc:54] Canonicalized @gmail.com to @gmail.com
[235:235:1002/031101.713003:INFO:content/child/child_thread_impl.cc:909] ChildThreadImpl::EnsureConnected()
[140:140:0100/000000.638773:ERROR:content/zygote/zygote_linux.cc:633] Zygote could not fork: process_type renderer numfds 6 child_pid -1
[140:140:0100/000000.644168:ERROR:content/zygote/zygote_linux.cc:665] write: Broken pipe (32)
