Date: 2026-10-02 UTC
[03:09:46.533] weston 14.0.2
               https://wayland.freedesktop.org
               Bug reports to: https://gitlab.freedesktop.org/wayland/weston/issues/
               Build: 14.0.2
[03:09:46.538] Command line: weston --backend=drm-backend.so --renderer=pixman --drm-device=card0 --seat=seat0 --idle-time=0 --debug --log=/root/mp-weston.log
[03:09:46.539] OS: Linux, 10.0.0, 10.0.0, aarch64
[03:09:46.539] Flight recorder: enabled
[03:09:46.554] Starting with no config file.
[03:09:46.586] Output repaint window is 7 ms maximum.
[03:09:46.595] Loading module '/usr/lib/libweston-14/drm-backend.so'
[03:09:46.711] initializing drm backend
[03:09:46.716] Trying libseat launcher...
[03:09:46.735] [libseat/libseat.c:62] Seat opened with backend 'seatd'
[03:09:46.736] [libseat/backend/seatd.c:212] Enabling seat
[03:09:46.737] libseat: session control granted
[03:09:46.764] using /dev/dri/card0
[03:09:46.768] DRM: does not support atomic modesetting
[03:09:46.769] DRM: supports GBM modifiers
[03:09:46.769] DRM: does not support Atomic async page flip
[03:09:46.769] DRM: supports picture aspect ratio
[03:09:46.775] Using Pixman renderer
[03:09:47.027] event0  - QEMU Virtio Keyboard: is tagged by udev as: Keyboard
[03:09:47.033] event0  - QEMU Virtio Keyboard: device is a keyboard
[03:09:47.067] event1  - QEMU Virtio Mouse: is tagged by udev as: Mouse
[03:09:47.068] event1  - QEMU Virtio Mouse: device is a pointer
[03:09:47.541] libinput: configuring device "QEMU Virtio Keyboard".
[03:09:47.545] libinput: configuring device "QEMU Virtio Mouse".
[03:09:47.566] DRM: head 'Virtual-1' found, connector 48 is connected, EDID make 'unknown', model 'unknown', serial ''
               Supported EOTF modes: SDR
               Supported colorimetry modes: default
[03:09:47.573] Registered plugin API 'weston_drm_output_api_v1' of size 40
[03:09:47.574] Registered plugin API 'weston_drm_virtual_output_api_v2' of size 48
[03:09:47.581] Color manager: no-op
                 protocol support: no
[03:09:47.611] Output 'Virtual-1' attempts EOTF mode SDR and colorimetry mode default.
[03:09:47.611] Output 'Virtual-1' using color profile: stock sRGB color profile
[03:09:47.650] DRM: output Virtual-1 uses shadow framebuffer.
[03:09:47.651] Output Virtual-1 (crtc 16) video modes:
               current@60.0, current, 70.6 MHz
[03:09:47.654] associating input device event0 with output Virtual-1 (none by udev)
[03:09:47.655] associating input device event1 with output Virtual-1 (none by udev)
[03:09:47.657] Output 'Virtual-1' enabled with head(s) Virtual-1
[03:09:47.658] Compositor capabilities:
               arbitrary surface rotation: yes
               screen capture uses y-flip: no
               cursor planes: yes
               arbitrary resolutions: no
               view mask clipping: yes
               explicit sync: no
               color operations: no
               presentation clock: CLOCK_MONOTONIC, id 1
               presentation clock resolution: 0.000001000 s
[03:09:47.671] Loading module '/usr/lib/weston/desktop-shell.so'
[03:09:47.713] launching '/usr/libexec/weston-keyboard'
[03:09:47.759] launching '/usr/libexec/weston-desktop-shell'
