[full]   SNAP[t0] 匹配进程数=1
Tue Sep 22 04:16:48 UTC 2026 [t0] pid=188 thr=1 st=R type=(browser/none)
[188:188:0922/041652.559102:VERBOSE1:chrome/app/chrome_crash_reporter_client.cc:199] GetCollectStatsConsent(): is_official_chrome_build is false so returning false
[188:188:0922/041655.962943:VERBOSE1:chrome/app/chrome_crash_reporter_client.cc:199] GetCollectStatsConsent(): is_official_chrome_build is false so returning false
[188:188:0922/041656.056286:ERROR:ui/ozone/platform/wayland/common/drm_render_node_path_finder.cc:45] drmGetDevices2() has not found any devices: No such file or directory (2)
[full]   SNAP[t5] 匹配进程数=3
Tue Sep 22 04:16:59 UTC 2026 [t5] pid=188 thr=2 st=S type=(browser/none)
Tue Sep 22 04:17:00 UTC 2026 [t5] pid=220 thr=2 st=S type=crashpad-handler
Tue Sep 22 04:17:02 UTC 2026 [t5] pid=222 thr=1 st=S type=crashpad-handler
[225:225:0922/041706.103079:INFO:third_party/webrtc/rtc_base/cpu_info.cc:77] Available number of cores: 4
[227:227:0922/041706.111466:INFO:third_party/webrtc/rtc_base/cpu_info.cc:77] Available number of cores: 4
[227:227:0922/041706.209794:VERBOSE1:content/zygote/zygote_main_linux.cc:202] ZygoteMain: initializing 0 fork delegates
[225:225:0922/041706.230776:VERBOSE1:content/zygote/zygote_main_linux.cc:202] ZygoteMain: initializing 0 fork delegates
[full]   SNAP[t10] 匹配进程数=3
Tue Sep 22 04:17:12 UTC 2026 [t10] pid=188 thr=2 st=S type=(browser/none)
Tue Sep 22 04:17:15 UTC 2026 [t10] pid=220 thr=2 st=S type=crashpad-handler
Tue Sep 22 04:17:17 UTC 2026 [t10] pid=222 thr=1 st=S type=crashpad-handler
[188:188:0922/041717.868168:VERBOSE1:components/policy/core/common/config_dir_policy_loader.cc:120] Skipping mandatory platform policies because no policy file was found at: /etc/chromium/policies/managed
[188:188:0922/041717.870276:VERBOSE1:components/policy/core/common/config_dir_policy_loader.cc:120] Skipping recommended platform policies because no policy file was found at: /etc/chromium/policies/recommended
[188:188:0922/041718.316701:VERBOSE1:components/variations/service/variations_field_trial_creator.cc:77] VariationsSeedUsage:2
[188:188:0922/041718.352528:VERBOSE1:components/variations/service/variations_field_trial_creator.cc:374] VariationsSetupComplete
[188:310:0922/041718.649460:VERBOSE1:base/files/file_util_posix.cc:309] Cannot stat "/tmp/chromium-baseline/VariationsSeedV2": No such file or directory (2)
[188:310:0922/041718.660672:VERBOSE1:base/files/file_util_posix.cc:309] Cannot stat "/tmp/chromium-baseline/VariationsSeedV2": No such file or directory (2)
[188:311:0922/041718.660840:ERROR:base/files/file_path_watcher_inotify.cc:338] inotify_init() failed: Function not implemented (38)
[188:312:0922/041718.763160:ERROR:dbus/bus.cc:405] Failed to connect to the bus: Failed to connect to socket /run/dbus/system_bus_socket: No such file or directory
[188:188:0922/041719.082710:WARNING:ui/ozone/platform/wayland/ozone_platform_wayland.cc:278] Failed to initialize drm render node handle.
[188:188:0922/041719.136354:WARNING:ui/ozone/platform/wayland/common/wayland_object.cc:119] Binding to wl_shm version 1 but version 2 is available.
[188:188:0922/041719.145294:WARNING:ui/ozone/platform/wayland/host/wayland_connection.cc:273] No wl_seat object. The functionality may suffer.
[188:188:0922/041721.726800:ERROR:content/browser/browser_main_loop.cc:274] Gdk: gdk_seat_get_keyboard: assertion 'GDK_IS_SEAT (seat)' failed
[188:188:0922/041725.588970:VERBOSE1:chrome/browser/media/webrtc/webrtc_event_log_manager.cc:126] WebRTC remote-bound event logging enabled.
[188:188:0922/041725.790577:VERBOSE1:components/proxy_config/pref_proxy_config_tracker_impl.cc:462] 0x1c00079380: set chrome proxy config service to 0x1c00181500
[188:188:0922/041725.821685:VERBOSE1:google_apis/api_key_cache.cc:120] Using default value "497550622367-ubtkmd3b2pp5gulba5n6ha6sq4n35ehj.apps.googleusercontent.com" for API key GOOGLE_CLIENT_ID_MAIN
[188:188:0922/041725.822528:VERBOSE1:google_apis/api_key_cache.cc:120] Using default value "NaCX8tIIAphrjs56n3TpHx_e" for API key GOOGLE_CLIENT_SECRET_MAIN
[188:188:0922/041725.823194:VERBOSE1:google_apis/api_key_cache.cc:120] Using default value "497550622367-ubtkmd3b2pp5gulba5n6ha6sq4n35ehj.apps.googleusercontent.com" for API key GOOGLE_CLIENT_ID_REMOTING
[188:188:0922/041725.823501:VERBOSE1:google_apis/api_key_cache.cc:120] Using default value "NaCX8tIIAphrjs56n3TpHx_e" for API key GOOGLE_CLIENT_SECRET_REMOTING
[188:188:0922/041725.823780:VERBOSE1:google_apis/api_key_cache.cc:120] Using default value "497550622367-ubtkmd3b2pp5gulba5n6ha6sq4n35ehj.apps.googleusercontent.com" for API key GOOGLE_CLIENT_ID_REMOTING_HOST
[188:188:0922/041725.824269:VERBOSE1:google_apis/api_key_cache.cc:120] Using default value "NaCX8tIIAphrjs56n3TpHx_e" for API key GOOGLE_CLIENT_SECRET_REMOTING_HOST
[188:188:0922/041725.980777:VERBOSE1:components/device_event_log/device_event_log_impl.cc:203] [04:17:25.980] Display: EVENT: wayland_screen.cc:146 Displays updated, count: 1
[188:188:0922/041727.079684:VERBOSE1:components/device_event_log/device_event_log_impl.cc:203] [04:17:27.079] Display: EVENT: wayland_screen.cc:149 Display[14] bounds=[0,0 1280x800], workarea=[0,0 1280x800], scale=1, rotation=0, panel_rotation=0 external detected
[188:312:0922/041727.408262:ERROR:dbus/bus.cc:405] Failed to connect to the bus: Could not parse server address: Unknown address type (examples of valid types are "tcp" and on UNIX "unix")
[188:312:0922/041727.613933:ERROR:dbus/bus.cc:405] Failed to connect to the bus: Failed to connect to socket /run/dbus/system_bus_socket: No such file or directory
[188:312:0922/041727.641708:ERROR:dbus/bus.cc:405] Failed to connect to the bus: Failed to connect to socket /run/dbus/system_bus_socket: No such file or directory
[188:312:0922/041727.642671:ERROR:dbus/bus.cc:405] Failed to connect to the bus: Could not parse server address: Unknown address type (examples of valid types are "tcp" and on UNIX "unix")
[188:313:0922/041727.652872:VERBOSE1:base/files/file_util_posix.cc:309] Cannot stat "/tmp/chromium-baseline/component_crx_cache/metadata.json": No such file or directory (2)
[188:354:0922/041728.218971:WARNING:ui/ozone/platform/wayland/ozone_platform_wayland.cc:331] Failed to find drm render node path.
[188:354:0922/041728.221086:WARNING:ui/ozone/platform/wayland/gpu/wayland_buffer_manager_gpu.cc:456] Failed to initialize drm render node handle.
[188:354:0922/041729.000574:WARNING:media/gpu/vaapi/vaapi_wrapper.cc:1643] drmGetDevices2() has not found any devices
[188:354:0922/041729.034769:VERBOSE1:media/gpu/vaapi/vaapi_wrapper.cc:1710] GetHandle(): Either VADisplayStateSingleton::PreSandboxInitialization() hasn't been called or that method failed to find a suitable render node
[188:312:0922/041729.072769:ERROR:dbus/bus.cc:405] Failed to connect to the bus: Could not parse server address: Unknown address type (examples of valid types are "tcp" and on UNIX "unix")
[188:310:0922/041729.127189:VERBOSE1:base/files/file_util_posix.cc:309] Cannot stat "/tmp/chromium-baseline/Consent To Send Stats": No such file or directory (2)
[188:354:0922/041729.199696:VERBOSE1:components/viz/service/main/viz_main_impl.cc:87] VizNullHypothesis is disabled (not a warning)
[full]   SNAP[t15] 匹配进程数=3
Tue Sep 22 04:17:25 UTC 2026 [t15] pid=188 thr=15 st=R type=(browser/none)
Tue Sep 22 04:17:27 UTC 2026 [t15] pid=220 thr=2 st=S type=crashpad-handler
Tue Sep 22 04:17:29 UTC 2026 [t15] pid=222 thr=1 st=S type=crashpad-handler
[188:188:0922/041730.680414:VERBOSE1:components/enterprise/browser/controller/chrome_browser_cloud_management_controller.cc:204] Cloud management controller initialization aborted as CBCM is not enabled. Please use the `--enable-chrome-browser-cloud-management` command line flag to enable it if you are not using the official Google Chrome build.
[188:188:0922/041731.660125:VERBOSE1:components/policy/core/common/cloud/user_cloud_policy_store.cc:130] [policy_type=google/chrome/user] Initiating immediate policy load from disk
[188:188:0922/041731.666373:VERBOSE1:components/policy/core/common/cloud/user_cloud_policy_store.cc:233] [policy_type=google/chrome/user] No policy found on disk
[188:188:0922/041731.667762:VERBOSE1:components/policy/core/common/cloud/user_cloud_policy_store.cc:130] [policy_type=google/extension-install-cloud-policy/chrome/user] Initiating immediate policy load from disk
[188:188:0922/041731.669805:VERBOSE1:components/policy/core/common/cloud/user_cloud_policy_store.cc:233] [policy_type=google/extension-install-cloud-policy/chrome/user] No policy found on disk
[188:310:0922/041732.652377:VERBOSE1:base/files/file_util_posix.cc:309] Cannot stat "/tmp/chromium-baseline/Default/Web Applications/Logs": No such file or directory (2)
[188:312:0922/041732.797904:ERROR:dbus/bus.cc:405] Failed to connect to the bus: Could not parse server address: Unknown address type (examples of valid types are "tcp" and on UNIX "unix")
[188:188:0922/041733.079205:VERBOSE1:components/proxy_config/pref_proxy_config_tracker_impl.cc:462] 0x1c0007cac0: set chrome proxy config service to 0x1c00183f00
[188:188:0922/041733.172748:VERBOSE1:components/signin/internal/identity_manager/mutable_profile_oauth2_token_service_delegate.cc:353] MutablePO2TS::MutablePO2TS
[188:188:0922/041733.560798:VERBOSE1:components/proxy_config/pref_proxy_config_tracker_impl.cc:462] 0x1c0007d7c0: set chrome proxy config service to 0x1c001839c0
[188:347:0922/041733.575660:VERBOSE1:base/files/file_util_posix.cc:309] Cannot stat "/tmp/chromium-baseline/Default/Code Cache/pc": No such file or directory (2)
[188:310:0922/041733.668221:VERBOSE1:net/disk_cache/simple/simple_index_file.cc:625] Simple Cache Index is being restored from disk.
[188:310:0922/041733.675025:VERBOSE1:base/files/file_util_posix.cc:309] Cannot stat "/tmp/chromium-baseline/Default/Code Cache/wasm/index-dir/the-real-index": No such file or directory (2)
[188:310:0922/041733.693557:VERBOSE1:net/disk_cache/simple/simple_index_file.cc:625] Simple Cache Index is being restored from disk.
[188:310:0922/041733.697832:VERBOSE1:base/files/file_util_posix.cc:309] Cannot stat "/tmp/chromium-baseline/Default/Code Cache/js/index-dir/the-real-index": No such file or directory (2)
[188:188:0922/041733.774424:VERBOSE1:chrome/browser/permissions/prediction_service/prediction_model_handler_provider_factory.cc:61] [PermissionsAI]: PredictionModelHandlerProviderFactory::BuildServiceInstanceForBrowserContext
[188:188:0922/041733.780580:VERBOSE1:chrome/browser/permissions/prediction_service/prediction_model_handler_provider_factory.cc:70] [PermissionsAI]: OptimizationGuideGlobalStateHolderKeyedService not available.
[188:188:0922/041734.141583:VERBOSE1:components/signin/internal/identity_manager/mutable_profile_oauth2_token_service_delegate.cc:443] MutablePO2TS::RefreshTokenIsAvailable
[188:188:0922/041734.749007:VERBOSE1:components/signin/internal/identity_manager/mutable_profile_oauth2_token_service_delegate.cc:443] MutablePO2TS::RefreshTokenIsAvailable
[188:188:0922/041735.218110:VERBOSE1:extensions/browser/extension_registrar.cc:547] AddComponentExtension Web Store
[188:188:0922/041735.218553:VERBOSE1:extensions/browser/extension_registrar.cc:549] Component extension Web Store (ahfgeienlihckogmohjhadlkjgocpleb) installing/upgrading from '' to 0.2
[188:188:0922/041735.379601:VERBOSE1:extensions/browser/extension_registrar.cc:547] AddComponentExtension Chromium PDF Viewer
[188:188:0922/041735.380089:VERBOSE1:extensions/browser/extension_registrar.cc:549] Component extension Chromium PDF Viewer (mhjfbmdgcfjbbpaeojofohoefgiehjai) installing/upgrading from '' to 1
[188:188:0922/041735.400999:VERBOSE1:extensions/browser/extension_registrar.cc:547] AddComponentExtension Google Hangouts
[188:188:0922/041735.401404:VERBOSE1:extensions/browser/extension_registrar.cc:549] Component extension Google Hangouts (nkeimhogjdpnpccoofpliimaahmaaome) installing/upgrading from '' to 1.3.26
[188:188:0922/041735.444054:VERBOSE1:components/signin/internal/identity_manager/mutable_profile_oauth2_token_service_delegate.cc:443] MutablePO2TS::RefreshTokenIsAvailable
[188:188:0922/041735.445319:VERBOSE1:components/signin/internal/identity_manager/mutable_profile_oauth2_token_service_delegate.cc:443] MutablePO2TS::RefreshTokenIsAvailable
[188:188:0922/041735.460198:VERBOSE1:components/signin/core/browser/account_reconcilor.cc:150] AccountReconcilor::AccountReconcilor
[188:188:0922/041735.461771:VERBOSE1:components/signin/core/browser/account_reconcilor.cc:180] AccountReconcilor::Initialize
[188:188:0922/041735.462721:VERBOSE1:components/signin/core/browser/account_reconcilor.cc:231] AccountReconcilor::RegisterWithContentSettings
[188:188:0922/041735.463449:VERBOSE1:components/signin/core/browser/account_reconcilor.cc:254] AccountReconcilor::RegisterWithIdentityManager
[188:312:0922/041735.611024:ERROR:dbus/bus.cc:405] Failed to connect to the bus: Could not parse server address: Unknown address type (examples of valid types are "tcp" and on UNIX "unix")
[188:311:0922/041735.662635:VERBOSE1:base/files/file_util_posix.cc:309] Cannot stat "/tmp/chromium-baseline/Default/Policy/User Policy": No such file or directory (2)
[188:311:0922/041735.673077:VERBOSE1:base/files/file_util_posix.cc:309] Cannot stat "/tmp/chromium-baseline/Default/Policy/Signing Key": No such file or directory (2)
[188:311:0922/041735.681273:VERBOSE1:base/files/file_util_posix.cc:309] Cannot stat "/tmp/chromium-baseline/Default/Policy/User Extension Install Policy": No such file or directory (2)
[188:311:0922/041735.688332:VERBOSE1:base/files/file_util_posix.cc:309] Cannot stat "/tmp/chromium-baseline/Default/Policy/User Extension Install Signing Key": No such file or directory (2)
[188:188:0922/041735.786401:VERBOSE1:chrome/browser/profiles/profile_manager.cc:1408] AddKeepAlive(Default, kBrowserWindow). keep_alives=[kWaitingForFirstBrowserWindow (1), kBrowserWindow (1)]
[188:188:0922/041735.788401:VERBOSE1:chrome/browser/profiles/profile_manager.cc:1490] ClearFirstBrowserWindowKeepAlive(Default). keep_alives=[kBrowserWindow (1)]

(chromium:188): GLib-GIO-CRITICAL **: 04:17:35.998: g_settings_schema_source_lookup: assertion 'source != NULL' failed
[188:188:0922/041738.575917:WARNING:ui/ozone/platform/wayland/host/wayland_surface.cc:170] Server doesn't support zcr_alpha_compositing_v1.
[188:188:0922/041738.576389:WARNING:ui/ozone/platform/wayland/host/wayland_surface.cc:185] Server doesn't support overlay_prioritizer.
[188:188:0922/041738.576740:WARNING:ui/ozone/platform/wayland/host/wayland_surface.cc:200] Server doesn't support wp_content_type_v1
[188:188:0922/041738.577552:WARNING:ui/ozone/platform/wayland/host/wayland_surface.cc:214] Server doesn't support wp_color_management_surface_v1.
[188:188:0922/041738.908499:WARNING:ui/ozone/platform/wayland/host/wayland_connection.cc:408] text-input-v3 not available.
[188:188:0922/041742.207193:VERBOSE1:chrome/browser/ui/views/omnibox/omnibox_popup_closer.cc:65] Closing omnibox popup with reason: kRevertAll
[188:188:0922/041743.779826:VERBOSE1:google_apis/gaia/gaia_auth_util.cc:53] Canonicalized @gmail.com to @gmail.com
[188:188:0922/041743.780750:VERBOSE1:google_apis/gaia/gaia_auth_util.cc:53] Canonicalized @gmail.com to @gmail.com
[full]   SNAP[t20] 匹配进程数=4
Tue Sep 22 04:17:38 UTC 2026 [t20] pid=188 thr=28 st=R type=(browser/none)
Tue Sep 22 04:17:40 UTC 2026 [t20] pid=220 thr=2 st=S type=crashpad-handler
Tue Sep 22 04:17:42 UTC 2026 [t20] pid=222 thr=1 st=S type=crashpad-handler
Tue Sep 22 04:17:43 UTC 2026 [t20] pid=367 thr=7 st=S type=utility
[188:188:0922/041745.249949:VERBOSE1:chrome/browser/enterprise/data_protection/data_protection_navigation_observer.cc:227] enterprise.data_protection: same document navigation: 0
[188:188:0922/041745.250977:VERBOSE1:chrome/browser/enterprise/data_protection/data_protection_navigation_observer.cc:229] enterprise.data_protection: URL to scan: file:///usr/share/html-test/index.html
[188:188:0922/041745.419198:VERBOSE1:components/signin/internal/identity_manager/mutable_profile_oauth2_token_service_delegate.cc:443] MutablePO2TS::RefreshTokenIsAvailable
[188:188:0922/041745.763426:VERBOSE1:chrome/browser/ui/views/omnibox/omnibox_popup_closer.cc:65] Closing omnibox popup with reason: kRevertAll
[188:188:0922/041745.951424:VERBOSE1:components/signin/internal/identity_manager/mutable_profile_oauth2_token_service_delegate.cc:443] MutablePO2TS::RefreshTokenIsAvailable
[188:188:0922/041746.904501:ERROR:dbus/object_proxy.cc:572] Failed to call method: org.freedesktop.DBus.NameHasOwner: object_path= /org/freedesktop/DBus: unknown error type: 
[188:312:0922/041746.907228:ERROR:dbus/bus.cc:405] Failed to connect to the bus: Could not parse server address: Unknown address type (examples of valid types are "tcp" and on UNIX "unix")
[188:188:0922/041746.909900:WARNING:device/bluetooth/dbus/bluez_dbus_manager.cc:209] Floss manager service not available, cannot set Floss enable/disable.
[188:188:0922/041746.911877:ERROR:dbus/object_proxy.cc:572] Failed to call method: org.freedesktop.DBus.NameHasOwner: object_path= /org/freedesktop/DBus: unknown error type: 
[188:188:0922/041746.912319:VERBOSE1:ui/base/idle/idle_linux.cc:130] org.freedesktop.ScreenSaver D-Bus service does not exist
[188:312:0922/041746.914931:ERROR:dbus/bus.cc:405] Failed to connect to the bus: Could not parse server address: Unknown address type (examples of valid types are "tcp" and on UNIX "unix")
[188:188:0922/041746.925740:ERROR:dbus/object_proxy.cc:572] Failed to call method: org.freedesktop.DBus.NameHasOwner: object_path= /org/freedesktop/DBus: unknown error type: 
[188:188:0922/041747.140910:ERROR:dbus/object_proxy.cc:572] Failed to call method: org.freedesktop.DBus.NameHasOwner: object_path= /org/freedesktop/DBus: unknown error type: 
[367:400:0922/041747.445089:VERBOSE1:net/base/network_delegate.cc:38] NetworkDelegate::NotifyBeforeURLRequest: http://clients2.google.com/time/1/current?cup2key=10:RC740xD9kDmt7j2pXGVobq0H7UH-RswIVFzpoatIfgc&cup2hreq=e3b0c44298fc1c149afbf4c8996fb92427ae41e4649b934ca495991b7852b855
[188:188:0922/041747.843288:VERBOSE1:components/signin/internal/identity_manager/mutable_profile_oauth2_token_service_delegate.cc:443] MutablePO2TS::RefreshTokenIsAvailable
[188:188:0922/041747.915360:ERROR:dbus/object_proxy.cc:572] Failed to call method: org.freedesktop.DBus.NameHasOwner: object_path= /org/freedesktop/DBus: unknown error type: 
[188:188:0922/041747.916350:WARNING:ui/ozone/platform/wayland/host/org_gnome_mutter_idle_monitor.cc:87] org.gnome.Mutter.IdleMonitor D-Bus service does not exist
[367:433:0922/041748.027870:VERBOSE1:net/disk_cache/simple/simple_index_file.cc:625] Simple Cache Index is being restored from disk.
[367:433:0922/041748.047149:VERBOSE1:base/files/file_util_posix.cc:309] Cannot stat "/tmp/chromium-baseline/Default/Shared Dictionary/cache/index-dir/the-real-index": No such file or directory (2)
[367:400:0922/041748.171915:ERROR:net/socket/tcp_socket_posix.cc:93] Failed to set TCP_KEEPIDLE on fd: 27: Protocol not available (92)
[367:400:0922/041748.343391:ERROR:net/socket/tcp_socket_posix.cc:93] Failed to set TCP_KEEPIDLE on fd: 29: Protocol not available (92)
[188:310:0922/041748.383370:VERBOSE1:content/browser/loader/file_url_loader_factory.cc:474] FileURLLoader::Start: file:///usr/share/html-test/index.html
[367:400:0922/041748.441932:VERBOSE1:net/base/network_delegate.cc:38] NetworkDelegate::NotifyBeforeURLRequest: https://www.google.com/async/folae?async=_fmt:pb&udm=50&client_locale=en-US
[188:312:0922/041748.532509:ERROR:dbus/bus.cc:405] Failed to connect to the bus: Failed to connect to socket /run/dbus/system_bus_socket: No such file or directory
[188:312:0922/041748.544366:ERROR:dbus/bus.cc:405] Failed to connect to the bus: Failed to connect to socket /run/dbus/system_bus_socket: No such file or directory
[188:188:0922/041748.625905:ERROR:dbus/object_proxy.cc:572] Failed to call method: org.freedesktop.DBus.NameHasOwner: object_path= /org/freedesktop/DBus: unknown error type: 
[188:188:0922/041748.648368:ERROR:dbus/object_proxy.cc:572] Failed to call method: org.freedesktop.DBus.NameHasOwner: object_path= /org/freedesktop/DBus: unknown error type: 
[188:188:0922/041748.648764:VERBOSE1:ui/base/idle/idle_linux.cc:130] org.cinnamon.ScreenSaver D-Bus service does not exist
[188:312:0922/041748.653133:ERROR:dbus/bus.cc:405] Failed to connect to the bus: Could not parse server address: Unknown address type (examples of valid types are "tcp" and on UNIX "unix")
[188:188:0922/041749.219548:WARNING:dbus/property.cc:94] Failed to connect to PropertiesChangedsignal.
[188:188:0922/041749.221804:ERROR:dbus/object_proxy.cc:572] Failed to call method: org.freedesktop.DBus.Properties.GetAll: object_path= /org/freedesktop/UPower/devices/DisplayDevice: unknown error type: 
[188:188:0922/041749.222289:WARNING:dbus/property.cc:174] GetAll request failed for: org.freedesktop.UPower.Device
[367:399:0922/041749.331110:VERBOSE1:net/disk_cache/simple/simple_index_file.cc:625] Simple Cache Index is being restored from disk.
[367:399:0922/041749.333945:VERBOSE1:base/files/file_util_posix.cc:309] Cannot stat "/tmp/chromium-baseline/Default/Cache/Cache_Data/index-dir/the-real-index": No such file or directory (2)
[367:399:0922/041749.395261:VERBOSE1:base/files/file_util_posix.cc:309] Cannot stat "/tmp/chromium-baseline/Default/Cache/Cache_Data/cfc3e0bad1972083_0": No such file or directory (2)
[367:399:0922/041749.397842:VERBOSE1:base/files/file_util_posix.cc:309] Cannot stat "/tmp/chromium-baseline/Default/Cache/Cache_Data/cfc3e0bad1972083_1": No such file or directory (2)
[367:399:0922/041749.400618:VERBOSE1:base/files/file_util_posix.cc:309] Cannot stat "/tmp/chromium-baseline/Default/Cache/Cache_Data/cfc3e0bad1972083_s": No such file or directory (2)
[367:405:0922/041749.411312:VERBOSE1:base/files/file_util_posix.cc:309] Cannot stat "/tmp/chromium-baseline/Default/Cache/No_Vary_Search/snapshot-new.baf": No such file or directory (2)
[367:405:0922/041749.436132:VERBOSE1:base/files/file_util_posix.cc:309] Cannot stat "/tmp/chromium-baseline/Default/Cache/No_Vary_Search/journal.baj": No such file or directory (2)
[188:310:0922/041749.496235:VERBOSE1:components/signin/public/webdata/token_service_table.cc:259] Loaded tokens: result = 3 ; number of tokens loaded = 0
[367:400:0922/041749.528009:ERROR:net/socket/tcp_socket_posix.cc:93] Failed to set TCP_KEEPIDLE on fd: 33: Protocol not available (92)
[188:188:0922/041749.588547:VERBOSE1:components/signin/internal/identity_manager/mutable_profile_oauth2_token_service_delegate.cc:443] MutablePO2TS::RefreshTokenIsAvailable
[188:188:0922/041749.720284:ERROR:dbus/object_proxy.cc:572] Failed to call method: org.freedesktop.DBus.NameHasOwner: object_path= /org/freedesktop/DBus: unknown error type: 
[188:188:0922/041749.720621:VERBOSE1:ui/base/idle/idle_linux.cc:130] org.gnome.ScreenSaver D-Bus service does not exist
[188:312:0922/041749.722632:ERROR:dbus/bus.cc:405] Failed to connect to the bus: Could not parse server address: Unknown address type (examples of valid types are "tcp" and on UNIX "unix")
[367:400:0922/041749.752364:ERROR:net/socket/tcp_socket_posix.cc:93] Failed to set TCP_KEEPIDLE on fd: 33: Protocol not available (92)
[188:310:0922/041749.788111:VERBOSE1:base/files/file_util_posix.cc:309] Cannot stat "/tmp/chromium-baseline/Default/Web Applications/Logs": No such file or directory (2)
[188:188:0922/041749.791721:VERBOSE1:chrome/browser/web_applications/locks/partitioned_lock_manager.cc:262] Acquiring <PartitionedLockId>{id: 0x31, partition: 0} for Start@chrome/browser/web_applications/generated_icon_fix_manager.cc:61
[188:188:0922/041749.796838:VERBOSE1:chrome/browser/web_applications/locks/partitioned_lock_manager.cc:243] All locks acquired for Start@chrome/browser/web_applications/generated_icon_fix_manager.cc:61
[188:188:0922/041750.187014:VERBOSE1:components/signin/internal/identity_manager/mutable_profile_oauth2_token_service_delegate.cc:599] MutablePO2TS::OnWebDataServiceRequestDone. Result type: 5
[188:188:0922/041750.187900:VERBOSE1:components/signin/internal/identity_manager/mutable_profile_oauth2_token_service_delegate.cc:661] MutablePO2TS::LoadAllCredentialsIntoMemory; 0 credential(s).
[188:188:0922/041750.196474:VERBOSE1:components/signin/core/browser/account_reconcilor.cc:339] AccountReconcilor::OnEndBatchOfRefreshTokenStateChanges. Reconcilor state: 1
[188:188:0922/041750.335699:ERROR:dbus/object_proxy.cc:572] Failed to call method: org.freedesktop.DBus.NameHasOwner: object_path= /org/freedesktop/DBus: unknown error type: 
[188:188:0922/041750.336347:VERBOSE1:ui/base/idle/idle_linux.cc:130] org.mate.ScreenSaver D-Bus service does not exist
[188:312:0922/041750.339236:ERROR:dbus/bus.cc:405] Failed to connect to the bus: Could not parse server address: Unknown address type (examples of valid types are "tcp" and on UNIX "unix")
[188:188:0922/041750.389695:VERBOSE1:chrome/browser/web_applications/locks/partitioned_lock_manager.cc:286] Releasing <PartitionedLockId>{id: 0x31, partition: 0} requested by Start@chrome/browser/web_applications/generated_icon_fix_manager.cc:61
[188:188:0922/041750.725294:ERROR:dbus/object_proxy.cc:572] Failed to call method: org.freedesktop.DBus.NameHasOwner: object_path= /org/freedesktop/DBus: unknown error type: 
[188:188:0922/041750.729334:VERBOSE1:ui/base/idle/idle_linux.cc:130] org.xfce.ScreenSaver D-Bus service does not exist
[188:188:0922/041750.729898:WARNING:ui/base/idle/idle_linux.cc:111] None of the known D-Bus ScreenSaver services could be used.
[367:400:0922/041751.053947:ERROR:net/socket/tcp_socket_posix.cc:93] Failed to set TCP_KEEPIDLE on fd: 27: Protocol not available (92)
[188:188:0922/041752.237127:VERBOSE1:extensions/browser/extension_registrar.cc:547] AddComponentExtension Google Hangouts
[full]   SNAP[t25] 匹配进程数=4
Tue Sep 22 04:17:53 UTC 2026 [t25] pid=188 thr=30 st=R type=(browser/none)
Tue Sep 22 04:17:55 UTC 2026 [t25] pid=220 thr=2 st=S type=crashpad-handler
Tue Sep 22 04:17:57 UTC 2026 [t25] pid=222 thr=1 st=S type=crashpad-handler
Tue Sep 22 04:17:59 UTC 2026 [t25] pid=367 thr=8 st=S type=utility
[full]   SNAP[t30] 匹配进程数=4
Tue Sep 22 04:18:09 UTC 2026 [t30] pid=188 thr=30 st=R type=(browser/none)
Tue Sep 22 04:18:11 UTC 2026 [t30] pid=220 thr=2 st=S type=crashpad-handler
Tue Sep 22 04:18:13 UTC 2026 [t30] pid=222 thr=1 st=S type=crashpad-handler
Tue Sep 22 04:18:15 UTC 2026 [t30] pid=367 thr=8 st=S type=utility
