Date: 2026-09-23 UTC
[05:16:15.266] weston 14.0.2
               https://wayland.freedesktop.org
               Bug reports to: https://gitlab.freedesktop.org/wayland/weston/issues/
               Build: 14.0.2
[05:16:15.270] Command line: weston --backend=drm-backend.so --renderer=pixman --drm-device=card0 --seat=seat0 --idle-time=0 --debug --log=/root/input11-weston.log
[05:16:15.271] OS: Linux, 10.0.0, 10.0.0, aarch64
[05:16:15.271] Flight recorder: enabled
[05:16:15.283] Starting with no config file.
[05:16:15.310] Output repaint window is 7 ms maximum.
[05:16:15.318] Loading module '/usr/lib/libweston-14/drm-backend.so'
[05:16:15.418] initializing drm backend
[05:16:15.422] Trying libseat launcher...
[05:16:15.438] [libseat/libseat.c:62] Seat opened with backend 'seatd'
[05:16:15.439] [libseat/backend/seatd.c:212] Enabling seat
[05:16:15.439] libseat: session control granted
[05:16:15.458] using /dev/dri/card0
[05:16:15.461] DRM: does not support atomic modesetting
[05:16:15.461] DRM: supports GBM modifiers
[05:16:15.461] DRM: does not support Atomic async page flip
[05:16:15.461] DRM: supports picture aspect ratio
[05:16:15.466] Using Pixman renderer
[05:16:15.669] event0  - failed to create input device '/dev/input/event0'
[05:16:15.678] event1  - failed to create input device '/dev/input/event1'
[05:16:15.681] warning: no input devices on entering Weston. Possible causes:
	- no permissions to read /dev/input/event*
	- seats misconfigured (Weston backend option 'seat', udev device property ID_SEAT)
[05:16:15.682] failed to create input devices
[05:16:15.688] fatal: failed to create compositor backend
