[full]   SNAP[t0] 匹配进程数=1
Tue Sep 22 07:08:30 UTC 2026 [t0] pid=180 thr=1 st=R type=(browser/none)
[180:180:0922/070833.650202:VERBOSE1:chrome/app/chrome_crash_reporter_client.cc:199] GetCollectStatsConsent(): is_official_chrome_build is false so returning false
[180:180:0922/070836.972513:VERBOSE1:chrome/app/chrome_crash_reporter_client.cc:199] GetCollectStatsConsent(): is_official_chrome_build is false so returning false
[180:180:0922/070837.057183:ERROR:ui/ozone/platform/wayland/common/drm_render_node_path_finder.cc:45] drmGetDevices2() has not found any devices: No such file or directory (2)
[full]   SNAP[t5] 匹配进程数=3
Tue Sep 22 07:08:40 UTC 2026 [t5] pid=180 thr=2 st=S type=(browser/none)
Tue Sep 22 07:08:42 UTC 2026 [t5] pid=211 thr=2 st=S type=crashpad-handler
Tue Sep 22 07:08:44 UTC 2026 [t5] pid=213 thr=1 st=S type=crashpad-handler
[219:219:0922/070847.108277:INFO:third_party/webrtc/rtc_base/cpu_info.cc:77] Available number of cores: 4
[219:219:0922/070847.222396:VERBOSE1:content/zygote/zygote_main_linux.cc:202] ZygoteMain: initializing 0 fork delegates
[217:217:0922/070847.858176:INFO:third_party/webrtc/rtc_base/cpu_info.cc:77] Available number of cores: 4
[217:217:0922/070847.983772:VERBOSE1:content/zygote/zygote_main_linux.cc:202] ZygoteMain: initializing 0 fork delegates
[full]   SNAP[t10] 匹配进程数=3
Tue Sep 22 07:08:54 UTC 2026 [t10] pid=180 thr=2 st=S type=(browser/none)
Tue Sep 22 07:08:56 UTC 2026 [t10] pid=211 thr=2 st=S type=crashpad-handler
Tue Sep 22 07:08:58 UTC 2026 [t10] pid=213 thr=1 st=S type=crashpad-handler
[180:180:0922/070859.468662:VERBOSE1:components/policy/core/common/config_dir_policy_loader.cc:120] Skipping mandatory platform policies because no policy file was found at: /etc/chromium/policies/managed
[180:180:0922/070859.470311:VERBOSE1:components/policy/core/common/config_dir_policy_loader.cc:120] Skipping recommended platform policies because no policy file was found at: /etc/chromium/policies/recommended
[180:180:0922/070859.916444:VERBOSE1:components/variations/service/variations_field_trial_creator.cc:77] VariationsSeedUsage:2
[180:180:0922/070859.933682:VERBOSE1:components/variations/service/variations_field_trial_creator.cc:374] VariationsSetupComplete
[180:301:0922/070900.179301:ERROR:base/files/file_path_watcher_inotify.cc:338] inotify_init() failed: Function not implemented (38)
[180:302:0922/070900.193925:VERBOSE1:base/files/file_util_posix.cc:309] Cannot stat "/tmp/chromium-baseline/VariationsSeedV2": No such file or directory (2)
[180:302:0922/070900.207877:VERBOSE1:base/files/file_util_posix.cc:309] Cannot stat "/tmp/chromium-baseline/VariationsSeedV2": No such file or directory (2)
[180:304:0922/070900.290020:ERROR:dbus/bus.cc:405] Failed to connect to the bus: Failed to connect to socket /run/dbus/system_bus_socket: No such file or directory
[180:180:0922/070900.601682:WARNING:ui/ozone/platform/wayland/ozone_platform_wayland.cc:278] Failed to initialize drm render node handle.
[180:180:0922/070900.661140:WARNING:ui/ozone/platform/wayland/common/wayland_object.cc:119] Binding to wl_shm version 1 but version 2 is available.
[180:180:0922/070900.673368:WARNING:ui/ozone/platform/wayland/host/wayland_connection.cc:273] No wl_seat object. The functionality may suffer.
[180:180:0922/070903.128609:ERROR:content/browser/browser_main_loop.cc:274] Gdk: gdk_seat_get_keyboard: assertion 'GDK_IS_SEAT (seat)' failed
[180:180:0922/070907.122800:VERBOSE1:chrome/browser/media/webrtc/webrtc_event_log_manager.cc:126] WebRTC remote-bound event logging enabled.
[180:180:0922/070907.337306:VERBOSE1:components/proxy_config/pref_proxy_config_tracker_impl.cc:462] 0x3c0008d380: set chrome proxy config service to 0x3c00181500
[180:180:0922/070907.395310:VERBOSE1:google_apis/api_key_cache.cc:120] Using default value "497550622367-ubtkmd3b2pp5gulba5n6ha6sq4n35ehj.apps.googleusercontent.com" for API key GOOGLE_CLIENT_ID_MAIN
[180:180:0922/070907.396384:VERBOSE1:google_apis/api_key_cache.cc:120] Using default value "NaCX8tIIAphrjs56n3TpHx_e" for API key GOOGLE_CLIENT_SECRET_MAIN
[180:180:0922/070907.398583:VERBOSE1:google_apis/api_key_cache.cc:120] Using default value "497550622367-ubtkmd3b2pp5gulba5n6ha6sq4n35ehj.apps.googleusercontent.com" for API key GOOGLE_CLIENT_ID_REMOTING
[180:180:0922/070907.399005:VERBOSE1:google_apis/api_key_cache.cc:120] Using default value "NaCX8tIIAphrjs56n3TpHx_e" for API key GOOGLE_CLIENT_SECRET_REMOTING
[180:180:0922/070907.399353:VERBOSE1:google_apis/api_key_cache.cc:120] Using default value "497550622367-ubtkmd3b2pp5gulba5n6ha6sq4n35ehj.apps.googleusercontent.com" for API key GOOGLE_CLIENT_ID_REMOTING_HOST
[180:180:0922/070907.400096:VERBOSE1:google_apis/api_key_cache.cc:120] Using default value "NaCX8tIIAphrjs56n3TpHx_e" for API key GOOGLE_CLIENT_SECRET_REMOTING_HOST
[180:180:0922/070907.669551:VERBOSE1:components/device_event_log/device_event_log_impl.cc:203] [07:09:07.669] Display: EVENT: wayland_screen.cc:146 Displays updated, count: 1
[180:180:0922/070908.844724:VERBOSE1:components/device_event_log/device_event_log_impl.cc:203] [07:09:08.844] Display: EVENT: wayland_screen.cc:149 Display[14] bounds=[0,0 1280x800], workarea=[0,0 1280x800], scale=1, rotation=0, panel_rotation=0 external detected
[180:304:0922/070909.025739:ERROR:dbus/bus.cc:405] Failed to connect to the bus: Could not parse server address: Unknown address type (examples of valid types are "tcp" and on UNIX "unix")
[180:304:0922/070909.029375:ERROR:dbus/bus.cc:405] Failed to connect to the bus: Failed to connect to socket /run/dbus/system_bus_socket: No such file or directory
[180:304:0922/070909.033156:ERROR:dbus/bus.cc:405] Failed to connect to the bus: Failed to connect to socket /run/dbus/system_bus_socket: No such file or directory
[180:304:0922/070909.038126:ERROR:dbus/bus.cc:405] Failed to connect to the bus: Could not parse server address: Unknown address type (examples of valid types are "tcp" and on UNIX "unix")
[180:341:0922/070909.121915:VERBOSE1:base/files/file_util_posix.cc:309] Cannot stat "/tmp/chromium-baseline/component_crx_cache/metadata.json": No such file or directory (2)
[180:347:0922/070909.692984:WARNING:ui/ozone/platform/wayland/ozone_platform_wayland.cc:331] Failed to find drm render node path.
[180:347:0922/070909.700692:WARNING:ui/ozone/platform/wayland/gpu/wayland_buffer_manager_gpu.cc:456] Failed to initialize drm render node handle.
[180:347:0922/070909.770180:ERROR:ui/gl/init/gl_factory.cc:110] Requested GL implementation (gl=none,angle=none) not found in allowed implementations: [(gl=egl-angle,angle=opengl),(gl=egl-angle,angle=opengles),(gl=egl-angle,angle=vulkan)].
[180:347:0922/070909.772532:VERBOSE1:gpu/ipc/service/gpu_init.cc:1101] gl::init::InitializeGLNoExtensionsOneOff failed
[180:347:0922/070909.823448:WARNING:media/gpu/vaapi/vaapi_wrapper.cc:1643] drmGetDevices2() has not found any devices
[180:347:0922/070909.839306:VERBOSE1:media/gpu/vaapi/vaapi_wrapper.cc:1710] GetHandle(): Either VADisplayStateSingleton::PreSandboxInitialization() hasn't been called or that method failed to find a suitable render node
[180:347:0922/070909.952826:VERBOSE1:components/viz/service/main/viz_main_impl.cc:87] VizNullHypothesis is disabled (not a warning)
[180:304:0922/070910.384585:ERROR:dbus/bus.cc:405] Failed to connect to the bus: Could not parse server address: Unknown address type (examples of valid types are "tcp" and on UNIX "unix")
[180:302:0922/070910.401743:VERBOSE1:base/files/file_util_posix.cc:309] Cannot stat "/tmp/chromium-baseline/Consent To Send Stats": No such file or directory (2)
[full]   SNAP[t15] 匹配进程数=3
Tue Sep 22 07:09:06 UTC 2026 [t15] pid=180 thr=15 st=R type=(browser/none)
Tue Sep 22 07:09:08 UTC 2026 [t15] pid=211 thr=2 st=S type=crashpad-handler
Tue Sep 22 07:09:10 UTC 2026 [t15] pid=213 thr=1 st=S type=crashpad-handler
[180:180:0922/070911.791165:VERBOSE1:components/enterprise/browser/controller/chrome_browser_cloud_management_controller.cc:204] Cloud management controller initialization aborted as CBCM is not enabled. Please use the `--enable-chrome-browser-cloud-management` command line flag to enable it if you are not using the official Google Chrome build.
[180:180:0922/070912.442240:VERBOSE1:components/policy/core/common/cloud/user_cloud_policy_store.cc:130] [policy_type=google/chrome/user] Initiating immediate policy load from disk
[180:180:0922/070912.457694:VERBOSE1:components/policy/core/common/cloud/user_cloud_policy_store.cc:233] [policy_type=google/chrome/user] No policy found on disk
[180:180:0922/070912.458691:VERBOSE1:components/policy/core/common/cloud/user_cloud_policy_store.cc:130] [policy_type=google/extension-install-cloud-policy/chrome/user] Initiating immediate policy load from disk
[180:180:0922/070912.460174:VERBOSE1:components/policy/core/common/cloud/user_cloud_policy_store.cc:233] [policy_type=google/extension-install-cloud-policy/chrome/user] No policy found on disk
[180:301:0922/070913.636430:VERBOSE1:base/files/file_util_posix.cc:309] Cannot stat "/tmp/chromium-baseline/Default/Web Applications/Logs": No such file or directory (2)
[180:304:0922/070913.758676:ERROR:dbus/bus.cc:405] Failed to connect to the bus: Could not parse server address: Unknown address type (examples of valid types are "tcp" and on UNIX "unix")
[180:180:0922/070913.996488:VERBOSE1:components/proxy_config/pref_proxy_config_tracker_impl.cc:462] 0x3c00090ac0: set chrome proxy config service to 0x3c00183800
[180:180:0922/070914.103006:VERBOSE1:components/signin/internal/identity_manager/mutable_profile_oauth2_token_service_delegate.cc:353] MutablePO2TS::MutablePO2TS
[180:302:0922/070914.512033:VERBOSE1:base/files/file_util_posix.cc:309] Cannot stat "/tmp/chromium-baseline/Default/Code Cache/pc": No such file or directory (2)
[180:302:0922/070914.592916:VERBOSE1:net/disk_cache/simple/simple_index_file.cc:625] Simple Cache Index is being restored from disk.
[180:302:0922/070914.608340:VERBOSE1:base/files/file_util_posix.cc:309] Cannot stat "/tmp/chromium-baseline/Default/Code Cache/js/index-dir/the-real-index": No such file or directory (2)
[180:339:0922/070914.611544:VERBOSE1:net/disk_cache/simple/simple_index_file.cc:625] Simple Cache Index is being restored from disk.
[180:180:0922/070914.615647:VERBOSE1:components/proxy_config/pref_proxy_config_tracker_impl.cc:462] 0x3c000917c0: set chrome proxy config service to 0x3c001832c0
[180:339:0922/070914.619060:VERBOSE1:base/files/file_util_posix.cc:309] Cannot stat "/tmp/chromium-baseline/Default/Code Cache/wasm/index-dir/the-real-index": No such file or directory (2)
[180:180:0922/070914.743048:VERBOSE1:chrome/browser/permissions/prediction_service/prediction_model_handler_provider_factory.cc:61] [PermissionsAI]: PredictionModelHandlerProviderFactory::BuildServiceInstanceForBrowserContext
[180:180:0922/070914.744025:VERBOSE1:chrome/browser/permissions/prediction_service/prediction_model_handler_provider_factory.cc:70] [PermissionsAI]: OptimizationGuideGlobalStateHolderKeyedService not available.
[180:180:0922/070915.022052:VERBOSE1:components/signin/internal/identity_manager/mutable_profile_oauth2_token_service_delegate.cc:443] MutablePO2TS::RefreshTokenIsAvailable
[180:180:0922/070915.561458:VERBOSE1:components/signin/internal/identity_manager/mutable_profile_oauth2_token_service_delegate.cc:443] MutablePO2TS::RefreshTokenIsAvailable
[180:180:0922/070915.949331:VERBOSE1:extensions/browser/extension_registrar.cc:547] AddComponentExtension Web Store
[180:180:0922/070915.949819:VERBOSE1:extensions/browser/extension_registrar.cc:549] Component extension Web Store (ahfgeienlihckogmohjhadlkjgocpleb) installing/upgrading from '' to 0.2
[180:180:0922/070916.125130:VERBOSE1:extensions/browser/extension_registrar.cc:547] AddComponentExtension Chromium PDF Viewer
[180:180:0922/070916.125936:VERBOSE1:extensions/browser/extension_registrar.cc:549] Component extension Chromium PDF Viewer (mhjfbmdgcfjbbpaeojofohoefgiehjai) installing/upgrading from '' to 1
[180:180:0922/070916.155251:VERBOSE1:extensions/browser/extension_registrar.cc:547] AddComponentExtension Google Hangouts
[180:180:0922/070916.155724:VERBOSE1:extensions/browser/extension_registrar.cc:549] Component extension Google Hangouts (nkeimhogjdpnpccoofpliimaahmaaome) installing/upgrading from '' to 1.3.26
[180:180:0922/070916.189357:VERBOSE1:components/signin/internal/identity_manager/mutable_profile_oauth2_token_service_delegate.cc:443] MutablePO2TS::RefreshTokenIsAvailable
[180:180:0922/070916.190253:VERBOSE1:components/signin/internal/identity_manager/mutable_profile_oauth2_token_service_delegate.cc:443] MutablePO2TS::RefreshTokenIsAvailable
[180:180:0922/070916.200182:VERBOSE1:components/signin/core/browser/account_reconcilor.cc:150] AccountReconcilor::AccountReconcilor
[180:180:0922/070916.201020:VERBOSE1:components/signin/core/browser/account_reconcilor.cc:180] AccountReconcilor::Initialize
[180:180:0922/070916.201591:VERBOSE1:components/signin/core/browser/account_reconcilor.cc:231] AccountReconcilor::RegisterWithContentSettings
[180:180:0922/070916.201975:VERBOSE1:components/signin/core/browser/account_reconcilor.cc:254] AccountReconcilor::RegisterWithIdentityManager
[180:304:0922/070916.371939:ERROR:dbus/bus.cc:405] Failed to connect to the bus: Could not parse server address: Unknown address type (examples of valid types are "tcp" and on UNIX "unix")
[180:301:0922/070916.435221:VERBOSE1:base/files/file_util_posix.cc:309] Cannot stat "/tmp/chromium-baseline/Default/Policy/User Policy": No such file or directory (2)
[180:301:0922/070916.436696:VERBOSE1:base/files/file_util_posix.cc:309] Cannot stat "/tmp/chromium-baseline/Default/Policy/Signing Key": No such file or directory (2)
[180:301:0922/070916.438327:VERBOSE1:base/files/file_util_posix.cc:309] Cannot stat "/tmp/chromium-baseline/Default/Policy/User Extension Install Policy": No such file or directory (2)
[180:301:0922/070916.440154:VERBOSE1:base/files/file_util_posix.cc:309] Cannot stat "/tmp/chromium-baseline/Default/Policy/User Extension Install Signing Key": No such file or directory (2)
[180:180:0922/070916.591824:VERBOSE1:chrome/browser/profiles/profile_manager.cc:1408] AddKeepAlive(Default, kBrowserWindow). keep_alives=[kWaitingForFirstBrowserWindow (1), kBrowserWindow (1)]
[180:180:0922/070916.596213:VERBOSE1:chrome/browser/profiles/profile_manager.cc:1490] ClearFirstBrowserWindowKeepAlive(Default). keep_alives=[kBrowserWindow (1)]

(chromium:180): GLib-GIO-CRITICAL **: 07:09:16.976: g_settings_schema_source_lookup: assertion 'source != NULL' failed
[180:180:0922/070919.020433:WARNING:ui/ozone/platform/wayland/host/wayland_surface.cc:170] Server doesn't support zcr_alpha_compositing_v1.
[180:180:0922/070919.020999:WARNING:ui/ozone/platform/wayland/host/wayland_surface.cc:185] Server doesn't support overlay_prioritizer.
[180:180:0922/070919.021388:WARNING:ui/ozone/platform/wayland/host/wayland_surface.cc:200] Server doesn't support wp_content_type_v1
[180:180:0922/070919.022426:WARNING:ui/ozone/platform/wayland/host/wayland_surface.cc:214] Server doesn't support wp_color_management_surface_v1.
[180:180:0922/070919.206018:WARNING:ui/ozone/platform/wayland/host/wayland_connection.cc:408] text-input-v3 not available.
[180:180:0922/070922.946681:VERBOSE1:chrome/browser/ui/views/omnibox/omnibox_popup_closer.cc:65] Closing omnibox popup with reason: kRevertAll
[180:180:0922/070924.645850:VERBOSE1:google_apis/gaia/gaia_auth_util.cc:53] Canonicalized @gmail.com to @gmail.com
[180:180:0922/070924.646452:VERBOSE1:google_apis/gaia/gaia_auth_util.cc:53] Canonicalized @gmail.com to @gmail.com
[full]   SNAP[t20] 匹配进程数=4
Tue Sep 22 07:09:20 UTC 2026 [t20] pid=180 thr=28 st=R type=(browser/none)
Tue Sep 22 07:09:21 UTC 2026 [t20] pid=211 thr=2 st=S type=crashpad-handler
Tue Sep 22 07:09:23 UTC 2026 [t20] pid=213 thr=1 st=S type=crashpad-handler
Tue Sep 22 07:09:25 UTC 2026 [t20] pid=359 thr=7 st=S type=utility
[180:180:0922/070926.519428:VERBOSE1:chrome/browser/enterprise/data_protection/data_protection_navigation_observer.cc:227] enterprise.data_protection: same document navigation: 0
[180:180:0922/070926.520629:VERBOSE1:chrome/browser/enterprise/data_protection/data_protection_navigation_observer.cc:229] enterprise.data_protection: URL to scan: file:///usr/share/html-test/index.html
[180:180:0922/070926.691923:VERBOSE1:components/signin/internal/identity_manager/mutable_profile_oauth2_token_service_delegate.cc:443] MutablePO2TS::RefreshTokenIsAvailable
[180:180:0922/070927.033036:VERBOSE1:chrome/browser/ui/views/omnibox/omnibox_popup_closer.cc:65] Closing omnibox popup with reason: kRevertAll
[180:180:0922/070927.220375:VERBOSE1:components/signin/internal/identity_manager/mutable_profile_oauth2_token_service_delegate.cc:443] MutablePO2TS::RefreshTokenIsAvailable
[180:180:0922/070928.222392:ERROR:dbus/object_proxy.cc:572] Failed to call method: org.freedesktop.DBus.NameHasOwner: object_path= /org/freedesktop/DBus: unknown error type: 
[180:304:0922/070928.225124:ERROR:dbus/bus.cc:405] Failed to connect to the bus: Could not parse server address: Unknown address type (examples of valid types are "tcp" and on UNIX "unix")
[180:180:0922/070928.226144:WARNING:device/bluetooth/dbus/bluez_dbus_manager.cc:209] Floss manager service not available, cannot set Floss enable/disable.
[180:180:0922/070928.228089:ERROR:dbus/object_proxy.cc:572] Failed to call method: org.freedesktop.DBus.NameHasOwner: object_path= /org/freedesktop/DBus: unknown error type: 
[180:180:0922/070928.228549:VERBOSE1:ui/base/idle/idle_linux.cc:130] org.freedesktop.ScreenSaver D-Bus service does not exist
[180:304:0922/070928.230652:ERROR:dbus/bus.cc:405] Failed to connect to the bus: Could not parse server address: Unknown address type (examples of valid types are "tcp" and on UNIX "unix")
[180:180:0922/070928.247449:ERROR:dbus/object_proxy.cc:572] Failed to call method: org.freedesktop.DBus.NameHasOwner: object_path= /org/freedesktop/DBus: unknown error type: 
[180:180:0922/070928.488929:ERROR:dbus/object_proxy.cc:572] Failed to call method: org.freedesktop.DBus.NameHasOwner: object_path= /org/freedesktop/DBus: unknown error type: 
[359:391:0922/070928.855113:VERBOSE1:net/base/network_delegate.cc:38] NetworkDelegate::NotifyBeforeURLRequest: http://clients2.google.com/time/1/current?cup2key=10:BD0JF1UDu91CpBaNfIG3IPQFDIIcFVnqKX60R4PEsWA&cup2hreq=e3b0c44298fc1c149afbf4c8996fb92427ae41e4649b934ca495991b7852b855
[180:180:0922/070929.111439:VERBOSE1:components/signin/internal/identity_manager/mutable_profile_oauth2_token_service_delegate.cc:443] MutablePO2TS::RefreshTokenIsAvailable
[180:180:0922/070929.205630:ERROR:dbus/object_proxy.cc:572] Failed to call method: org.freedesktop.DBus.NameHasOwner: object_path= /org/freedesktop/DBus: unknown error type: 
[180:180:0922/070929.206472:WARNING:ui/ozone/platform/wayland/host/org_gnome_mutter_idle_monitor.cc:87] org.gnome.Mutter.IdleMonitor D-Bus service does not exist
[359:424:0922/070929.417412:VERBOSE1:net/disk_cache/simple/simple_index_file.cc:625] Simple Cache Index is being restored from disk.
[359:424:0922/070929.422038:VERBOSE1:base/files/file_util_posix.cc:309] Cannot stat "/tmp/chromium-baseline/Default/Shared Dictionary/cache/index-dir/the-real-index": No such file or directory (2)
[359:391:0922/070929.587164:ERROR:net/socket/tcp_socket_posix.cc:93] Failed to set TCP_KEEPIDLE on fd: 23: Protocol not available (92)
[180:301:0922/070929.648664:VERBOSE1:content/browser/loader/file_url_loader_factory.cc:474] FileURLLoader::Start: file:///usr/share/html-test/index.html
[180:304:0922/070929.745960:ERROR:dbus/bus.cc:405] Failed to connect to the bus: Failed to connect to socket /run/dbus/system_bus_socket: No such file or directory
[180:304:0922/070929.754383:ERROR:dbus/bus.cc:405] Failed to connect to the bus: Failed to connect to socket /run/dbus/system_bus_socket: No such file or directory
[359:391:0922/070929.757781:VERBOSE1:net/base/network_delegate.cc:38] NetworkDelegate::NotifyBeforeURLRequest: https://www.google.com/async/folae?async=_fmt:pb&udm=50&client_locale=en-US
[180:180:0922/070929.838599:ERROR:dbus/object_proxy.cc:572] Failed to call method: org.freedesktop.DBus.NameHasOwner: object_path= /org/freedesktop/DBus: unknown error type: 
[180:180:0922/070929.879232:ERROR:dbus/object_proxy.cc:572] Failed to call method: org.freedesktop.DBus.NameHasOwner: object_path= /org/freedesktop/DBus: unknown error type: 
[180:180:0922/070929.882253:VERBOSE1:ui/base/idle/idle_linux.cc:130] org.cinnamon.ScreenSaver D-Bus service does not exist
[180:304:0922/070929.895443:ERROR:dbus/bus.cc:405] Failed to connect to the bus: Could not parse server address: Unknown address type (examples of valid types are "tcp" and on UNIX "unix")
[0922/070930.171660:ERROR:third_party/crashpad/crashpad/util/linux/socket.cc:177] missing credentials
[359:359:0922/070936.660680:INFO:content/child/child_thread_impl.cc:908] Terminating current process after 15 seconds with no connection.
[full]   SNAP[t25] 匹配进程数=2
Tue Sep 22 07:09:34 UTC 2026 [t25] pid=180 thr=30 st=S type=(browser/none)
Tue Sep 22 07:09:37 UTC 2026 [t25] pid=213 thr=1 st=S type=crashpad-handler
[full]   SNAP[t30] 匹配进程数=1
Tue Sep 22 07:09:53 UTC 2026 [t30] pid=213 thr=1 st=S type=crashpad-handler
[full]   SNAP[t35] 匹配进程数=1
Tue Sep 22 07:10:12 UTC 2026 [t35] pid=213 thr=1 st=S type=crashpad-handler
[full]   SNAP[t40] 匹配进程数=1
Tue Sep 22 07:10:24 UTC 2026 [t40] pid=213 thr=1 st=S type=crashpad-handler
      6 type=(browser/none)
     12 type=crashpad-handler
      1 type=utility
--- cpuinfo ---
153:--- cpuinfo ---
154:153:--- cpuinfo ---
--- inotify ---
22:[180:301:0922/070900.179301:ERROR:base/files/file_path_watcher_inotify.cc:338] inotify_init() failed: Function not implemented (38)
156:--- inotify ---
157:22:[180:301:0922/070900.179301:ERROR:base/files/file_path_watcher_inotify.cc:338] inotify_init() failed: Function not implemented (38)
--- credentials ---
139:[0922/070930.171660:ERROR:third_party/crashpad/crashpad/util/linux/socket.cc:177] missing credentials
160:--- credentials ---
161:139:[0922/070930.171660:ERROR:third_party/crashpad/crashpad/util/linux/socket.cc:177] missing credentials
--- GL/GPU ---
47:[180:347:0922/070909.770180:ERROR:ui/gl/init/gl_factory.cc:110] Requested GL implementation (gl=none,angle=none) not found in allowed implementations: [(gl=egl-angle,angle=opengl),(gl=egl-angle,angle=opengles),(gl=egl-angle,angle=vulkan)].
48:[180:347:0922/070909.772532:VERBOSE1:gpu/ipc/service/gpu_init.cc:1101] gl::init::InitializeGLNoExtensionsOneOff failed
165:47:[180:347:0922/070909.770180:ERROR:ui/gl/init/gl_factory.cc:110] Requested GL implementation (gl=none,angle=none) not found in allowed implementations: [(gl=egl-angle,angle=opengl),(gl=egl-angle,angle=opengles),(gl=egl-angle,angle=vulkan)].
--- 进程/zygote ---
11:[219:219:0922/070847.222396:VERBOSE1:content/zygote/zygote_main_linux.cc:202] ZygoteMain: initializing 0 fork delegates
13:[217:217:0922/070847.983772:VERBOSE1:content/zygote/zygote_main_linux.cc:202] ZygoteMain: initializing 0 fork delegates
140:[359:359:0922/070936.660680:INFO:content/child/child_thread_impl.cc:908] Terminating current process after 15 seconds with no connection.
168:--- 进程/zygote ---
169:11:[219:219:0922/070847.222396:VERBOSE1:content/zygote/zygote_main_linux.cc:202] ZygoteMain: initializing 0 fork delegates
--- 导航 ---
111:[180:180:0922/070926.519428:VERBOSE1:chrome/browser/enterprise/data_protection/data_protection_navigation_observer.cc:227] enterprise.data_protection: same document navigation: 0
112:[180:180:0922/070926.520629:VERBOSE1:chrome/browser/enterprise/data_protection/data_protection_navigation_observer.cc:229] enterprise.data_protection: URL to scan: file:///usr/share/html-test/index.html
131:[180:301:0922/070929.648664:VERBOSE1:content/browser/loader/file_url_loader_factory.cc:474] FileURLLoader::Start: file:///usr/share/html-test/index.html
175:111:[180:180:0922/070926.519428:VERBOSE1:chrome/browser/enterprise/data_protection/data_protection_navigation_observer.cc:227] enterprise.data_protection: same document navigation: 0
--- ERROR/FATAL 计数 ---
33
1
--- FATAL 行 ---
179:--- ERROR/FATAL 计数 ---
182:--- FATAL 行 ---
183:179:--- ERROR/FATAL 计数 ---
