Date: 2026-09-28 UTC
[12:12:24.997] weston 14.0.2
               https://wayland.freedesktop.org
               Bug reports to: https://gitlab.freedesktop.org/wayland/weston/issues/
               Build: 14.0.2
[12:12:25.002] Command line: weston --backend=drm-backend.so --renderer=pixman --drm-device=card0 --seat=seat0 --idle-time=0 --debug --log=/root/mp-weston.log
[12:12:25.003] OS: Linux, 10.0.0, 10.0.0, aarch64
[12:12:25.003] Flight recorder: enabled
[12:12:25.017] Starting with no config file.
[12:12:25.044] Output repaint window is 7 ms maximum.
[12:12:25.053] Loading module '/usr/lib/libweston-14/drm-backend.so'
[12:12:25.153] initializing drm backend
[12:12:25.156] Trying libseat launcher...
[12:12:25.172] [libseat/libseat.c:62] Seat opened with backend 'seatd'
[12:12:25.173] [libseat/backend/seatd.c:212] Enabling seat
[12:12:25.173] libseat: session control granted
[12:12:25.197] using /dev/dri/card0
[12:12:25.199] DRM: does not support atomic modesetting
[12:12:25.200] DRM: supports GBM modifiers
[12:12:25.200] DRM: does not support Atomic async page flip
[12:12:25.200] DRM: supports picture aspect ratio
[12:12:25.205] Using Pixman renderer
[12:12:25.421] event0  - QEMU Virtio Keyboard: is tagged by udev as: Keyboard
[12:12:25.425] event0  - QEMU Virtio Keyboard: device is a keyboard
[12:12:25.451] event1  - QEMU Virtio Mouse: is tagged by udev as: Mouse
[12:12:25.452] event1  - QEMU Virtio Mouse: device is a pointer
[12:12:25.739] libinput: configuring device "QEMU Virtio Keyboard".
[12:12:25.742] libinput: configuring device "QEMU Virtio Mouse".
[12:12:25.756] DRM: head 'Virtual-1' found, connector 48 is connected, EDID make 'unknown', model 'unknown', serial ''
               Supported EOTF modes: SDR
               Supported colorimetry modes: default
[12:12:25.763] Registered plugin API 'weston_drm_output_api_v1' of size 40
[12:12:25.763] Registered plugin API 'weston_drm_virtual_output_api_v2' of size 48
[12:12:25.767] Color manager: no-op
                 protocol support: no
[12:12:25.792] Output 'Virtual-1' attempts EOTF mode SDR and colorimetry mode default.
[12:12:25.793] Output 'Virtual-1' using color profile: stock sRGB color profile
[12:12:25.849] DRM: output Virtual-1 uses shadow framebuffer.
[12:12:25.849] Output Virtual-1 (crtc 16) video modes:
               current@60.0, current, 70.6 MHz
[12:12:25.857] associating input device event0 with output Virtual-1 (none by udev)
[12:12:25.858] associating input device event1 with output Virtual-1 (none by udev)
[12:12:25.860] Output 'Virtual-1' enabled with head(s) Virtual-1
[12:12:25.861] Compositor capabilities:
               arbitrary surface rotation: yes
               screen capture uses y-flip: no
               cursor planes: yes
               arbitrary resolutions: no
               view mask clipping: yes
               explicit sync: no
               color operations: no
               presentation clock: CLOCK_MONOTONIC, id 1
               presentation clock resolution: 0.000001000 s
[12:12:25.883] Loading module '/usr/lib/weston/desktop-shell.so'
[12:12:25.930] launching '/usr/libexec/weston-keyboard'
[12:12:26.015] launching '/usr/libexec/weston-desktop-shell'
