Tue Sep 22 12:02:23 UTC 2026 start uptime=
Tue Sep 22 12:02:23 UTC 2026 uname: Linux kylin-x 10.0.0 10.0.0 aarch64 Linux
Tue Sep 22 12:02:23 UTC 2026 df /: /dev/vda                  1.9G    925.8M    917.6M  50% /
Tue Sep 22 12:02:23 UTC 2026 ===== A. 属性面探针（补 name/flags 证据）=====
Tue Sep 22 12:02:25 UTC 2026 探针 rc=0 输出 2418 字节
[CHAIN] step=5 GETPROPERTY@0xA8(prop_id=768) rc=0 errno=0 (No error information) name='CRTC_ID' flags=0x80000040[OBJECT|ATOMIC] count_values=0 count_enum_blobs=0
[CHAIN] step=5b GETPROPERTY@0xAA(prop_id=768) rc=-1 errno=95 (Not supported) [对照：xk 旧编号]
[PROPSUM] mainline_property=HIT mainline_blob=HIT xkernel_property=NOT-DISPATCHED xkernel_blob=NOT-DISPATCHED chain_max_step=5 verdict=FIXED
Tue Sep 22 12:02:25 UTC 2026 ===== B. apk 装 Weston 全家桶 ====
Tue Sep 22 12:02:25 UTC 2026 当前缺失组件：
Tue Sep 22 12:02:25 UTC 2026   missing: weston
Tue Sep 22 12:02:25 UTC 2026   missing: seatd
Tue Sep 22 12:02:25 UTC 2026   missing: weston-simple-shm
Tue Sep 22 12:02:25 UTC 2026   missing: xterm
Tue Sep 22 12:02:25 UTC 2026   missing: xclock
Tue Sep 22 12:02:25 UTC 2026 --- apk update ---
Tue Sep 22 12:02:38 UTC 2026 apk update rc=0
Tue Sep 22 12:02:38 UTC 2026 --- apk add（清单逐字取自官方 xk-weston-start）---
Tue Sep 22 12:03:05 UTC 2026 apk add rc=0
(17/26) Installing weston-shell-desktop (14.0.2-r1)
(18/26) Installing weston-xwayland (14.0.2-r1)
(19/26) Installing libxaw (1.0.16-r1)
(20/26) Installing xclock (1.1.1-r0)
(21/26) Installing ncurses-terminfo-base (6.5_p20250503-r0)
(22/26) Installing libncursesw (6.5_p20250503-r0)
(23/26) Installing xterm (399-r0)
(24/26) Installing libtirpc-conf (1.3.5-r0)
(25/26) Installing libtirpc-nokrb (1.3.5-r0)
(26/26) Installing xwayland (24.1.9-r0)
Executing busybox-1.37.0-r18.trigger
OK: 974 MiB in 262 packages
Tue Sep 22 12:03:06 UTC 2026 --- 装后自证（逐个命令 + ldd 缺失检查）---
Tue Sep 22 12:03:06 UTC 2026   weston -> /usr/bin/weston
Tue Sep 22 12:03:06 UTC 2026   seatd -> /usr/bin/seatd
Tue Sep 22 12:03:06 UTC 2026   weston-simple-shm -> /usr/bin/weston-simple-shm
Tue Sep 22 12:03:06 UTC 2026   xterm -> /usr/bin/xterm
Tue Sep 22 12:03:06 UTC 2026   xclock -> /usr/bin/xclock
Tue Sep 22 12:03:06 UTC 2026 --- ldd /usr/bin/weston（只看 not found）---
Tue Sep 22 12:03:07 UTC 2026 --- weston --version ---
weston 14.0.2
Tue Sep 22 12:03:07 UTC 2026 ===== C. 启动 seatd + weston（官方参数形态）====
Tue Sep 22 12:03:08 UTC 2026 /dev/input 实际节点：
total 0
crw-rw-rw-    1 root     root       13,   1 Jan  1  1970 event0
crw-rw-rw-    1 root     root       13,   2 Jan  1  1970 mice
Tue Sep 22 12:03:08 UTC 2026 RD=/run/user/0 可写测试：OK
Tue Sep 22 12:03:08 UTC 2026 seatd pid=114
Tue Sep 22 12:03:10 UTC 2026 seatd socket OK
Tue Sep 22 12:03:10 UTC 2026 --- start weston（--backend=drm-backend.so --renderer=pixman）---
Tue Sep 22 12:03:10 UTC 2026 weston pid=121
Tue Sep 22 12:03:11 UTC 2026 !! WESTON_FAIL 进程存活=no socket=no
Tue Sep 22 12:03:11 UTC 2026 --- weston.log 尾部 ---
Date: 2026-09-22 UTC
[12:03:10.857] weston 14.0.2
               https://wayland.freedesktop.org
               Bug reports to: https://gitlab.freedesktop.org/wayland/weston/issues/
               Build: 14.0.2
[12:03:10.861] Command line: weston --backend=drm-backend.so --renderer=pixman --drm-device=card0 --seat=seat0 --continue-without-input --idle-time=0 --xwayland --log=/root/weston.log
[12:03:10.861] OS: Linux, 10.0.0, 10.0.0, aarch64
[12:03:10.862] Flight recorder: enabled
[12:03:10.877] Starting with no config file.
[12:03:10.895] Output repaint window is 7 ms maximum.
[12:03:10.899] Loading module '/usr/lib/libweston-14/drm-backend.so'
[12:03:11.015] initializing drm backend
[12:03:11.016] Trying libseat launcher...
[12:03:11.033] [libseat/libseat.c:73] Seat opened with backend 'seatd'
[12:03:11.034] libseat: session control granted
[12:03:11.040] ERROR: could not open DRM device 'card0'
[12:03:11.040] no drm device found
[12:03:11.045] fatal: failed to create compositor backend
Tue Sep 22 12:03:11 UTC 2026 --- weston-stdout 尾部 ---
Internal warning: debug scope 'drm-backend' has not been destroyed.
Tue Sep 22 12:03:12 UTC 2026 --- weston.log 关键行 ---
[12:03:10.861] Command line: weston --backend=drm-backend.so --renderer=pixman --drm-device=card0 --seat=seat0 --continue-without-input --idle-time=0 --xwayland --log=/root/weston.log
[12:03:10.862] Flight recorder: enabled
[12:03:10.895] Output repaint window is 7 ms maximum.
[12:03:11.016] Trying libseat launcher...
[12:03:11.033] [libseat/libseat.c:73] Seat opened with backend 'seatd'
[12:03:11.034] libseat: session control granted
[12:03:11.040] ERROR: could not open DRM device 'card0'
[12:03:11.045] fatal: failed to create compositor backend
Tue Sep 22 12:03:12 UTC 2026 ===== D. 周期记录 ====
Tue Sep 22 12:03:12 UTC 2026 +0s weston_alive=no socket=no weston_log_lines=18
Tue Sep 22 12:03:45 UTC 2026 +30s weston_alive=no socket=no weston_log_lines=18
Tue Sep 22 12:04:15 UTC 2026 +60s weston_alive=no socket=no weston_log_lines=18
Tue Sep 22 12:04:46 UTC 2026 +90s weston_alive=no socket=no weston_log_lines=18
Tue Sep 22 12:05:16 UTC 2026 +120s weston_alive=no socket=no weston_log_lines=18
Tue Sep 22 12:05:46 UTC 2026 +150s weston_alive=no socket=no weston_log_lines=18
Tue Sep 22 12:06:17 UTC 2026 +180s weston_alive=no socket=no weston_log_lines=18
Tue Sep 22 12:06:47 UTC 2026 +210s weston_alive=no socket=no weston_log_lines=18
Tue Sep 22 12:07:18 UTC 2026 +240s weston_alive=no socket=no weston_log_lines=18
Tue Sep 22 12:07:48 UTC 2026 +270s weston_alive=no socket=no weston_log_lines=18
Tue Sep 22 12:08:18 UTC 2026 +300s weston_alive=no socket=no weston_log_lines=18
Tue Sep 22 12:08:49 UTC 2026 +330s weston_alive=no socket=no weston_log_lines=18
Tue Sep 22 12:09:19 UTC 2026 +360s weston_alive=no socket=no weston_log_lines=18
Tue Sep 22 12:09:50 UTC 2026 +390s weston_alive=no socket=no weston_log_lines=18
Tue Sep 22 12:10:20 UTC 2026 +420s weston_alive=no socket=no weston_log_lines=18
Tue Sep 22 12:10:50 UTC 2026 +450s weston_alive=no socket=no weston_log_lines=18
Tue Sep 22 12:11:21 UTC 2026 autorun_weston done (weston pid=121)
