Wed Sep 23 08:45:44 UTC 2026 ===== A. official page set and unshimmed environment =====
Wed Sep 23 08:45:44 UTC 2026 kernel: Linux 10.0.0 aarch64
Wed Sep 23 08:45:44 UTC 2026 LD_PRELOAD=<unset>
Wed Sep 23 08:45:44 UTC 2026 pages: 831cf28f3748940b450d1da325aa39a2dcaea2fee15b0532bf4111144d176b38  /usr/share/html-test/index.html;58130daa4a2f426fd16b8bde93d964713f20e147da8af1537ab2d8b506d2fd58  /usr/share/html-test/interaction.html;a1b04f9aba81b4b7818be2e7a858d482d471bd0d625dee257f605b2129b8fc4c  /usr/share/html-test/layout.html;
Wed Sep 23 08:45:49 UTC 2026 runtime overlay extraction complete
fddbdf48c58ef774bfefa6ad47882a2803cf0046c83375566ad3f746704bb846  /root/chromium-swiftshader.apk
e015bef72f2950c15b4861d6c22530269d404d499fa7c4611cf4c27d8fed648c  /usr/lib/chromium/libvk_swiftshader.so
c9eef28b6b984fec220ef0abfecc40b502d46946706e47bfe97707027cb818bd  /usr/lib/chromium/vk_swiftshader_icd.json
Wed Sep 23 08:45:50 UTC 2026 [SWIFTSHADER_PAYLOAD] official apk and extracted files present
{"file_format_version": "1.0.0", "ICD": {"library_path": "./libvk_swiftshader.so", "api_version": "1.0.5"}}[PI_MUTEX_PROBE] protocol_rc=95 enotsup=95 mutex_init=0 lock=0 unlock=0 verdict=OK
Wed Sep 23 08:45:50 UTC 2026 [PTHREAD_PI_PROBE_EXIT] rc=0
Wed Sep 23 08:45:50 UTC 2026 ===== B. pathname AF_UNIX SOCK_SEQPACKET control probe =====
[SEQPACKET] socket/bind/listen/connect/accept + one control roundtrip PASS
[SEQPACKET_EXIT] 0 verdict=PATH_SOCKET_OK
Wed Sep 23 08:45:51 UTC 2026 [SEQPACKETPROBE_EXIT] rc=0
Wed Sep 23 08:45:51 UTC 2026 ===== B2. AF_UNIX automatic SO_PASSCRED probe =====
[PASSCRED] received pid=31 uid=0 gid=0 expected_pid=31
[PASSCRED_EXIT] 0 verdict=AUTO_CREDENTIALS_OK
Wed Sep 23 08:45:51 UTC 2026 [PASSCREDPROBE_EXIT] rc=0
Wed Sep 23 08:45:51 UTC 2026 ===== C. standard eudev service and coldplug =====
Wed Sep 23 08:45:53 UTC 2026 udevd_foreground_pid=38 alive=yes
starting version 3.2.14
 does not exist, please run udevadm hwdb --update
Load module index
timestamp of '/etc/udev/rules.d' changed
Reading rules file: /usr/lib/udev/rules.d/50-udev-default.rules
Reading rules file: /usr/lib/udev/rules.d/60-autosuspend.rules
Reading rules file: /usr/lib/udev/rules.d/60-block.rules
Reading rules file: /usr/lib/udev/rules.d/60-cdrom_id.rules
Reading rules file: /usr/lib/udev/rules.d/60-drm.rules
Reading rules file: /usr/lib/udev/rules.d/60-evdev.rules
Reading rules file: /usr/lib/udev/rules.d/60-fido-id.rules
Reading rules file: /usr/lib/udev/rules.d/60-input-id.rules
Reading rules file: /usr/lib/udev/rules.d/60-persistent-alsa.rules
Reading rules file: /usr/lib/udev/rules.d/60-persistent-input.rules
Reading rules file: /usr/lib/udev/rules.d/60-persistent-storage-tape.rules
Reading rules file: /usr/lib/udev/rules.d/60-persistent-storage.rules
Reading rules file: /usr/lib/udev/rules.d/60-persistent-v4l.rules
Reading rules file: /usr/lib/udev/rules.d/60-sensor.rules
Reading rules file: /usr/lib/udev/rules.d/60-serial.rules
Reading rules file: /usr/lib/udev/rules.d/64-btrfs.rules
Reading rules file: /usr/lib/udev/rules.d/70-camera.rules
Reading rules file: /usr/lib/udev/rules.d/70-joystick.rules
Reading rules file: /usr/lib/udev/rules.d/70-memory.rules
Reading rules file: /usr/lib/udev/rules.d/70-mouse.rules
Reading rules file: /usr/lib/udev/rules.d/70-touchpad.rules
Reading rules file: /usr/lib/udev/rules.d/75-net-description.rules
Reading rules file: /usr/lib/udev/rules.d/75-probe_mtd.rules
Reading rules file: /usr/lib/udev/rules.d/78-sound-card.rules
Reading rules file: /usr/lib/udev/rules.d/80-drivers.rules
Reading rules file: /usr/lib/udev/rules.d/81-net-dhcp.rules
Reading rules file: /etc/udev/rules.d/99-xkernel-seat0.rules
rules contain 24576 bytes tokens (2048 * 12 bytes), 9963 bytes strings
1280 strings (16955 bytes), 808 de-duplicated (7465 bytes), 473 trie nodes used
set children_max to 16
Wed Sep 23 08:45:53 UTC 2026 udevd_start_pid=38
Wed Sep 23 08:45:54 UTC 2026 ===== probe kernel KOBJECT_UEVENT delivery to NETLINK group 1 =====
[UEVENT_PROBE] write action=add rc=4 errno=0
[UEVENT_PROBE] poll(15s) rc=0 errno=0 (No error information)
Wed Sep 23 08:46:09 UTC 2026 [UEVENTPROBE_EXIT] rc=6
Wed Sep 23 08:46:11 UTC 2026 udevadm_trigger_rc=0
Wed Sep 23 08:46:20 UTC 2026 udevadm_settle_rc=1
Wed Sep 23 08:46:20 UTC 2026 udevd processes:
   38 root      0:00 udevd --debug
   66 root      0:00 udevd --debug
   67 root      0:00 udevd --debug
Wed Sep 23 08:46:20 UTC 2026 udevd debug tail:
Reading rules file: /usr/lib/udev/rules.d/60-fido-id.rules
Reading rules file: /usr/lib/udev/rules.d/60-input-id.rules
Reading rules file: /usr/lib/udev/rules.d/60-persistent-alsa.rules
Reading rules file: /usr/lib/udev/rules.d/60-persistent-input.rules
Reading rules file: /usr/lib/udev/rules.d/60-persistent-storage-tape.rules
Reading rules file: /usr/lib/udev/rules.d/60-persistent-storage.rules
Reading rules file: /usr/lib/udev/rules.d/60-persistent-v4l.rules
Reading rules file: /usr/lib/udev/rules.d/60-sensor.rules
Reading rules file: /usr/lib/udev/rules.d/60-serial.rules
Reading rules file: /usr/lib/udev/rules.d/64-btrfs.rules
Reading rules file: /usr/lib/udev/rules.d/70-camera.rules
Reading rules file: /usr/lib/udev/rules.d/70-joystick.rules
Reading rules file: /usr/lib/udev/rules.d/70-memory.rules
Reading rules file: /usr/lib/udev/rules.d/70-mouse.rules
Reading rules file: /usr/lib/udev/rules.d/70-touchpad.rules
Reading rules file: /usr/lib/udev/rules.d/75-net-description.rules
Reading rules file: /usr/lib/udev/rules.d/75-probe_mtd.rules
Reading rules file: /usr/lib/udev/rules.d/78-sound-card.rules
Reading rules file: /usr/lib/udev/rules.d/80-drivers.rules
Reading rules file: /usr/lib/udev/rules.d/81-net-dhcp.rules
Reading rules file: /etc/udev/rules.d/99-xkernel-seat0.rules
rules contain 24576 bytes tokens (2048 * 12 bytes), 9963 bytes strings
1280 strings (16955 bytes), 808 de-duplicated (7465 bytes), 473 trie nodes used
seq 1 forked new worker [66]
seq 1 running
seq 2 queued, 'add' 'input'
no db file to read /run/udev/data/c13:64: No such file or directory
GROUP 23 /usr/lib/udev/rules.d/50-udev-default.rules:29
IMPORT builtin 'hwdb' /usr/lib/udev/rules.d/60-evdev.rules:8
IMPORT builtin 'hwdb' returned non-zero
seq 2 forked new worker [67]
IMPORT builtin 'hwdb' /usr/lib/udev/rules.d/60-evdev.rules:18
IMPORT builtin 'hwdb' returned non-zero
seq 2 running
IMPORT builtin 'hwdb' /usr/lib/udev/rules.d/60-evdev.rules:23
IMPORT builtin 'hwdb' returned non-zero
IMPORT builtin 'input_id' /usr/lib/udev/rules.d/60-input-id.rules:5
capabilities/ev raw kernel attribute: 20003
capabilities/abs raw kernel attribute: 
no db file to read /run/udev/data/c13:65: No such file or directory
capabilities/rel raw kernel attribute: 
GROUP 23 /usr/lib/udev/rules.d/50-udev-default.rules:29
IMPORT builtin 'hwdb' /usr/lib/udev/rules.d/60-evdev.rules:8
IMPORT builtin 'hwdb' returned non-zero
capabilities/key raw kernel attribute: 400000007 ff803078f800dfff febeffff7bcfffff fffffffffffffffe
properties raw kernel attribute: 0
test_key: checking bit block 0 for any keys; found=1
test_key: checking bit block 64 for any keys; found=1
test_key: checking bit block 128 for any keys; found=1
test_key: checking bit block 192 for any keys; found=1
IMPORT builtin 'hwdb' /usr/lib/udev/rules.d/60-input-id.rules:6
IMPORT builtin 'hwdb' returned non-zero
IMPORT builtin 'path_id' /usr/lib/udev/rules.d/60-persistent-input.rules:35
LINK 'input/by-path/pci-0000:00:05.0-event-kbd' /usr/lib/udev/rules.d/60-persistent-input.rules:37
IMPORT builtin 'hwdb' /usr/lib/udev/rules.d/60-evdev.rules:18
IMPORT builtin 'hwdb' returned non-zero
IMPORT builtin 'hwdb' /usr/lib/udev/rules.d/60-evdev.rules:23
IMPORT builtin 'hwdb' returned non-zero
IMPORT builtin 'input_id' /usr/lib/udev/rules.d/60-input-id.rules:5
capabilities/ev raw kernel attribute: 7
capabilities/abs raw kernel attribute: 
handling device node '/dev/input/event0', devnum=c13:64, mode=0660, uid=0, gid=23
capabilities/rel raw kernel attribute: 103
set permissions /dev/input/event0, 020660, uid=0, gid=23
capabilities/key raw kernel attribute: 30400 00000000001f0000 0000000000000000 0000000000000000 0000000000000000 0000000000000000
creating symlink '/dev/char/13:64' to '../input/event0'
properties raw kernel attribute: 0
test_key: checking bit block 0 for any keys; found=0
test_key: checking bit block 64 for any keys; found=0
test_key: checking bit block 128 for any keys; found=0
test_key: checking bit block 192 for any keys; found=0
atomically replace '/dev/char/13:64'
symlink '../input/event0' '/dev/char/13:64.tmp-c13:64' failed: Operation not permitted
IMPORT builtin 'hwdb' /usr/lib/udev/rules.d/60-input-id.rules:6
IMPORT builtin 'hwdb' returned non-zero
creating link '/dev/input/by-path/pci-0000:00:05.0-event-kbd' to '/dev/input/event0'
creating symlink '/dev/input/by-path/pci-0000:00:05.0-event-kbd' to '../event0'
atomically replace '/dev/input/by-path/pci-0000:00:05.0-event-kbd'
symlink '../event0' '/dev/input/by-path/pci-0000:00:05.0-event-kbd.tmp-c13:64' failed: Operation not permitted
IMPORT builtin 'path_id' /usr/lib/udev/rules.d/60-persistent-input.rules:35
LINK 'input/by-path/pci-0000:00:06.0-event-mouse' /usr/lib/udev/rules.d/60-persistent-input.rules:37
handling device node '/dev/input/event1', devnum=c13:65, mode=0660, uid=0, gid=23
set permissions /dev/input/event1, 020660, uid=0, gid=23
creating symlink '/dev/char/13:65' to '../input/event1'
atomically replace '/dev/char/13:65'
symlink '../input/event1' '/dev/char/13:65.tmp-c13:65' failed: Operation not permitted
creating link '/dev/input/by-path/pci-0000:00:06.0-event-mouse' to '/dev/input/event1'
creating symlink '/dev/input/by-path/pci-0000:00:06.0-event-mouse' to '../event1'
atomically replace '/dev/input/by-path/pci-0000:00:06.0-event-mouse'
symlink '../event1' '/dev/input/by-path/pci-0000:00:06.0-event-mouse.tmp-c13:65' failed: Operation not permitted
created db file '/run/udev/data/c13:64' for '/devices/pci0000:00/0000:00:05.0/input/input0/event0'
passed 587 byte device to netlink monitor 0xc3080
seq 1 processed
created db file '/run/udev/data/c13:65' for '/devices/pci0000:00/0000:00:06.0/input/input1/event1'
passed 596 byte device to netlink monitor 0xc080
seq 2 processed
no sender credentials received, message ignored
Validate module index
Validate module index
Validate module index
[UDEVINIT] stat path=/dev/input/event0 rc=0 mode=020660 rdev=13:64
[UDEVINIT] by-name want=event0 sysname=event0 init=1 devnode=/dev/input/event0 devnum=13:64 syspath=/sys/devices/pci0000:00/0000:00:05.0/input/input0/event0 ID_INPUT=1 ID_SEAT=seat0
[UDEVINIT] by-devnum want=event0 sysname=event0 init=1 devnode=/dev/input/event0 devnum=13:64 syspath=/sys/devices/pci0000:00/0000:00:05.0/input/input0/event0 ID_INPUT=1 ID_SEAT=seat0
[UDEVINIT] stat path=/dev/input/event1 rc=0 mode=020660 rdev=13:65
[UDEVINIT] by-name want=event1 sysname=event1 init=1 devnode=/dev/input/event1 devnum=13:65 syspath=/sys/devices/pci0000:00/0000:00:06.0/input/input1/event1 ID_INPUT=1 ID_SEAT=seat0
[UDEVINIT] by-devnum want=event1 sysname=event1 init=1 devnode=/dev/input/event1 devnum=13:65 syspath=/sys/devices/pci0000:00/0000:00:06.0/input/input1/event1 ID_INPUT=1 ID_SEAT=seat0
[UDEVINIT_EXIT] done
Wed Sep 23 08:46:21 UTC 2026 [UDEVINITPROBE_EXIT] rc=0
[STATPROBE] path=/dev/input/event0 mode=020660 rdev=13:64
[STATPROBE] attr=/sys/class/input/event0/dev value=13:64
[STATPROBE] path=/dev/input/event1 mode=020660 rdev=13:65
[STATPROBE] attr=/sys/class/input/event1/dev value=13:65
[STATPROBE_EXIT] done
Wed Sep 23 08:46:21 UTC 2026 [STATPROBE_EXIT] rc=0
Wed Sep 23 08:46:21 UTC 2026 sysfs dev/char links:
Wed Sep 23 08:46:21 UTC 2026 /sys/dev/char/13:64 -> ../../devices/pci0000:00/0000:00:05.0/input/input0/event0 dev=13:64
Wed Sep 23 08:46:22 UTC 2026 /sys/dev/char/13:65 -> ../../devices/pci0000:00/0000:00:06.0/input/input1/event1 dev=13:65
Wed Sep 23 08:46:22 UTC 2026 c13:64: S:input/by-path/pci-0000:00:05.0-event-kbd;I:27391177;E:ID_INPUT=1;E:ID_INPUT_KEY=1;E:ID_INPUT_KEYBOARD=1;E:ID_PATH=pci-0000:00:05.0;E:ID_PATH_TAG=pci-0000_00_05_0;E:ID_SEAT=seat0;E:ID_SERIAL=noserial;G:seat;
Wed Sep 23 08:46:22 UTC 2026 c13:65: S:input/by-path/pci-0000:00:06.0-event-mouse;I:27417768;E:ID_INPUT=1;E:ID_INPUT_MOUSE=1;E:ID_PATH=pci-0000:00:06.0;E:ID_PATH_TAG=pci-0000_00_06_0;E:ID_SEAT=seat0;E:ID_SERIAL=noserial;G:seat;
Wed Sep 23 08:46:22 UTC 2026 sysfs class/input entries:
total 0
drwxr-xr-x    4 root     root             0 Jan  1  1970 .
drwxr-xr-x    5 root     root             0 Jan  1  1970 ..
drwxr-xr-x    2 root     root             0 Jan  1  1970 event0
drwxr-xr-x    2 root     root             0 Jan  1  1970 event1
lrwxrwxrwx    1 root     root            50 Jan  1  1970 input0 -> ../../devices/pci0000:00/0000:00:05.0/input/input0
lrwxrwxrwx    1 root     root            50 Jan  1  1970 input1 -> ../../devices/pci0000:00/0000:00:06.0/input/input1
Wed Sep 23 08:46:23 UTC 2026 sysfs bus/input devices:
total 0
drwxr-xr-x    2 root     root             0 Jan  1  1970 .
drwxr-xr-x    4 root     root             0 Jan  1  1970 ..
lrwxrwxrwx    1 root     root            60 Jan  1  1970 event0 -> ../../../devices/pci0000:00/0000:00:05.0/input/input0/event0
lrwxrwxrwx    1 root     root            60 Jan  1  1970 event1 -> ../../../devices/pci0000:00/0000:00:06.0/input/input1/event1
lrwxrwxrwx    1 root     root            53 Jan  1  1970 input0 -> ../../../devices/pci0000:00/0000:00:05.0/input/input0
lrwxrwxrwx    1 root     root            53 Jan  1  1970 input1 -> ../../../devices/pci0000:00/0000:00:06.0/input/input1
Wed Sep 23 08:46:23 UTC 2026 subsystem/input -> ../bus/input
Wed Sep 23 08:46:23 UTC 2026 ===== D. libudev input enumeration =====
==== inputudevprobe: guest libudev input coldplug view ====
[INPUT_UDEV] enumerate input subsystem match_rc=0 scan_rc=0
[INPUT_UDEV] by-name sysname=event0 devnode=/dev/input/event0 devnum=13:64 ID_INPUT=1 ID_SEAT=seat0 KEYBOARD=1 MOUSE=(null)
[INPUT_UDEV] by-name sysname=event1 devnode=/dev/input/event1 devnum=13:65 ID_INPUT=1 ID_SEAT=seat0 KEYBOARD=(null) MOUSE=1
[INPUT_UDEV] list syspath=/sys/devices/pci0000:00/0000:00:05.0/input/input0 sysname=input0
[INPUT_UDEV] list syspath=/sys/devices/pci0000:00/0000:00:05.0/input/input0 sysname=input0
[INPUT_UDEV] list syspath=/sys/devices/pci0000:00/0000:00:05.0/input/input0/event0 sysname=event0
[INPUT_UDEV] list syspath=/sys/devices/pci0000:00/0000:00:05.0/input/input0/event0 sysname=event0
[INPUT_UDEV] sysname=event0 syspath=/sys/devices/pci0000:00/0000:00:05.0/input/input0/event0 devnode=/dev/input/event0 devnum=13:64 ID_INPUT=1 KEYBOARD=1 MOUSE=(null)
[INPUT_UDEV] list syspath=/sys/devices/pci0000:00/0000:00:06.0/input/input1 sysname=input1
[INPUT_UDEV] list syspath=/sys/devices/pci0000:00/0000:00:06.0/input/input1 sysname=input1
[INPUT_UDEV] list syspath=/sys/devices/pci0000:00/0000:00:06.0/input/input1/event1 sysname=event1
[INPUT_UDEV] list syspath=/sys/devices/pci0000:00/0000:00:06.0/input/input1/event1 sysname=event1
[INPUT_UDEV] sysname=event1 syspath=/sys/devices/pci0000:00/0000:00:06.0/input/input1/event1 devnode=/dev/input/event1 devnum=13:65 ID_INPUT=1 KEYBOARD=(null) MOUSE=1
[INPUT_UDEV] by_name_count=2 event_count=2
[INPUT_UDEV_EXIT] 0 verdict=INPUT_UDEV_OK
Wed Sep 23 08:46:24 UTC 2026 [INPUT_UDEVPROBE_EXIT] rc=0
Wed Sep 23 08:46:25 UTC 2026 ===== E. actual evdev node capabilities =====
total 0
crw-rw----    1 root     input      13,  64 Sep 23 08:46 event0
crw-rw----    1 root     input      13,  65 Sep 23 08:46 event1
=== evprobe: evdev 输入设备枚举 ===
[EV] /dev/input/event0
[EV]   EVIOCGNAME  rc=21 name="QEMU Virtio Keyboard"
[EV]   EVIOCGID    bustype=BUS_VIRTUAL(0x0006) vendor=0x0627 product=0x0001 version=0x0001
[EV]   EV  types:  SYN=0 KEY=1 REL=0 ABS=0 MSC=0 SW=0 REP=0
[EV]   key bits:  BTN_LEFT=0 BTN_RIGHT=0 BTN_MIDDLE=0 BTN_TOUCH=0 KEY_A=1 KEY_Z=1 KEY_SPACE=1
[EVSUM] node=/dev/input/event0 minor=1 class=KEYBOARD (rel=0 abs=0 btn=0 kbdkeys=1)
[EV] /dev/input/event1
[EV]   EVIOCGNAME  rc=18 name="QEMU Virtio Mouse"
[EV]   EVIOCGID    bustype=BUS_VIRTUAL(0x0006) vendor=0x0627 product=0x0002 version=0x0002
[EV]   EV  types:  SYN=0 KEY=1 REL=1 ABS=0 MSC=0 SW=0 REP=0
[EV]   key bits:  BTN_LEFT=1 BTN_RIGHT=1 BTN_MIDDLE=1 BTN_TOUCH=1 KEY_A=0 KEY_Z=0 KEY_SPACE=0
[EVSUM] node=/dev/input/event1 minor=2 class=MOUSE (rel=1 abs=0 btn=1 kbdkeys=0)
[EV] /dev/input/event2 open -> -1 errno=2 (No such file or directory)
[EV] /dev/input/event3 open -> -1 errno=2 (No such file or directory)
[EV] /dev/input/event4 open -> -1 errno=2 (No such file or directory)
[EV] /dev/input/event5 open -> -1 errno=2 (No such file or directory)
[EV] /dev/input/event6 open -> -1 errno=2 (No such file or directory)
[EV] /dev/input/event7 open -> -1 errno=2 (No such file or directory)
[EV] /dev/input/event8 open -> -1 errno=2 (No such file or directory)
[EV] /dev/input/event9 open -> -1 errno=2 (No such file or directory)
[EV] /dev/input/event10 open -> -1 errno=2 (No such file or directory)
[EV] /dev/input/event11 open -> -1 errno=2 (No such file or directory)
[EV] /dev/input/event12 open -> -1 errno=2 (No such file or directory)
[EV] /dev/input/event13 open -> -1 errno=2 (No such file or directory)
[EV] /dev/input/event14 open -> -1 errno=2 (No such file or directory)
[EV] /dev/input/event15 open -> -1 errno=2 (No such file or directory)

[EV] 共找到 2 个 evdev 节点
[EVMAP] 建议的 udev 伪造（可用次设备号）：keyboard=c13:1  pointer=c13:2
Wed Sep 23 08:46:26 UTC 2026 [EVPROBE_EXIT] rc=0
Wed Sep 23 08:46:26 UTC 2026 ===== F. Weston DRM + libinput; input is required =====
00:00:00.011 [INFO] [libseat/libseat.c:73] Seat opened with backend 'seatd'
[SEATPROBE] device_id=1 fd=4 id_rc=0 name_rc=21 name=QEMU Virtio Keyboard dev=0006:0001
[SEATPROBE] close_device rc=0 errno=11 (Resource temporarily unavailable)
00:00:00.027 [INFO] [libseat/backend/seatd.c:212] Enabling seat
[SEATPROBE] seat enabled
[SEATPROBE] close_seat rc=0 errno=11 (Resource temporarily unavailable)
[SEATPROBE_EXIT] 0 verdict=LIBSEAT_DEVICE_FD_OK
Wed Sep 23 08:46:28 UTC 2026 [SEATPROBE_EXIT] rc=0
[LIBINPUT_PROBE] open_restricted path=/dev/input/event0 flags=0x80802 fd=5 errno=2 (No such file or directory)
libinput info: event0  - QEMU Virtio Keyboard: is tagged by udev as: Keyboard
libinput info: event0  - QEMU Virtio Keyboard: device is a keyboard
[LIBINPUT_PROBE] add_device path=/dev/input/event0 result=ok errno=2 (No such file or directory)
libinput info: event0  - QEMU Virtio Keyboard: device removed
[LIBINPUT_PROBE] close_restricted fd=5 rc=0 errno=2 (No such file or directory)
[LIBINPUT_PROBE] open_restricted path=/dev/input/event1 flags=0x80802 fd=5 errno=0 (No error information)
libinput info: event1  - QEMU Virtio Mouse: is tagged by udev as: Mouse
libinput info: event1  - QEMU Virtio Mouse: device is a pointer
[LIBINPUT_PROBE] add_device path=/dev/input/event1 result=ok errno=2 (No such file or directory)
libinput info: event1  - QEMU Virtio Mouse: device removed
[LIBINPUT_PROBE] close_restricted fd=5 rc=0 errno=2 (No such file or directory)
[LIBINPUT_PROBE_EXIT] 0 devices_added=2 verdict=LIBINPUT_OK
Wed Sep 23 08:46:29 UTC 2026 [LIBINPUTPROBE_EXIT] rc=0
Wed Sep 23 08:46:39 UTC 2026 weston_alive=yes socket=[/run/user/0/wayland-1]
[08:46:29.432] Command line: weston --backend=drm-backend.so --renderer=pixman --drm-device=card0 --seat=seat0 --idle-time=0 --debug --log=/root/input36-weston.log
[08:46:29.575] using /dev/dri/card0
[08:46:30.008] libinput: configuring device "QEMU Virtio Keyboard".
[08:46:30.010] libinput: configuring device "QEMU Virtio Mouse".
[08:46:30.066] DRM: output Virtual-1 uses shadow framebuffer.
[08:46:30.069] associating input device event0 with output Virtual-1 (none by udev)
[08:46:30.070] associating input device event1 with output Virtual-1 (none by udev)
[08:46:30.071] Output 'Virtual-1' enabled with head(s) Virtual-1
Wed Sep 23 08:46:40 UTC 2026 ===== G. Chromium normal renderer mode =====
Wed Sep 23 08:46:40 UTC 2026 chromium pid=159
Wed Sep 23 08:46:40 UTC 2026 chromium_alive elapsed=0s
Wed Sep 23 08:46:41 UTC 2026 PROC pid=159 cmd=/usr/lib/chromium/chromium --ozone-platform=wayland --use-gl=angle --use-angle=swiftshader --in-process-gpu --no-zygote --single-process --no-sandbox --disable-dev-shm-usage --disable-crash-reporter --disable-breakpad --no-first-run --no-default-browser-check --disable-sync --disable-component-update --disable-background-networking --window-size=1280,800 --start-fullscreen --kiosk --disable-features=SegmentationPlatform,OptimizationGuideModelDownloading,OptimizationHints,WebAppProvider,InterestFeedContentSuggestions --enable-logging=stderr --v=1 --vmodule=*wayland*=2,*ozone*=2,*navigation*=2,*render_process*=2 --user-data-dir=/root/input36-chromium-profile file:///usr/share/html-test/index.html 
Wed Sep 23 08:46:58 UTC 2026 chromium_alive elapsed=15s
Wed Sep 23 08:46:58 UTC 2026 PROC pid=159 cmd=/usr/lib/chromium/chromium --ozone-platform=wayland --use-gl=angle --use-angle=swiftshader --in-process-gpu --no-zygote --single-process --no-sandbox --disable-dev-shm-usage --disable-crash-reporter --disable-breakpad --no-first-run --no-default-browser-check --disable-sync --disable-component-update --disable-background-networking --window-size=1280,800 --start-fullscreen --kiosk --disable-features=SegmentationPlatform,OptimizationGuideModelDownloading,OptimizationHints,WebAppProvider,InterestFeedContentSuggestions --enable-logging=stderr --v=1 --vmodule=*wayland*=2,*ozone*=2,*navigation*=2,*render_process*=2 --user-data-dir=/root/input36-chromium-profile file:///usr/share/html-test/index.html 
Wed Sep 23 08:47:15 UTC 2026 chromium_alive elapsed=30s
Wed Sep 23 08:47:16 UTC 2026 PROC pid=159 cmd=/usr/lib/chromium/chromium --ozone-platform=wayland --use-gl=angle --use-angle=swiftshader --in-process-gpu --no-zygote --single-process --no-sandbox --disable-dev-shm-usage --disable-crash-reporter --disable-breakpad --no-first-run --no-default-browser-check --disable-sync --disable-component-update --disable-background-networking --window-size=1280,800 --start-fullscreen --kiosk --disable-features=SegmentationPlatform,OptimizationGuideModelDownloading,OptimizationHints,WebAppProvider,InterestFeedContentSuggestions --enable-logging=stderr --v=1 --vmodule=*wayland*=2,*ozone*=2,*navigation*=2,*render_process*=2 --user-data-dir=/root/input36-chromium-profile file:///usr/share/html-test/index.html 
Wed Sep 23 08:47:32 UTC 2026 chromium_alive elapsed=45s
Wed Sep 23 08:47:33 UTC 2026 PROC pid=159 cmd=/usr/lib/chromium/chromium --ozone-platform=wayland --use-gl=angle --use-angle=swiftshader --in-process-gpu --no-zygote --single-process --no-sandbox --disable-dev-shm-usage --disable-crash-reporter --disable-breakpad --no-first-run --no-default-browser-check --disable-sync --disable-component-update --disable-background-networking --window-size=1280,800 --start-fullscreen --kiosk --disable-features=SegmentationPlatform,OptimizationGuideModelDownloading,OptimizationHints,WebAppProvider,InterestFeedContentSuggestions --enable-logging=stderr --v=1 --vmodule=*wayland*=2,*ozone*=2,*navigation*=2,*render_process*=2 --user-data-dir=/root/input36-chromium-profile file:///usr/share/html-test/index.html 
Wed Sep 23 08:47:50 UTC 2026 chromium_alive elapsed=60s
Wed Sep 23 08:47:51 UTC 2026 PROC pid=159 cmd=/usr/lib/chromium/chromium --ozone-platform=wayland --use-gl=angle --use-angle=swiftshader --in-process-gpu --no-zygote --single-process --no-sandbox --disable-dev-shm-usage --disable-crash-reporter --disable-breakpad --no-first-run --no-default-browser-check --disable-sync --disable-component-update --disable-background-networking --window-size=1280,800 --start-fullscreen --kiosk --disable-features=SegmentationPlatform,OptimizationGuideModelDownloading,OptimizationHints,WebAppProvider,InterestFeedContentSuggestions --enable-logging=stderr --v=1 --vmodule=*wayland*=2,*ozone*=2,*navigation*=2,*render_process*=2 --user-data-dir=/root/input36-chromium-profile file:///usr/share/html-test/index.html 
Wed Sep 23 08:48:08 UTC 2026 chromium_alive elapsed=75s
Wed Sep 23 08:48:09 UTC 2026 PROC pid=159 cmd=/usr/lib/chromium/chromium --ozone-platform=wayland --use-gl=angle --use-angle=swiftshader --in-process-gpu --no-zygote --single-process --no-sandbox --disable-dev-shm-usage --disable-crash-reporter --disable-breakpad --no-first-run --no-default-browser-check --disable-sync --disable-component-update --disable-background-networking --window-size=1280,800 --start-fullscreen --kiosk --disable-features=SegmentationPlatform,OptimizationGuideModelDownloading,OptimizationHints,WebAppProvider,InterestFeedContentSuggestions --enable-logging=stderr --v=1 --vmodule=*wayland*=2,*ozone*=2,*navigation*=2,*render_process*=2 --user-data-dir=/root/input36-chromium-profile file:///usr/share/html-test/index.html 
Wed Sep 23 08:48:26 UTC 2026 chromium_alive elapsed=90s
Wed Sep 23 08:48:27 UTC 2026 PROC pid=159 cmd=/usr/lib/chromium/chromium --ozone-platform=wayland --use-gl=angle --use-angle=swiftshader --in-process-gpu --no-zygote --single-process --no-sandbox --disable-dev-shm-usage --disable-crash-reporter --disable-breakpad --no-first-run --no-default-browser-check --disable-sync --disable-component-update --disable-background-networking --window-size=1280,800 --start-fullscreen --kiosk --disable-features=SegmentationPlatform,OptimizationGuideModelDownloading,OptimizationHints,WebAppProvider,InterestFeedContentSuggestions --enable-logging=stderr --v=1 --vmodule=*wayland*=2,*ozone*=2,*navigation*=2,*render_process*=2 --user-data-dir=/root/input36-chromium-profile file:///usr/share/html-test/index.html 
Wed Sep 23 08:48:44 UTC 2026 chromium_alive elapsed=105s
Wed Sep 23 08:48:45 UTC 2026 PROC pid=159 cmd=/usr/lib/chromium/chromium --ozone-platform=wayland --use-gl=angle --use-angle=swiftshader --in-process-gpu --no-zygote --single-process --no-sandbox --disable-dev-shm-usage --disable-crash-reporter --disable-breakpad --no-first-run --no-default-browser-check --disable-sync --disable-component-update --disable-background-networking --window-size=1280,800 --start-fullscreen --kiosk --disable-features=SegmentationPlatform,OptimizationGuideModelDownloading,OptimizationHints,WebAppProvider,InterestFeedContentSuggestions --enable-logging=stderr --v=1 --vmodule=*wayland*=2,*ozone*=2,*navigation*=2,*render_process*=2 --user-data-dir=/root/input36-chromium-profile file:///usr/share/html-test/index.html 
Wed Sep 23 08:49:01 UTC 2026 chromium_alive elapsed=120s
Wed Sep 23 08:49:02 UTC 2026 PROC pid=159 cmd=/usr/lib/chromium/chromium --ozone-platform=wayland --use-gl=angle --use-angle=swiftshader --in-process-gpu --no-zygote --single-process --no-sandbox --disable-dev-shm-usage --disable-crash-reporter --disable-breakpad --no-first-run --no-default-browser-check --disable-sync --disable-component-update --disable-background-networking --window-size=1280,800 --start-fullscreen --kiosk --disable-features=SegmentationPlatform,OptimizationGuideModelDownloading,OptimizationHints,WebAppProvider,InterestFeedContentSuggestions --enable-logging=stderr --v=1 --vmodule=*wayland*=2,*ozone*=2,*navigation*=2,*render_process*=2 --user-data-dir=/root/input36-chromium-profile file:///usr/share/html-test/index.html 
Wed Sep 23 08:49:18 UTC 2026 chromium_alive elapsed=135s
Wed Sep 23 08:49:19 UTC 2026 PROC pid=159 cmd=/usr/lib/chromium/chromium --ozone-platform=wayland --use-gl=angle --use-angle=swiftshader --in-process-gpu --no-zygote --single-process --no-sandbox --disable-dev-shm-usage --disable-crash-reporter --disable-breakpad --no-first-run --no-default-browser-check --disable-sync --disable-component-update --disable-background-networking --window-size=1280,800 --start-fullscreen --kiosk --disable-features=SegmentationPlatform,OptimizationGuideModelDownloading,OptimizationHints,WebAppProvider,InterestFeedContentSuggestions --enable-logging=stderr --v=1 --vmodule=*wayland*=2,*ozone*=2,*navigation*=2,*render_process*=2 --user-data-dir=/root/input36-chromium-profile file:///usr/share/html-test/index.html 
Wed Sep 23 08:49:35 UTC 2026 chromium_alive elapsed=150s
Wed Sep 23 08:49:36 UTC 2026 PROC pid=159 cmd=/usr/lib/chromium/chromium --ozone-platform=wayland --use-gl=angle --use-angle=swiftshader --in-process-gpu --no-zygote --single-process --no-sandbox --disable-dev-shm-usage --disable-crash-reporter --disable-breakpad --no-first-run --no-default-browser-check --disable-sync --disable-component-update --disable-background-networking --window-size=1280,800 --start-fullscreen --kiosk --disable-features=SegmentationPlatform,OptimizationGuideModelDownloading,OptimizationHints,WebAppProvider,InterestFeedContentSuggestions --enable-logging=stderr --v=1 --vmodule=*wayland*=2,*ozone*=2,*navigation*=2,*render_process*=2 --user-data-dir=/root/input36-chromium-profile file:///usr/share/html-test/index.html 
Wed Sep 23 08:49:52 UTC 2026 chromium_alive elapsed=165s
Wed Sep 23 08:49:53 UTC 2026 PROC pid=159 cmd=/usr/lib/chromium/chromium --ozone-platform=wayland --use-gl=angle --use-angle=swiftshader --in-process-gpu --no-zygote --single-process --no-sandbox --disable-dev-shm-usage --disable-crash-reporter --disable-breakpad --no-first-run --no-default-browser-check --disable-sync --disable-component-update --disable-background-networking --window-size=1280,800 --start-fullscreen --kiosk --disable-features=SegmentationPlatform,OptimizationGuideModelDownloading,OptimizationHints,WebAppProvider,InterestFeedContentSuggestions --enable-logging=stderr --v=1 --vmodule=*wayland*=2,*ozone*=2,*navigation*=2,*render_process*=2 --user-data-dir=/root/input36-chromium-profile file:///usr/share/html-test/index.html 
Wed Sep 23 08:50:09 UTC 2026 chromium watchdog timeout=180s; sending SIGTERM
Wed Sep 23 08:53:16 UTC 2026 [INPUT36_CHROMIUM_EXIT] wait_rc=0
Wed Sep 23 08:53:16 UTC 2026 [CHROMIUM_LOG_TAIL_BEGIN]
[159:159:0923/084747.167778:VERBOSE1:chrome/browser/signin/account_consistency_mode_manager.cc:207] Desktop Identity Consistency disabled as sign-in to Chrome is not allowed
[159:225:0923/084747.258393:VERBOSE1:net/proxy_resolution/configured_proxy_resolution_service.cc:840] PAC support disabled because there is no system implementation
[159:159:0923/084747.393584:ERROR:dbus/object_proxy.cc:573] Failed to call method: org.freedesktop.DBus.NameHasOwner: object_path= /org/freedesktop/DBus: unknown error type: 
[159:159:0923/084747.394478:VERBOSE1:ui/base/idle/idle_linux.cc:117] org.freedesktop.ScreenSaver D-Bus service does not exist
[159:189:0923/084747.401081:ERROR:dbus/bus.cc:408] Failed to connect to the bus: Could not parse server address: Unknown address type (examples of valid types are "tcp" and on UNIX "unix")
[159:159:0923/084747.401126:ERROR:dbus/object_proxy.cc:573] Failed to call method: org.freedesktop.DBus.NameHasOwner: object_path= /org/freedesktop/DBus: unknown error type: 
[159:159:0923/084747.410087:WARNING:ui/ozone/platform/wayland/host/org_gnome_mutter_idle_monitor.cc:87] org.gnome.Mutter.IdleMonitor D-Bus service does not exist
[159:187:0923/084747.449262:VERBOSE1:net/disk_cache/simple/simple_index_file.cc:607] Simple Cache Index is being restored from disk.
[159:187:0923/084747.450813:VERBOSE1:base/files/file_util_posix.cc:317] Cannot stat "/root/input36-chromium-profile/Default/Shared Dictionary/cache/index-dir/the-real-index": No such file or directory (2)
[159:225:0923/084747.480997:VERBOSE1:net/proxy_resolution/configured_proxy_resolution_service.cc:840] PAC support disabled because there is no system implementation
[159:225:0923/084747.801873:VERBOSE1:net/base/network_delegate.cc:37] NetworkDelegate::NotifyBeforeURLRequest: http://clients2.google.com/time/1/current?cup2key=9:Z-Wfsg4kbgbhaIZisy2LfmUz0c5f6TT2TPaUAHZxNN4&cup2hreq=e3b0c44298fc1c149afbf4c8996fb92427ae41e4649b934ca495991b7852b855
[159:187:0923/084747.835793:VERBOSE1:content/browser/loader/file_url_loader_factory.cc:474] FileURLLoader::Start: file:///usr/share/html-test/index.html
[159:189:0923/084748.019942:ERROR:dbus/bus.cc:408] Failed to connect to the bus: Failed to connect to socket /run/dbus/system_bus_socket: No such file or directory
[159:189:0923/084748.039129:ERROR:dbus/bus.cc:408] Failed to connect to the bus: Failed to connect to socket /run/dbus/system_bus_socket: No such file or directory
[159:159:0923/084748.133562:ERROR:dbus/object_proxy.cc:573] Failed to call method: org.freedesktop.DBus.NameHasOwner: object_path= /org/freedesktop/DBus: unknown error type: 
[159:159:0923/084748.202331:ERROR:dbus/object_proxy.cc:573] Failed to call method: org.freedesktop.DBus.NameHasOwner: object_path= /org/freedesktop/DBus: unknown error type: 
[159:189:0923/084748.220659:ERROR:dbus/bus.cc:408] Failed to connect to the bus: Could not parse server address: Unknown address type (examples of valid types are "tcp" and on UNIX "unix")
[159:159:0923/084748.223121:ERROR:dbus/object_proxy.cc:573] Failed to call method: org.freedesktop.DBus.NameHasOwner: object_path= /org/freedesktop/DBus: unknown error type: 
[159:225:0923/084748.408885:ERROR:net/socket/tcp_socket_posix.cc:88] Failed to set TCP_KEEPIDLE on fd: 126: Protocol not available (92)
[159:225:0923/084748.496125:ERROR:net/socket/tcp_socket_posix.cc:88] Failed to set TCP_KEEPIDLE on fd: 127: Protocol not available (92)
[159:159:0923/084749.036676:ERROR:dbus/object_proxy.cc:573] Failed to call method: org.freedesktop.DBus.NameHasOwner: object_path= /org/freedesktop/DBus: unknown error type: 
[159:159:0923/084749.037235:VERBOSE1:ui/base/idle/idle_linux.cc:117] org.cinnamon.ScreenSaver D-Bus service does not exist
[159:189:0923/084749.040130:ERROR:dbus/bus.cc:408] Failed to connect to the bus: Could not parse server address: Unknown address type (examples of valid types are "tcp" and on UNIX "unix")
[159:159:0923/084749.262863:WARNING:dbus/property.cc:94] Failed to connect to PropertiesChangedsignal.
[159:159:0923/084749.277292:ERROR:dbus/object_proxy.cc:573] Failed to call method: org.freedesktop.DBus.Properties.GetAll: object_path= /org/freedesktop/UPower/devices/DisplayDevice: unknown error type: 
[159:159:0923/084749.277899:WARNING:dbus/property.cc:174] GetAll request failed for: org.freedesktop.UPower.Device
[159:188:0923/084749.283940:VERBOSE1:base/files/file_util_posix.cc:317] Cannot stat "/root/input36-chromium-profile/DeferredBrowserMetrics": No such file or directory (2)
[159:188:0923/084749.293238:VERBOSE1:base/files/file_util_posix.cc:317] Cannot stat "/root/input36-chromium-profile/CrashpadMetrics.pma": No such file or directory (2)
[159:188:0923/084749.301847:VERBOSE1:base/files/file_util_posix.cc:317] Cannot stat "/root/input36-chromium-profile/Breadcrumbs": No such file or directory (2)
[159:187:0923/084749.315533:VERBOSE1:base/files/file_util_posix.cc:317] Cannot stat "/root/input36-chromium-profile/Default/Media Cache": No such file or directory (2)
[159:187:0923/084749.357000:VERBOSE1:base/files/file_util_posix.cc:317] Cannot stat "/root/input36-chromium-profile/Default/databases": No such file or directory (2)
[159:188:0923/084749.358853:VERBOSE1:base/files/file_util_posix.cc:317] Cannot stat "/root/input36-chromium-profile/Default/webrtc_event_logs": No such file or directory (2)
[159:159:0923/084750.932613:ERROR:dbus/object_proxy.cc:573] Failed to call method: org.freedesktop.DBus.NameHasOwner: object_path= /org/freedesktop/DBus: unknown error type: 
[159:159:0923/084751.150318:VERBOSE1:components/signin/internal/identity_manager/mutable_profile_oauth2_token_service_delegate.cc:408] MutablePO2TS::RefreshTokenIsAvailable
[159:159:0923/084751.659782:VERBOSE1:chrome/browser/web_applications/locks/partitioned_lock_manager.cc:211] Acquiring <PartitionedLockId>{id: 0x31, partition: 0} for Start@chrome/browser/web_applications/generated_icon_fix_manager.cc:60
[159:159:0923/084751.667753:VERBOSE1:chrome/browser/web_applications/locks/partitioned_lock_manager.cc:193] All locks acquired for Start@chrome/browser/web_applications/generated_icon_fix_manager.cc:60
[159:159:0923/084752.918687:ERROR:dbus/object_proxy.cc:573] Failed to call method: org.freedesktop.DBus.NameHasOwner: object_path= /org/freedesktop/DBus: unknown error type: 
[159:159:0923/084752.919220:VERBOSE1:ui/base/idle/idle_linux.cc:117] org.gnome.ScreenSaver D-Bus service does not exist
[159:189:0923/084752.937219:ERROR:dbus/bus.cc:408] Failed to connect to the bus: Could not parse server address: Unknown address type (examples of valid types are "tcp" and on UNIX "unix")
[159:190:0923/084753.992698:VERBOSE1:components/signin/public/webdata/token_service_table.cc:237] Loaded tokens: result = 3 ; number of tokens loaded = 0
[159:159:0923/084754.405258:VERBOSE1:chrome/browser/web_applications/locks/partitioned_lock_manager.cc:235] Releasing <PartitionedLockId>{id: 0x31, partition: 0} requested by Start@chrome/browser/web_applications/generated_icon_fix_manager.cc:60
[159:159:0923/084754.473232:ERROR:dbus/object_proxy.cc:573] Failed to call method: org.freedesktop.DBus.NameHasOwner: object_path= /org/freedesktop/DBus: unknown error type: 
[159:159:0923/084754.486191:VERBOSE1:ui/base/idle/idle_linux.cc:117] org.mate.ScreenSaver D-Bus service does not exist
[159:189:0923/084754.519335:ERROR:dbus/bus.cc:408] Failed to connect to the bus: Could not parse server address: Unknown address type (examples of valid types are "tcp" and on UNIX "unix")
[159:159:0923/084754.757811:VERBOSE1:components/signin/internal/identity_manager/mutable_profile_oauth2_token_service_delegate.cc:535] MutablePO2TS::OnWebDataServiceRequestDone. Result type: 5
[159:159:0923/084754.758403:VERBOSE1:components/signin/internal/identity_manager/mutable_profile_oauth2_token_service_delegate.cc:592] MutablePO2TS::LoadAllCredentialsIntoMemory; 0 credential(s).
[159:225:0923/084754.960875:VERBOSE1:net/base/network_delegate.cc:37] NetworkDelegate::NotifyBeforeURLRequest: https://www.google.com/async/folae?async=_fmt:pb
[159:159:0923/084755.012852:ERROR:dbus/object_proxy.cc:573] Failed to call method: org.freedesktop.DBus.NameHasOwner: object_path= /org/freedesktop/DBus: unknown error type: 
[159:159:0923/084755.013320:VERBOSE1:ui/base/idle/idle_linux.cc:117] org.xfce.ScreenSaver D-Bus service does not exist
[159:159:0923/084755.013638:WARNING:ui/base/idle/idle_linux.cc:98] None of the known D-Bus ScreenSaver services could be used.
[159:225:0923/084755.056933:VERBOSE1:net/base/network_delegate.cc:37] NetworkDelegate::NotifyBeforeURLRequest: https://android.clients.google.com/checkin
[159:187:0923/084755.125369:VERBOSE1:net/disk_cache/simple/simple_index_file.cc:607] Simple Cache Index is being restored from disk.
[159:187:0923/084755.127931:VERBOSE1:base/files/file_util_posix.cc:317] Cannot stat "/root/input36-chromium-profile/Default/Cache/Cache_Data/index-dir/the-real-index": No such file or directory (2)
[159:215:0923/084755.281682:VERBOSE1:base/files/file_util_posix.cc:317] Cannot stat "/root/input36-chromium-profile/Default/Cache/No_Vary_Search/snapshot-new.baf": No such file or directory (2)
[159:215:0923/084755.343640:VERBOSE1:base/files/file_util_posix.cc:317] Cannot stat "/root/input36-chromium-profile/Default/Cache/No_Vary_Search/journal.baj": No such file or directory (2)
[159:187:0923/084755.423751:VERBOSE1:base/files/file_util_posix.cc:317] Cannot stat "/root/input36-chromium-profile/Default/Cache/Cache_Data/70d96111b776ba72_0": No such file or directory (2)
[159:187:0923/084755.427470:VERBOSE1:base/files/file_util_posix.cc:317] Cannot stat "/root/input36-chromium-profile/Default/Cache/Cache_Data/70d96111b776ba72_1": No such file or directory (2)
[159:187:0923/084755.430690:VERBOSE1:base/files/file_util_posix.cc:317] Cannot stat "/root/input36-chromium-profile/Default/Cache/Cache_Data/70d96111b776ba72_s": No such file or directory (2)
[159:159:0923/084755.791820:VERBOSE1:chrome/browser/web_applications/locks/partitioned_lock_manager.cc:211] Acquiring <PartitionedLockId>{id: 0x31, partition: 0} for SynchronizeInstalledApps@chrome/browser/web_applications/externally_managed_app_manager.cc:186
[159:159:0923/084755.795130:VERBOSE1:chrome/browser/web_applications/locks/partitioned_lock_manager.cc:193] All locks acquired for SynchronizeInstalledApps@chrome/browser/web_applications/externally_managed_app_manager.cc:186
[159:225:0923/084755.947595:ERROR:net/socket/tcp_socket_posix.cc:88] Failed to set TCP_KEEPIDLE on fd: 134: Protocol not available (92)
[159:225:0923/084755.958382:ERROR:net/socket/tcp_socket_posix.cc:88] Failed to set TCP_KEEPIDLE on fd: 164: Protocol not available (92)
[159:225:0923/084756.269839:ERROR:net/socket/tcp_socket_posix.cc:88] Failed to set TCP_KEEPIDLE on fd: 169: Protocol not available (92)
[159:225:0923/084756.283007:ERROR:net/socket/tcp_socket_posix.cc:88] Failed to set TCP_KEEPIDLE on fd: 170: Protocol not available (92)
[159:159:0923/084756.589995:VERBOSE1:chrome/browser/web_applications/locks/partitioned_lock_manager.cc:235] Releasing <PartitionedLockId>{id: 0x31, partition: 0} requested by SynchronizeInstalledApps@chrome/browser/web_applications/externally_managed_app_manager.cc:186
[159:159:0923/084758.501087:VERBOSE1:chrome/browser/profiles/profile_manager.cc:1277] AddKeepAlive(Default, kExtensionUpdater). keep_alives=[kBrowserWindow (1), kExtensionUpdater (1)]
[159:187:0923/084758.575492:VERBOSE1:base/files/file_util_posix.cc:317] Cannot stat "/root/input36-chromium-profile/extensions_crx_cache/metadata.json": No such file or directory (2)
[159:159:0923/084758.586893:VERBOSE1:chrome/browser/profiles/profile_manager.cc:1338] RemoveKeepAlive(Default, kExtensionUpdater). keep_alives=[kBrowserWindow (1)]
[159:159:0923/084758.742719:VERBOSE1:chrome/browser/web_applications/locks/partitioned_lock_manager.cc:211] Acquiring <PartitionedLockId>{id: 0x31, partition: 0} for SynchronizeInstalledApps@chrome/browser/web_applications/externally_managed_app_manager.cc:186
[159:159:0923/084758.743156:VERBOSE1:chrome/browser/web_applications/locks/partitioned_lock_manager.cc:193] All locks acquired for SynchronizeInstalledApps@chrome/browser/web_applications/externally_managed_app_manager.cc:186
[159:159:0923/084758.745671:VERBOSE1:chrome/browser/web_applications/locks/partitioned_lock_manager.cc:235] Releasing <PartitionedLockId>{id: 0x31, partition: 0} requested by SynchronizeInstalledApps@chrome/browser/web_applications/externally_managed_app_manager.cc:186
[159:253:0923/084758.902017:VERBOSE1:extensions/renderer/script_context.cc:150] Created context:
  extension id:           (none)
  frame:                  0x240044fd68
  URL:                    
  context_type:           WEB_PAGE
  effective extension id: (none)
  effective context type: WEB_PAGE
[159:253:0923/084759.020537:VERBOSE1:extensions/renderer/script_context.cc:150] Created context:
  extension id:           (none)
  frame:                  (nil)
  URL:                    
  context_type:           UNSPECIFIED
  effective extension id: (none)
  effective context type: UNSPECIFIED
[159:253:0923/084759.065607:VERBOSE1:extensions/renderer/dispatcher.cc:578] Num tracked contexts: 1
[159:253:0923/084759.482402:VERBOSE1:extensions/renderer/script_context.cc:150] Created context:
  extension id:           nkeimhogjdpnpccoofpliimaahmaaome
  frame:                  0x24004599a0
  URL:                    
  context_type:           BLESSED_EXTENSION
  effective extension id: nkeimhogjdpnpccoofpliimaahmaaome
  effective context type: BLESSED_EXTENSION
[159:253:0923/084759.486049:VERBOSE1:extensions/renderer/script_context.cc:150] Created context:
  extension id:           (none)
  frame:                  (nil)
  URL:                    
  context_type:           UNSPECIFIED
  effective extension id: (none)
  effective context type: UNSPECIFIED
[159:253:0923/084759.511020:VERBOSE1:extensions/renderer/dispatcher.cc:578] Num tracked contexts: 2
[159:253:0923/084818.599089:VERBOSE1:extensions/renderer/dispatcher.cc:780] Num tracked contexts: 1
[159:253:0923/084818.755506:VERBOSE1:extensions/renderer/script_context.cc:163] Destroyed context for extension
  extension id: nkeimhogjdpnpccoofpliimaahmaaome
  effective extension id: nkeimhogjdpnpccoofpliimaahmaaome
[159:253:0923/084818.757181:VERBOSE1:extensions/renderer/script_context.cc:163] Destroyed context for extension
  extension id: 
  effective extension id: 
[159:187:0923/084823.364288:VERBOSE1:components/os_crypt/sync/key_storage_util_linux.cc:46] Password storage detected desktop environment: (unknown)
[159:187:0923/084823.364695:VERBOSE1:components/os_crypt/sync/key_storage_linux.cc:116] Selected backend for OSCrypt: BASIC_TEXT
[159:187:0923/084823.365187:VERBOSE1:components/os_crypt/sync/key_storage_linux.cc:135] OSCrypt did not initialize a backend.
[159:225:0923/084910.679151:ERROR:net/socket/ssl_client_socket_impl.cc:916] handshake failed; returned -1, SSL error code 1, net_error -101
[159:225:0923/084910.691814:ERROR:net/socket/ssl_client_socket_impl.cc:916] handshake failed; returned -1, SSL error code 1, net_error -101
[159:225:0923/084910.700428:ERROR:net/socket/tcp_socket_posix.cc:88] Failed to set TCP_KEEPIDLE on fd: 134: Protocol not available (92)
[159:225:0923/084910.717144:ERROR:net/socket/tcp_socket_posix.cc:88] Failed to set TCP_KEEPIDLE on fd: 97: Protocol not available (92)
[159:225:0923/084911.108091:ERROR:net/socket/ssl_client_socket_impl.cc:916] handshake failed; returned -1, SSL error code 1, net_error -101
[159:225:0923/084911.112262:ERROR:net/socket/tcp_socket_posix.cc:88] Failed to set TCP_KEEPIDLE on fd: 151: Protocol not available (92)
[159:225:0923/084911.118286:ERROR:net/socket/ssl_client_socket_impl.cc:916] handshake failed; returned -1, SSL error code 1, net_error -101
[159:225:0923/084911.121009:ERROR:net/socket/tcp_socket_posix.cc:88] Failed to set TCP_KEEPIDLE on fd: 164: Protocol not available (92)
[159:214:0923/085010.045121:VERBOSE1:chrome/browser/shutdown_signal_handlers_posix.cc:131] Handling shutdown for signal 15.
Wed Sep 23 08:53:17 UTC 2026 [CHROMIUM_LOG_TAIL_END]
Wed Sep 23 08:53:23 UTC 2026 [CHROMIUM_LOG_SYNCED] bytes=32073
Wed Sep 23 08:53:23 UTC 2026 [INPUT36_SUM] socket=/run/user/0/wayland-1
