Date: 2026-09-23 UTC
[08:46:29.428] weston 14.0.2
               https://wayland.freedesktop.org
               Bug reports to: https://gitlab.freedesktop.org/wayland/weston/issues/
               Build: 14.0.2
[08:46:29.432] Command line: weston --backend=drm-backend.so --renderer=pixman --drm-device=card0 --seat=seat0 --idle-time=0 --debug --log=/root/input36-weston.log
[08:46:29.433] OS: Linux, 10.0.0, 10.0.0, aarch64
[08:46:29.433] Flight recorder: enabled
[08:46:29.444] Starting with no config file.
[08:46:29.467] Output repaint window is 7 ms maximum.
[08:46:29.473] Loading module '/usr/lib/libweston-14/drm-backend.so'
[08:46:29.543] initializing drm backend
[08:46:29.547] Trying libseat launcher...
[08:46:29.557] [libseat/libseat.c:62] Seat opened with backend 'seatd'
[08:46:29.558] [libseat/backend/seatd.c:212] Enabling seat
[08:46:29.559] libseat: session control granted
[08:46:29.575] using /dev/dri/card0
[08:46:29.577] DRM: does not support atomic modesetting
[08:46:29.577] DRM: supports GBM modifiers
[08:46:29.578] DRM: does not support Atomic async page flip
[08:46:29.578] DRM: supports picture aspect ratio
[08:46:29.583] Using Pixman renderer
[08:46:29.700] event0  - QEMU Virtio Keyboard: is tagged by udev as: Keyboard
[08:46:29.702] event0  - QEMU Virtio Keyboard: device is a keyboard
[08:46:29.728] event1  - QEMU Virtio Mouse: is tagged by udev as: Mouse
[08:46:29.730] event1  - QEMU Virtio Mouse: device is a pointer
[08:46:30.008] libinput: configuring device "QEMU Virtio Keyboard".
[08:46:30.010] libinput: configuring device "QEMU Virtio Mouse".
[08:46:30.018] DRM: head 'Virtual-1' found, connector 48 is connected, EDID make 'unknown', model 'unknown', serial ''
               Supported EOTF modes: SDR
               Supported colorimetry modes: default
[08:46:30.022] Registered plugin API 'weston_drm_output_api_v1' of size 40
[08:46:30.023] Registered plugin API 'weston_drm_virtual_output_api_v2' of size 48
[08:46:30.025] Color manager: no-op
                 protocol support: no
[08:46:30.038] Output 'Virtual-1' attempts EOTF mode SDR and colorimetry mode default.
[08:46:30.039] Output 'Virtual-1' using color profile: stock sRGB color profile
[08:46:30.066] DRM: output Virtual-1 uses shadow framebuffer.
[08:46:30.066] Output Virtual-1 (crtc 16) video modes:
               current@60.0, current, 70.6 MHz
[08:46:30.069] associating input device event0 with output Virtual-1 (none by udev)
[08:46:30.070] associating input device event1 with output Virtual-1 (none by udev)
[08:46:30.071] Output 'Virtual-1' enabled with head(s) Virtual-1
[08:46:30.072] Compositor capabilities:
               arbitrary surface rotation: yes
               screen capture uses y-flip: no
               cursor planes: yes
               arbitrary resolutions: no
               view mask clipping: yes
               explicit sync: no
               color operations: no
               presentation clock: CLOCK_MONOTONIC, id 1
               presentation clock resolution: 0.000001000 s
[08:46:30.082] Loading module '/usr/lib/weston/desktop-shell.so'
[08:46:30.109] launching '/usr/libexec/weston-keyboard'
[08:46:30.144] launching '/usr/libexec/weston-desktop-shell'
