Tue Sep 22 04:33:30 UTC 2026 [t5] pid=188 st=S type=(browser/none)
Tue Sep 22 04:33:33 UTC 2026 [t5] pid=198 st=S type=crashpad-handler
Tue Sep 22 04:33:43 UTC 2026 [t10] pid=188 st=S type=(browser/none)
Tue Sep 22 04:33:45 UTC 2026 [t10] pid=198 st=S type=crashpad-handler
Tue Sep 22 04:33:47 UTC 2026 [t10] pid=205 st=S type=crashpad-handler
Tue Sep 22 04:33:55 UTC 2026 [t15] pid=188 st=R type=(browser/none)
Tue Sep 22 04:33:56 UTC 2026 [t15] pid=198 st=S type=crashpad-handler
Tue Sep 22 04:33:57 UTC 2026 [t15] pid=205 st=S type=crashpad-handler
Tue Sep 22 04:34:08 UTC 2026 [t20] pid=188 st=R type=(browser/none)
Tue Sep 22 04:34:09 UTC 2026 [t20] pid=198 st=S type=crashpad-handler
Tue Sep 22 04:34:10 UTC 2026 [t20] pid=205 st=S type=crashpad-handler
Tue Sep 22 04:34:11 UTC 2026 [t20] pid=319 st=R type=utility
Tue Sep 22 04:34:20 UTC 2026 [t25] pid=188 st=R type=(browser/none)
Tue Sep 22 04:34:22 UTC 2026 [t25] pid=198 st=S type=crashpad-handler
Tue Sep 22 04:34:24 UTC 2026 [t25] pid=205 st=S type=crashpad-handler
Tue Sep 22 04:34:25 UTC 2026 [t25] pid=319 st=S type=utility
Tue Sep 22 04:34:34 UTC 2026 [t30] pid=188 st=R type=(browser/none)
Tue Sep 22 04:34:35 UTC 2026 [t30] pid=198 st=S type=crashpad-handler
Tue Sep 22 04:34:37 UTC 2026 [t30] pid=205 st=S type=crashpad-handler
Tue Sep 22 04:34:38 UTC 2026 [t30] pid=319 st=S type=utility
