Date: 2026-09-28 UTC
[11:59:52.869] weston 14.0.2
               https://wayland.freedesktop.org
               Bug reports to: https://gitlab.freedesktop.org/wayland/weston/issues/
               Build: 14.0.2
[11:59:52.873] Command line: weston --backend=drm-backend.so --renderer=pixman --drm-device=card0 --seat=seat0 --idle-time=0 --debug --log=/root/mp-weston.log
[11:59:52.873] OS: Linux, 10.0.0, 10.0.0, aarch64
[11:59:52.874] Flight recorder: enabled
[11:59:52.885] Starting with no config file.
[11:59:52.912] Output repaint window is 7 ms maximum.
[11:59:52.920] Loading module '/usr/lib/libweston-14/drm-backend.so'
[11:59:53.016] initializing drm backend
[11:59:53.019] Trying libseat launcher...
[11:59:53.033] [libseat/libseat.c:62] Seat opened with backend 'seatd'
[11:59:53.034] [libseat/backend/seatd.c:212] Enabling seat
[11:59:53.034] libseat: session control granted
[11:59:53.056] using /dev/dri/card0
[11:59:53.059] DRM: does not support atomic modesetting
[11:59:53.059] DRM: supports GBM modifiers
[11:59:53.059] DRM: does not support Atomic async page flip
[11:59:53.059] DRM: supports picture aspect ratio
[11:59:53.064] Using Pixman renderer
[11:59:53.277] event0  - QEMU Virtio Keyboard: is tagged by udev as: Keyboard
[11:59:53.281] event0  - QEMU Virtio Keyboard: device is a keyboard
[11:59:53.311] event1  - QEMU Virtio Mouse: is tagged by udev as: Mouse
[11:59:53.312] event1  - QEMU Virtio Mouse: device is a pointer
[11:59:53.578] libinput: configuring device "QEMU Virtio Keyboard".
[11:59:53.580] libinput: configuring device "QEMU Virtio Mouse".
[11:59:53.590] DRM: head 'Virtual-1' found, connector 48 is connected, EDID make 'unknown', model 'unknown', serial ''
               Supported EOTF modes: SDR
               Supported colorimetry modes: default
[11:59:53.595] Registered plugin API 'weston_drm_output_api_v1' of size 40
[11:59:53.595] Registered plugin API 'weston_drm_virtual_output_api_v2' of size 48
[11:59:53.597] Color manager: no-op
                 protocol support: no
[11:59:53.611] Output 'Virtual-1' attempts EOTF mode SDR and colorimetry mode default.
[11:59:53.612] Output 'Virtual-1' using color profile: stock sRGB color profile
[11:59:53.639] DRM: output Virtual-1 uses shadow framebuffer.
[11:59:53.639] Output Virtual-1 (crtc 16) video modes:
               current@60.0, current, 70.6 MHz
[11:59:53.642] associating input device event0 with output Virtual-1 (none by udev)
[11:59:53.642] associating input device event1 with output Virtual-1 (none by udev)
[11:59:53.644] Output 'Virtual-1' enabled with head(s) Virtual-1
[11:59:53.644] Compositor capabilities:
               arbitrary surface rotation: yes
               screen capture uses y-flip: no
               cursor planes: yes
               arbitrary resolutions: no
               view mask clipping: yes
               explicit sync: no
               color operations: no
               presentation clock: CLOCK_MONOTONIC, id 1
               presentation clock resolution: 0.000001000 s
[11:59:53.654] Loading module '/usr/lib/weston/desktop-shell.so'
[11:59:53.710] launching '/usr/libexec/weston-keyboard'
[11:59:53.830] launching '/usr/libexec/weston-desktop-shell'
