fetch http://mirrors.tuna.tsinghua.edu.cn/alpine/v3.22/main/aarch64/APKINDEX.tar.gz
fetch http://mirrors.tuna.tsinghua.edu.cn/alpine/v3.22/community/aarch64/APKINDEX.tar.gz
v3.22.6-2-gae7e358ab5f [http://mirrors.tuna.tsinghua.edu.cn/alpine/v3.22/main]
v3.22.5-142-g17748e49b18 [http://mirrors.tuna.tsinghua.edu.cn/alpine/v3.22/community]
OK: 26178 distinct packages available
fetch http://mirrors.tuna.tsinghua.edu.cn/alpine/v3.22/main/aarch64/APKINDEX.tar.gz
fetch http://mirrors.tuna.tsinghua.edu.cn/alpine/v3.22/community/aarch64/APKINDEX.tar.gz
(1/26) Installing seatd (0.9.1-r0)
Executing seatd-0.9.1-r0.pre-install
Executing seatd-0.9.1-r0.post-install
* If you need seatd-launch SUID binary, install it: apk add cmd:seatd-launch.
(2/26) Installing mesa-gles (25.1.9-r0)
(3/26) Installing libxv (1.0.13-r0)
(4/26) Installing cdparanoia-libs (10.2-r14)
(5/26) Installing graphene (1.10.8-r5)
(6/26) Installing gstreamer (1.26.3-r0)
(7/26) Installing libcap2 (2.78-r0)
(8/26) Installing gstreamer-ptp-helper (1.26.3-r0)
(9/26) Installing gst-plugins-base (1.26.3-r0)
(10/26) Installing libweston (14.0.2-r1)
(11/26) Installing weston (14.0.2-r1)
Executing weston-14.0.2-r1.pre-install
(12/26) Installing libdisplay-info (0.2.0-r0)
(13/26) Installing libelogind (252.24-r1)
(14/26) Installing libseat (0.9.1-r0)
(15/26) Installing weston-backend-drm (14.0.2-r1)
(16/26) Installing weston-clients (14.0.2-r1)
(17/26) Installing weston-shell-desktop (14.0.2-r1)
(18/26) Installing weston-xwayland (14.0.2-r1)
(19/26) Installing libxaw (1.0.16-r1)
(20/26) Installing xclock (1.1.1-r0)
(21/26) Installing ncurses-terminfo-base (6.5_p20250503-r0)
(22/26) Installing libncursesw (6.5_p20250503-r0)
(23/26) Installing xterm (399-r0)
(24/26) Installing libtirpc-conf (1.3.5-r0)
(25/26) Installing libtirpc-nokrb (1.3.5-r0)
(26/26) Installing xwayland (24.1.9-r0)
Executing busybox-1.37.0-r18.trigger
OK: 974 MiB in 262 packages
