Date: 2026-10-02 UTC
[08:00:06.059] weston 14.0.2
               https://wayland.freedesktop.org
               Bug reports to: https://gitlab.freedesktop.org/wayland/weston/issues/
               Build: 14.0.2
[08:00:06.064] Command line: weston --backend=drm-backend.so --renderer=pixman --drm-device=card0 --seat=seat0 --idle-time=0 --debug --log=/root/single-weston.log
[08:00:06.065] OS: Linux, 10.0.0, 10.0.0, aarch64
[08:00:06.065] Flight recorder: enabled
[08:00:06.080] Starting with no config file.
[08:00:06.115] Output repaint window is 7 ms maximum.
[08:00:06.124] Loading module '/usr/lib/libweston-14/drm-backend.so'
[08:00:06.219] initializing drm backend
[08:00:06.223] Trying libseat launcher...
[08:00:06.245] [libseat/libseat.c:62] Seat opened with backend 'seatd'
[08:00:06.246] [libseat/backend/seatd.c:212] Enabling seat
[08:00:06.247] libseat: session control granted
[08:00:06.273] using /dev/dri/card0
[08:00:06.276] DRM: does not support atomic modesetting
[08:00:06.277] DRM: supports GBM modifiers
[08:00:06.277] DRM: does not support Atomic async page flip
[08:00:06.277] DRM: supports picture aspect ratio
[08:00:06.283] Using Pixman renderer
[08:00:06.537] event0  - QEMU Virtio Keyboard: is tagged by udev as: Keyboard
[08:00:06.543] event0  - QEMU Virtio Keyboard: device is a keyboard
[08:00:06.572] event1  - QEMU Virtio Mouse: is tagged by udev as: Mouse
[08:00:06.573] event1  - QEMU Virtio Mouse: device is a pointer
[08:00:07.056] libinput: configuring device "QEMU Virtio Keyboard".
[08:00:07.058] libinput: configuring device "QEMU Virtio Mouse".
[08:00:07.069] DRM: head 'Virtual-1' found, connector 48 is connected, EDID make 'unknown', model 'unknown', serial ''
               Supported EOTF modes: SDR
               Supported colorimetry modes: default
[08:00:07.074] Registered plugin API 'weston_drm_output_api_v1' of size 40
[08:00:07.074] Registered plugin API 'weston_drm_virtual_output_api_v2' of size 48
[08:00:07.077] Color manager: no-op
                 protocol support: no
[08:00:07.114] Output 'Virtual-1' attempts EOTF mode SDR and colorimetry mode default.
[08:00:07.114] Output 'Virtual-1' using color profile: stock sRGB color profile
[08:00:07.151] DRM: output Virtual-1 uses shadow framebuffer.
[08:00:07.152] Output Virtual-1 (crtc 16) video modes:
               current@60.0, current, 70.6 MHz
[08:00:07.155] associating input device event0 with output Virtual-1 (none by udev)
[08:00:07.155] associating input device event1 with output Virtual-1 (none by udev)
[08:00:07.157] Output 'Virtual-1' enabled with head(s) Virtual-1
[08:00:07.157] Compositor capabilities:
               arbitrary surface rotation: yes
               screen capture uses y-flip: no
               cursor planes: yes
               arbitrary resolutions: no
               view mask clipping: yes
               explicit sync: no
               color operations: no
               presentation clock: CLOCK_MONOTONIC, id 1
               presentation clock resolution: 0.000001000 s
[08:00:07.169] Loading module '/usr/lib/weston/desktop-shell.so'
[08:00:07.200] launching '/usr/libexec/weston-keyboard'
[08:00:07.245] launching '/usr/libexec/weston-desktop-shell'
