[48:48:1002/080014.662426:VERBOSE1:chrome/app/chrome_crash_reporter_client.cc:199] GetCollectStatsConsent(): is_official_chrome_build is false so returning false
[48:48:1002/080017.712393:VERBOSE1:chrome/app/chrome_crash_reporter_client.cc:199] GetCollectStatsConsent(): is_official_chrome_build is false so returning false
[48:48:1002/080019.243716:VERBOSE1:components/policy/core/common/config_dir_policy_loader.cc:116] Found mandatory policy file: /etc/chromium/policies/managed/kiosk.json
[48:48:1002/080019.326158:VERBOSE1:components/policy/core/common/config_dir_policy_loader.cc:121] Skipping recommended platform policies because no policy file was found at: /etc/chromium/policies/recommended
[48:48:1002/080020.172128:VERBOSE1:components/variations/service/variations_field_trial_creator.cc:80] VariationsSeedUsage:2
[48:48:1002/080020.204279:VERBOSE1:components/variations/service/variations_field_trial_creator.cc:353] VariationsSetupComplete
[48:64:1002/080020.893162:VERBOSE1:base/files/file_util_posix.cc:317] Cannot stat "/root/single-initial-profile/VariationsSeedV1": No such file or directory (2)
[48:67:1002/080021.104660:ERROR:dbus/bus.cc:408] Failed to connect to the bus: Failed to connect to socket /run/dbus/system_bus_socket: No such file or directory
[48:48:1002/080021.651460:WARNING:ui/ozone/platform/wayland/ozone_platform_wayland.cc:272] Failed to initialize drm render node handle.
[48:48:1002/080021.755492:WARNING:ui/ozone/platform/wayland/common/wayland_object.cc:119] Binding to wl_shm version 1 but version 2 is available.
[48:48:1002/080035.218619:VERBOSE1:chrome/browser/media/webrtc/webrtc_event_log_manager.cc:122] WebRTC remote-bound event logging enabled.
[48:48:1002/080035.374306:VERBOSE1:components/proxy_config/pref_proxy_config_tracker_impl.cc:199] 0x3400195500: set chrome proxy config service to 0x340008abe0
[48:48:1002/080035.418754:VERBOSE1:google_apis/api_key_cache.cc:99] Using default value "497550622367-ubtkmd3b2pp5gulba5n6ha6sq4n35ehj.apps.googleusercontent.com" for API key GOOGLE_CLIENT_ID_MAIN
[48:48:1002/080035.420083:VERBOSE1:google_apis/api_key_cache.cc:99] Using default value "NaCX8tIIAphrjs56n3TpHx_e" for API key GOOGLE_CLIENT_SECRET_MAIN
[48:48:1002/080035.421310:VERBOSE1:google_apis/api_key_cache.cc:99] Using default value "497550622367-ubtkmd3b2pp5gulba5n6ha6sq4n35ehj.apps.googleusercontent.com" for API key GOOGLE_CLIENT_ID_REMOTING
[48:48:1002/080035.421642:VERBOSE1:google_apis/api_key_cache.cc:99] Using default value "NaCX8tIIAphrjs56n3TpHx_e" for API key GOOGLE_CLIENT_SECRET_REMOTING
[48:48:1002/080035.421925:VERBOSE1:google_apis/api_key_cache.cc:99] Using default value "497550622367-ubtkmd3b2pp5gulba5n6ha6sq4n35ehj.apps.googleusercontent.com" for API key GOOGLE_CLIENT_ID_REMOTING_HOST
[48:48:1002/080035.423383:VERBOSE1:google_apis/api_key_cache.cc:99] Using default value "NaCX8tIIAphrjs56n3TpHx_e" for API key GOOGLE_CLIENT_SECRET_REMOTING_HOST
[48:48:1002/080036.394713:VERBOSE1:components/device_event_log/device_event_log_impl.cc:200] [08:00:35.857] Display: EVENT: wayland_screen.cc:144 Displays updated, count: 1
[48:48:1002/080036.404105:VERBOSE1:components/device_event_log/device_event_log_impl.cc:200] [08:00:36.402] Display: EVENT: wayland_screen.cc:147 Display[16] bounds=[0,0 1280x800], workarea=[0,0 1280x800], scale=1, rotation=0, panel_rotation=0 external detected
[48:67:1002/080036.557001:ERROR:dbus/bus.cc:408] Failed to connect to the bus: Could not parse server address: Unknown address type (examples of valid types are "tcp" and on UNIX "unix")
[48:67:1002/080036.573589:ERROR:dbus/bus.cc:408] Failed to connect to the bus: Failed to connect to socket /run/dbus/system_bus_socket: No such file or directory
[48:67:1002/080036.592127:ERROR:dbus/bus.cc:408] Failed to connect to the bus: Failed to connect to socket /run/dbus/system_bus_socket: No such file or directory
[48:82:1002/080036.691565:VERBOSE1:base/files/file_util_posix.cc:317] Cannot stat "/root/single-initial-profile/component_crx_cache/metadata.json": No such file or directory (2)
[48:86:1002/080037.159700:WARNING:ui/ozone/platform/wayland/ozone_platform_wayland.cc:325] Failed to find drm render node path.
[48:86:1002/080037.168108:WARNING:ui/ozone/platform/wayland/gpu/wayland_buffer_manager_gpu.cc:458] Failed to initialize drm render node handle.
[48:48:1002/080037.687352:VERBOSE1:media/audio/pulse/pulse_util.cc:256] Failed to connect to the context.  Error: Connection refused
[48:48:1002/080037.701226:WARNING:media/audio/linux/audio_manager_linux.cc:54] Falling back to ALSA for audio output. PulseAudio is not available or could not be initialized.
[48:69:1002/080037.928235:VERBOSE1:content/browser/renderer_host/media/media_stream_manager.cc:1555] MSM::InitializeMaybeAsync([this=0x340016b980])
[48:69:1002/080037.960550:VERBOSE1:content/browser/renderer_host/media/media_stream_manager.cc:1555] MDM::MediaDevicesManager()
[48:69:1002/080037.976541:VERBOSE1:content/browser/renderer_host/media/media_stream_manager.cc:1555] MSM::MediaStreamManager([this=0x340016b980]))
[48:64:1002/080038.215035:VERBOSE1:base/files/file_util_posix.cc:317] Cannot stat "/root/single-initial-profile/Consent To Send Stats": No such file or directory (2)
[48:48:1002/080038.589289:ERROR:chrome/browser/net/system_network_context_manager.cc:953] Cannot use V8 Proxy resolver in single process mode.
[48:48:1002/080038.825954:VERBOSE1:components/enterprise/browser/controller/chrome_browser_cloud_management_controller.cc:171] Cloud management controller initialization aborted as CBCM is not enabled. Please use the `--enable-chrome-browser-cloud-management` command line flag to enable it if you are not using the official Google Chrome build.
[48:48:1002/080042.400089:VERBOSE1:chrome/browser/signin/account_consistency_mode_manager.cc:207] Desktop Identity Consistency disabled as sign-in to Chrome is not allowed
[48:48:1002/080042.546275:VERBOSE1:components/device_event_log/device_event_log_impl.cc:200] [08:00:42.536] Bluetooth: EVENT: bluetooth_api.cc:82 BluetoothAPI: 0x340067f080
[48:48:1002/080042.616559:VERBOSE2:components/content_settings/core/browser/content_settings_policy_provider.cc:452] Skipping unset preference: profile.managed_automatic_fullscreen_allowed_for_urls
[48:48:1002/080042.618226:VERBOSE2:components/content_settings/core/browser/content_settings_policy_provider.cc:452] Skipping unset preference: profile.managed_automatic_fullscreen_blocked_for_urls
[48:48:1002/080042.618683:VERBOSE2:components/content_settings/core/browser/content_settings_policy_provider.cc:452] Skipping unset preference: profile.managed_cookies_allowed_for_urls
[48:48:1002/080042.619128:VERBOSE2:components/content_settings/core/browser/content_settings_policy_provider.cc:452] Skipping unset preference: profile.managed_cookies_blocked_for_urls
[48:48:1002/080042.619834:VERBOSE2:components/content_settings/core/browser/content_settings_policy_provider.cc:452] Skipping unset preference: profile.managed_cookies_sessiononly_for_urls
[48:48:1002/080042.620703:VERBOSE2:components/content_settings/core/browser/content_settings_policy_provider.cc:452] Skipping unset preference: profile.managed_access_to_get_all_screens_media_in_session_allowed_for_urls
[48:48:1002/080042.621187:VERBOSE2:components/content_settings/core/browser/content_settings_policy_provider.cc:452] Skipping unset preference: profile.managed_images_allowed_for_urls
[48:48:1002/080042.621793:VERBOSE2:components/content_settings/core/browser/content_settings_policy_provider.cc:452] Skipping unset preference: profile.managed_images_blocked_for_urls
[48:48:1002/080042.622023:VERBOSE2:components/content_settings/core/browser/content_settings_policy_provider.cc:452] Skipping unset preference: profile.managed_insecure_content_allowed_for_urls
[48:48:1002/080042.626207:VERBOSE2:components/content_settings/core/browser/content_settings_policy_provider.cc:452] Skipping unset preference: profile.managed_insecure_content_blocked_for_urls
[48:48:1002/080042.626632:VERBOSE2:components/content_settings/core/browser/content_settings_policy_provider.cc:452] Skipping unset preference: profile.managed_javascript_allowed_for_urls
[48:48:1002/080042.627319:VERBOSE2:components/content_settings/core/browser/content_settings_policy_provider.cc:452] Skipping unset preference: profile.managed_javascript_blocked_for_urls
[48:48:1002/080042.627876:VERBOSE2:components/content_settings/core/browser/content_settings_policy_provider.cc:452] Skipping unset preference: profile.managed_clipboard_allowed_for_urls
[48:48:1002/080042.628222:VERBOSE2:components/content_settings/core/browser/content_settings_policy_provider.cc:452] Skipping unset preference: profile.managed_clipboard_blocked_for_urls
[48:48:1002/080042.628719:VERBOSE2:components/content_settings/core/browser/content_settings_policy_provider.cc:452] Skipping unset preference: profile.managed_notifications_allowed_for_urls
[48:48:1002/080042.628975:VERBOSE2:components/content_settings/core/browser/content_settings_policy_provider.cc:452] Skipping unset preference: profile.managed_notifications_blocked_for_urls
[48:48:1002/080042.629360:VERBOSE2:components/content_settings/core/browser/content_settings_policy_provider.cc:452] Skipping unset preference: profile.managed_popups_allowed_for_urls
[48:48:1002/080042.629613:VERBOSE2:components/content_settings/core/browser/content_settings_policy_provider.cc:452] Skipping unset preference: profile.managed_popups_blocked_for_urls
[48:48:1002/080042.630111:VERBOSE2:components/content_settings/core/browser/content_settings_policy_provider.cc:452] Skipping unset preference: profile.managed_web_usb_ask_for_urls
[48:48:1002/080042.630430:VERBOSE2:components/content_settings/core/browser/content_settings_policy_provider.cc:452] Skipping unset preference: profile.managed_web_usb_blocked_for_urls
[48:48:1002/080042.630726:VERBOSE2:components/content_settings/core/browser/content_settings_policy_provider.cc:452] Skipping unset preference: profile.managed_file_system_read_ask_for_urls
[48:48:1002/080042.631025:VERBOSE2:components/content_settings/core/browser/content_settings_policy_provider.cc:452] Skipping unset preference: profile.managed_file_system_read_blocked_for_urls
[48:48:1002/080042.631387:VERBOSE2:components/content_settings/core/browser/content_settings_policy_provider.cc:452] Skipping unset preference: profile.managed_file_system_write_ask_for_urls
[48:48:1002/080042.631720:VERBOSE2:components/content_settings/core/browser/content_settings_policy_provider.cc:452] Skipping unset preference: profile.managed_file_system_write_blocked_for_urls
[48:48:1002/080042.631969:VERBOSE2:components/content_settings/core/browser/content_settings_policy_provider.cc:452] Skipping unset preference: profile.managed_legacy_cookie_access_allowed_for_domains
[48:48:1002/080042.632380:VERBOSE2:components/content_settings/core/browser/content_settings_policy_provider.cc:452] Skipping unset preference: profile.managed_default_content_settings.legacy_cookie_scope
[48:48:1002/080042.632724:VERBOSE2:components/content_settings/core/browser/content_settings_policy_provider.cc:452] Skipping unset preference: profile.managed_legacy_cookie_scope_for_domains
[48:48:1002/080042.633050:VERBOSE2:components/content_settings/core/browser/content_settings_policy_provider.cc:452] Skipping unset preference: profile.managed_serial_ask_for_urls
[48:48:1002/080042.633293:VERBOSE2:components/content_settings/core/browser/content_settings_policy_provider.cc:452] Skipping unset preference: profile.managed_serial_blocked_for_urls
[48:48:1002/080042.633641:VERBOSE2:components/content_settings/core/browser/content_settings_policy_provider.cc:452] Skipping unset preference: profile.managed_sensors_allowed_for_urls
[48:48:1002/080042.633944:VERBOSE2:components/content_settings/core/browser/content_settings_policy_provider.cc:452] Skipping unset preference: profile.managed_sensors_blocked_for_urls
[48:48:1002/080042.634437:VERBOSE2:components/content_settings/core/browser/content_settings_policy_provider.cc:452] Skipping unset preference: profile.managed_javascript_jit_allowed_for_sites
[48:48:1002/080042.634723:VERBOSE2:components/content_settings/core/browser/content_settings_policy_provider.cc:452] Skipping unset preference: profile.managed_javascript_jit_blocked_for_sites
[48:48:1002/080042.635117:VERBOSE2:components/content_settings/core/browser/content_settings_policy_provider.cc:452] Skipping unset preference: profile.managed_javascript_optimizer_allowed_for_sites
[48:48:1002/080042.635499:VERBOSE2:components/content_settings/core/browser/content_settings_policy_provider.cc:452] Skipping unset preference: profile.managed_javascript_optimizer_blocked_for_sites
[48:48:1002/080042.635906:VERBOSE2:components/content_settings/core/browser/content_settings_policy_provider.cc:452] Skipping unset preference: profile.managed_web_hid_ask_for_urls
[48:48:1002/080042.637930:VERBOSE2:components/content_settings/core/browser/content_settings_policy_provider.cc:452] Skipping unset preference: profile.managed_web_hid_blocked_for_urls
[48:48:1002/080042.638313:VERBOSE2:components/content_settings/core/browser/content_settings_policy_provider.cc:452] Skipping unset preference: profile.managed_window_management_allowed_for_urls
[48:48:1002/080042.638500:VERBOSE2:components/content_settings/core/browser/content_settings_policy_provider.cc:452] Skipping unset preference: profile.managed_window_management_blocked_for_urls
[48:48:1002/080042.638678:VERBOSE2:components/content_settings/core/browser/content_settings_policy_provider.cc:452] Skipping unset preference: profile.managed_local_fonts_allowed_for_urls
[48:48:1002/080042.638858:VERBOSE2:components/content_settings/core/browser/content_settings_policy_provider.cc:452] Skipping unset preference: profile.managed_local_fonts_blocked_for_urls
[48:48:1002/080042.641580:VERBOSE2:components/content_settings/core/browser/content_settings_policy_provider.cc:452] Skipping unset preference: profile.managed_third_party_storage_partitioning_blocked_for_origins
[48:48:1002/080042.641792:VERBOSE2:components/content_settings/core/browser/content_settings_policy_provider.cc:452] Skipping unset preference: profile.managed_web_printing_allowed_for_urls
[48:48:1002/080042.641969:VERBOSE2:components/content_settings/core/browser/content_settings_policy_provider.cc:452] Skipping unset preference: profile.managed_web_printing_blocked_for_urls
[48:48:1002/080042.642146:VERBOSE2:components/content_settings/core/browser/content_settings_policy_provider.cc:452] Skipping unset preference: profile.managed_direct_sockets_allowed_for_urls
[48:48:1002/080042.642340:VERBOSE2:components/content_settings/core/browser/content_settings_policy_provider.cc:452] Skipping unset preference: profile.managed_direct_sockets_blocked_for_urls
[48:48:1002/080042.642518:VERBOSE2:components/content_settings/core/browser/content_settings_policy_provider.cc:452] Skipping unset preference: profile.managed_direct_sockets_pna_allowed_for_urls
[48:48:1002/080042.642718:VERBOSE2:components/content_settings/core/browser/content_settings_policy_provider.cc:452] Skipping unset preference: profile.managed_direct_sockets_pna_blocked_for_urls
[48:48:1002/080042.643235:VERBOSE2:components/content_settings/core/browser/content_settings_policy_provider.cc:452] Skipping unset preference: profile.managed_controlled_frame_allowed_for_urls
[48:48:1002/080042.643541:VERBOSE2:components/content_settings/core/browser/content_settings_policy_provider.cc:452] Skipping unset preference: profile.managed_controlled_frame_blocked_for_urls
[48:48:1002/080042.644140:VERBOSE2:components/content_settings/core/browser/content_settings_policy_provider.cc:452] Skipping unset preference: profile.managed_local_network_access_allowed_for_urls
[48:48:1002/080042.644396:VERBOSE2:components/content_settings/core/browser/content_settings_policy_provider.cc:452] Skipping unset preference: profile.managed_local_network_access_blocked_for_urls
[48:48:1002/080042.644685:VERBOSE2:components/content_settings/core/browser/content_settings_policy_provider.cc:530] Skipping unset preference: profile.managed_auto_select_certificate_for_urls
[48:65:1002/080043.118950:VERBOSE1:base/files/file_util_posix.cc:317] Cannot stat "/root/single-initial-profile/Default/Web Applications/Logs/WebAppInstallManager.log": No such file or directory (2)
[48:67:1002/080043.765341:ERROR:dbus/bus.cc:408] Failed to connect to the bus: Could not parse server address: Unknown address type (examples of valid types are "tcp" and on UNIX "unix")
[48:86:1002/080043.787756:ERROR:media/gpu/vaapi/vaapi_wrapper.cc:1622] Could not get a valid VA display
[48:86:1002/080043.938340:VERBOSE1:components/viz/service/main/viz_main_impl.cc:86] VizNullHypothesis is disabled (not a warning)
[48:48:1002/080044.179930:VERBOSE1:components/proxy_config/pref_proxy_config_tracker_impl.cc:199] 0x3400197000: set chrome proxy config service to 0x340008e320
[48:48:1002/080044.199784:ERROR:chrome/browser/net/system_network_context_manager.cc:953] Cannot use V8 Proxy resolver in single process mode.
[48:48:1002/080044.233680:VERBOSE1:chrome/browser/signin/account_consistency_mode_manager.cc:207] Desktop Identity Consistency disabled as sign-in to Chrome is not allowed
[48:48:1002/080044.366053:VERBOSE1:components/signin/internal/identity_manager/mutable_profile_oauth2_token_service_delegate.cc:318] MutablePO2TS::MutablePO2TS
[48:65:1002/080044.972128:VERBOSE1:net/disk_cache/simple/simple_index_file.cc:607] Simple Cache Index is being restored from disk.
[48:64:1002/080044.976845:VERBOSE1:net/disk_cache/simple/simple_index_file.cc:607] Simple Cache Index is being restored from disk.
[48:65:1002/080044.976940:VERBOSE1:base/files/file_util_posix.cc:317] Cannot stat "/root/single-initial-profile/Default/Code Cache/js/index-dir/the-real-index": No such file or directory (2)
[48:64:1002/080044.977904:VERBOSE1:base/files/file_util_posix.cc:317] Cannot stat "/root/single-initial-profile/Default/Code Cache/wasm/index-dir/the-real-index": No such file or directory (2)
[48:48:1002/080045.046561:VERBOSE1:components/proxy_config/pref_proxy_config_tracker_impl.cc:199] 0x3400198200: set chrome proxy config service to 0x3400091c00
[48:48:1002/080045.618142:VERBOSE1:chrome/browser/signin/account_consistency_mode_manager.cc:207] Desktop Identity Consistency disabled as sign-in to Chrome is not allowed
[48:48:1002/080045.780879:VERBOSE1:extensions/browser/api/bluetooth_low_energy/bluetooth_low_energy_event_router.cc:291] Initializing BluetoothLowEnergyEventRouter.
[48:48:1002/080045.926409:VERBOSE1:chrome/browser/permissions/prediction_service/prediction_model_handler_provider_factory.cc:58] [PermissionsAI]: PredictionModelHandlerProviderFactory::BuildServiceInstanceForBrowserContext
[48:48:1002/080045.926748:VERBOSE1:chrome/browser/permissions/prediction_service/prediction_model_handler_provider_factory.cc:66] [PermissionsAI]: OptimizationGuideKeyedService not available.
[48:48:1002/080046.912128:VERBOSE1:extensions/browser/extension_registrar.cc:521] AddComponentExtension Web Store
[48:48:1002/080046.914361:VERBOSE1:extensions/browser/extension_registrar.cc:523] Component extension Web Store (ahfgeienlihckogmohjhadlkjgocpleb) installing/upgrading from '' to 0.2
[48:48:1002/080047.340123:VERBOSE1:extensions/browser/extension_registrar.cc:521] AddComponentExtension Chromium PDF Viewer
[48:48:1002/080047.340502:VERBOSE1:extensions/browser/extension_registrar.cc:523] Component extension Chromium PDF Viewer (mhjfbmdgcfjbbpaeojofohoefgiehjai) installing/upgrading from '' to 1
[48:48:1002/080047.385076:VERBOSE1:extensions/browser/extension_registrar.cc:521] AddComponentExtension Google Hangouts
[48:48:1002/080047.385393:VERBOSE1:extensions/browser/extension_registrar.cc:523] Component extension Google Hangouts (nkeimhogjdpnpccoofpliimaahmaaome) installing/upgrading from '' to 1.3.26
[48:48:1002/080047.420653:VERBOSE1:components/signin/internal/identity_manager/mutable_profile_oauth2_token_service_delegate.cc:408] MutablePO2TS::RefreshTokenIsAvailable
[48:48:1002/080047.424773:VERBOSE1:components/signin/internal/identity_manager/mutable_profile_oauth2_token_service_delegate.cc:408] MutablePO2TS::RefreshTokenIsAvailable
[48:48:1002/080047.431866:VERBOSE1:chrome/browser/signin/account_consistency_mode_manager.cc:207] Desktop Identity Consistency disabled as sign-in to Chrome is not allowed
[48:48:1002/080047.434327:VERBOSE1:components/signin/core/browser/account_reconcilor.cc:165] AccountReconcilor::AccountReconcilor
[48:48:1002/080047.434715:VERBOSE1:components/signin/core/browser/account_reconcilor.cc:203] AccountReconcilor::Initialize
[48:48:1002/080047.522198:ERROR:chrome/browser/net/system_network_context_manager.cc:953] Cannot use V8 Proxy resolver in single process mode.
[48:64:1002/080047.541746:VERBOSE1:base/files/file_util_posix.cc:317] Cannot stat "/root/single-initial-profile/Default/Policy/User Policy": No such file or directory (2)
[48:64:1002/080047.542676:VERBOSE1:base/files/file_util_posix.cc:317] Cannot stat "/root/single-initial-profile/Default/Policy/Signing Key": No such file or directory (2)
[48:48:1002/080047.709755:VERBOSE1:chrome/browser/profiles/profile_manager.cc:1277] AddKeepAlive(Default, kBrowserWindow). keep_alives=[kWaitingForFirstBrowserWindow (1), kBrowserWindow (1)]
[48:48:1002/080047.710593:VERBOSE1:chrome/browser/profiles/profile_manager.cc:1359] ClearFirstBrowserWindowKeepAlive(Default). keep_alives=[kBrowserWindow (1)]
[48:67:1002/080049.226853:ERROR:dbus/bus.cc:408] Failed to connect to the bus: Could not parse server address: Unknown address type (examples of valid types are "tcp" and on UNIX "unix")
[48:67:1002/080049.232420:ERROR:dbus/bus.cc:408] Failed to connect to the bus: Could not parse server address: Unknown address type (examples of valid types are "tcp" and on UNIX "unix")
[48:48:1002/080049.580363:WARNING:ui/ozone/platform/wayland/host/wayland_surface.cc:170] Server doesn't support zcr_alpha_compositing_v1.
[48:48:1002/080049.580665:WARNING:ui/ozone/platform/wayland/host/wayland_surface.cc:185] Server doesn't support overlay_prioritizer.
[48:48:1002/080049.580829:WARNING:ui/ozone/platform/wayland/host/wayland_surface.cc:200] Server doesn't support wp_content_type_v1
[48:48:1002/080049.580986:WARNING:ui/ozone/platform/wayland/host/wayland_surface.cc:214] Server doesn't support wp_color_management_surface_v1.
[48:48:1002/080049.809458:WARNING:ui/ozone/platform/wayland/host/wayland_connection.cc:408] text-input-v3 not available.
[48:48:1002/080050.325873:VERBOSE1:chrome/browser/signin/account_consistency_mode_manager.cc:207] Desktop Identity Consistency disabled as sign-in to Chrome is not allowed
[48:48:1002/080052.366218:VERBOSE1:google_apis/gaia/gaia_auth_util.cc:54] Canonicalized @gmail.com to @gmail.com
[48:48:1002/080052.366847:VERBOSE1:google_apis/gaia/gaia_auth_util.cc:54] Canonicalized @gmail.com to @gmail.com
[48:48:1002/080054.153659:VERBOSE1:chrome/browser/enterprise/data_protection/data_protection_navigation_observer.cc:216] enterprise.data_protection: same document navigation: 0
[48:48:1002/080054.155783:VERBOSE1:chrome/browser/enterprise/data_protection/data_protection_navigation_observer.cc:218] enterprise.data_protection: URL to scan: file:///usr/share/html-test/index.html
[48:48:1002/080055.022684:VERBOSE1:components/signin/internal/identity_manager/mutable_profile_oauth2_token_service_delegate.cc:408] MutablePO2TS::RefreshTokenIsAvailable
[48:48:1002/080055.023320:VERBOSE1:chrome/browser/signin/account_consistency_mode_manager.cc:207] Desktop Identity Consistency disabled as sign-in to Chrome is not allowed
[48:48:1002/080118.369663:ERROR:dbus/object_proxy.cc:573] Failed to call method: org.freedesktop.DBus.NameHasOwner: object_path= /org/freedesktop/DBus: unknown error type: 
[48:67:1002/080118.375368:ERROR:dbus/bus.cc:408] Failed to connect to the bus: Could not parse server address: Unknown address type (examples of valid types are "tcp" and on UNIX "unix")
[48:67:1002/080118.378914:ERROR:dbus/bus.cc:408] Failed to connect to the bus: Could not parse server address: Unknown address type (examples of valid types are "tcp" and on UNIX "unix")
[48:67:1002/080118.383322:ERROR:dbus/bus.cc:408] Failed to connect to the bus: Could not parse server address: Unknown address type (examples of valid types are "tcp" and on UNIX "unix")
[48:67:1002/080118.384574:ERROR:dbus/bus.cc:408] Failed to connect to the bus: Could not parse server address: Unknown address type (examples of valid types are "tcp" and on UNIX "unix")
[48:67:1002/080118.385526:ERROR:dbus/bus.cc:408] Failed to connect to the bus: Could not parse server address: Unknown address type (examples of valid types are "tcp" and on UNIX "unix")
[48:67:1002/080118.386208:ERROR:dbus/bus.cc:408] Failed to connect to the bus: Could not parse server address: Unknown address type (examples of valid types are "tcp" and on UNIX "unix")
[48:48:1002/080118.390536:WARNING:device/bluetooth/dbus/bluez_dbus_manager.cc:209] Floss manager service not available, cannot set Floss enable/disable.
[48:48:1002/080119.077463:ERROR:dbus/object_proxy.cc:573] Failed to call method: org.freedesktop.DBus.NameHasOwner: object_path= /org/freedesktop/DBus: unknown error type: 
[48:92:1002/080119.428896:VERBOSE1:net/proxy_resolution/configured_proxy_resolution_service.cc:840] PAC support disabled because there is no system implementation
[48:48:1002/080120.311628:VERBOSE1:components/signin/internal/identity_manager/mutable_profile_oauth2_token_service_delegate.cc:408] MutablePO2TS::RefreshTokenIsAvailable
[48:48:1002/080120.324975:VERBOSE1:chrome/browser/signin/account_consistency_mode_manager.cc:207] Desktop Identity Consistency disabled as sign-in to Chrome is not allowed
[48:92:1002/080120.383570:VERBOSE1:net/proxy_resolution/configured_proxy_resolution_service.cc:840] PAC support disabled because there is no system implementation
[48:48:1002/080120.582318:ERROR:dbus/object_proxy.cc:573] Failed to call method: org.freedesktop.DBus.NameHasOwner: object_path= /org/freedesktop/DBus: unknown error type: 
[48:48:1002/080120.584291:VERBOSE1:ui/base/idle/idle_linux.cc:117] org.freedesktop.ScreenSaver D-Bus service does not exist
[48:48:1002/080120.591353:ERROR:dbus/object_proxy.cc:573] Failed to call method: org.freedesktop.DBus.NameHasOwner: object_path= /org/freedesktop/DBus: unknown error type: 
[48:67:1002/080120.592892:ERROR:dbus/bus.cc:408] Failed to connect to the bus: Could not parse server address: Unknown address type (examples of valid types are "tcp" and on UNIX "unix")
[48:48:1002/080120.598524:WARNING:ui/ozone/platform/wayland/host/org_gnome_mutter_idle_monitor.cc:87] org.gnome.Mutter.IdleMonitor D-Bus service does not exist
[48:66:1002/080120.672670:VERBOSE1:net/disk_cache/simple/simple_index_file.cc:607] Simple Cache Index is being restored from disk.
[48:66:1002/080120.673913:VERBOSE1:base/files/file_util_posix.cc:317] Cannot stat "/root/single-initial-profile/Default/Shared Dictionary/cache/index-dir/the-real-index": No such file or directory (2)
[48:92:1002/080120.713762:VERBOSE1:net/proxy_resolution/configured_proxy_resolution_service.cc:840] PAC support disabled because there is no system implementation
[48:92:1002/080121.127262:VERBOSE1:net/base/network_delegate.cc:37] NetworkDelegate::NotifyBeforeURLRequest: http://clients2.google.com/time/1/current?cup2key=9:yu4hNqVG8nY-nQINVoilF8tMw9ijk0pTeJYVo2pXMUs&cup2hreq=e3b0c44298fc1c149afbf4c8996fb92427ae41e4649b934ca495991b7852b855
[48:64:1002/080121.135290:VERBOSE1:content/browser/loader/file_url_loader_factory.cc:474] FileURLLoader::Start: file:///usr/share/html-test/index.html
[48:67:1002/080121.348588:ERROR:dbus/bus.cc:408] Failed to connect to the bus: Failed to connect to socket /run/dbus/system_bus_socket: No such file or directory
[48:67:1002/080121.360689:ERROR:dbus/bus.cc:408] Failed to connect to the bus: Failed to connect to socket /run/dbus/system_bus_socket: No such file or directory
[48:48:1002/080121.536842:ERROR:dbus/object_proxy.cc:573] Failed to call method: org.freedesktop.DBus.NameHasOwner: object_path= /org/freedesktop/DBus: unknown error type: 
[48:48:1002/080121.547557:ERROR:dbus/object_proxy.cc:573] Failed to call method: org.freedesktop.DBus.NameHasOwner: object_path= /org/freedesktop/DBus: unknown error type: 
[48:67:1002/080121.563096:ERROR:dbus/bus.cc:408] Failed to connect to the bus: Could not parse server address: Unknown address type (examples of valid types are "tcp" and on UNIX "unix")
[48:48:1002/080121.564822:ERROR:dbus/object_proxy.cc:573] Failed to call method: org.freedesktop.DBus.NameHasOwner: object_path= /org/freedesktop/DBus: unknown error type: 
[48:48:1002/080122.422086:ERROR:dbus/object_proxy.cc:573] Failed to call method: org.freedesktop.DBus.NameHasOwner: object_path= /org/freedesktop/DBus: unknown error type: 
[48:48:1002/080122.423057:VERBOSE1:ui/base/idle/idle_linux.cc:117] org.cinnamon.ScreenSaver D-Bus service does not exist
[48:67:1002/080122.428008:ERROR:dbus/bus.cc:408] Failed to connect to the bus: Could not parse server address: Unknown address type (examples of valid types are "tcp" and on UNIX "unix")
[48:48:1002/080122.792739:WARNING:dbus/property.cc:94] Failed to connect to PropertiesChangedsignal.
[48:48:1002/080122.816074:ERROR:dbus/object_proxy.cc:573] Failed to call method: org.freedesktop.DBus.Properties.GetAll: object_path= /org/freedesktop/UPower/devices/DisplayDevice: unknown error type: 
[48:48:1002/080122.816883:WARNING:dbus/property.cc:174] GetAll request failed for: org.freedesktop.UPower.Device
[48:66:1002/080123.568746:VERBOSE1:base/files/file_util_posix.cc:317] Cannot stat "/root/single-initial-profile/DeferredBrowserMetrics": No such file or directory (2)
[48:66:1002/080123.573810:VERBOSE1:base/files/file_util_posix.cc:317] Cannot stat "/root/single-initial-profile/CrashpadMetrics.pma": No such file or directory (2)
[48:66:1002/080123.586276:VERBOSE1:base/files/file_util_posix.cc:317] Cannot stat "/root/single-initial-profile/Breadcrumbs": No such file or directory (2)
[48:66:1002/080123.589626:VERBOSE1:base/files/file_util_posix.cc:317] Cannot stat "/root/single-initial-profile/Default/Media Cache": No such file or directory (2)
[48:48:1002/080123.622662:ERROR:dbus/object_proxy.cc:573] Failed to call method: org.freedesktop.DBus.NameHasOwner: object_path= /org/freedesktop/DBus: unknown error type: 
[48:64:1002/080123.634972:VERBOSE1:base/files/file_util_posix.cc:317] Cannot stat "/root/single-initial-profile/Default/webrtc_event_logs": No such file or directory (2)
[48:64:1002/080123.638254:VERBOSE1:base/files/file_util_posix.cc:317] Cannot stat "/root/single-initial-profile/Default/databases": No such file or directory (2)
[48:48:1002/080124.048217:VERBOSE1:components/signin/internal/identity_manager/mutable_profile_oauth2_token_service_delegate.cc:408] MutablePO2TS::RefreshTokenIsAvailable
[48:48:1002/080124.525832:VERBOSE1:chrome/browser/web_applications/locks/partitioned_lock_manager.cc:211] Acquiring <PartitionedLockId>{id: 0x31, partition: 0} for Start@chrome/browser/web_applications/generated_icon_fix_manager.cc:60
[48:48:1002/080124.534887:VERBOSE1:chrome/browser/web_applications/locks/partitioned_lock_manager.cc:193] All locks acquired for Start@chrome/browser/web_applications/generated_icon_fix_manager.cc:60
[48:48:1002/080125.578841:ERROR:dbus/object_proxy.cc:573] Failed to call method: org.freedesktop.DBus.NameHasOwner: object_path= /org/freedesktop/DBus: unknown error type: 
[48:48:1002/080125.581128:VERBOSE1:ui/base/idle/idle_linux.cc:117] org.gnome.ScreenSaver D-Bus service does not exist
[48:67:1002/080125.602649:ERROR:dbus/bus.cc:408] Failed to connect to the bus: Could not parse server address: Unknown address type (examples of valid types are "tcp" and on UNIX "unix")
[48:65:1002/080126.866338:VERBOSE1:components/signin/public/webdata/token_service_table.cc:237] Loaded tokens: result = 3 ; number of tokens loaded = 0
[48:48:1002/080127.266108:VERBOSE1:chrome/browser/web_applications/locks/partitioned_lock_manager.cc:235] Releasing <PartitionedLockId>{id: 0x31, partition: 0} requested by Start@chrome/browser/web_applications/generated_icon_fix_manager.cc:60
[48:48:1002/080127.471173:ERROR:dbus/object_proxy.cc:573] Failed to call method: org.freedesktop.DBus.NameHasOwner: object_path= /org/freedesktop/DBus: unknown error type: 
[48:48:1002/080127.473366:VERBOSE1:ui/base/idle/idle_linux.cc:117] org.mate.ScreenSaver D-Bus service does not exist
[48:67:1002/080127.491178:ERROR:dbus/bus.cc:408] Failed to connect to the bus: Could not parse server address: Unknown address type (examples of valid types are "tcp" and on UNIX "unix")
[48:48:1002/080127.757757:VERBOSE1:components/signin/internal/identity_manager/mutable_profile_oauth2_token_service_delegate.cc:535] MutablePO2TS::OnWebDataServiceRequestDone. Result type: 5
[48:48:1002/080127.758693:VERBOSE1:components/signin/internal/identity_manager/mutable_profile_oauth2_token_service_delegate.cc:592] MutablePO2TS::LoadAllCredentialsIntoMemory; 0 credential(s).
[48:92:1002/080128.470577:VERBOSE1:net/base/network_delegate.cc:37] NetworkDelegate::NotifyBeforeURLRequest: https://www.google.com/async/folae?async=_fmt:pb
[48:48:1002/080128.547831:ERROR:dbus/object_proxy.cc:573] Failed to call method: org.freedesktop.DBus.NameHasOwner: object_path= /org/freedesktop/DBus: unknown error type: 
[48:48:1002/080128.553000:VERBOSE1:ui/base/idle/idle_linux.cc:117] org.xfce.ScreenSaver D-Bus service does not exist
[48:48:1002/080128.553439:WARNING:ui/base/idle/idle_linux.cc:98] None of the known D-Bus ScreenSaver services could be used.
[48:64:1002/080128.625889:VERBOSE1:net/disk_cache/simple/simple_index_file.cc:607] Simple Cache Index is being restored from disk.
[48:64:1002/080128.628317:VERBOSE1:base/files/file_util_posix.cc:317] Cannot stat "/root/single-initial-profile/Default/Cache/Cache_Data/index-dir/the-real-index": No such file or directory (2)
[48:64:1002/080128.980679:VERBOSE1:base/files/file_util_posix.cc:317] Cannot stat "/root/single-initial-profile/Default/Cache/Cache_Data/70d96111b776ba72_0": No such file or directory (2)
[48:64:1002/080128.981952:VERBOSE1:base/files/file_util_posix.cc:317] Cannot stat "/root/single-initial-profile/Default/Cache/Cache_Data/70d96111b776ba72_1": No such file or directory (2)
[48:64:1002/080128.982995:VERBOSE1:base/files/file_util_posix.cc:317] Cannot stat "/root/single-initial-profile/Default/Cache/Cache_Data/70d96111b776ba72_s": No such file or directory (2)
[48:82:1002/080129.449155:VERBOSE1:base/files/file_util_posix.cc:317] Cannot stat "/root/single-initial-profile/Default/Cache/No_Vary_Search/snapshot-new.baf": No such file or directory (2)
[48:82:1002/080129.478847:VERBOSE1:base/files/file_util_posix.cc:317] Cannot stat "/root/single-initial-profile/Default/Cache/No_Vary_Search/journal.baj": No such file or directory (2)
[48:92:1002/080129.740784:VERBOSE1:net/base/network_delegate.cc:37] NetworkDelegate::NotifyBeforeURLRequest: https://android.clients.google.com/checkin
[48:48:1002/080130.682111:VERBOSE1:chrome/browser/web_applications/locks/partitioned_lock_manager.cc:211] Acquiring <PartitionedLockId>{id: 0x31, partition: 0} for SynchronizeInstalledApps@chrome/browser/web_applications/externally_managed_app_manager.cc:186
[48:48:1002/080130.682685:VERBOSE1:chrome/browser/web_applications/locks/partitioned_lock_manager.cc:193] All locks acquired for SynchronizeInstalledApps@chrome/browser/web_applications/externally_managed_app_manager.cc:186
[48:48:1002/080130.857267:VERBOSE1:chrome/browser/web_applications/locks/partitioned_lock_manager.cc:235] Releasing <PartitionedLockId>{id: 0x31, partition: 0} requested by SynchronizeInstalledApps@chrome/browser/web_applications/externally_managed_app_manager.cc:186
[48:48:1002/080133.398756:VERBOSE1:chrome/browser/profiles/profile_manager.cc:1277] AddKeepAlive(Default, kExtensionUpdater). keep_alives=[kBrowserWindow (1), kExtensionUpdater (1)]
[48:65:1002/080133.466564:VERBOSE1:base/files/file_util_posix.cc:317] Cannot stat "/root/single-initial-profile/extensions_crx_cache/metadata.json": No such file or directory (2)
[48:48:1002/080133.492570:VERBOSE1:chrome/browser/profiles/profile_manager.cc:1338] RemoveKeepAlive(Default, kExtensionUpdater). keep_alives=[kBrowserWindow (1)]
[48:48:1002/080133.633028:VERBOSE1:chrome/browser/web_applications/locks/partitioned_lock_manager.cc:211] Acquiring <PartitionedLockId>{id: 0x31, partition: 0} for SynchronizeInstalledApps@chrome/browser/web_applications/externally_managed_app_manager.cc:186
[48:48:1002/080133.633907:VERBOSE1:chrome/browser/web_applications/locks/partitioned_lock_manager.cc:193] All locks acquired for SynchronizeInstalledApps@chrome/browser/web_applications/externally_managed_app_manager.cc:186
[48:48:1002/080133.638900:VERBOSE1:chrome/browser/web_applications/locks/partitioned_lock_manager.cc:235] Releasing <PartitionedLockId>{id: 0x31, partition: 0} requested by SynchronizeInstalledApps@chrome/browser/web_applications/externally_managed_app_manager.cc:186
[48:108:1002/080134.473797:VERBOSE1:extensions/renderer/script_context.cc:150] Created context:
  extension id:           (none)
  frame:                  0x3c0044fd68
  URL:                    
  context_type:           WEB_PAGE
  effective extension id: (none)
  effective context type: WEB_PAGE
[48:108:1002/080134.537551:VERBOSE1:extensions/renderer/script_context.cc:150] Created context:
  extension id:           (none)
  frame:                  (nil)
  URL:                    
  context_type:           UNSPECIFIED
  effective extension id: (none)
  effective context type: UNSPECIFIED
[48:108:1002/080134.587292:VERBOSE1:extensions/renderer/dispatcher.cc:578] Num tracked contexts: 1
[48:108:1002/080135.102309:VERBOSE1:extensions/renderer/script_context.cc:150] Created context:
  extension id:           nkeimhogjdpnpccoofpliimaahmaaome
  frame:                  0x3c004599a0
  URL:                    
  context_type:           BLESSED_EXTENSION
  effective extension id: nkeimhogjdpnpccoofpliimaahmaaome
  effective context type: BLESSED_EXTENSION
[48:108:1002/080135.106864:VERBOSE1:extensions/renderer/script_context.cc:150] Created context:
  extension id:           (none)
  frame:                  (nil)
  URL:                    
  context_type:           UNSPECIFIED
  effective extension id: (none)
  effective context type: UNSPECIFIED
[48:108:1002/080135.137690:VERBOSE1:extensions/renderer/dispatcher.cc:578] Num tracked contexts: 2
[48:92:1002/080149.617163:ERROR:net/socket/ssl_client_socket_impl.cc:916] handshake failed; returned -1, SSL error code 1, net_error -100
[48:108:1002/080154.601218:VERBOSE1:extensions/renderer/dispatcher.cc:780] Num tracked contexts: 1
[48:108:1002/080154.677920:VERBOSE1:extensions/renderer/script_context.cc:163] Destroyed context for extension
  extension id: nkeimhogjdpnpccoofpliimaahmaaome
  effective extension id: nkeimhogjdpnpccoofpliimaahmaaome
[48:108:1002/080154.679363:VERBOSE1:extensions/renderer/script_context.cc:163] Destroyed context for extension
  extension id: 
  effective extension id: 
[48:64:1002/080155.589441:VERBOSE1:components/os_crypt/sync/key_storage_util_linux.cc:46] Password storage detected desktop environment: (unknown)
[48:64:1002/080155.590081:VERBOSE1:components/os_crypt/sync/key_storage_linux.cc:116] Selected backend for OSCrypt: BASIC_TEXT
[48:64:1002/080155.595605:VERBOSE1:components/os_crypt/sync/key_storage_linux.cc:135] OSCrypt did not initialize a backend.
[48:92:1002/080225.319714:ERROR:net/socket/ssl_client_socket_impl.cc:916] handshake failed; returned -1, SSL error code 1, net_error -100
