Tue Sep 22 05:04:24 UTC 2026 [t0] pid=188 st=R type=(browser/none)
Tue Sep 22 05:04:31 UTC 2026 [t5] pid=188 st=S type=(browser/none)
Tue Sep 22 05:04:31 UTC 2026 [t5] pid=201 st=S type=crashpad-handler
Tue Sep 22 05:04:31 UTC 2026 [t5] pid=204 st=S type=crashpad-handler
Tue Sep 22 05:04:31 UTC 2026 [t5] pid=205 st=R type=crashpad-handler
Tue Sep 22 05:04:38 UTC 2026 [t10] pid=188 st=S type=(browser/none)
Tue Sep 22 05:04:38 UTC 2026 [t10] pid=201 st=S type=crashpad-handler
Tue Sep 22 05:04:38 UTC 2026 [t10] pid=205 st=S type=crashpad-handler
Tue Sep 22 05:04:38 UTC 2026 [t10] pid=209 st=R type=zygote
Tue Sep 22 05:04:38 UTC 2026 [t10] pid=212 st=R type=zygote
Tue Sep 22 05:04:48 UTC 2026 [t15] pid=188 st=R type=(browser/none)
Tue Sep 22 05:04:48 UTC 2026 [t15] pid=201 st=S type=crashpad-handler
Tue Sep 22 05:04:48 UTC 2026 [t15] pid=205 st=S type=crashpad-handler
Tue Sep 22 05:04:55 UTC 2026 [t20] pid=188 st=R type=(browser/none)
Tue Sep 22 05:04:55 UTC 2026 [t20] pid=201 st=S type=crashpad-handler
Tue Sep 22 05:04:55 UTC 2026 [t20] pid=205 st=S type=crashpad-handler
Tue Sep 22 05:05:06 UTC 2026 [t25] pid=188 st=R type=(browser/none)
Tue Sep 22 05:05:06 UTC 2026 [t25] pid=201 st=S type=crashpad-handler
Tue Sep 22 05:05:06 UTC 2026 [t25] pid=205 st=S type=crashpad-handler
Tue Sep 22 05:05:06 UTC 2026 [t25] pid=257 st=R type=gpu-process
Tue Sep 22 05:05:06 UTC 2026 [t25] pid=263 st=S type=utility
Tue Sep 22 05:05:18 UTC 2026 [t30] pid=188 st=R type=(browser/none)
Tue Sep 22 05:05:18 UTC 2026 [t30] pid=205 st=S type=crashpad-handler
Tue Sep 22 05:05:18 UTC 2026 [t30] pid=257 st=S type=gpu-process
Tue Sep 22 05:05:18 UTC 2026 [t30] pid=263 st=S type=utility
Tue Sep 22 05:05:27 UTC 2026 [t35] pid=188 st=R type=(browser/none)
Tue Sep 22 05:05:27 UTC 2026 [t35] pid=205 st=S type=crashpad-handler
Tue Sep 22 05:05:27 UTC 2026 [t35] pid=263 st=S type=utility
Tue Sep 22 05:05:39 UTC 2026 [t40] pid=188 st=R type=(browser/none)
Tue Sep 22 05:05:39 UTC 2026 [t40] pid=205 st=S type=crashpad-handler
Tue Sep 22 05:05:39 UTC 2026 [t40] pid=263 st=S type=utility
Tue Sep 22 05:05:39 UTC 2026 [t40] pid=306 st=R type=gpu-process
