Date: 2026-10-05 UTC
[08:17:24.892] weston 14.0.2
               https://wayland.freedesktop.org
               Bug reports to: https://gitlab.freedesktop.org/wayland/weston/issues/
               Build: 14.0.2
[08:17:24.897] Command line: weston --backend=drm-backend.so --renderer=pixman --drm-device=card0 --seat=seat0 --idle-time=0 --debug --log=/root/single-weston.log
[08:17:24.897] OS: Linux, 10.0.0, 10.0.0, aarch64
[08:17:24.897] Flight recorder: enabled
[08:17:24.910] Starting with no config file.
[08:17:24.936] Output repaint window is 7 ms maximum.
[08:17:24.944] Loading module '/usr/lib/libweston-14/drm-backend.so'
[08:17:25.018] initializing drm backend
[08:17:25.022] Trying libseat launcher...
[08:17:25.037] [libseat/libseat.c:62] Seat opened with backend 'seatd'
[08:17:25.038] [libseat/backend/seatd.c:212] Enabling seat
[08:17:25.039] libseat: session control granted
[08:17:25.061] using /dev/dri/card0
[08:17:25.063] DRM: does not support atomic modesetting
[08:17:25.064] DRM: supports GBM modifiers
[08:17:25.064] DRM: does not support Atomic async page flip
[08:17:25.064] DRM: supports picture aspect ratio
[08:17:25.069] Using Pixman renderer
[08:17:25.278] event0  - QEMU Virtio Keyboard: is tagged by udev as: Keyboard
[08:17:25.282] event0  - QEMU Virtio Keyboard: device is a keyboard
[08:17:25.308] event1  - QEMU Virtio Mouse: is tagged by udev as: Mouse
[08:17:25.309] event1  - QEMU Virtio Mouse: device is a pointer
[08:17:25.574] libinput: configuring device "QEMU Virtio Keyboard".
[08:17:25.576] libinput: configuring device "QEMU Virtio Mouse".
[08:17:25.585] DRM: head 'Virtual-1' found, connector 48 is connected, EDID make 'unknown', model 'unknown', serial ''
               Supported EOTF modes: SDR
               Supported colorimetry modes: default
[08:17:25.589] Registered plugin API 'weston_drm_output_api_v1' of size 40
[08:17:25.589] Registered plugin API 'weston_drm_virtual_output_api_v2' of size 48
[08:17:25.592] Color manager: no-op
                 protocol support: no
[08:17:25.607] Output 'Virtual-1' attempts EOTF mode SDR and colorimetry mode default.
[08:17:25.607] Output 'Virtual-1' using color profile: stock sRGB color profile
[08:17:25.636] DRM: output Virtual-1 uses shadow framebuffer.
[08:17:25.637] Output Virtual-1 (crtc 16) video modes:
               current@60.0, current, 70.6 MHz
[08:17:25.640] associating input device event0 with output Virtual-1 (none by udev)
[08:17:25.640] associating input device event1 with output Virtual-1 (none by udev)
[08:17:25.642] Output 'Virtual-1' enabled with head(s) Virtual-1
[08:17:25.642] Compositor capabilities:
               arbitrary surface rotation: yes
               screen capture uses y-flip: no
               cursor planes: yes
               arbitrary resolutions: no
               view mask clipping: yes
               explicit sync: no
               color operations: no
               presentation clock: CLOCK_MONOTONIC, id 1
               presentation clock resolution: 0.000001000 s
[08:17:25.653] Loading module '/usr/lib/weston/desktop-shell.so'
[08:17:25.681] launching '/usr/libexec/weston-keyboard'
[08:17:25.767] launching '/usr/libexec/weston-desktop-shell'
