WARNING: debug protocol has been enabled. This is a potential denial-of-service attack vector and information leak.
[1225717.037] wl_display#1.get_registry(new id wl_registry#2)
[1225723.751]  -> wl_registry#2.global(1, "wl_compositor", 5)
[1225725.530]  -> wl_registry#2.global(2, "wl_subcompositor", 1)
[1225726.004]  -> wl_registry#2.global(3, "wp_viewporter", 1)
[1225726.378]  -> wl_registry#2.global(4, "zxdg_output_manager_v1", 2)
[1225726.597]  -> wl_registry#2.global(5, "wp_presentation", 1)
[1225727.070]  -> wl_registry#2.global(6, "wp_single_pixel_buffer_manager_v1", 1)
[1225729.419]  -> wl_registry#2.global(7, "wp_tearing_control_manager_v1", 1)
[1225729.766]  -> wl_registry#2.global(8, "zwp_relative_pointer_manager_v1", 1)
[1225729.979]  -> wl_registry#2.global(9, "zwp_pointer_constraints_v1", 1)
[1225730.178]  -> wl_registry#2.global(10, "zwp_input_timestamps_manager_v1", 1)
[1225730.520]  -> wl_registry#2.global(11, "weston_capture_v1", 1)
[1225730.688]  -> wl_registry#2.global(12, "wl_data_device_manager", 3)
[1225730.888]  -> wl_registry#2.global(13, "wl_shm", 2)
[1225731.401]  -> wl_registry#2.global(14, "weston_debug_v1", 1)
[1225731.664]  -> wl_registry#2.global(15, "wl_seat", 7)
[1225731.851]  -> wl_registry#2.global(16, "wl_output", 4)
[1225732.230]  -> wl_registry#2.global(17, "zwp_input_panel_v1", 1)
[1225733.681]  -> wl_registry#2.global(18, "zwp_input_method_v1", 1)
[1225734.011]  -> wl_registry#2.global(19, "zwp_text_input_manager_v1", 1)
[1225734.183]  -> wl_registry#2.global(20, "xdg_wm_base", 5)
[1225734.352]  -> wl_registry#2.global(21, "weston_desktop_shell", 1)
[1225734.773] wl_display#1.sync(new id wl_callback#3)
[1225735.510]  -> wl_callback#3.done(1)
[1225736.199]  -> wl_display#1.delete_id(3)
[1225738.046] wl_display#1.get_registry(new id wl_registry#2)
[1225738.379]  -> wl_registry#2.global(1, "wl_compositor", 5)
[1225738.907]  -> wl_registry#2.global(2, "wl_subcompositor", 1)
[1225739.080]  -> wl_registry#2.global(3, "wp_viewporter", 1)
[1225739.304]  -> wl_registry#2.global(4, "zxdg_output_manager_v1", 2)
[1225739.490]  -> wl_registry#2.global(5, "wp_presentation", 1)
[1225739.674]  -> wl_registry#2.global(6, "wp_single_pixel_buffer_manager_v1", 1)
[1225740.017]  -> wl_registry#2.global(7, "wp_tearing_control_manager_v1", 1)
[1225740.185]  -> wl_registry#2.global(8, "zwp_relative_pointer_manager_v1", 1)
[1225740.359]  -> wl_registry#2.global(9, "zwp_pointer_constraints_v1", 1)
[1225740.602]  -> wl_registry#2.global(10, "zwp_input_timestamps_manager_v1", 1)
[1225740.936]  -> wl_registry#2.global(11, "weston_capture_v1", 1)
[1225741.443]  -> wl_registry#2.global(12, "wl_data_device_manager", 3)
[1225741.612]  -> wl_registry#2.global(13, "wl_shm", 2)
[1225741.822]  -> wl_registry#2.global(14, "weston_debug_v1", 1)
[1225741.990]  -> wl_registry#2.global(15, "wl_seat", 7)
[1225742.149]  -> wl_registry#2.global(16, "wl_output", 4)
[1225743.203]  -> wl_registry#2.global(17, "zwp_input_panel_v1", 1)
[1225743.449]  -> wl_registry#2.global(18, "zwp_input_method_v1", 1)
[1225743.802]  -> wl_registry#2.global(19, "zwp_text_input_manager_v1", 1)
[1225743.984]  -> wl_registry#2.global(20, "xdg_wm_base", 5)
[1225744.188]  -> wl_registry#2.global(21, "weston_desktop_shell", 1)
[1225745.083] wl_display#1.sync(new id wl_callback#3)
[1225745.372]  -> wl_callback#3.done(1)
[1225745.517]  -> wl_display#1.delete_id(3)
[1225750.997] wl_registry#2.bind(1, "wl_compositor", 3, new id [unknown]#4)
[1225751.859] wl_registry#2.bind(2, "wl_subcompositor", 1, new id [unknown]#5)
[1225752.157] wl_registry#2.bind(3, "wp_viewporter", 1, new id [unknown]#6)
[1225752.607] wl_registry#2.bind(8, "zwp_relative_pointer_manager_v1", 1, new id [unknown]#7)
[1225753.162] wl_registry#2.bind(9, "zwp_pointer_constraints_v1", 1, new id [unknown]#8)
[1225753.384] wl_registry#2.bind(12, "wl_data_device_manager", 3, new id [unknown]#9)
[1225753.811] wl_registry#2.bind(13, "wl_shm", 1, new id [unknown]#10)
[1225754.061]  -> wl_shm#10.format(0)
[1225754.215]  -> wl_shm#10.format(1)
[1225754.400]  -> wl_shm#10.format(909199186)
[1225754.588]  -> wl_shm#10.format(875709016)
[1225755.040]  -> wl_shm#10.format(875708993)
[1225755.724]  -> wl_shm#10.format(875714642)
[1225755.966]  -> wl_shm#10.format(875708754)
[1225756.133]  -> wl_shm#10.format(875714626)
[1225758.014]  -> wl_shm#10.format(875708738)
[1225758.533]  -> wl_shm#10.format(808669784)
[1225759.527]  -> wl_shm#10.format(808669761)
[1225761.065]  -> wl_shm#10.format(808665688)
[1225761.540]  -> wl_shm#10.format(808665665)
[1225761.888] wl_registry#2.bind(15, "wl_seat", 7, new id [unknown]#11)
[1225762.481]  -> wl_seat#11.name("default")
[1225762.828]  -> wl_seat#11.capabilities(2)
[1225763.289] wl_data_device_manager#9.get_data_device(new id wl_data_device#12, wl_seat#11)
[1225764.019] wl_registry#2.bind(16, "wl_output", 2, new id [unknown]#13)
[1225764.630]  -> wl_output#13.geometry(0, 0, 1280, 800, 0, "unknown", "unknown", 0)
[1225764.936]  -> wl_output#13.scale(1)
[1225765.121]  -> wl_output#13.mode(1, 1280, 800, 59999)
[1225765.358]  -> wl_output#13.done()
[1225765.556] wl_registry#2.bind(20, "xdg_wm_base", 5, new id [unknown]#14)
[1225765.885] wl_display#1.sync(new id wl_callback#3)
[1225766.080]  -> wl_callback#3.done(1)
[1225766.270]  -> wl_display#1.delete_id(3)
[1225767.866] wl_registry#2.bind(1, "wl_compositor", 3, new id [unknown]#4)
[1225768.274] wl_registry#2.bind(2, "wl_subcompositor", 1, new id [unknown]#5)
[1225768.611] wl_registry#2.bind(3, "wp_viewporter", 1, new id [unknown]#6)
[1225768.905] wl_registry#2.bind(8, "zwp_relative_pointer_manager_v1", 1, new id [unknown]#7)
[1225769.137] wl_registry#2.bind(9, "zwp_pointer_constraints_v1", 1, new id [unknown]#8)
[1225769.317] wl_registry#2.bind(12, "wl_data_device_manager", 3, new id [unknown]#9)
[1225769.510] wl_registry#2.bind(13, "wl_shm", 1, new id [unknown]#10)
[1225769.719]  -> wl_shm#10.format(0)
[1225769.941]  -> wl_shm#10.format(1)
[1225770.150]  -> wl_shm#10.format(909199186)
[1225771.439]  -> wl_shm#10.format(875709016)
[1225771.815]  -> wl_shm#10.format(875708993)
[1225772.071]  -> wl_shm#10.format(875714642)
[1225772.327]  -> wl_shm#10.format(875708754)
[1225772.617]  -> wl_shm#10.format(875714626)
[1225773.140]  -> wl_shm#10.format(875708738)
[1225773.555]  -> wl_shm#10.format(808669784)
[1225773.924]  -> wl_shm#10.format(808669761)
[1225774.215]  -> wl_shm#10.format(808665688)
[1225774.640]  -> wl_shm#10.format(808665665)
[1225774.900] wl_registry#2.bind(15, "wl_seat", 7, new id [unknown]#11)
[1225775.193]  -> wl_seat#11.name("default")
[1225775.734]  -> wl_seat#11.capabilities(2)
[1225776.051] wl_data_device_manager#9.get_data_device(new id wl_data_device#12, wl_seat#11)
[1225776.310] wl_registry#2.bind(16, "wl_output", 2, new id [unknown]#13)
[1225776.585]  -> wl_output#13.geometry(0, 0, 1280, 800, 0, "unknown", "unknown", 0)
[1225776.856]  -> wl_output#13.scale(1)
[1225777.117]  -> wl_output#13.mode(1, 1280, 800, 59999)
[1225777.676]  -> wl_output#13.done()
[1225778.005] wl_registry#2.bind(20, "xdg_wm_base", 5, new id [unknown]#14)
[1225778.336] wl_display#1.sync(new id wl_callback#3)
[1225778.728]  -> wl_callback#3.done(1)
[1225779.199]  -> wl_display#1.delete_id(3)
could not load cursor 'dnd-move'
could not load cursor 'dnd-copy'
could not load cursor 'dnd-none'
could not load cursor 'dnd-move'
could not load cursor 'dnd-copy'
could not load cursor 'dnd-none'
[1226162.661] wl_seat#11.get_keyboard(new id wl_keyboard#15)
[1226163.393]  -> wl_keyboard#15.repeat_info(40, 400)
[1226164.959]  -> wl_keyboard#15.keymap(1, fd 32, 65134)
[1226165.506] wl_shm#10.create_pool(new id wl_shm_pool#3, fd 30, 4096)
[1226167.316] wl_shm_pool#3.resize(8832)
[1226170.403] wl_shm_pool#3.resize(18624)
[1226171.560] wl_shm_pool#3.resize(38272)
[1226172.868] wl_registry#2.bind(16, "wl_output", 2, new id [unknown]#16)
[1226173.215]  -> wl_output#16.geometry(0, 0, 1280, 800, 0, "unknown", "unknown", 0)
[1226173.458]  -> wl_output#16.scale(1)
[1226173.829]  -> wl_output#16.mode(1, 1280, 800, 59999)
[1226173.990]  -> wl_output#16.done()
[1226174.209] wl_registry#2.bind(21, "weston_desktop_shell", 1, new id [unknown]#17)
[1226174.487] weston_desktop_shell#17.set_panel_position(0)
[1226177.705] wl_compositor#4.create_surface(new id wl_surface#18)
[1226178.508] weston_desktop_shell#17.set_panel(wl_output#16, wl_surface#18)
[1226179.289]  -> weston_desktop_shell#17.configure(0, wl_surface#18, 1280, 800)
[1226179.627] wl_compositor#4.create_surface(new id wl_surface#19)
[1226180.395] weston_desktop_shell#17.set_background(wl_output#16, wl_surface#19)
[1226180.818]  -> weston_desktop_shell#17.configure(0, wl_surface#19, 1280, 800)
[1226181.167] wl_compositor#4.create_surface(new id wl_surface#20)
[1226181.585] weston_desktop_shell#17.set_grab_surface(wl_surface#20)
[1249425.910] wl_seat#11.get_keyboard(new id wl_keyboard#15)
[1249430.042]  -> wl_keyboard#15.repeat_info(40, 400)
[1249431.710]  -> wl_keyboard#15.keymap(1, fd 33, 65134)
[1249432.531] wl_shm#10.create_pool(new id wl_shm_pool#3, fd 30, 4096)
[1249434.879] wl_shm_pool#3.resize(8832)
[1249435.832] wl_shm_pool#3.resize(18624)
[1249436.442] wl_shm_pool#3.resize(38272)
[1249437.158] wl_registry#2.bind(17, "zwp_input_panel_v1", 1, new id [unknown]#16)
[1249437.870] wl_registry#2.bind(18, "zwp_input_method_v1", 1, new id [unknown]#17)
[1249438.510] wl_compositor#4.create_surface(new id wl_surface#18)
[1249438.877] zwp_input_panel_v1#16.get_input_panel_surface(new id zwp_input_panel_surface_v1#19, wl_surface#18)
[1249439.350] zwp_input_panel_surface_v1#19.set_toplevel(wl_output#13, 0)
[1249439.749] wl_compositor#4.create_region(new id wl_region#20)
[1249440.105] wl_shm#10.create_pool(new id wl_shm_pool#21, fd 32, 576000)
[1249444.015] wl_shm_pool#21.create_buffer(new id wl_buffer#22, 0, 720, 200, 2880, 0)
[1249444.984] wl_surface#18.frame(new id wl_callback#23)
[1249445.733] wl_surface#18.set_opaque_region(wl_region#20)
[1249446.386] wl_region#20.destroy()
[1249447.025]  -> wl_display#1.delete_id(20)
[1249447.889] wl_surface#18.attach(wl_buffer#22, 0, 0)
[1249448.845] wl_surface#18.damage(0, 0, 720, 200)
[1249449.457] wl_surface#18.commit()
[1250184.826] wl_surface#18.set_buffer_transform(0)
[1250185.304] wl_surface#19.set_buffer_transform(0)
[1250185.553] wl_surface#18.set_buffer_scale(1)
[1250185.905] wl_surface#19.set_buffer_scale(1)
[1250186.181] wl_compositor#4.create_region(new id wl_region#21)
[1250186.494] wl_shm#10.create_pool(new id wl_shm_pool#22, fd 30, 163840)
[1250187.757] wl_shm_pool#22.create_buffer(new id wl_buffer#23, 0, 1280, 32, 5120, 0)
[1250188.023] wl_surface#18.frame(new id wl_callback#24)
[1250188.268] wl_surface#18.set_opaque_region(wl_region#21)
[1250188.930] wl_region#21.destroy()
[1250189.209]  -> wl_display#1.delete_id(21)
[1250189.484] wl_surface#18.attach(wl_buffer#23, 0, 0)
[1250189.769] wl_surface#18.damage(0, 0, 1280, 32)
[1250189.976] wl_surface#18.commit()
[1250190.722]  -> wl_surface#18.enter(wl_output#16)
[1250191.005]  -> wl_surface#18.enter(wl_output#13)
[1250191.422] wl_compositor#4.create_region(new id wl_region#25)
[1250191.648] wl_region#25.add(0, 0, 1280, 800)
[1250191.923] wl_shm#10.create_pool(new id wl_shm_pool#26, fd 32, 4096000)
[1250192.888] wl_shm_pool#26.create_buffer(new id wl_buffer#27, 0, 1280, 800, 5120, 0)
[1250193.157] wl_surface#19.frame(new id wl_callback#28)
[1250193.395] weston_desktop_shell#17.desktop_ready()
[1250193.661] wl_surface#19.set_opaque_region(wl_region#25)
[1250193.890] wl_region#25.destroy()
[1250194.113]  -> wl_display#1.delete_id(25)
[1250194.350] wl_surface#19.attach(wl_buffer#27, 0, 0)
[1250194.604] wl_surface#19.damage(0, 0, 1280, 800)
[1250194.839] wl_surface#19.commit()
[1250195.207]  -> wl_surface#19.enter(wl_output#16)
[1250195.426]  -> wl_surface#19.enter(wl_output#13)
[1250390.273]  -> wl_callback#28.done(40908)
[1250390.778]  -> wl_display#1.delete_id(28)
[1250391.046]  -> wl_callback#24.done(40908)
[1250391.265]  -> wl_display#1.delete_id(24)
[1250457.318] wl_shm#10.create_pool(new id wl_shm_pool#24, fd 30, 163840)
[1250459.117] wl_shm_pool#24.create_buffer(new id wl_buffer#28, 0, 1280, 32, 5120, 0)
[1250459.463] wl_surface#18.frame(new id wl_callback#25)
[1250459.779] wl_surface#18.attach(wl_buffer#28, 0, 0)
[1250460.092] wl_surface#18.damage(0, 0, 1280, 32)
[1250460.654] wl_surface#18.commit()
[1250490.833]  -> wl_buffer#23.release()
[1250503.957]  -> wl_callback#25.done(41174)
[1250504.431]  -> wl_display#1.delete_id(25)
[1254405.701] wl_display#1.get_registry(new id wl_registry#2)
[1254405.978]  -> wl_registry#2.global(1, "wl_compositor", 5)
[1254406.148]  -> wl_registry#2.global(2, "wl_subcompositor", 1)
[1254406.293]  -> wl_registry#2.global(3, "wp_viewporter", 1)
[1254406.441]  -> wl_registry#2.global(4, "zxdg_output_manager_v1", 2)
[1254406.574]  -> wl_registry#2.global(5, "wp_presentation", 1)
[1254406.702]  -> wl_registry#2.global(6, "wp_single_pixel_buffer_manager_v1", 1)
[1254406.832]  -> wl_registry#2.global(7, "wp_tearing_control_manager_v1", 1)
[1254406.961]  -> wl_registry#2.global(8, "zwp_relative_pointer_manager_v1", 1)
[1254407.089]  -> wl_registry#2.global(9, "zwp_pointer_constraints_v1", 1)
[1254407.219]  -> wl_registry#2.global(10, "zwp_input_timestamps_manager_v1", 1)
[1254407.345]  -> wl_registry#2.global(11, "weston_capture_v1", 1)
[1254407.478]  -> wl_registry#2.global(12, "wl_data_device_manager", 3)
[1254407.599]  -> wl_registry#2.global(13, "wl_shm", 2)
[1254407.715]  -> wl_registry#2.global(14, "weston_debug_v1", 1)
[1254407.833]  -> wl_registry#2.global(15, "wl_seat", 7)
[1254407.949]  -> wl_registry#2.global(16, "wl_output", 4)
[1254408.064]  -> wl_registry#2.global(17, "zwp_input_panel_v1", 1)
[1254408.182]  -> wl_registry#2.global(18, "zwp_input_method_v1", 1)
[1254408.299]  -> wl_registry#2.global(19, "zwp_text_input_manager_v1", 1)
[1254408.430]  -> wl_registry#2.global(20, "xdg_wm_base", 5)
[1254408.551]  -> wl_registry#2.global(21, "weston_desktop_shell", 1)
[1254408.674] wl_display#1.sync(new id wl_callback#3)
[1254408.790]  -> wl_callback#3.done(1)
[1254408.918]  -> wl_display#1.delete_id(3)
[1254415.487] wl_registry#2.bind(1, "wl_compositor", 4, new id [unknown]#4)
[1254415.765] wl_registry#2.bind(2, "wl_subcompositor", 1, new id [unknown]#5)
[1254416.247] wl_registry#2.bind(3, "wp_viewporter", 1, new id [unknown]#6)
[1254416.395] wl_registry#2.bind(4, "zxdg_output_manager_v1", 2, new id [unknown]#7)
[1254416.651] wl_registry#2.bind(5, "wp_presentation", 1, new id [unknown]#8)
[1254416.874]  -> wp_presentation#8.clock_id(1)
[1254419.600] wl_registry#2.bind(6, "wp_single_pixel_buffer_manager_v1", 1, new id [unknown]#9)
[1254421.555] wl_registry#2.bind(8, "zwp_relative_pointer_manager_v1", 1, new id [unknown]#10)
[1254423.459] wl_registry#2.bind(9, "zwp_pointer_constraints_v1", 1, new id [unknown]#11)
[1254426.108] wl_registry#2.bind(12, "wl_data_device_manager", 3, new id [unknown]#12)
[1254427.488] wl_registry#2.bind(13, "wl_shm", 1, new id [unknown]#13)
[1254427.759]  -> wl_shm#13.format(0)
[1254428.218]  -> wl_shm#13.format(1)
[1254428.372]  -> wl_shm#13.format(909199186)
[1254428.527]  -> wl_shm#13.format(875709016)
[1254428.751]  -> wl_shm#13.format(875708993)
[1254428.924]  -> wl_shm#13.format(875714642)
[1254429.061]  -> wl_shm#13.format(875708754)
[1254429.211]  -> wl_shm#13.format(875714626)
[1254429.335]  -> wl_shm#13.format(875708738)
[1254429.450]  -> wl_shm#13.format(808669784)
[1254429.569]  -> wl_shm#13.format(808669761)
[1254429.686]  -> wl_shm#13.format(808665688)
[1254429.812]  -> wl_shm#13.format(808665665)
[1254433.321] wl_registry#2.bind(15, "wl_seat", 7, new id [unknown]#14)
[1254433.634]  -> wl_seat#14.name("default")
[1254433.978]  -> wl_seat#14.capabilities(2)
[1254434.108] wl_data_device_manager#12.get_data_device(new id wl_data_device#15, wl_seat#14)
[1254437.702] wl_registry#2.bind(16, "wl_output", 4, new id [unknown]#16)
[1254437.978]  -> wl_output#16.geometry(0, 0, 1280, 800, 0, "unknown", "unknown", 0)
[1254438.146]  -> wl_output#16.scale(1)
[1254438.293]  -> wl_output#16.mode(1, 1280, 800, 59999)
[1254438.455]  -> wl_output#16.name("Virtual-1")
[1254438.697]  -> wl_output#16.description("unknown")
[1254438.845]  -> wl_output#16.done()
[1254438.976] zxdg_output_manager_v1#7.get_xdg_output(new id zxdg_output_v1#17, wl_output#16)
[1254439.223]  -> zxdg_output_v1#17.logical_position(0, 0)
[1254439.616]  -> zxdg_output_v1#17.logical_size(1280, 800)
[1254439.787]  -> zxdg_output_v1#17.name("Virtual-1")
[1254439.951]  -> zxdg_output_v1#17.done()
[1254440.281] wl_registry#2.bind(19, "zwp_text_input_manager_v1", 1, new id [unknown]#18)
[1254440.541] wl_registry#2.bind(20, "xdg_wm_base", 5, new id [unknown]#19)
[1254441.692] wl_display#1.sync(new id wl_callback#3)
[1254441.939]  -> wl_callback#3.done(1)
[1254442.126]  -> wl_display#1.delete_id(3)
[1254447.650] wl_seat#14.get_keyboard(new id wl_keyboard#20)
[1254447.947]  -> wl_keyboard#20.repeat_info(40, 400)
[1254448.467]  -> wl_keyboard#20.keymap(1, fd 33, 65134)
[1255815.300] wl_display#1.get_registry(new id wl_registry#2)
[1255815.940]  -> wl_registry#2.global(1, "wl_compositor", 5)
[1255816.106]  -> wl_registry#2.global(2, "wl_subcompositor", 1)
[1255816.245]  -> wl_registry#2.global(3, "wp_viewporter", 1)
[1255816.390]  -> wl_registry#2.global(4, "zxdg_output_manager_v1", 2)
[1255816.518]  -> wl_registry#2.global(5, "wp_presentation", 1)
[1255816.653]  -> wl_registry#2.global(6, "wp_single_pixel_buffer_manager_v1", 1)
[1255816.805]  -> wl_registry#2.global(7, "wp_tearing_control_manager_v1", 1)
[1255816.983]  -> wl_registry#2.global(8, "zwp_relative_pointer_manager_v1", 1)
[1255817.181]  -> wl_registry#2.global(9, "zwp_pointer_constraints_v1", 1)
[1255817.346]  -> wl_registry#2.global(10, "zwp_input_timestamps_manager_v1", 1)
[1255817.532]  -> wl_registry#2.global(11, "weston_capture_v1", 1)
[1255817.687]  -> wl_registry#2.global(12, "wl_data_device_manager", 3)
[1255817.938]  -> wl_registry#2.global(13, "wl_shm", 2)
[1255818.061]  -> wl_registry#2.global(14, "weston_debug_v1", 1)
[1255818.192]  -> wl_registry#2.global(15, "wl_seat", 7)
[1255818.325]  -> wl_registry#2.global(16, "wl_output", 4)
[1255818.525]  -> wl_registry#2.global(17, "zwp_input_panel_v1", 1)
[1255818.695]  -> wl_registry#2.global(18, "zwp_input_method_v1", 1)
[1255818.883]  -> wl_registry#2.global(19, "zwp_text_input_manager_v1", 1)
[1255819.010]  -> wl_registry#2.global(20, "xdg_wm_base", 5)
[1255819.328]  -> wl_registry#2.global(21, "weston_desktop_shell", 1)
[1255819.475] wl_display#1.sync(new id wl_callback#3)
[1255819.604]  -> wl_callback#3.done(1)
[1255819.725]  -> wl_display#1.delete_id(3)
[1256015.394] wl_registry#2.bind(1, "wl_compositor", 3, new id [unknown]#4)
[1256015.731] wl_registry#2.bind(2, "wl_subcompositor", 1, new id [unknown]#5)
[1256015.884] wl_registry#2.bind(4, "zxdg_output_manager_v1", 2, new id [unknown]#6)
[1256016.032] wl_display#1.sync(new id wl_callback#7)
[1256016.173]  -> wl_callback#7.done(1)
[1256016.316]  -> wl_display#1.delete_id(7)
[1256016.466] wl_registry#2.bind(12, "wl_data_device_manager", 3, new id [unknown]#8)
[1256016.604] wl_registry#2.bind(13, "wl_shm", 1, new id [unknown]#9)
[1256016.735]  -> wl_shm#9.format(0)
[1256016.860]  -> wl_shm#9.format(1)
[1256016.983]  -> wl_shm#9.format(909199186)
[1256017.104]  -> wl_shm#9.format(875709016)
[1256017.225]  -> wl_shm#9.format(875708993)
[1256017.345]  -> wl_shm#9.format(875714642)
[1256017.480]  -> wl_shm#9.format(875708754)
[1256017.601]  -> wl_shm#9.format(875714626)
[1256017.718]  -> wl_shm#9.format(875708738)
[1256017.835]  -> wl_shm#9.format(808669784)
[1256017.950]  -> wl_shm#9.format(808669761)
[1256018.064]  -> wl_shm#9.format(808665688)
[1256018.179]  -> wl_shm#9.format(808665665)
[1256018.296] wl_registry#2.bind(16, "wl_output", 2, new id [unknown]#10)
[1256018.437]  -> wl_output#10.geometry(0, 0, 1280, 800, 0, "unknown", "unknown", 0)
[1256018.567]  -> wl_output#10.scale(1)
[1256018.678]  -> wl_output#10.mode(1, 1280, 800, 59999)
[1256018.794]  -> wl_output#10.done()
[1256018.906] zxdg_output_manager_v1#6.get_xdg_output(new id zxdg_output_v1#11, wl_output#10)
[1256019.023]  -> zxdg_output_v1#11.logical_position(0, 0)
[1256019.136]  -> zxdg_output_v1#11.logical_size(1280, 800)
[1256019.247]  -> zxdg_output_v1#11.name("Virtual-1")
[1256019.369]  -> zxdg_output_v1#11.done()
[1256019.483] wl_display#1.sync(new id wl_callback#12)
[1256019.604]  -> wl_callback#12.done(1)
[1256019.718]  -> wl_display#1.delete_id(12)
[1256019.908] wl_shm#9.create_pool(new id wl_shm_pool#3, fd 35, 2304)
[1256020.461] wl_shm_pool#3.resize(5568)
[1256020.850] wl_shm_pool#3.resize(12096)
[1256021.079] wl_shm_pool#3.resize(25216)
[1256021.457] wl_registry#2.bind(15, "wl_seat", 5, new id [unknown]#13)
[1256021.634]  -> wl_seat#13.name("default")
[1256021.790]  -> wl_seat#13.capabilities(2)
[1256021.939] wl_compositor#4.create_surface(new id wl_surface#14)
[1256022.166] wl_data_device_manager#8.get_data_device(new id wl_data_device#15, wl_seat#13)
[1256022.317] wl_compositor#4.create_surface(new id wl_surface#16)
[1256022.450] wl_display#1.sync(new id wl_callback#17)
[1256022.574]  -> wl_callback#17.done(1)
[1256022.695]  -> wl_display#1.delete_id(17)
[1277860.793] wl_compositor#4.create_surface(new id wl_surface#3)
[1277861.266] wp_viewporter#6.get_viewport(new id wp_viewport#21, wl_surface#3)
[1277861.696] wl_compositor#4.create_region(new id wl_region#22)
[1277861.871] wl_region#22.add(0, 0, 1280, 800)
[1277862.049] wl_surface#3.set_opaque_region(wl_region#22)
[1277862.225] wl_region#22.destroy()
[1277862.482]  -> wl_display#1.delete_id(22)
[1283172.141] xdg_wm_base#19.get_xdg_surface(new id xdg_surface#23, wl_surface#3)
[1283186.215] xdg_surface#23.get_toplevel(new id xdg_toplevel#24)
[1283187.196]  -> xdg_toplevel#24.wm_capabilities(array[12])
[1283187.610] xdg_toplevel#24.set_app_id("chromium-browser")
[1283187.833] xdg_toplevel#24.set_title("Untitled - Chromium")
[1283188.382] xdg_toplevel#24.set_min_size(532, 130)
[1283188.659] xdg_toplevel#24.set_max_size(0, 0)
[1283189.873] xdg_toplevel#24.unset_maximized()
[1283191.218] xdg_toplevel#24.set_min_size(532, 130)
[1283191.646] xdg_toplevel#24.set_max_size(0, 0)
[1283191.910] wl_surface#3.commit()
[1283192.714]  -> xdg_toplevel#24.configure(0, 0, array[0])
[1283192.996]  -> xdg_surface#23.configure(2)
[1283245.619] xdg_surface#23.set_window_geometry(16, 10, 1248, 758)
[1283246.118] xdg_toplevel#24.set_fullscreen(nil)
[1283246.794] xdg_toplevel#24.set_min_size(500, 0)
[1283251.332] xdg_toplevel#24.set_max_size(0, 0)
[1283251.739]  -> xdg_toplevel#24.configure(1280, 800, array[4])
[1283251.929]  -> xdg_surface#23.configure(3)
[1283441.233] wl_seat#13.get_keyboard(new id wl_keyboard#12)
[1283449.261]  -> wl_keyboard#12.repeat_info(40, 400)
[1283523.172]  -> wl_keyboard#12.keymap(1, fd 36, 65134)
[1283524.012] wl_registry#2.bind(20, "xdg_wm_base", 5, new id [unknown]#17)
[1283818.135] xdg_toplevel#24.set_min_size(532, 130)
[1283822.425] xdg_toplevel#24.set_max_size(0, 0)
[1283895.573] xdg_toplevel#24.set_min_size(500, 0)
[1283896.335] xdg_toplevel#24.set_max_size(0, 0)
[1283912.541] xdg_toplevel#24.set_min_size(500, 0)
[1283912.992] xdg_toplevel#24.set_max_size(0, 0)
[1295514.342] wl_surface#18.frame(new id wl_callback#25)
[1295514.726] wl_surface#18.attach(wl_buffer#23, 0, 0)
[1295514.999] wl_surface#18.damage(0, 0, 1280, 32)
[1295515.235] wl_surface#18.commit()
[1295545.452]  -> wl_buffer#28.release()
[1295548.359]  -> wl_callback#25.done(86230)
[1295548.723]  -> wl_display#1.delete_id(25)
[1355487.815] wl_surface#18.frame(new id wl_callback#25)
[1355488.109] wl_surface#18.attach(wl_buffer#28, 0, 0)
[1355488.287] wl_surface#18.damage(0, 0, 1280, 32)
[1355488.435] wl_surface#18.commit()
[1355516.120]  -> wl_buffer#23.release()
[1355517.417]  -> wl_callback#25.done(146201)
[1355517.584]  -> wl_display#1.delete_id(25)
