MP_AUTORUN_START_EPOCH_MS=1790727695
MP_AUTORUN_START_MONO_MS=1720\n
[mpdiag] PAGE_URL=file:///usr/share/html-test/index.html
[mpdiag] TRACE_MODE=0
[mpdiag] GL_MODE=legacy
[mpdiag] NET_MODE=normal
[mpdiag] kernel=Linux 10.0.0 aarch64
[mpdiag] LD_PRELOAD=<unset>
[mpdiag] STRACE_PATH=missing
[mpdiag] STRACE_FILE=missing
MP_WESTON_SOCKET=wayland-1
[mpdiag] weston_pid=30 alive=yes
/dev/input:
total 0
crw-rw----    1 root     input      13,  64 Sep 30 00:21 event0
crw-rw----    1 root     input      13,  65 Sep 30 00:21 event1

/sys/class/input:
total 0
drwxr-xr-x    2 root     root             0 Jan  1  1970 event0
drwxr-xr-x    2 root     root             0 Jan  1  1970 event1
lrwxrwxrwx    1 root     root            50 Jan  1  1970 input0 -> ../../devices/pci0000:00/0000:00:05.0/input/input0
lrwxrwxrwx    1 root     root            50 Jan  1  1970 input1 -> ../../devices/pci0000:00/0000:00:06.0/input/input1
[mpdiag] CHROME_ARGS=--ozone-platform=wayland --disable-gpu --no-sandbox --disable-dev-shm-usage --disable-crash-reporter --disable-breakpad --no-first-run --no-default-browser-check --disable-sync --disable-component-update --disable-background-networking --window-size=1280,800 --start-fullscreen --kiosk --disable-features=Vulkan,SegmentationPlatform,OptimizationGuideModelDownloading,OptimizationHints,WebAppProvider,InterestFeedContentSuggestions --enable-logging=stderr --v=1 --vmodule=*wayland*=2,*ozone*=2,*navigation*=2,*render_process*=2,*content*=2,*viz*=2,*renderer*=2,*child_process*=2,*site_instance*=2,*render_frame_host*=2,*zygote*=2,*mojo*=2 --user-data-dir=/root/mp-chromium-profile
MP_BROWSER_START_EPOCH_MS=1790727709
MP_BROWSER_START_MONO_MS=15709\n
[mpdiag] browser_pid=48
MP_SAMPLE_ELAPSED_SEC=0
MP_RENDERER_COUNT=0
MP_RSS_KB=0
MP_SNAPSHOT=0s
MP_PS_BEGIN=0s
MP_PS    48 root      0:00 /usr/lib/chromium/chromium --ozone-platform=wayland --disable-gpu --no-sandbox --disable-dev-shm-usage --disable-crash-reporter --disable-breakpad --no-first-run --no-default-browser-check --disable-sync --disable-component-update --disable-background-networking --window-size=1280,800 --start-fullscreen --kiosk --disable-features=Vulkan,SegmentationPlatform,OptimizationGuideModelDownloading,OptimizationHints,WebAppProvider,InterestFeedContentSuggestions --enable-logging=stderr --v=1 --vmodule=*wayland*=2,*ozone*=2,*navigation*=2,*render_process*=2,*content*=2,*viz*=2,*renderer*=2,*child_process*=2,*site_instance*=2,*render_frame_host*=2,*zygote*=2,*mojo*=2 --user-data-dir=/root/mp-chromium-profile file:///usr/share/html-test/index.html
MP_PS    73 root      0:00 {busybox} grep -E chromium|chrome|type=(renderer|zygote|utility|gpu-process)
MP_PS_END=0s
MP_SAMPLE_ELAPSED_SEC=5
MP_RENDERER_COUNT=0
MP_RSS_KB=0
MP_SNAPSHOT=5s
MP_PS_BEGIN=5s
MP_PS    48 root      0:00 /usr/lib/chromium/chromium --ozone-platform=wayland --disable-gpu --no-sandbox --disable-dev-shm-usage --disable-crash-reporter --disable-breakpad --no-first-run --no-default-browser-check --disable-sync --disable-component-update --disable-background-networking --window-size=1280,800 --start-fullscreen --kiosk --disable-features=Vulkan,SegmentationPlatform,OptimizationGuideModelDownloading,OptimizationHints,WebAppProvider,InterestFeedContentSuggestions --enable-logging=stderr --v=1 --vmodule=*wayland*=2,*ozone*=2,*navigation*=2,*render_process*=2,*content*=2,*viz*=2,*renderer*=2,*child_process*=2,*site_instance*=2,*render_frame_host*=2,*zygote*=2,*mojo*=2 --user-data-dir=/root/mp-chromium-profile file:///usr/share/html-test/index.html
MP_PS   100 root      0:00 {busybox} grep -E chromium|chrome|type=(renderer|zygote|utility|gpu-process)
MP_PS_END=5s
MP_SAMPLE_ELAPSED_SEC=10
MP_RENDERER_COUNT=0
MP_RSS_KB=0
MP_SNAPSHOT=10s
MP_PS_BEGIN=10s
MP_PS    48 root      0:00 /usr/lib/chromium/chromium --ozone-platform=wayland --disable-gpu --no-sandbox --disable-dev-shm-usage --disable-crash-reporter --disable-breakpad --no-first-run --no-default-browser-check --disable-sync --disable-component-update --disable-background-networking --window-size=1280,800 --start-fullscreen --kiosk --disable-features=Vulkan,SegmentationPlatform,OptimizationGuideModelDownloading,OptimizationHints,WebAppProvider,InterestFeedContentSuggestions --enable-logging=stderr --v=1 --vmodule=*wayland*=2,*ozone*=2,*navigation*=2,*render_process*=2,*content*=2,*viz*=2,*renderer*=2,*child_process*=2,*site_instance*=2,*render_frame_host*=2,*zygote*=2,*mojo*=2 --user-data-dir=/root/mp-chromium-profile file:///usr/share/html-test/index.html
MP_PS   104 root      0:00 /usr/lib/chromium/chrome_crashpad_handler --monitor-self --monitor-self-annotation=ptype=crashpad-handler --database=/root/.config/chromium/Crash Reports --annotation=lsb-release=Alpine Linux v3.22 --annotation=plat=Linux --annotation=prod=Chrome_Linux --annotation=ver=142.0.7444.59 --initial-client-fd=4 --shared-client-connection
MP_PS   120 root      0:00 /usr/lib/chromium/chrome_crashpad_handler --no-periodic-tasks --monitor-self-annotation=ptype=crashpad-handler --database=/root/.config/chromium/Crash Reports --annotation=lsb-release=Alpine Linux v3.22 --annotation=plat=Linux --annotation=prod=Chrome_Linux --annotation=ver=142.0.7444.59 --initial-client-fd=5 --shared-client-connection
MP_PS   135 root      0:00 /usr/lib/chromium/chromium --ozone-platform=wayland --disable-gpu --no-sandbox --disable-dev-shm-usage --disable-crash-reporter --disable-breakpad --no-first-run --no-default-browser-check --disable-sync --disable-component-update --disable-background-networking --window-size=1280,800 --start-fullscreen --kiosk --disable-features=Vulkan,SegmentationPlatform,OptimizationGuideModelDownloading,OptimizationHints,WebAppProvider,InterestFeedContentSuggestions --enable-logging=stderr --v=1 --vmodule=*wayland*=2,*ozone*=2,*navigation*=2,*render_process*=2,*content*=2,*viz*=2,*renderer*=2,*child_process*=2,*site_instance*=2,*render_frame_host*=2,*zygote*=2,*mojo*=2 --user-data-dir=/root/mp-chromium-profile file:///usr/share/html-test/index.html
MP_PS   138 root      0:00 {busybox} grep -E chromium|chrome|type=(renderer|zygote|utility|gpu-process)
MP_PS_END=10s
MP_SAMPLE_ELAPSED_SEC=15
MP_RENDERER_COUNT=0
MP_RSS_KB=0
MP_SNAPSHOT=15s
MP_PS_BEGIN=15s
MP_PS    48 root      0:00 /usr/lib/chromium/chromium --ozone-platform=wayland --disable-gpu --no-sandbox --disable-dev-shm-usage --disable-crash-reporter --disable-breakpad --no-first-run --no-default-browser-check --disable-sync --disable-component-update --disable-background-networking --window-size=1280,800 --start-fullscreen --kiosk --disable-features=Vulkan,SegmentationPlatform,OptimizationGuideModelDownloading,OptimizationHints,WebAppProvider,InterestFeedContentSuggestions --enable-logging=stderr --v=1 --vmodule=*wayland*=2,*ozone*=2,*navigation*=2,*render_process*=2,*content*=2,*viz*=2,*renderer*=2,*child_process*=2,*site_instance*=2,*render_frame_host*=2,*zygote*=2,*mojo*=2 --user-data-dir=/root/mp-chromium-profile file:///usr/share/html-test/index.html
MP_PS   104 root      0:00 /usr/lib/chromium/chrome_crashpad_handler --monitor-self --monitor-self-annotation=ptype=crashpad-handler --database=/root/.config/chromium/Crash Reports --annotation=lsb-release=Alpine Linux v3.22 --annotation=plat=Linux --annotation=prod=Chrome_Linux --annotation=ver=142.0.7444.59 --initial-client-fd=4 --shared-client-connection
MP_PS   120 root      0:00 /usr/lib/chromium/chrome_crashpad_handler --no-periodic-tasks --monitor-self-annotation=ptype=crashpad-handler --database=/root/.config/chromium/Crash Reports --annotation=lsb-release=Alpine Linux v3.22 --annotation=plat=Linux --annotation=prod=Chrome_Linux --annotation=ver=142.0.7444.59 --initial-client-fd=5 --shared-client-connection
MP_PS   135 root      0:00 /usr/lib/chromium/chromium --type=zygote --no-zygote-sandbox --no-sandbox --enable-logging=stderr --v=1 --vmodule=*wayland*=2,*ozone*=2,*navigation*=2,*render_process*=2,*content*=2,*viz*=2,*renderer*=2,*child_process*=2,*site_instance*=2,*render_frame_host*=2,*zygote*=2,*mojo*=2 --crashpad-handler-pid=0 --enable-crash-reporter=, --user-data-dir=/root/mp-chromium-profile --change-stack-guard-on-fork=enable
MP_PS   136 root      0:00 /usr/lib/chromium/chromium --type=zygote --no-sandbox --enable-logging=stderr --v=1 --vmodule=*wayland*=2,*ozone*=2,*navigation*=2,*render_process*=2,*content*=2,*viz*=2,*renderer*=2,*child_process*=2,*site_instance*=2,*render_frame_host*=2,*zygote*=2,*mojo*=2 --crashpad-handler-pid=0 --enable-crash-reporter=, --user-data-dir=/root/mp-chromium-profile --change-stack-guard-on-fork=enable
MP_PS   174 root      0:00 {busybox} grep -E chromium|chrome|type=(renderer|zygote|utility|gpu-process)
MP_PS_END=15s
MP_SAMPLE_ELAPSED_SEC=20
MP_RENDERER_COUNT=0
MP_RSS_KB=0
MP_SNAPSHOT=20s
MP_PS_BEGIN=20s
MP_PS    48 root      0:00 /usr/lib/chromium/chromium --ozone-platform=wayland --disable-gpu --no-sandbox --disable-dev-shm-usage --disable-crash-reporter --disable-breakpad --no-first-run --no-default-browser-check --disable-sync --disable-component-update --disable-background-networking --window-size=1280,800 --start-fullscreen --kiosk --disable-features=Vulkan,SegmentationPlatform,OptimizationGuideModelDownloading,OptimizationHints,WebAppProvider,InterestFeedContentSuggestions --enable-logging=stderr --v=1 --vmodule=*wayland*=2,*ozone*=2,*navigation*=2,*render_process*=2,*content*=2,*viz*=2,*renderer*=2,*child_process*=2,*site_instance*=2,*render_frame_host*=2,*zygote*=2,*mojo*=2 --user-data-dir=/root/mp-chromium-profile file:///usr/share/html-test/index.html
MP_PS   104 root      0:00 /usr/lib/chromium/chrome_crashpad_handler --monitor-self --monitor-self-annotation=ptype=crashpad-handler --database=/root/.config/chromium/Crash Reports --annotation=lsb-release=Alpine Linux v3.22 --annotation=plat=Linux --annotation=prod=Chrome_Linux --annotation=ver=142.0.7444.59 --initial-client-fd=4 --shared-client-connection
MP_PS   120 root      0:00 /usr/lib/chromium/chrome_crashpad_handler --no-periodic-tasks --monitor-self-annotation=ptype=crashpad-handler --database=/root/.config/chromium/Crash Reports --annotation=lsb-release=Alpine Linux v3.22 --annotation=plat=Linux --annotation=prod=Chrome_Linux --annotation=ver=142.0.7444.59 --initial-client-fd=5 --shared-client-connection
MP_PS   135 root      0:00 /usr/lib/chromium/chromium --type=zygote --no-zygote-sandbox --no-sandbox --enable-logging=stderr --v=1 --vmodule=*wayland*=2,*ozone*=2,*navigation*=2,*render_process*=2,*content*=2,*viz*=2,*renderer*=2,*child_process*=2,*site_instance*=2,*render_frame_host*=2,*zygote*=2,*mojo*=2 --crashpad-handler-pid=0 --enable-crash-reporter=, --user-data-dir=/root/mp-chromium-profile --change-stack-guard-on-fork=enable
MP_PS   136 root      0:00 /usr/lib/chromium/chromium --type=zygote --no-sandbox --enable-logging=stderr --v=1 --vmodule=*wayland*=2,*ozone*=2,*navigation*=2,*render_process*=2,*content*=2,*viz*=2,*renderer*=2,*child_process*=2,*site_instance*=2,*render_frame_host*=2,*zygote*=2,*mojo*=2 --crashpad-handler-pid=0 --enable-crash-reporter=, --user-data-dir=/root/mp-chromium-profile --change-stack-guard-on-fork=enable
MP_PS   214 root      0:00 /usr/lib/chromium/chromium --type=zygote --no-zygote-sandbox --no-sandbox --enable-logging=stderr --v=1 --vmodule=*wayland*=2,*ozone*=2,*navigation*=2,*render_process*=2,*content*=2,*viz*=2,*renderer*=2,*child_process*=2,*site_instance*=2,*render_frame_host*=2,*zygote*=2,*mojo*=2 --crashpad-handler-pid=0 --enable-crash-reporter=, --user-data-dir=/root/mp-chromium-profile --change-stack-guard-on-fork=enable
MP_PS   222 root      0:00 {ThreadPoolSingl} /usr/lib/chromium/chromium --ozone-platform=wayland --disable-gpu --no-sandbox --disable-dev-shm-usage --disable-crash-reporter --disable-breakpad --no-first-run --no-default-browser-check --disable-sync --disable-component-update --disable-background-networking --window-size=1280,800 --start-fullscreen --kiosk --disable-features=Vulkan,SegmentationPlatform,OptimizationGuideModelDownloading,OptimizationHints,WebAppProvider,InterestFeedContentSuggestions --enable-logging=stderr --v=1 --vmodule=*wayland*=2,*ozone*=2,*navigation*=2,*render_process*=2,*content*=2,*viz*=2,*renderer*=2,*child_process*=2,*site_instance*=2,*render_frame_host*=2,*zygote*=2,*mojo*=2 --user-data-dir=/root/mp-chromium-profile file:///usr/share/html-test/index.html
MP_PS   235 root      0:00 {busybox} grep -E chromium|chrome|type=(renderer|zygote|utility|gpu-process)
MP_PS_END=20s
MP_SAMPLE_ELAPSED_SEC=25
MP_RENDERER_COUNT=0
MP_RSS_KB=0
MP_SNAPSHOT=25s
MP_PS_BEGIN=25s
MP_PS    48 root      0:00 /usr/lib/chromium/chromium --ozone-platform=wayland --disable-gpu --no-sandbox --disable-dev-shm-usage --disable-crash-reporter --disable-breakpad --no-first-run --no-default-browser-check --disable-sync --disable-component-update --disable-background-networking --window-size=1280,800 --start-fullscreen --kiosk --disable-features=Vulkan,SegmentationPlatform,OptimizationGuideModelDownloading,OptimizationHints,WebAppProvider,InterestFeedContentSuggestions --enable-logging=stderr --v=1 --vmodule=*wayland*=2,*ozone*=2,*navigation*=2,*render_process*=2,*content*=2,*viz*=2,*renderer*=2,*child_process*=2,*site_instance*=2,*render_frame_host*=2,*zygote*=2,*mojo*=2 --user-data-dir=/root/mp-chromium-profile file:///usr/share/html-test/index.html
MP_PS   104 root      0:00 /usr/lib/chromium/chrome_crashpad_handler --monitor-self --monitor-self-annotation=ptype=crashpad-handler --database=/root/.config/chromium/Crash Reports --annotation=lsb-release=Alpine Linux v3.22 --annotation=plat=Linux --annotation=prod=Chrome_Linux --annotation=ver=142.0.7444.59 --initial-client-fd=4 --shared-client-connection
MP_PS   120 root      0:00 /usr/lib/chromium/chrome_crashpad_handler --no-periodic-tasks --monitor-self-annotation=ptype=crashpad-handler --database=/root/.config/chromium/Crash Reports --annotation=lsb-release=Alpine Linux v3.22 --annotation=plat=Linux --annotation=prod=Chrome_Linux --annotation=ver=142.0.7444.59 --initial-client-fd=5 --shared-client-connection
MP_PS   135 root      0:00 /usr/lib/chromium/chromium --type=zygote --no-zygote-sandbox --no-sandbox --enable-logging=stderr --v=1 --vmodule=*wayland*=2,*ozone*=2,*navigation*=2,*render_process*=2,*content*=2,*viz*=2,*renderer*=2,*child_process*=2,*site_instance*=2,*render_frame_host*=2,*zygote*=2,*mojo*=2 --crashpad-handler-pid=0 --enable-crash-reporter=, --user-data-dir=/root/mp-chromium-profile --change-stack-guard-on-fork=enable
MP_PS   136 root      0:00 /usr/lib/chromium/chromium --type=zygote --no-sandbox --enable-logging=stderr --v=1 --vmodule=*wayland*=2,*ozone*=2,*navigation*=2,*render_process*=2,*content*=2,*viz*=2,*renderer*=2,*child_process*=2,*site_instance*=2,*render_frame_host*=2,*zygote*=2,*mojo*=2 --crashpad-handler-pid=0 --enable-crash-reporter=, --user-data-dir=/root/mp-chromium-profile --change-stack-guard-on-fork=enable
MP_PS   222 root      0:00 {chromium} /proc/self/exe --type=utility --utility-sub-type=network.mojom.NetworkService --lang=en-US --service-sandbox-type=none --no-sandbox --disable-dev-shm-usage --crashpad-handler-pid=0 --enable-crash-reporter=, --user-data-dir=/root/mp-chromium-profile --change-stack-guard-on-fork=enable --shared-files=v8_context_snapshot_data:100 --metrics-shmem-handle=4,i,17654379265698666570,1401144166038595856,524288 --field-trial-handle=3,i,6407571100560083870,2409839979112785393,262144 --disable-features=InterestFeedContentSuggestions,OptimizationGuideModelDownloading,OptimizationHints,SegmentationPlatform,Vulkan,WebAppProvider --variations-seed-version --trace-process-track-uuid=3190708989122997041 --enable-logging=stderr --v=1 --vmodule=*wayland*=2,*ozone*=2,*navigation*=2,*render_process*=2,*content*=2,*viz*=2,*renderer*=2,*child_process*=2,*site_instance*=2,*render_frame_host*=2,*zygote*=2,*mojo*=2
MP_PS   242 root      0:00 /usr/lib/chromium/chromium --type=zygote --no-sandbox --enable-logging=stderr --v=1 --vmodule=*wayland*=2,*ozone*=2,*navigation*=2,*render_process*=2,*content*=2,*viz*=2,*renderer*=2,*child_process*=2,*site_instance*=2,*render_frame_host*=2,*zygote*=2,*mojo*=2 --crashpad-handler-pid=0 --enable-crash-reporter=, --user-data-dir=/root/mp-chromium-profile --change-stack-guard-on-fork=enable
MP_PS   292 root      0:00 {busybox} grep -E chromium|chrome|type=(renderer|zygote|utility|gpu-process)
MP_PS_END=25s
[mpdiag] BROWSER_TERM_TIMEOUT=1
MP_BROWSER_EXIT_EPOCH_MS=1790727850
MP_BROWSER_EXIT_RC=137
MP_RSS_MAX_KB=0
MP_RENDERER_SEEN=0
MP_RENDERER_MAX_STREAK=0
MP_GATE=0
[mpdiag] CHROMIUM_LOG_BYTES=29414
[48:48:0930/002203.586710:VERBOSE1:chrome/app/chrome_crash_reporter_client.cc:199] GetCollectStatsConsent(): is_official_chrome_build is false so returning false
[48:48:0930/002206.794003:VERBOSE1:chrome/app/chrome_crash_reporter_client.cc:199] GetCollectStatsConsent(): is_official_chrome_build is false so returning false
[136:136:0930/002215.820080:INFO:third_party/webrtc/rtc_base/cpu_info.cc:75] Available number of cores: 4
[135:135:0930/002215.823049:INFO:third_party/webrtc/rtc_base/cpu_info.cc:75] Available number of cores: 4
[135:135:0930/002215.965088:VERBOSE1:content/zygote/zygote_main_linux.cc:201] ZygoteMain: initializing 0 fork delegates
[136:136:0930/002215.964025:VERBOSE1:content/zygote/zygote_main_linux.cc:201] ZygoteMain: initializing 0 fork delegates
[48:48:0930/002217.175218:VERBOSE1:components/policy/core/common/config_dir_policy_loader.cc:116] Found mandatory policy file: /etc/chromium/policies/managed/kiosk.json
[48:48:0930/002217.247974:VERBOSE1:components/policy/core/common/config_dir_policy_loader.cc:121] Skipping recommended platform policies because no policy file was found at: /etc/chromium/policies/recommended
[48:48:0930/002217.851511:VERBOSE1:components/variations/service/variations_field_trial_creator.cc:80] VariationsSeedUsage:2
[48:48:0930/002217.871568:VERBOSE1:components/variations/service/variations_field_trial_creator.cc:353] VariationsSetupComplete
[48:179:0930/002218.496237:VERBOSE1:base/files/file_util_posix.cc:317] Cannot stat "/root/mp-chromium-profile/VariationsSeedV1": No such file or directory (2)
[48:181:0930/002218.628204:ERROR:dbus/bus.cc:408] Failed to connect to the bus: Failed to connect to socket /run/dbus/system_bus_socket: No such file or directory
[48:48:0930/002218.902496:WARNING:ui/ozone/platform/wayland/ozone_platform_wayland.cc:272] Failed to initialize drm render node handle.
[48:48:0930/002218.950872:WARNING:ui/ozone/platform/wayland/common/wayland_object.cc:119] Binding to wl_shm version 1 but version 2 is available.
[48:48:0930/002222.641050:VERBOSE1:chrome/browser/media/webrtc/webrtc_event_log_manager.cc:122] WebRTC remote-bound event logging enabled.
[48:48:0930/002222.769953:VERBOSE1:components/proxy_config/pref_proxy_config_tracker_impl.cc:199] 0x4400205500: set chrome proxy config service to 0x440007ed80
[48:48:0930/002222.810946:VERBOSE1:google_apis/api_key_cache.cc:99] Using default value "497550622367-ubtkmd3b2pp5gulba5n6ha6sq4n35ehj.apps.googleusercontent.com" for API key GOOGLE_CLIENT_ID_MAIN
[48:48:0930/002222.812301:VERBOSE1:google_apis/api_key_cache.cc:99] Using default value "NaCX8tIIAphrjs56n3TpHx_e" for API key GOOGLE_CLIENT_SECRET_MAIN
[48:48:0930/002222.813387:VERBOSE1:google_apis/api_key_cache.cc:99] Using default value "497550622367-ubtkmd3b2pp5gulba5n6ha6sq4n35ehj.apps.googleusercontent.com" for API key GOOGLE_CLIENT_ID_REMOTING
[48:48:0930/002222.813670:VERBOSE1:google_apis/api_key_cache.cc:99] Using default value "NaCX8tIIAphrjs56n3TpHx_e" for API key GOOGLE_CLIENT_SECRET_REMOTING
[48:48:0930/002222.813848:VERBOSE1:google_apis/api_key_cache.cc:99] Using default value "497550622367-ubtkmd3b2pp5gulba5n6ha6sq4n35ehj.apps.googleusercontent.com" for API key GOOGLE_CLIENT_ID_REMOTING_HOST
[48:48:0930/002222.814817:VERBOSE1:google_apis/api_key_cache.cc:99] Using default value "NaCX8tIIAphrjs56n3TpHx_e" for API key GOOGLE_CLIENT_SECRET_REMOTING_HOST
[48:48:0930/002223.584511:VERBOSE1:components/device_event_log/device_event_log_impl.cc:200] [00:22:23.161] Display: EVENT: wayland_screen.cc:144 Displays updated, count: 1
[48:48:0930/002223.592418:VERBOSE1:components/device_event_log/device_event_log_impl.cc:200] [00:22:23.591] Display: EVENT: wayland_screen.cc:147 Display[16] bounds=[0,0 1280x800], workarea=[0,0 1280x800], scale=1, rotation=0, panel_rotation=0 external detected
[48:181:0930/002223.800608:ERROR:dbus/bus.cc:408] Failed to connect to the bus: Could not parse server address: Unknown address type (examples of valid types are "tcp" and on UNIX "unix")
[48:181:0930/002223.881614:ERROR:dbus/bus.cc:408] Failed to connect to the bus: Failed to connect to socket /run/dbus/system_bus_socket: No such file or directory
[48:181:0930/002223.891806:ERROR:dbus/bus.cc:408] Failed to connect to the bus: Failed to connect to socket /run/dbus/system_bus_socket: No such file or directory
[48:180:0930/002223.937687:VERBOSE1:base/files/file_util_posix.cc:317] Cannot stat "/root/mp-chromium-profile/component_crx_cache/metadata.json": No such file or directory (2)
[48:185:0930/002225.084533:VERBOSE1:content/browser/renderer_host/media/media_stream_manager.cc:1555] MSM::InitializeMaybeAsync([this=0x44000eb700])
[48:185:0930/002225.133698:VERBOSE1:content/browser/renderer_host/media/media_stream_manager.cc:1555] MDM::MediaDevicesManager()
[48:185:0930/002225.137524:VERBOSE1:content/browser/renderer_host/media/media_stream_manager.cc:1555] MSM::MediaStreamManager([this=0x44000eb700]))
[48:179:0930/002225.450804:VERBOSE1:base/files/file_util_posix.cc:317] Cannot stat "/root/mp-chromium-profile/Consent To Send Stats": No such file or directory (2)
[214:214:0930/002226.185990:WARNING:ui/ozone/platform/wayland/ozone_platform_wayland.cc:325] Failed to find drm render node path.
[214:214:0930/002226.214999:WARNING:ui/ozone/platform/wayland/gpu/wayland_buffer_manager_gpu.cc:458] Failed to initialize drm render node handle.
[48:48:0930/002226.593488:VERBOSE1:components/os_crypt/sync/key_storage_util_linux.cc:46] Password storage detected desktop environment: (unknown)
[48:48:0930/002226.595013:VERBOSE1:components/os_crypt/sync/key_storage_linux.cc:116] Selected backend for OSCrypt: BASIC_TEXT
[48:48:0930/002226.597723:VERBOSE1:components/os_crypt/sync/key_storage_linux.cc:135] OSCrypt did not initialize a backend.
[48:48:0930/002226.650527:VERBOSE1:components/enterprise/browser/controller/chrome_browser_cloud_management_controller.cc:171] Cloud management controller initialization aborted as CBCM is not enabled. Please use the `--enable-chrome-browser-cloud-management` command line flag to enable it if you are not using the official Google Chrome build.
[214:214:0930/002228.174133:ERROR:ui/gl/angle_platform_impl.cc:42] vk_renderer.cpp:187 (VerifyExtensionsPresent): Extension not supported: VK_EXT_headless_surface
ERR: vk_renderer.cpp:187 (VerifyExtensionsPresent): Extension not supported: VK_EXT_headless_surface
[214:214:0930/002228.188302:ERROR:ui/gl/angle_platform_impl.cc:42] vk_renderer.cpp:187 (VerifyExtensionsPresent): Extension not supported: VK_KHR_surface
ERR: vk_renderer.cpp:187 (VerifyExtensionsPresent): Extension not supported: VK_KHR_surface
[214:214:0930/002228.201351:ERROR:ui/gl/angle_platform_impl.cc:42] Display.cpp:1093 (initialize): ANGLE Display::initialize error 0: Internal Vulkan error (-7): A requested extension is not supported, in ../../third_party/angle/src/libANGLE/renderer/vulkan/vk_renderer.cpp, enableInstanceExtensions:2252.
ERR: Display.cpp:1093 (initialize): ANGLE Display::initialize error 0: Internal Vulkan error (-7): A requested extension is not supported, in ../../third_party/angle/src/libANGLE/renderer/vulkan/vk_renderer.cpp, enableInstanceExtensions:2252.
[214:214:0930/002228.217517:ERROR:ui/gl/egl_util.cc:92] EGL Driver message (Critical) eglInitialize: Internal Vulkan error (-7): A requested extension is not supported, in ../../third_party/angle/src/libANGLE/renderer/vulkan/vk_renderer.cpp, enableInstanceExtensions:2252.
[214:214:0930/002228.223768:ERROR:ui/gl/gl_display.cc:639] eglInitialize SwANGLE failed with error EGL_NOT_INITIALIZED
[214:214:0930/002228.231302:ERROR:ui/gl/gl_display.cc:674] Initialization of all EGL display types failed.
[214:214:0930/002228.238631:ERROR:ui/ozone/common/gl_ozone_egl.cc:26] GLDisplayEGL::Initialize failed.
[214:214:0930/002228.447048:ERROR:ui/gl/angle_platform_impl.cc:42] vk_renderer.cpp:187 (VerifyExtensionsPresent): Extension not supported: VK_EXT_headless_surface
ERR: vk_renderer.cpp:187 (VerifyExtensionsPresent): Extension not supported: VK_EXT_headless_surface
[214:214:0930/002228.453028:ERROR:ui/gl/angle_platform_impl.cc:42] vk_renderer.cpp:187 (VerifyExtensionsPresent): Extension not supported: VK_KHR_surface
ERR: vk_renderer.cpp:187 (VerifyExtensionsPresent): Extension not supported: VK_KHR_surface
[214:214:0930/002228.461994:ERROR:ui/gl/angle_platform_impl.cc:42] Display.cpp:1093 (initialize): ANGLE Display::initialize error 0: Internal Vulkan error (-7): A requested extension is not supported, in ../../third_party/angle/src/libANGLE/renderer/vulkan/vk_renderer.cpp, enableInstanceExtensions:2252.
ERR: Display.cpp:1093 (initialize): ANGLE Display::initialize error 0: Internal Vulkan error (-7): A requested extension is not supported, in ../../third_party/angle/src/libANGLE/renderer/vulkan/vk_renderer.cpp, enableInstanceExtensions:2252.
[214:214:0930/002228.473157:ERROR:ui/gl/egl_util.cc:92] EGL Driver message (Critical) eglInitialize: Internal Vulkan error (-7): A requested extension is not supported, in ../../third_party/angle/src/libANGLE/renderer/vulkan/vk_renderer.cpp, enableInstanceExtensions:2252.
[214:214:0930/002228.479445:ERROR:ui/gl/gl_display.cc:639] eglInitialize SwANGLE failed with error EGL_NOT_INITIALIZED
[214:214:0930/002228.486197:ERROR:ui/gl/gl_display.cc:674] Initialization of all EGL display types failed.
[214:214:0930/002228.494656:ERROR:ui/ozone/common/gl_ozone_egl.cc:26] GLDisplayEGL::Initialize failed.
[214:214:0930/002228.507802:VERBOSE1:gpu/ipc/service/gpu_init.cc:510] gl::init::InitializeGLNoExtensionsOneOff failed
[214:214:0930/002229.294513:VERBOSE1:components/viz/service/main/viz_main_impl.cc:86] VizNullHypothesis is disabled (not a warning)
[214:214:0930/002229.461704:ERROR:components/viz/service/main/viz_main_impl.cc:189] Exiting GPU process due to errors during initialization
[48:48:0930/002231.356118:VERBOSE1:chrome/browser/signin/account_consistency_mode_manager.cc:207] Desktop Identity Consistency disabled as sign-in to Chrome is not allowed
[48:48:0930/002231.505915:VERBOSE1:components/device_event_log/device_event_log_impl.cc:200] [00:22:31.501] Bluetooth: EVENT: bluetooth_api.cc:82 BluetoothAPI: 0x44004560c0
[48:48:0930/002231.593864:VERBOSE2:components/content_settings/core/browser/content_settings_policy_provider.cc:452] Skipping unset preference: profile.managed_automatic_fullscreen_allowed_for_urls
[48:48:0930/002231.594459:VERBOSE2:components/content_settings/core/browser/content_settings_policy_provider.cc:452] Skipping unset preference: profile.managed_automatic_fullscreen_blocked_for_urls
[48:48:0930/002231.594770:VERBOSE2:components/content_settings/core/browser/content_settings_policy_provider.cc:452] Skipping unset preference: profile.managed_cookies_allowed_for_urls
[48:48:0930/002231.595173:VERBOSE2:components/content_settings/core/browser/content_settings_policy_provider.cc:452] Skipping unset preference: profile.managed_cookies_blocked_for_urls
[48:48:0930/002231.595534:VERBOSE2:components/content_settings/core/browser/content_settings_policy_provider.cc:452] Skipping unset preference: profile.managed_cookies_sessiononly_for_urls
[48:48:0930/002231.595865:VERBOSE2:components/content_settings/core/browser/content_settings_policy_provider.cc:452] Skipping unset preference: profile.managed_access_to_get_all_screens_media_in_session_allowed_for_urls
[48:48:0930/002231.596164:VERBOSE2:components/content_settings/core/browser/content_settings_policy_provider.cc:452] Skipping unset preference: profile.managed_images_allowed_for_urls
[48:48:0930/002231.596455:VERBOSE2:components/content_settings/core/browser/content_settings_policy_provider.cc:452] Skipping unset preference: profile.managed_images_blocked_for_urls
[48:48:0930/002231.596797:VERBOSE2:components/content_settings/core/browser/content_settings_policy_provider.cc:452] Skipping unset preference: profile.managed_insecure_content_allowed_for_urls
[48:48:0930/002231.597099:VERBOSE2:components/content_settings/core/browser/content_settings_policy_provider.cc:452] Skipping unset preference: profile.managed_insecure_content_blocked_for_urls
[48:48:0930/002231.597405:VERBOSE2:components/content_settings/core/browser/content_settings_policy_provider.cc:452] Skipping unset preference: profile.managed_javascript_allowed_for_urls
[48:48:0930/002231.597882:VERBOSE2:components/content_settings/core/browser/content_settings_policy_provider.cc:452] Skipping unset preference: profile.managed_javascript_blocked_for_urls
[48:48:0930/002231.598214:VERBOSE2:components/content_settings/core/browser/content_settings_policy_provider.cc:452] Skipping unset preference: profile.managed_clipboard_allowed_for_urls
[48:48:0930/002231.598530:VERBOSE2:components/content_settings/core/browser/content_settings_policy_provider.cc:452] Skipping unset preference: profile.managed_clipboard_blocked_for_urls
[48:48:0930/002231.598852:VERBOSE2:components/content_settings/core/browser/content_settings_policy_provider.cc:452] Skipping unset preference: profile.managed_notifications_allowed_for_urls
[48:48:0930/002231.599167:VERBOSE2:components/content_settings/core/browser/content_settings_policy_provider.cc:452] Skipping unset preference: profile.managed_notifications_blocked_for_urls
[48:48:0930/002231.599435:VERBOSE2:components/content_settings/core/browser/content_settings_policy_provider.cc:452] Skipping unset preference: profile.managed_popups_allowed_for_urls
[48:48:0930/002231.599754:VERBOSE2:components/content_settings/core/browser/content_settings_policy_provider.cc:452] Skipping unset preference: profile.managed_popups_blocked_for_urls
[48:48:0930/002231.600059:VERBOSE2:components/content_settings/core/browser/content_settings_policy_provider.cc:452] Skipping unset preference: profile.managed_web_usb_ask_for_urls
[48:48:0930/002231.600347:VERBOSE2:components/content_settings/core/browser/content_settings_policy_provider.cc:452] Skipping unset preference: profile.managed_web_usb_blocked_for_urls
[48:48:0930/002231.600684:VERBOSE2:components/content_settings/core/browser/content_settings_policy_provider.cc:452] Skipping unset preference: profile.managed_file_system_read_ask_for_urls
[48:48:0930/002231.601013:VERBOSE2:components/content_settings/core/browser/content_settings_policy_provider.cc:452] Skipping unset preference: profile.managed_file_system_read_blocked_for_urls
[48:48:0930/002231.601352:VERBOSE2:components/content_settings/core/browser/content_settings_policy_provider.cc:452] Skipping unset preference: profile.managed_file_system_write_ask_for_urls
[48:48:0930/002231.601685:VERBOSE2:components/content_settings/core/browser/content_settings_policy_provider.cc:452] Skipping unset preference: profile.managed_file_system_write_blocked_for_urls
[48:48:0930/002231.602007:VERBOSE2:components/content_settings/core/browser/content_settings_policy_provider.cc:452] Skipping unset preference: profile.managed_legacy_cookie_access_allowed_for_domains
[48:48:0930/002231.602345:VERBOSE2:components/content_settings/core/browser/content_settings_policy_provider.cc:452] Skipping unset preference: profile.managed_default_content_settings.legacy_cookie_scope
[48:48:0930/002231.602678:VERBOSE2:components/content_settings/core/browser/content_settings_policy_provider.cc:452] Skipping unset preference: profile.managed_legacy_cookie_scope_for_domains
[48:48:0930/002231.603048:VERBOSE2:components/content_settings/core/browser/content_settings_policy_provider.cc:452] Skipping unset preference: profile.managed_serial_ask_for_urls
[48:48:0930/002231.603378:VERBOSE2:components/content_settings/core/browser/content_settings_policy_provider.cc:452] Skipping unset preference: profile.managed_serial_blocked_for_urls
[48:48:0930/002231.603892:VERBOSE2:components/content_settings/core/browser/content_settings_policy_provider.cc:452] Skipping unset preference: profile.managed_sensors_allowed_for_urls
[48:48:0930/002231.604223:VERBOSE2:components/content_settings/core/browser/content_settings_policy_provider.cc:452] Skipping unset preference: profile.managed_sensors_blocked_for_urls
[48:48:0930/002231.604531:VERBOSE2:components/content_settings/core/browser/content_settings_policy_provider.cc:452] Skipping unset preference: profile.managed_javascript_jit_allowed_for_sites
[48:48:0930/002231.604855:VERBOSE2:components/content_settings/core/browser/content_settings_policy_provider.cc:452] Skipping unset preference: profile.managed_javascript_jit_blocked_for_sites
[48:48:0930/002231.605289:VERBOSE2:components/content_settings/core/browser/content_settings_policy_provider.cc:452] Skipping unset preference: profile.managed_javascript_optimizer_allowed_for_sites
[48:48:0930/002231.605661:VERBOSE2:components/content_settings/core/browser/content_settings_policy_provider.cc:452] Skipping unset preference: profile.managed_javascript_optimizer_blocked_for_sites
[48:48:0930/002231.606181:VERBOSE2:components/content_settings/core/browser/content_settings_policy_provider.cc:452] Skipping unset preference: profile.managed_web_hid_ask_for_urls
[48:48:0930/002231.606490:VERBOSE2:components/content_settings/core/browser/content_settings_policy_provider.cc:452] Skipping unset preference: profile.managed_web_hid_blocked_for_urls
[48:48:0930/002231.606861:VERBOSE2:components/content_settings/core/browser/content_settings_policy_provider.cc:452] Skipping unset preference: profile.managed_window_management_allowed_for_urls
[48:48:0930/002231.607187:VERBOSE2:components/content_settings/core/browser/content_settings_policy_provider.cc:452] Skipping unset preference: profile.managed_window_management_blocked_for_urls
[48:48:0930/002231.607522:VERBOSE2:components/content_settings/core/browser/content_settings_policy_provider.cc:452] Skipping unset preference: profile.managed_local_fonts_allowed_for_urls
[48:48:0930/002231.607848:VERBOSE2:components/content_settings/core/browser/content_settings_policy_provider.cc:452] Skipping unset preference: profile.managed_local_fonts_blocked_for_urls
[48:48:0930/002231.608188:VERBOSE2:components/content_settings/core/browser/content_settings_policy_provider.cc:452] Skipping unset preference: profile.managed_third_party_storage_partitioning_blocked_for_origins
[48:48:0930/002231.608516:VERBOSE2:components/content_settings/core/browser/content_settings_policy_provider.cc:452] Skipping unset preference: profile.managed_web_printing_allowed_for_urls
[48:48:0930/002231.608838:VERBOSE2:components/content_settings/core/browser/content_settings_policy_provider.cc:452] Skipping unset preference: profile.managed_web_printing_blocked_for_urls
[48:48:0930/002231.609156:VERBOSE2:components/content_settings/core/browser/content_settings_policy_provider.cc:452] Skipping unset preference: profile.managed_direct_sockets_allowed_for_urls
[48:48:0930/002231.609498:VERBOSE2:components/content_settings/core/browser/content_settings_policy_provider.cc:452] Skipping unset preference: profile.managed_direct_sockets_blocked_for_urls
[48:48:0930/002231.609803:VERBOSE2:components/content_settings/core/browser/content_settings_policy_provider.cc:452] Skipping unset preference: profile.managed_direct_sockets_pna_allowed_for_urls
[48:48:0930/002231.610127:VERBOSE2:components/content_settings/core/browser/content_settings_policy_provider.cc:452] Skipping unset preference: profile.managed_direct_sockets_pna_blocked_for_urls
[48:48:0930/002231.610442:VERBOSE2:components/content_settings/core/browser/content_settings_policy_provider.cc:452] Skipping unset preference: profile.managed_controlled_frame_allowed_for_urls
[48:48:0930/002231.610764:VERBOSE2:components/content_settings/core/browser/content_settings_policy_provider.cc:452] Skipping unset preference: profile.managed_controlled_frame_blocked_for_urls
[48:48:0930/002231.611073:VERBOSE2:components/content_settings/core/browser/content_settings_policy_provider.cc:452] Skipping unset preference: profile.managed_local_network_access_allowed_for_urls
[48:48:0930/002231.611378:VERBOSE2:components/content_settings/core/browser/content_settings_policy_provider.cc:452] Skipping unset preference: profile.managed_local_network_access_blocked_for_urls
[48:48:0930/002231.611839:VERBOSE2:components/content_settings/core/browser/content_settings_policy_provider.cc:530] Skipping unset preference: profile.managed_auto_select_certificate_for_urls
[48:179:0930/002231.952905:VERBOSE1:base/files/file_util_posix.cc:317] Cannot stat "/root/mp-chromium-profile/Default/Web Applications/Logs/WebAppInstallManager.log": No such file or directory (2)
[48:181:0930/002232.479541:ERROR:dbus/bus.cc:408] Failed to connect to the bus: Could not parse server address: Unknown address type (examples of valid types are "tcp" and on UNIX "unix")
[48:48:0930/002233.135776:VERBOSE1:components/proxy_config/pref_proxy_config_tracker_impl.cc:199] 0x4400206d00: set chrome proxy config service to 0x4400081ca0
[48:48:0930/002233.296491:VERBOSE1:chrome/browser/signin/account_consistency_mode_manager.cc:207] Desktop Identity Consistency disabled as sign-in to Chrome is not allowed
[48:48:0930/002233.542427:VERBOSE1:components/signin/internal/identity_manager/mutable_profile_oauth2_token_service_delegate.cc:318] MutablePO2TS::MutablePO2TS
[48:180:0930/002234.658662:VERBOSE1:net/disk_cache/simple/simple_index_file.cc:607] Simple Cache Index is being restored from disk.
[48:179:0930/002234.664155:VERBOSE1:net/disk_cache/simple/simple_index_file.cc:607] Simple Cache Index is being restored from disk.
[48:179:0930/002234.674848:VERBOSE1:base/files/file_util_posix.cc:317] Cannot stat "/root/mp-chromium-profile/Default/Code Cache/wasm/index-dir/the-real-index": No such file or directory (2)
[48:180:0930/002234.675634:VERBOSE1:base/files/file_util_posix.cc:317] Cannot stat "/root/mp-chromium-profile/Default/Code Cache/js/index-dir/the-real-index": No such file or directory (2)
[48:48:0930/002234.890223:VERBOSE1:components/proxy_config/pref_proxy_config_tracker_impl.cc:199] 0x4400208200: set chrome proxy config service to 0x4400085580
[48:48:0930/002236.171475:VERBOSE1:chrome/browser/signin/account_consistency_mode_manager.cc:207] Desktop Identity Consistency disabled as sign-in to Chrome is not allowed
[48:48:0930/002236.606222:VERBOSE1:extensions/browser/api/bluetooth_low_energy/bluetooth_low_energy_event_router.cc:291] Initializing BluetoothLowEnergyEventRouter.
[48:48:0930/002237.174955:VERBOSE1:chrome/browser/permissions/prediction_service/prediction_model_handler_provider_factory.cc:58] [PermissionsAI]: PredictionModelHandlerProviderFactory::BuildServiceInstanceForBrowserContext
[48:48:0930/002237.175706:VERBOSE1:chrome/browser/permissions/prediction_service/prediction_model_handler_provider_factory.cc:66] [PermissionsAI]: OptimizationGuideKeyedService not available.
[48:48:0930/002239.507479:VERBOSE1:extensions/browser/extension_registrar.cc:521] AddComponentExtension Web Store
[48:48:0930/002239.510740:VERBOSE1:extensions/browser/extension_registrar.cc:523] Component extension Web Store (ahfgeienlihckogmohjhadlkjgocpleb) installing/upgrading from '' to 0.2
[48:48:0930/002239.921696:VERBOSE1:extensions/browser/extension_registrar.cc:521] AddComponentExtension Chromium PDF Viewer
[48:48:0930/002239.926093:VERBOSE1:extensions/browser/extension_registrar.cc:523] Component extension Chromium PDF Viewer (mhjfbmdgcfjbbpaeojofohoefgiehjai) installing/upgrading from '' to 1
[48:48:0930/002240.018845:VERBOSE1:extensions/browser/extension_registrar.cc:521] AddComponentExtension Google Hangouts
[48:48:0930/002240.019253:VERBOSE1:extensions/browser/extension_registrar.cc:523] Component extension Google Hangouts (nkeimhogjdpnpccoofpliimaahmaaome) installing/upgrading from '' to 1.3.26
[48:48:0930/002240.062579:VERBOSE1:components/signin/internal/identity_manager/mutable_profile_oauth2_token_service_delegate.cc:408] MutablePO2TS::RefreshTokenIsAvailable
[48:48:0930/002240.070010:VERBOSE1:components/signin/internal/identity_manager/mutable_profile_oauth2_token_service_delegate.cc:408] MutablePO2TS::RefreshTokenIsAvailable
[48:48:0930/002240.077409:VERBOSE1:chrome/browser/signin/account_consistency_mode_manager.cc:207] Desktop Identity Consistency disabled as sign-in to Chrome is not allowed
[48:48:0930/002240.079591:VERBOSE1:components/signin/core/browser/account_reconcilor.cc:165] AccountReconcilor::AccountReconcilor
[48:48:0930/002240.080004:VERBOSE1:components/signin/core/browser/account_reconcilor.cc:203] AccountReconcilor::Initialize
[48:179:0930/002240.178989:VERBOSE1:base/files/file_util_posix.cc:317] Cannot stat "/root/mp-chromium-profile/Default/Policy/User Policy": No such file or directory (2)
[48:179:0930/002240.180072:VERBOSE1:base/files/file_util_posix.cc:317] Cannot stat "/root/mp-chromium-profile/Default/Policy/Signing Key": No such file or directory (2)
[48:48:0930/002240.342666:VERBOSE1:chrome/browser/profiles/profile_manager.cc:1277] AddKeepAlive(Default, kBrowserWindow). keep_alives=[kWaitingForFirstBrowserWindow (1), kBrowserWindow (1)]
[48:48:0930/002240.343505:VERBOSE1:chrome/browser/profiles/profile_manager.cc:1359] ClearFirstBrowserWindowKeepAlive(Default). keep_alives=[kBrowserWindow (1)]
[48:181:0930/002241.981883:ERROR:dbus/bus.cc:408] Failed to connect to the bus: Could not parse server address: Unknown address type (examples of valid types are "tcp" and on UNIX "unix")
[48:181:0930/002241.986736:ERROR:dbus/bus.cc:408] Failed to connect to the bus: Could not parse server address: Unknown address type (examples of valid types are "tcp" and on UNIX "unix")
[48:48:0930/002242.367482:WARNING:ui/ozone/platform/wayland/host/wayland_surface.cc:170] Server doesn't support zcr_alpha_compositing_v1.
[48:48:0930/002242.367869:WARNING:ui/ozone/platform/wayland/host/wayland_surface.cc:185] Server doesn't support overlay_prioritizer.
[48:48:0930/002242.368088:WARNING:ui/ozone/platform/wayland/host/wayland_surface.cc:200] Server doesn't support wp_content_type_v1
[48:48:0930/002242.368294:WARNING:ui/ozone/platform/wayland/host/wayland_surface.cc:214] Server doesn't support wp_color_management_surface_v1.
[48:48:0930/002242.592543:WARNING:ui/ozone/platform/wayland/host/wayland_connection.cc:408] text-input-v3 not available.
[48:48:0930/002243.081025:VERBOSE1:chrome/browser/signin/account_consistency_mode_manager.cc:207] Desktop Identity Consistency disabled as sign-in to Chrome is not allowed
[48:48:0930/002244.934832:VERBOSE1:google_apis/gaia/gaia_auth_util.cc:54] Canonicalized @gmail.com to @gmail.com
[48:48:0930/002244.935586:VERBOSE1:google_apis/gaia/gaia_auth_util.cc:54] Canonicalized @gmail.com to @gmail.com
[48:191:0930/002245.075775:VERBOSE1:chrome/browser/shutdown_signal_handlers_posix.cc:131] Handling shutdown for signal 15.
[48:48:0930/002246.475966:VERBOSE1:chrome/browser/enterprise/data_protection/data_protection_navigation_observer.cc:216] enterprise.data_protection: same document navigation: 0
[48:48:0930/002246.477337:VERBOSE1:chrome/browser/enterprise/data_protection/data_protection_navigation_observer.cc:218] enterprise.data_protection: URL to scan: file:///usr/share/html-test/index.html
[48:48:0930/002246.961816:VERBOSE1:components/signin/internal/identity_manager/mutable_profile_oauth2_token_service_delegate.cc:408] MutablePO2TS::RefreshTokenIsAvailable
[48:48:0930/002246.962384:VERBOSE1:chrome/browser/signin/account_consistency_mode_manager.cc:207] Desktop Identity Consistency disabled as sign-in to Chrome is not allowed
[48:48:0930/002248.672753:ERROR:dbus/object_proxy.cc:573] Failed to call method: org.freedesktop.DBus.NameHasOwner: object_path= /org/freedesktop/DBus: unknown error type: 
[48:181:0930/002248.685436:ERROR:dbus/bus.cc:408] Failed to connect to the bus: Could not parse server address: Unknown address type (examples of valid types are "tcp" and on UNIX "unix")
[48:181:0930/002248.688183:ERROR:dbus/bus.cc:408] Failed to connect to the bus: Could not parse server address: Unknown address type (examples of valid types are "tcp" and on UNIX "unix")
[48:181:0930/002248.689593:ERROR:dbus/bus.cc:408] Failed to connect to the bus: Could not parse server address: Unknown address type (examples of valid types are "tcp" and on UNIX "unix")
[48:181:0930/002248.691142:ERROR:dbus/bus.cc:408] Failed to connect to the bus: Could not parse server address: Unknown address type (examples of valid types are "tcp" and on UNIX "unix")
[48:181:0930/002248.693611:ERROR:dbus/bus.cc:408] Failed to connect to the bus: Could not parse server address: Unknown address type (examples of valid types are "tcp" and on UNIX "unix")
[48:181:0930/002248.695109:ERROR:dbus/bus.cc:408] Failed to connect to the bus: Could not parse server address: Unknown address type (examples of valid types are "tcp" and on UNIX "unix")
[48:48:0930/002248.704310:WARNING:device/bluetooth/dbus/bluez_dbus_manager.cc:209] Floss manager service not available, cannot set Floss enable/disable.
[242:242:0930/002248.878750:INFO:content/child/child_thread_impl.cc:909] ChildThreadImpl::EnsureConnected()
[48:48:0930/002250.295786:ERROR:dbus/object_proxy.cc:573] Failed to call method: org.freedesktop.DBus.NameHasOwner: object_path= /org/freedesktop/DBus: unknown error type: 
[222:222:0930/002252.901961:INFO:content/child/child_thread_impl.cc:909] ChildThreadImpl::EnsureConnected()
[0930/002310.271866:ERROR:third_party/crashpad/crashpad/util/linux/scoped_ptrace_attach.cc:27] ptrace: Function not implemented (38)
[mpdiag] WESTON_LOG_BEGIN
Date: 2026-09-30 UTC
[00:21:47.964] weston 14.0.2
               https://wayland.freedesktop.org
               Bug reports to: https://gitlab.freedesktop.org/wayland/weston/issues/
               Build: 14.0.2
[00:21:47.968] Command line: weston --backend=drm-backend.so --renderer=pixman --drm-device=card0 --seat=seat0 --idle-time=0 --debug --log=/root/mp-weston.log
[00:21:47.969] OS: Linux, 10.0.0, 10.0.0, aarch64
[00:21:47.969] Flight recorder: enabled
[00:21:47.981] Starting with no config file.
[00:21:48.006] Output repaint window is 7 ms maximum.
[00:21:48.013] Loading module '/usr/lib/libweston-14/drm-backend.so'
[00:21:48.108] initializing drm backend
[00:21:48.111] Trying libseat launcher...
[00:21:48.125] [libseat/libseat.c:62] Seat opened with backend 'seatd'
[00:21:48.126] [libseat/backend/seatd.c:212] Enabling seat
[00:21:48.127] libseat: session control granted
[00:21:48.149] using /dev/dri/card0
[00:21:48.152] DRM: does not support atomic modesetting
[00:21:48.152] DRM: supports GBM modifiers
[00:21:48.152] DRM: does not support Atomic async page flip
[00:21:48.152] DRM: supports picture aspect ratio
[00:21:48.157] Using Pixman renderer
[00:21:48.363] event0  - QEMU Virtio Keyboard: is tagged by udev as: Keyboard
[00:21:48.367] event0  - QEMU Virtio Keyboard: device is a keyboard
[00:21:48.394] event1  - QEMU Virtio Mouse: is tagged by udev as: Mouse
[00:21:48.395] event1  - QEMU Virtio Mouse: device is a pointer
[00:21:48.672] libinput: configuring device "QEMU Virtio Keyboard".
[00:21:48.674] libinput: configuring device "QEMU Virtio Mouse".
[00:21:48.683] DRM: head 'Virtual-1' found, connector 48 is connected, EDID make 'unknown', model 'unknown', serial ''
               Supported EOTF modes: SDR
               Supported colorimetry modes: default
[00:21:48.688] Registered plugin API 'weston_drm_output_api_v1' of size 40
[00:21:48.688] Registered plugin API 'weston_drm_virtual_output_api_v2' of size 48
[00:21:48.691] Color manager: no-op
                 protocol support: no
[00:21:48.706] Output 'Virtual-1' attempts EOTF mode SDR and colorimetry mode default.
[00:21:48.706] Output 'Virtual-1' using color profile: stock sRGB color profile
[00:21:48.734] DRM: output Virtual-1 uses shadow framebuffer.
[00:21:48.735] Output Virtual-1 (crtc 16) video modes:
               current@60.0, current, 70.6 MHz
[00:21:48.737] associating input device event0 with output Virtual-1 (none by udev)
[00:21:48.737] associating input device event1 with output Virtual-1 (none by udev)
[00:21:48.739] Output 'Virtual-1' enabled with head(s) Virtual-1
[00:21:48.740] Compositor capabilities:
               arbitrary surface rotation: yes
               screen capture uses y-flip: no
               cursor planes: yes
               arbitrary resolutions: no
               view mask clipping: yes
               explicit sync: no
               color operations: no
               presentation clock: CLOCK_MONOTONIC, id 1
               presentation clock resolution: 0.000001000 s
[00:21:48.754] Loading module '/usr/lib/weston/desktop-shell.so'
[00:21:48.800] launching '/usr/libexec/weston-keyboard'
[00:21:48.896] launching '/usr/libexec/weston-desktop-shell'
[mpdiag] WESTON_LOG_END
