[150:150:0923/065609.728329:VERBOSE1:chrome/app/chrome_crash_reporter_client.cc:199] GetCollectStatsConsent(): is_official_chrome_build is false so returning false
[150:150:0923/065611.811795:VERBOSE1:chrome/app/chrome_crash_reporter_client.cc:199] GetCollectStatsConsent(): is_official_chrome_build is false so returning false
[178:178:0923/065618.137012:INFO:third_party/webrtc/rtc_base/cpu_info.cc:75] Available number of cores: 4
[178:178:0923/065618.297677:VERBOSE1:content/zygote/zygote_main_linux.cc:201] ZygoteMain: initializing 0 fork delegates
[177:177:0923/065618.470386:INFO:third_party/webrtc/rtc_base/cpu_info.cc:75] Available number of cores: 4
[177:177:0923/065618.539134:VERBOSE1:content/zygote/zygote_main_linux.cc:201] ZygoteMain: initializing 0 fork delegates
[150:150:0923/065622.083268:VERBOSE1:components/policy/core/common/config_dir_policy_loader.cc:116] Found mandatory policy file: /etc/chromium/policies/managed/kiosk.json
[150:150:0923/065622.144993:VERBOSE1:components/policy/core/common/config_dir_policy_loader.cc:121] Skipping recommended platform policies because no policy file was found at: /etc/chromium/policies/recommended
[150:150:0923/065622.708652:VERBOSE1:components/variations/service/variations_field_trial_creator.cc:80] VariationsSeedUsage:2
[150:150:0923/065622.744760:VERBOSE1:components/variations/service/variations_field_trial_creator.cc:353] VariationsSetupComplete
[150:150:0923/065622.785575:ERROR:ui/ozone/platform/wayland/common/drm_render_node_path_finder.cc:45] drmGetDevices2() has not found any devices: No such file or directory (2)
[150:203:0923/065623.167345:VERBOSE1:base/files/file_util_posix.cc:317] Cannot stat "/root/input26-chromium-profile/VariationsSeedV1": No such file or directory (2)
[150:206:0923/065623.263923:ERROR:dbus/bus.cc:408] Failed to connect to the bus: Failed to connect to socket /run/dbus/system_bus_socket: No such file or directory
[150:150:0923/065623.762085:WARNING:ui/ozone/platform/wayland/ozone_platform_wayland.cc:272] Failed to initialize drm render node handle.
[150:150:0923/065623.820581:WARNING:ui/ozone/platform/wayland/common/wayland_object.cc:119] Binding to wl_shm version 1 but version 2 is available.
file descriptor expected, object (20), message keymap(uhu)
[150:150:0923/065627.564868:VERBOSE1:chrome/browser/media/webrtc/webrtc_event_log_manager.cc:122] WebRTC remote-bound event logging enabled.
[150:150:0923/065627.698188:VERBOSE1:components/proxy_config/pref_proxy_config_tracker_impl.cc:199] 0x4c00080300: set chrome proxy config service to 0x4c0006ad80
[150:150:0923/065627.740963:VERBOSE1:google_apis/api_key_cache.cc:99] Using default value "497550622367-ubtkmd3b2pp5gulba5n6ha6sq4n35ehj.apps.googleusercontent.com" for API key GOOGLE_CLIENT_ID_MAIN
[150:150:0923/065627.742327:VERBOSE1:google_apis/api_key_cache.cc:99] Using default value "NaCX8tIIAphrjs56n3TpHx_e" for API key GOOGLE_CLIENT_SECRET_MAIN
[150:150:0923/065627.743436:VERBOSE1:google_apis/api_key_cache.cc:99] Using default value "497550622367-ubtkmd3b2pp5gulba5n6ha6sq4n35ehj.apps.googleusercontent.com" for API key GOOGLE_CLIENT_ID_REMOTING
[150:150:0923/065627.743739:VERBOSE1:google_apis/api_key_cache.cc:99] Using default value "NaCX8tIIAphrjs56n3TpHx_e" for API key GOOGLE_CLIENT_SECRET_REMOTING
[150:150:0923/065627.743940:VERBOSE1:google_apis/api_key_cache.cc:99] Using default value "497550622367-ubtkmd3b2pp5gulba5n6ha6sq4n35ehj.apps.googleusercontent.com" for API key GOOGLE_CLIENT_ID_REMOTING_HOST
[150:150:0923/065627.744996:VERBOSE1:google_apis/api_key_cache.cc:99] Using default value "NaCX8tIIAphrjs56n3TpHx_e" for API key GOOGLE_CLIENT_SECRET_REMOTING_HOST
[150:150:0923/065628.429726:VERBOSE1:components/device_event_log/device_event_log_impl.cc:200] [06:56:28.073] Display: EVENT: wayland_screen.cc:144 Displays updated, count: 1
[150:150:0923/065628.437840:VERBOSE1:components/device_event_log/device_event_log_impl.cc:200] [06:56:28.436] Display: EVENT: wayland_screen.cc:147 Display[16] bounds=[0,0 1280x800], workarea=[0,0 1280x800], scale=1, rotation=0, panel_rotation=0 external detected
[150:206:0923/065628.554952:ERROR:dbus/bus.cc:408] Failed to connect to the bus: Could not parse server address: Unknown address type (examples of valid types are "tcp" and on UNIX "unix")
[150:206:0923/065628.564132:ERROR:dbus/bus.cc:408] Failed to connect to the bus: Failed to connect to socket /run/dbus/system_bus_socket: No such file or directory
[150:206:0923/065628.628202:ERROR:dbus/bus.cc:408] Failed to connect to the bus: Failed to connect to socket /run/dbus/system_bus_socket: No such file or directory
[150:216:0923/065628.702189:VERBOSE1:base/files/file_util_posix.cc:317] Cannot stat "/root/input26-chromium-profile/component_crx_cache/metadata.json": No such file or directory (2)
[150:221:0923/065629.111249:WARNING:ui/ozone/platform/wayland/ozone_platform_wayland.cc:325] Failed to find drm render node path.
[150:221:0923/065629.117520:WARNING:ui/ozone/platform/wayland/gpu/wayland_buffer_manager_gpu.cc:458] Failed to initialize drm render node handle.
[150:208:0923/065629.572764:VERBOSE1:content/browser/renderer_host/media/media_stream_manager.cc:1555] MSM::InitializeMaybeAsync([this=0x4c000f7700])
[150:208:0923/065629.599044:VERBOSE1:content/browser/renderer_host/media/media_stream_manager.cc:1555] MDM::MediaDevicesManager()
[150:208:0923/065629.612547:VERBOSE1:content/browser/renderer_host/media/media_stream_manager.cc:1555] MSM::MediaStreamManager([this=0x4c000f7700]))
[150:203:0923/065629.780173:VERBOSE1:base/files/file_util_posix.cc:317] Cannot stat "/root/input26-chromium-profile/Consent To Send Stats": No such file or directory (2)
[150:150:0923/065630.651409:VERBOSE1:components/os_crypt/sync/key_storage_util_linux.cc:46] Password storage detected desktop environment: (unknown)
[150:150:0923/065630.654160:VERBOSE1:components/os_crypt/sync/key_storage_linux.cc:116] Selected backend for OSCrypt: BASIC_TEXT
[150:150:0923/065630.655000:VERBOSE1:components/os_crypt/sync/key_storage_linux.cc:135] OSCrypt did not initialize a backend.
[150:150:0923/065630.704897:VERBOSE1:components/enterprise/browser/controller/chrome_browser_cloud_management_controller.cc:171] Cloud management controller initialization aborted as CBCM is not enabled. Please use the `--enable-chrome-browser-cloud-management` command line flag to enable it if you are not using the official Google Chrome build.
[150:150:0923/065637.163784:VERBOSE1:chrome/browser/signin/account_consistency_mode_manager.cc:207] Desktop Identity Consistency disabled as sign-in to Chrome is not allowed
[150:150:0923/065637.396146:VERBOSE1:components/device_event_log/device_event_log_impl.cc:200] [06:56:37.378] Bluetooth: EVENT: bluetooth_api.cc:82 BluetoothAPI: 0x4c00457080
[150:203:0923/065638.120930:VERBOSE1:base/files/file_util_posix.cc:317] Cannot stat "/root/input26-chromium-profile/Default/Web Applications/Logs/WebAppInstallManager.log": No such file or directory (2)
[150:206:0923/065638.657193:ERROR:dbus/bus.cc:408] Failed to connect to the bus: Could not parse server address: Unknown address type (examples of valid types are "tcp" and on UNIX "unix")
[150:150:0923/065643.118663:VERBOSE1:components/proxy_config/pref_proxy_config_tracker_impl.cc:199] 0x4c00083000: set chrome proxy config service to 0x4c0006e4c0
[150:150:0923/065643.203350:VERBOSE1:chrome/browser/signin/account_consistency_mode_manager.cc:207] Desktop Identity Consistency disabled as sign-in to Chrome is not allowed
[150:150:0923/065643.359520:VERBOSE1:components/signin/internal/identity_manager/mutable_profile_oauth2_token_service_delegate.cc:318] MutablePO2TS::MutablePO2TS
[150:203:0923/065644.217544:VERBOSE1:net/disk_cache/simple/simple_index_file.cc:607] Simple Cache Index is being restored from disk.
[150:204:0923/065644.223846:VERBOSE1:net/disk_cache/simple/simple_index_file.cc:607] Simple Cache Index is being restored from disk.
[150:203:0923/065644.223845:VERBOSE1:base/files/file_util_posix.cc:317] Cannot stat "/root/input26-chromium-profile/Default/Code Cache/wasm/index-dir/the-real-index": No such file or directory (2)
[150:204:0923/065644.225098:VERBOSE1:base/files/file_util_posix.cc:317] Cannot stat "/root/input26-chromium-profile/Default/Code Cache/js/index-dir/the-real-index": No such file or directory (2)
[150:150:0923/065644.388890:VERBOSE1:components/proxy_config/pref_proxy_config_tracker_impl.cc:199] 0x4c00084200: set chrome proxy config service to 0x4c000703a0
[150:150:0923/065645.050366:VERBOSE1:chrome/browser/signin/account_consistency_mode_manager.cc:207] Desktop Identity Consistency disabled as sign-in to Chrome is not allowed
[150:150:0923/065645.308403:VERBOSE1:extensions/browser/api/bluetooth_low_energy/bluetooth_low_energy_event_router.cc:291] Initializing BluetoothLowEnergyEventRouter.
[150:150:0923/065645.575296:VERBOSE1:chrome/browser/permissions/prediction_service/prediction_model_handler_provider_factory.cc:58] [PermissionsAI]: PredictionModelHandlerProviderFactory::BuildServiceInstanceForBrowserContext
[150:150:0923/065645.575744:VERBOSE1:chrome/browser/permissions/prediction_service/prediction_model_handler_provider_factory.cc:66] [PermissionsAI]: OptimizationGuideKeyedService not available.
MESA-LOADER: failed to retrieve device information
failed to get driver name for fd 74
[150:150:0923/065647.983473:VERBOSE1:extensions/browser/extension_registrar.cc:521] AddComponentExtension Web Store
[150:150:0923/065647.985411:VERBOSE1:extensions/browser/extension_registrar.cc:523] Component extension Web Store (ahfgeienlihckogmohjhadlkjgocpleb) installing/upgrading from '' to 0.2
MESA-LOADER: failed to retrieve device information
failed to get driver name for fd 74
MESA-LOADER: failed to retrieve device information
failed to get driver name for fd 74
MESA-LOADER: failed to retrieve device information
failed to get driver name for fd 74
MESA-LOADER: failed to retrieve device information
failed to get driver name for fd 74
MESA-LOADER: failed to retrieve device information
failed to get driver name for fd 74
[150:150:0923/065648.516921:VERBOSE1:extensions/browser/extension_registrar.cc:521] AddComponentExtension Chromium PDF Viewer
[150:150:0923/065648.517316:VERBOSE1:extensions/browser/extension_registrar.cc:523] Component extension Chromium PDF Viewer (mhjfbmdgcfjbbpaeojofohoefgiehjai) installing/upgrading from '' to 1
[150:150:0923/065648.565664:VERBOSE1:extensions/browser/extension_registrar.cc:521] AddComponentExtension Google Hangouts
[150:150:0923/065648.566337:VERBOSE1:extensions/browser/extension_registrar.cc:523] Component extension Google Hangouts (nkeimhogjdpnpccoofpliimaahmaaome) installing/upgrading from '' to 1.3.26
[150:150:0923/065648.670251:VERBOSE1:components/signin/internal/identity_manager/mutable_profile_oauth2_token_service_delegate.cc:408] MutablePO2TS::RefreshTokenIsAvailable
[150:150:0923/065648.683083:VERBOSE1:components/signin/internal/identity_manager/mutable_profile_oauth2_token_service_delegate.cc:408] MutablePO2TS::RefreshTokenIsAvailable
[150:150:0923/065648.699961:VERBOSE1:chrome/browser/signin/account_consistency_mode_manager.cc:207] Desktop Identity Consistency disabled as sign-in to Chrome is not allowed
[150:150:0923/065648.703902:VERBOSE1:components/signin/core/browser/account_reconcilor.cc:165] AccountReconcilor::AccountReconcilor
[150:150:0923/065648.706878:VERBOSE1:components/signin/core/browser/account_reconcilor.cc:203] AccountReconcilor::Initialize
[150:203:0923/065648.925843:VERBOSE1:base/files/file_util_posix.cc:317] Cannot stat "/root/input26-chromium-profile/Default/Policy/User Policy": No such file or directory (2)
[150:203:0923/065648.926728:VERBOSE1:base/files/file_util_posix.cc:317] Cannot stat "/root/input26-chromium-profile/Default/Policy/Signing Key": No such file or directory (2)
[150:203:0923/065649.076609:VERBOSE1:components/component_updater/component_installer.cc:481] StartRegistration for Subresource Filter Rules
[150:150:0923/065649.085892:VERBOSE1:components/component_updater/installer_policies/on_device_head_suggest_component_installer.cc:59] On Device Head Component will fetch model for locale: ENUS500000
[150:204:0923/065649.096126:VERBOSE1:components/component_updater/component_installer.cc:481] StartRegistration for OnDeviceHeadSuggest
[150:150:0923/065649.104745:VERBOSE1:chrome/browser/component_updater/trust_token_key_commitments_component_installer.cc:21] Registering Trust Token Key Commitments component.
[150:150:0923/065649.114104:VERBOSE1:chrome/browser/component_updater/first_party_sets_component_installer.cc:37] Registering Related Website Sets component.
[150:203:0923/065649.114601:VERBOSE1:components/component_updater/component_installer.cc:481] StartRegistration for Trust Token Key Commitments
[150:150:0923/065649.127315:VERBOSE1:chrome/browser/component_updater/privacy_sandbox_attestations_component_installer.cc:181] Registering Privacy Sandbox Attestations component
[150:204:0923/065649.129207:VERBOSE1:components/component_updater/component_installer.cc:481] StartRegistration for Privacy Sandbox Attestations
[150:150:0923/065649.146397:VERBOSE1:chrome/browser/component_updater/file_type_policies_component_installer.cc:126] Registering File Type Policies component.
[150:203:0923/065649.146830:VERBOSE1:components/component_updater/component_installer.cc:481] StartRegistration for Certificate Error Assistant
[150:204:0923/065649.148140:VERBOSE1:components/component_updater/component_installer.cc:481] StartRegistration for File Type Policies
[150:205:0923/065649.148397:VERBOSE1:components/component_updater/component_installer.cc:481] StartRegistration for CRLSet
[150:216:0923/065649.155161:VERBOSE1:components/component_updater/component_installer.cc:481] StartRegistration for Origin Trials
[150:220:0923/065649.176454:VERBOSE1:components/component_updater/component_installer.cc:481] StartRegistration for MEI Preload
[150:218:0923/065649.187863:VERBOSE1:components/component_updater/component_installer.cc:481] StartRegistration for PKI Metadata
[150:217:0923/065649.201704:VERBOSE1:components/component_updater/component_installer.cc:481] StartRegistration for Safety Tips
[150:203:0923/065649.204238:VERBOSE1:components/component_updater/component_installer.cc:481] StartRegistration for Crowd Deny
[150:150:0923/065649.206129:VERBOSE1:chrome/browser/component_updater/hyphenation_component_installer.cc:149] Registering Hyphenation component.
[150:204:0923/065649.216098:VERBOSE1:components/component_updater/component_installer.cc:481] StartRegistration for Hyphenation
[150:205:0923/065649.221764:VERBOSE1:components/component_updater/component_installer.cc:481] StartRegistration for Zxcvbn Data Dictionaries
[150:216:0923/065649.235653:VERBOSE1:components/component_updater/component_installer.cc:481] StartRegistration for Autofill States Data
[150:150:0923/065649.259316:VERBOSE1:chrome/browser/component_updater/tpcd_metadata_component_installer.cc:23] Third Party Cookie Deprecation Metadata component.
[150:150:0923/065649.264876:VERBOSE1:chrome/browser/component_updater/translate_kit_component_installer.cc:163] Registering TranslateKit component.
[150:203:0923/065649.265076:VERBOSE1:components/component_updater/component_installer.cc:481] StartRegistration for Third-Party Cookie Deprecation Metadata
[150:220:0923/065649.248675:VERBOSE1:components/component_updater/component_installer.cc:316] Preinstalled component found for MEI Preload at /usr/lib/chromium/MEIPreload with version 1.0.7.1652906823.
[150:150:0923/065649.275414:VERBOSE1:chrome/browser/component_updater/open_cookie_database_component_installer.cc:23] Registering Open Cookie Database component.
[150:150:0923/065649.284837:VERBOSE1:chrome/browser/component_updater/cookie_readiness_list_component_installer.cc:24] Registering Cookie Readiness List component.
[150:204:0923/065649.285131:VERBOSE1:components/component_updater/component_installer.cc:481] StartRegistration for Open Cookie Database
[150:205:0923/065649.287075:VERBOSE1:components/component_updater/component_installer.cc:481] StartRegistration for Cookie Readiness List
[150:150:0923/065649.294979:VERBOSE1:chrome/browser/component_updater/wasm_tts_engine_component_installer.cc:272] Registering WASM TTS Engine component.
[150:216:0923/065649.289147:VERBOSE1:components/component_updater/component_installer.cc:481] StartRegistration for Amount Extraction Heuristic Regexes
[150:218:0923/065649.300811:VERBOSE1:components/component_updater/component_installer.cc:481] StartRegistration for WASM TTS Engine
[150:150:0923/065649.300866:VERBOSE1:chrome/browser/component_updater/probabilistic_reveal_token_component_installer.cc:54] Registering Probabilistic Reveal Token component.
[150:220:0923/065649.311539:VERBOSE1:components/component_updater/component_installer.cc:481] StartRegistration for Probabilistic Reveal Tokens
[150:150:0923/065649.570943:VERBOSE1:chrome/browser/profiles/profile_manager.cc:1277] AddKeepAlive(Default, kBrowserWindow). keep_alives=[kWaitingForFirstBrowserWindow (1), kBrowserWindow (1)]
[150:150:0923/065649.572073:VERBOSE1:chrome/browser/profiles/profile_manager.cc:1359] ClearFirstBrowserWindowKeepAlive(Default). keep_alives=[kBrowserWindow (1)]
[227:227:0923/065653.524440:INFO:content/child/child_thread_impl.cc:909] ChildThreadImpl::EnsureConnected()
[150:206:0923/065653.646576:ERROR:dbus/bus.cc:408] Failed to connect to the bus: Could not parse server address: Unknown address type (examples of valid types are "tcp" and on UNIX "unix")
[150:206:0923/065653.669292:ERROR:dbus/bus.cc:408] Failed to connect to the bus: Could not parse server address: Unknown address type (examples of valid types are "tcp" and on UNIX "unix")
[150:150:0923/065654.948469:WARNING:ui/ozone/platform/wayland/host/wayland_surface.cc:170] Server doesn't support zcr_alpha_compositing_v1.
[150:150:0923/065654.949062:WARNING:ui/ozone/platform/wayland/host/wayland_surface.cc:185] Server doesn't support overlay_prioritizer.
[150:150:0923/065654.949347:WARNING:ui/ozone/platform/wayland/host/wayland_surface.cc:200] Server doesn't support wp_content_type_v1
[150:150:0923/065654.949596:WARNING:ui/ozone/platform/wayland/host/wayland_surface.cc:214] Server doesn't support wp_color_management_surface_v1.
[150:150:0923/065655.609044:WARNING:ui/ozone/platform/wayland/host/wayland_connection.cc:408] text-input-v3 not available.
[150:150:0923/065657.389781:VERBOSE1:chrome/browser/signin/account_consistency_mode_manager.cc:207] Desktop Identity Consistency disabled as sign-in to Chrome is not allowed
[0923/065659.450299:ERROR:third_party/crashpad/crashpad/util/linux/scoped_ptrace_attach.cc:27] ptrace: Function not implemented (38)
[150:150:0923/065700.933599:VERBOSE1:google_apis/gaia/gaia_auth_util.cc:54] Canonicalized @gmail.com to @gmail.com
[150:150:0923/065700.934235:VERBOSE1:google_apis/gaia/gaia_auth_util.cc:54] Canonicalized @gmail.com to @gmail.com
[150:150:0923/065701.951507:VERBOSE1:chrome/browser/enterprise/data_protection/data_protection_navigation_observer.cc:216] enterprise.data_protection: same document navigation: 0
[150:150:0923/065701.952088:VERBOSE1:chrome/browser/enterprise/data_protection/data_protection_navigation_observer.cc:218] enterprise.data_protection: URL to scan: file:///usr/share/html-test/index.html
[150:150:0923/065702.328328:VERBOSE1:components/signin/internal/identity_manager/mutable_profile_oauth2_token_service_delegate.cc:408] MutablePO2TS::RefreshTokenIsAvailable
[150:150:0923/065702.328820:VERBOSE1:chrome/browser/signin/account_consistency_mode_manager.cc:207] Desktop Identity Consistency disabled as sign-in to Chrome is not allowed
[150:150:0923/065703.122103:ERROR:dbus/object_proxy.cc:573] Failed to call method: org.freedesktop.DBus.NameHasOwner: object_path= /org/freedesktop/DBus: unknown error type: 
[150:206:0923/065703.128432:ERROR:dbus/bus.cc:408] Failed to connect to the bus: Could not parse server address: Unknown address type (examples of valid types are "tcp" and on UNIX "unix")
[150:206:0923/065703.134344:ERROR:dbus/bus.cc:408] Failed to connect to the bus: Could not parse server address: Unknown address type (examples of valid types are "tcp" and on UNIX "unix")
[150:206:0923/065703.137978:ERROR:dbus/bus.cc:408] Failed to connect to the bus: Could not parse server address: Unknown address type (examples of valid types are "tcp" and on UNIX "unix")
[150:206:0923/065703.140195:ERROR:dbus/bus.cc:408] Failed to connect to the bus: Could not parse server address: Unknown address type (examples of valid types are "tcp" and on UNIX "unix")
[150:206:0923/065703.142334:ERROR:dbus/bus.cc:408] Failed to connect to the bus: Could not parse server address: Unknown address type (examples of valid types are "tcp" and on UNIX "unix")
[150:206:0923/065703.143284:ERROR:dbus/bus.cc:408] Failed to connect to the bus: Could not parse server address: Unknown address type (examples of valid types are "tcp" and on UNIX "unix")
[150:150:0923/065703.146867:WARNING:device/bluetooth/dbus/bluez_dbus_manager.cc:209] Floss manager service not available, cannot set Floss enable/disable.
[150:150:0923/065703.531700:ERROR:dbus/object_proxy.cc:573] Failed to call method: org.freedesktop.DBus.NameHasOwner: object_path= /org/freedesktop/DBus: unknown error type: 
[150:150:0923/065704.080570:VERBOSE1:components/signin/internal/identity_manager/mutable_profile_oauth2_token_service_delegate.cc:408] MutablePO2TS::RefreshTokenIsAvailable
[150:150:0923/065704.080935:VERBOSE1:chrome/browser/signin/account_consistency_mode_manager.cc:207] Desktop Identity Consistency disabled as sign-in to Chrome is not allowed
[150:150:0923/065704.139108:VERBOSE1:components/component_updater/component_installer.cc:560] FinishRegistration for Subresource Filter Rules
[150:150:0923/065704.153825:VERBOSE1:components/component_updater/component_updater_service.cc:166] CrxUpdateService starting up. First update attempt will take place in 60 s seconds. Next update attempt will take place in 18000 s seconds. 
[150:150:0923/065704.158608:VERBOSE1:components/component_updater/component_installer.cc:560] FinishRegistration for OnDeviceHeadSuggest
[150:150:0923/065704.160307:VERBOSE1:components/component_updater/component_installer.cc:560] FinishRegistration for Trust Token Key Commitments
[150:150:0923/065704.160976:VERBOSE1:components/component_updater/component_installer.cc:560] FinishRegistration for Privacy Sandbox Attestations
[150:150:0923/065704.163960:VERBOSE1:components/component_updater/component_installer.cc:560] FinishRegistration for File Type Policies
[150:150:0923/065704.164570:VERBOSE1:components/component_updater/component_installer.cc:560] FinishRegistration for Certificate Error Assistant
[150:150:0923/065704.165351:VERBOSE1:components/component_updater/component_installer.cc:560] FinishRegistration for Origin Trials
[150:150:0923/065704.165806:VERBOSE1:components/component_updater/component_installer.cc:560] FinishRegistration for CRLSet
[150:150:0923/065704.166483:VERBOSE1:components/component_updater/component_installer.cc:560] FinishRegistration for Crowd Deny
[150:150:0923/065704.167425:VERBOSE1:components/component_updater/component_installer.cc:560] FinishRegistration for PKI Metadata
[150:150:0923/065704.168162:VERBOSE1:components/component_updater/component_installer.cc:560] FinishRegistration for Zxcvbn Data Dictionaries
[150:150:0923/065704.168743:VERBOSE1:components/component_updater/component_installer.cc:560] FinishRegistration for Safety Tips
[150:150:0923/065704.169501:VERBOSE1:components/component_updater/component_installer.cc:560] FinishRegistration for Hyphenation
[150:150:0923/065704.169939:VERBOSE1:components/component_updater/component_installer.cc:560] FinishRegistration for Autofill States Data
[150:150:0923/065704.170742:VERBOSE1:components/component_updater/component_installer.cc:560] FinishRegistration for Third-Party Cookie Deprecation Metadata
[150:150:0923/065704.171347:VERBOSE1:components/component_updater/component_installer.cc:560] FinishRegistration for MEI Preload
[150:150:0923/065704.171676:VERBOSE1:components/component_updater/component_installer.cc:601] Component ready, version 1.0.7.1652906823 in /usr/lib/chromium/MEIPreload
[150:150:0923/065704.172640:VERBOSE1:components/component_updater/component_installer.cc:560] FinishRegistration for Amount Extraction Heuristic Regexes
[150:150:0923/065704.173106:VERBOSE1:components/component_updater/component_installer.cc:560] FinishRegistration for Open Cookie Database
[150:150:0923/065704.173766:VERBOSE1:components/component_updater/component_installer.cc:560] FinishRegistration for Cookie Readiness List
[150:150:0923/065704.174307:VERBOSE1:components/component_updater/component_installer.cc:560] FinishRegistration for WASM TTS Engine
[150:150:0923/065704.175099:VERBOSE1:components/component_updater/component_installer.cc:560] FinishRegistration for Probabilistic Reveal Tokens
[150:150:0923/065704.187088:ERROR:dbus/object_proxy.cc:573] Failed to call method: org.freedesktop.DBus.NameHasOwner: object_path= /org/freedesktop/DBus: unknown error type: 
[150:150:0923/065704.187625:VERBOSE1:ui/base/idle/idle_linux.cc:117] org.freedesktop.ScreenSaver D-Bus service does not exist
[150:150:0923/065704.189854:ERROR:dbus/object_proxy.cc:573] Failed to call method: org.freedesktop.DBus.NameHasOwner: object_path= /org/freedesktop/DBus: unknown error type: 
[150:206:0923/065704.190021:ERROR:dbus/bus.cc:408] Failed to connect to the bus: Could not parse server address: Unknown address type (examples of valid types are "tcp" and on UNIX "unix")
[150:150:0923/065704.191797:WARNING:ui/ozone/platform/wayland/host/org_gnome_mutter_idle_monitor.cc:87] org.gnome.Mutter.IdleMonitor D-Bus service does not exist
[150:150:0923/065704.193539:ERROR:ui/events/platform/wayland/wayland_event_watcher.cc:78] Fatal Wayland communication error: Invalid argument.
