Date: 2026-09-23 UTC
[06:55:47.439] weston 14.0.2
               https://wayland.freedesktop.org
               Bug reports to: https://gitlab.freedesktop.org/wayland/weston/issues/
               Build: 14.0.2
[06:55:47.443] Command line: weston --backend=drm-backend.so --renderer=pixman --drm-device=card0 --seat=seat0 --idle-time=0 --debug --log=/root/input26-weston.log
[06:55:47.444] OS: Linux, 10.0.0, 10.0.0, aarch64
[06:55:47.444] Flight recorder: enabled
[06:55:47.456] Starting with no config file.
[06:55:47.478] Output repaint window is 7 ms maximum.
[06:55:47.484] Loading module '/usr/lib/libweston-14/drm-backend.so'
[06:55:47.553] initializing drm backend
[06:55:47.556] Trying libseat launcher...
[06:55:47.565] [libseat/libseat.c:62] Seat opened with backend 'seatd'
[06:55:47.566] [libseat/backend/seatd.c:212] Enabling seat
[06:55:47.567] libseat: session control granted
[06:55:47.582] using /dev/dri/card0
[06:55:47.585] DRM: does not support atomic modesetting
[06:55:47.585] DRM: supports GBM modifiers
[06:55:47.585] DRM: does not support Atomic async page flip
[06:55:47.585] DRM: supports picture aspect ratio
[06:55:47.590] Using Pixman renderer
[06:55:47.704] event0  - QEMU Virtio Keyboard: is tagged by udev as: Keyboard
[06:55:47.706] event0  - QEMU Virtio Keyboard: device is a keyboard
[06:55:47.729] event1  - QEMU Virtio Mouse: is tagged by udev as: Mouse
[06:55:47.731] event1  - QEMU Virtio Mouse: device is a pointer
[06:55:47.997] libinput: configuring device "QEMU Virtio Keyboard".
[06:55:47.999] libinput: configuring device "QEMU Virtio Mouse".
[06:55:48.008] DRM: head 'Virtual-1' found, connector 48 is connected, EDID make 'unknown', model 'unknown', serial ''
               Supported EOTF modes: SDR
               Supported colorimetry modes: default
[06:55:48.013] Registered plugin API 'weston_drm_output_api_v1' of size 40
[06:55:48.013] Registered plugin API 'weston_drm_virtual_output_api_v2' of size 48
[06:55:48.016] Color manager: no-op
                 protocol support: no
[06:55:48.031] Output 'Virtual-1' attempts EOTF mode SDR and colorimetry mode default.
[06:55:48.032] Output 'Virtual-1' using color profile: stock sRGB color profile
[06:55:48.060] DRM: output Virtual-1 uses shadow framebuffer.
[06:55:48.060] Output Virtual-1 (crtc 16) video modes:
               current@60.0, current, 70.6 MHz
[06:55:48.063] associating input device event0 with output Virtual-1 (none by udev)
[06:55:48.063] associating input device event1 with output Virtual-1 (none by udev)
[06:55:48.065] Output 'Virtual-1' enabled with head(s) Virtual-1
[06:55:48.066] Compositor capabilities:
               arbitrary surface rotation: yes
               screen capture uses y-flip: no
               cursor planes: yes
               arbitrary resolutions: no
               view mask clipping: yes
               explicit sync: no
               color operations: no
               presentation clock: CLOCK_MONOTONIC, id 1
               presentation clock resolution: 0.000001000 s
[06:55:48.075] Loading module '/usr/lib/weston/desktop-shell.so'
[06:55:48.104] launching '/usr/libexec/weston-keyboard'
[06:55:48.140] launching '/usr/libexec/weston-desktop-shell'
