Tue Sep 22 15:14:28 UTC 2026 seatd alive=yes
Tue Sep 22 15:14:28 UTC 2026 ===== A. 启动 Weston（无 shim）=====
Tue Sep 22 15:14:34 UTC 2026 ===== B. socket 与运行时目录实况 =====
Tue Sep 22 15:14:34 UTC 2026 XDG_RUNTIME_DIR=[/run/user/0]  weston_alive=yes
Tue Sep 22 15:14:35 UTC 2026 --- ls -la /run/user/0 ---
total 8
drwx------    2 root     root          4096 Sep 22 15:14 .
drwxr-xr-x    4 root     root          4096 Sep 22 12:03 ..
-rw-r--r--    1 root     root             0 Sep 22 12:03 .wtest
srwxr-xr-x    1 root     root             0 Sep 22 15:14 wayland-1
-rw-r-----    1 root     root             0 Sep 22 15:14 wayland-1.lock
Tue Sep 22 15:14:35 UTC 2026 --- ls -la /run（前 20）---
total 28
drwxr-xr-x    6 root     root          4096 Sep 22 15:14 .
drwxr-xr-x   22 root     root          4096 Sep 21 04:32 ..
drwxr-xr-x    2 root     root          4096 May 30  2025 lock
-rw-r--r--    1 root     root             4 Jan  1  1970 ntpd.pid
srwxr-xr-x    1 root     root             0 Sep 22 15:14 seatd.sock
drwxr-xr-x    3 root     root          4096 Sep 22 12:03 udev
drwxr-xr-x    4 root     root          4096 Sep 22 12:03 user
drwxr-xr-x    2 root     root          4096 Jan  1  1970 x11
Tue Sep 22 15:14:35 UTC 2026 --- find /run -maxdepth 3 -name 'wayland*' ---
/run/user/0/wayland-1.lock
/run/user/0/wayland-1
Tue Sep 22 15:14:35 UTC 2026 --- Weston 的 fd 表（前 25）---
total 0
lrwxrwxrwx    1 root     root             9 Jan  1  1970 0 -> /dev/null
lrwxrwxrwx    1 root     root            25 Jan  1  1970 1 -> /root/weston12-stdout.log
lrwxrwxrwx    1 root     root            20 Jan  1  1970 10 -> anon_inode:[timerfd]
lrwxrwxrwx    1 root     root            40 Jan  1  1970 11 -> anon_inode:socket:[18446462599846570480]
lrwxrwxrwx    1 root     root            40 Jan  1  1970 12 -> anon_inode:socket:[18446462599846570480]
lrwxrwxrwx    1 root     root            14 Jan  1  1970 13 -> /dev/dri/card0
lrwxrwxrwx    1 root     root            22 Jan  1  1970 14 -> anon_inode:[eventpoll]
lrwxrwxrwx    1 root     root            20 Jan  1  1970 15 -> anon_inode:[timerfd]
lrwxrwxrwx    1 root     root            40 Jan  1  1970 16 -> anon_inode:socket:[18446462599847943536]
lrwxrwxrwx    1 root     root            22 Jan  1  1970 17 -> anon_inode:[eventpoll]
lrwxrwxrwx    1 root     root            14 Jan  1  1970 18 -> /dev/dri/card0
lrwxrwxrwx    1 root     root            40 Jan  1  1970 19 -> anon_inode:socket:[18446462599847943760]
lrwxrwxrwx    1 root     root            25 Jan  1  1970 2 -> /root/weston12-stdout.log
lrwxrwxrwx    1 root     root            40 Jan  1  1970 20 -> anon_inode:socket:[18446462599847943760]
lrwxrwxrwx    1 root     root            26 Jan  1  1970 21 -> /run/user/0/wayland-1.lock
lrwxrwxrwx    1 root     root            40 Jan  1  1970 22 -> anon_inode:socket:[18446462599847943984]
lrwxrwxrwx    1 root     root            40 Jan  1  1970 23 -> anon_inode:socket:[18446462599847943984]
lrwxrwxrwx    1 root     root            40 Jan  1  1970 24 -> anon_inode:socket:[18446462599847942672]
lrwxrwxrwx    1 root     root            40 Jan  1  1970 25 -> anon_inode:socket:[18446462599847940528]
lrwxrwxrwx    1 root     root            40 Jan  1  1970 26 -> anon_inode:socket:[18446462599847942672]
lrwxrwxrwx    1 root     root            40 Jan  1  1970 28 -> anon_inode:socket:[18446462599847940528]
lrwxrwxrwx    1 root     root            25 Jan  1  1970 3 -> /root/weston12-weston.log
lrwxrwxrwx    1 root     root            22 Jan  1  1970 4 -> anon_inode:[eventpoll]
lrwxrwxrwx    1 root     root            20 Jan  1  1970 5 -> anon_inode:[eventfd]
Tue Sep 22 15:14:36 UTC 2026 ===== C. Weston 是否阻塞（/proc 事实）=====
Tue Sep 22 15:14:36 UTC 2026 status: 
Tue Sep 22 15:14:36 UTC 2026 wchan : 
Tue Sep 22 15:14:37 UTC 2026 syscall: 
Tue Sep 22 15:14:37 UTC 2026 ===== D. 外部客户端连接测试 =====
Tue Sep 22 15:14:37 UTC 2026 找到的 socket: [无]
Tue Sep 22 15:14:37 UTC 2026 (guest 无 weston-info)
Tue Sep 22 15:14:37 UTC 2026 !! 未找到 socket ⇒ 外部客户端无法连接（Chromium 同理会失败）
head: /root/weston12-shm.out: No such file or directory
Tue Sep 22 15:14:37 UTC 2026 --- weston 日志尾部 ---
               arbitrary surface rotation: yes
               screen capture uses y-flip: no
               cursor planes: yes
               arbitrary resolutions: no
               view mask clipping: yes
               explicit sync: no
               color operations: no
               presentation clock: CLOCK_MONOTONIC, id 1
               presentation clock resolution: 0.000001000 s
[15:14:29.501] Loading module '/usr/lib/weston/desktop-shell.so'
[15:14:29.529] launching '/usr/libexec/weston-keyboard'
[15:14:29.563] launching '/usr/libexec/weston-desktop-shell'
Tue Sep 22 15:14:37 UTC 2026 [WESTON12_SUM] socket=[无] alive=yes
Tue Sep 22 15:14:38 UTC 2026 weston12 收尾
