Date: 2026-09-22 UTC
[15:14:29.052] weston 14.0.2
               https://wayland.freedesktop.org
               Bug reports to: https://gitlab.freedesktop.org/wayland/weston/issues/
               Build: 14.0.2
[15:14:29.057] Command line: weston --backend=drm-backend.so --renderer=pixman --drm-device=card0 --seat=seat0 --continue-without-input --idle-time=0 --debug --log=/root/weston12-weston.log
[15:14:29.057] OS: Linux, 10.0.0, 10.0.0, aarch64
[15:14:29.057] Flight recorder: enabled
[15:14:29.074] Starting with no config file.
[15:14:29.100] Output repaint window is 7 ms maximum.
[15:14:29.108] Loading module '/usr/lib/libweston-14/drm-backend.so'
[15:14:29.199] initializing drm backend
[15:14:29.202] Trying libseat launcher...
[15:14:29.223] [libseat/libseat.c:62] Seat opened with backend 'seatd'
[15:14:29.224] [libseat/backend/seatd.c:212] Enabling seat
[15:14:29.224] libseat: session control granted
[15:14:29.247] using /dev/dri/card0
[15:14:29.250] DRM: does not support atomic modesetting
[15:14:29.251] DRM: supports GBM modifiers
[15:14:29.251] DRM: does not support Atomic async page flip
[15:14:29.251] DRM: supports picture aspect ratio
[15:14:29.256] Using Pixman renderer
[15:14:29.427] warning: no input devices found, but none required as per configuration.
[15:14:29.434] DRM: head 'Virtual-1' found, connector 48 is connected, EDID make 'unknown', model 'unknown', serial ''
               Supported EOTF modes: SDR
               Supported colorimetry modes: default
[15:14:29.437] Registered plugin API 'weston_drm_output_api_v1' of size 40
[15:14:29.437] Registered plugin API 'weston_drm_virtual_output_api_v2' of size 48
[15:14:29.440] Color manager: no-op
                 protocol support: no
[15:14:29.457] Output 'Virtual-1' attempts EOTF mode SDR and colorimetry mode default.
[15:14:29.458] Output 'Virtual-1' using color profile: stock sRGB color profile
[15:14:29.486] DRM: output Virtual-1 uses shadow framebuffer.
[15:14:29.486] Output Virtual-1 (crtc 16) video modes:
               current@60.0, current, 70.6 MHz
[15:14:29.492] Output 'Virtual-1' enabled with head(s) Virtual-1
[15:14:29.492] Compositor capabilities:
               arbitrary surface rotation: yes
               screen capture uses y-flip: no
               cursor planes: yes
               arbitrary resolutions: no
               view mask clipping: yes
               explicit sync: no
               color operations: no
               presentation clock: CLOCK_MONOTONIC, id 1
               presentation clock resolution: 0.000001000 s
[15:14:29.501] Loading module '/usr/lib/weston/desktop-shell.so'
[15:14:29.529] launching '/usr/libexec/weston-keyboard'
[15:14:29.563] launching '/usr/libexec/weston-desktop-shell'
