==== weston_sim: 复现 Weston 14 的 plane 创建逻辑（真实 libdrm）====
[SIM] driver='simpledrm' 1.0.0
[SIM] drmModeGetPlaneResources OK count_planes=1

[SIM] ===== plane id=64 =====
[SIM] drmModeGetPlane OK: crtc_id=16 possible_crtcs=0x1 count_formats=2
[SIM]   formats: 0x34325258('XR24') 0x34325241('AR24')
[SIM] drmModeObjectGetProperties OK count_props=12
[SIM]   [prop  0] id=0x100 val=1      flags=0xc enums=3 name="type" {Overlay=0,Primary=1,Cursor=2}
[SIM]   [prop  1] id=0x101 val=0      flags=0x80000040 enums=0 name="FB_ID"
[SIM]   [prop  2] id=0x102 val=0      flags=0x80000040 enums=0 name="CRTC_ID"
[SIM]   [prop  3] id=0x103 val=0      flags=0x80000002 enums=0 name="SRC_X"
[SIM]   [prop  4] id=0x104 val=0      flags=0x80000002 enums=0 name="SRC_Y"
[SIM]   [prop  5] id=0x105 val=0      flags=0x80000002 enums=0 name="SRC_W"
[SIM]   [prop  6] id=0x106 val=0      flags=0x80000002 enums=0 name="SRC_H"
[SIM]   [prop  7] id=0x107 val=0      flags=0x80000002 enums=0 name="CRTC_X"
[SIM]   [prop  8] id=0x108 val=0      flags=0x80000002 enums=0 name="CRTC_Y"
[SIM]   [prop  9] id=0x109 val=0      flags=0x80000002 enums=0 name="CRTC_W"
[SIM]   [prop 10] id=0x10a val=0      flags=0x80000002 enums=0 name="CRTC_H"
[SIM]   [prop 11] id=0x10b val=4096   flags=0x14 enums=0 name="IN_FORMATS"
[SIM] type 属性: raw_value=1；Primary 枚举存在（值=1）
[SIM] ✓ Weston 视角 plane->type = PRIMARY
[SIM]   blob OK: length=56
[SIM]   blob raw[56]: 01 00 00 00 00 00 00 00 02 00 00 00 18 00 00 00 01 00 00 00 20 00 00 00 58 52 32 34 41 52 32 34 03 00 00 00 00 00 00 00 00 00 00 00 00 00 00 00 00 00 00 00 00 00 00 00
[SIM]   iter[0]: fmt=0x34325258 mod=0x0
[SIM]   iter[1]: fmt=0x34325241 mod=0x0
[SIM]   迭代器产出 2 组 (fmt,modifier)；**重复组合 = 0**
[SIM] ✓ 无重复修饰符，格式路径正常

[SIM_SUM] planes=1 dropped_by_weston=0 verdict=SIM_OK
[PROBE_EXIT] 0 verdict=SIM_OK
==== weston_sim done ====
