[105:105:0921/082711.541683:VERBOSE1:chrome/app/chrome_crash_reporter_client.cc:199] GetCollectStatsConsent(): is_official_chrome_build is false so returning false
[105:105:0921/082714.459941:VERBOSE1:chrome/app/chrome_crash_reporter_client.cc:199] GetCollectStatsConsent(): is_official_chrome_build is false so returning false
[105:105:0921/082714.529957:ERROR:ui/ozone/platform/wayland/common/drm_render_node_path_finder.cc:45] drmGetDevices2() has not found any devices: No such file or directory (2)
[134:134:0921/082720.924450:ERROR:base/files/file_path_watcher_inotify.cc:922] Failed to read /proc/sys/fs/inotify/max_user_watches
[134:134:0921/082720.942571:INFO:third_party/webrtc/rtc_base/cpu_info.cc:77] Available number of cores: 4
[134:134:0921/082720.963843:ERROR:content/app/content_main_runner_impl.cc:414] Failed to initialize cpuinfo
[134:134:0921/082721.052793:VERBOSE1:content/zygote/zygote_main_linux.cc:202] ZygoteMain: initializing 0 fork delegates
[133:133:0921/082721.171510:ERROR:base/files/file_path_watcher_inotify.cc:922] Failed to read /proc/sys/fs/inotify/max_user_watches
[133:133:0921/082721.200322:INFO:third_party/webrtc/rtc_base/cpu_info.cc:77] Available number of cores: 4
[133:133:0921/082721.219888:ERROR:content/app/content_main_runner_impl.cc:414] Failed to initialize cpuinfo
[133:133:0921/082721.248971:VERBOSE1:content/zygote/zygote_main_linux.cc:202] ZygoteMain: initializing 0 fork delegates
[105:105:0921/082725.041519:VERBOSE1:components/policy/core/common/config_dir_policy_loader.cc:120] Skipping mandatory platform policies because no policy file was found at: /etc/chromium/policies/managed
[105:105:0921/082725.044552:VERBOSE1:components/policy/core/common/config_dir_policy_loader.cc:120] Skipping recommended platform policies because no policy file was found at: /etc/chromium/policies/recommended
[105:105:0921/082725.621255:VERBOSE1:components/variations/service/variations_field_trial_creator.cc:77] VariationsSeedUsage:2
[105:105:0921/082725.651602:VERBOSE1:components/variations/service/variations_field_trial_creator.cc:374] VariationsSetupComplete
[105:139:0921/082726.115809:VERBOSE1:base/files/file_util_posix.cc:309] Cannot stat "/tmp/chromium-baseline/VariationsSeedV2": No such file or directory (2)
[105:139:0921/082726.144407:VERBOSE1:base/files/file_util_posix.cc:309] Cannot stat "/tmp/chromium-baseline/VariationsSeedV2": No such file or directory (2)
[105:140:0921/082726.156232:ERROR:base/files/file_path_watcher_inotify.cc:338] inotify_init() failed: Function not implemented (38)
[105:142:0921/082726.246440:ERROR:dbus/bus.cc:405] Failed to connect to the bus: Failed to connect to socket /run/dbus/system_bus_socket: No such file or directory
[105:105:0921/082726.604136:WARNING:ui/ozone/platform/wayland/ozone_platform_wayland.cc:278] Failed to initialize drm render node handle.
[105:105:0921/082726.669310:WARNING:ui/ozone/platform/wayland/common/wayland_object.cc:119] Binding to wl_shm version 1 but version 2 is available.
[105:105:0921/082726.683605:WARNING:ui/ozone/platform/wayland/host/wayland_connection.cc:273] No wl_seat object. The functionality may suffer.
[105:105:0921/082728.941006:ERROR:content/browser/browser_main_loop.cc:274] Gdk: gdk_seat_get_keyboard: assertion 'GDK_IS_SEAT (seat)' failed
[105:105:0921/082732.378923:VERBOSE1:chrome/browser/media/webrtc/webrtc_event_log_manager.cc:126] WebRTC remote-bound event logging enabled.
[105:105:0921/082732.634284:VERBOSE1:components/proxy_config/pref_proxy_config_tracker_impl.cc:462] 0x1400079040: set chrome proxy config service to 0x1400185500
[105:105:0921/082732.694576:VERBOSE1:google_apis/api_key_cache.cc:120] Using default value "497550622367-ubtkmd3b2pp5gulba5n6ha6sq4n35ehj.apps.googleusercontent.com" for API key GOOGLE_CLIENT_ID_MAIN
[105:105:0921/082732.696316:VERBOSE1:google_apis/api_key_cache.cc:120] Using default value "NaCX8tIIAphrjs56n3TpHx_e" for API key GOOGLE_CLIENT_SECRET_MAIN
[105:105:0921/082732.697871:VERBOSE1:google_apis/api_key_cache.cc:120] Using default value "497550622367-ubtkmd3b2pp5gulba5n6ha6sq4n35ehj.apps.googleusercontent.com" for API key GOOGLE_CLIENT_ID_REMOTING
[105:105:0921/082732.698366:VERBOSE1:google_apis/api_key_cache.cc:120] Using default value "NaCX8tIIAphrjs56n3TpHx_e" for API key GOOGLE_CLIENT_SECRET_REMOTING
[105:105:0921/082732.698652:VERBOSE1:google_apis/api_key_cache.cc:120] Using default value "497550622367-ubtkmd3b2pp5gulba5n6ha6sq4n35ehj.apps.googleusercontent.com" for API key GOOGLE_CLIENT_ID_REMOTING_HOST
[105:105:0921/082732.700282:VERBOSE1:google_apis/api_key_cache.cc:120] Using default value "NaCX8tIIAphrjs56n3TpHx_e" for API key GOOGLE_CLIENT_SECRET_REMOTING_HOST
[105:105:0921/082732.927748:VERBOSE1:components/device_event_log/device_event_log_impl.cc:203] [08:27:32.927] Display: EVENT: wayland_screen.cc:146 Displays updated, count: 1
[105:105:0921/082733.450324:VERBOSE1:components/device_event_log/device_event_log_impl.cc:203] [08:27:33.450] Display: EVENT: wayland_screen.cc:149 Display[14] bounds=[0,0 1280x800], workarea=[0,0 1280x800], scale=1, rotation=0, panel_rotation=0 external detected
[105:142:0921/082733.648422:ERROR:dbus/bus.cc:405] Failed to connect to the bus: Could not parse server address: Unknown address type (examples of valid types are "tcp" and on UNIX "unix")
[105:142:0921/082733.659545:ERROR:dbus/bus.cc:405] Failed to connect to the bus: Failed to connect to socket /run/dbus/system_bus_socket: No such file or directory
[105:142:0921/082733.678003:ERROR:dbus/bus.cc:405] Failed to connect to the bus: Failed to connect to socket /run/dbus/system_bus_socket: No such file or directory
[105:142:0921/082733.679121:ERROR:dbus/bus.cc:405] Failed to connect to the bus: Could not parse server address: Unknown address type (examples of valid types are "tcp" and on UNIX "unix")
[105:166:0921/082733.758564:VERBOSE1:base/files/file_util_posix.cc:309] Cannot stat "/tmp/chromium-baseline/component_crx_cache/metadata.json": No such file or directory (2)
[105:172:0921/082734.357253:WARNING:ui/ozone/platform/wayland/ozone_platform_wayland.cc:331] Failed to find drm render node path.
[105:172:0921/082734.362181:WARNING:ui/ozone/platform/wayland/gpu/wayland_buffer_manager_gpu.cc:456] Failed to initialize drm render node handle.
[105:172:0921/082734.792281:WARNING:media/gpu/vaapi/vaapi_wrapper.cc:1643] drmGetDevices2() has not found any devices
[105:172:0921/082734.807533:VERBOSE1:media/gpu/vaapi/vaapi_wrapper.cc:1710] GetHandle(): Either VADisplayStateSingleton::PreSandboxInitialization() hasn't been called or that method failed to find a suitable render node
[105:172:0921/082734.917279:VERBOSE1:components/viz/service/main/viz_main_impl.cc:87] VizNullHypothesis is disabled (not a warning)
[105:142:0921/082734.924689:ERROR:dbus/bus.cc:405] Failed to connect to the bus: Could not parse server address: Unknown address type (examples of valid types are "tcp" and on UNIX "unix")
[105:139:0921/082734.962746:VERBOSE1:base/files/file_util_posix.cc:309] Cannot stat "/tmp/chromium-baseline/Consent To Send Stats": No such file or directory (2)
[105:105:0921/082735.884814:VERBOSE1:components/enterprise/browser/controller/chrome_browser_cloud_management_controller.cc:204] Cloud management controller initialization aborted as CBCM is not enabled. Please use the `--enable-chrome-browser-cloud-management` command line flag to enable it if you are not using the official Google Chrome build.
[105:105:0921/082737.329563:VERBOSE1:components/policy/core/common/cloud/user_cloud_policy_store.cc:130] [policy_type=google/chrome/user] Initiating immediate policy load from disk
[105:105:0921/082737.346482:VERBOSE1:components/policy/core/common/cloud/user_cloud_policy_store.cc:233] [policy_type=google/chrome/user] No policy found on disk
[105:105:0921/082737.347420:VERBOSE1:components/policy/core/common/cloud/user_cloud_policy_store.cc:130] [policy_type=google/extension-install-cloud-policy/chrome/user] Initiating immediate policy load from disk
[105:105:0921/082737.351332:VERBOSE1:components/policy/core/common/cloud/user_cloud_policy_store.cc:233] [policy_type=google/extension-install-cloud-policy/chrome/user] No policy found on disk
[105:139:0921/082739.718724:VERBOSE1:base/files/file_util_posix.cc:309] Cannot stat "/tmp/chromium-baseline/Default/Web Applications/Logs": No such file or directory (2)
[105:142:0921/082739.957306:ERROR:dbus/bus.cc:405] Failed to connect to the bus: Could not parse server address: Unknown address type (examples of valid types are "tcp" and on UNIX "unix")
[105:105:0921/082740.374398:VERBOSE1:components/proxy_config/pref_proxy_config_tracker_impl.cc:462] 0x140007c780: set chrome proxy config service to 0x1400187f00
[105:105:0921/082740.583656:VERBOSE1:components/signin/internal/identity_manager/mutable_profile_oauth2_token_service_delegate.cc:353] MutablePO2TS::MutablePO2TS
[105:141:0921/082741.244942:VERBOSE1:base/files/file_util_posix.cc:309] Cannot stat "/tmp/chromium-baseline/Default/Code Cache/pc": No such file or directory (2)
[105:139:0921/082741.272084:VERBOSE1:net/disk_cache/simple/simple_index_file.cc:625] Simple Cache Index is being restored from disk.
[105:140:0921/082741.281899:VERBOSE1:net/disk_cache/simple/simple_index_file.cc:625] Simple Cache Index is being restored from disk.
[105:139:0921/082741.286739:VERBOSE1:base/files/file_util_posix.cc:309] Cannot stat "/tmp/chromium-baseline/Default/Code Cache/js/index-dir/the-real-index": No such file or directory (2)
[105:140:0921/082741.296445:VERBOSE1:base/files/file_util_posix.cc:309] Cannot stat "/tmp/chromium-baseline/Default/Code Cache/wasm/index-dir/the-real-index": No such file or directory (2)
[105:105:0921/082741.733662:VERBOSE1:google_apis/gaia/gaia_auth_util.cc:53] Canonicalized @gmail.com to @gmail.com
[105:105:0921/082741.734540:VERBOSE1:google_apis/gaia/gaia_auth_util.cc:53] Canonicalized @gmail.com to @gmail.com
[105:105:0921/082741.854919:VERBOSE1:components/signin/core/browser/account_reconcilor.cc:150] AccountReconcilor::AccountReconcilor
[105:105:0921/082741.857490:VERBOSE1:components/signin/core/browser/account_reconcilor.cc:180] AccountReconcilor::Initialize
[105:105:0921/082741.858381:VERBOSE1:components/signin/core/browser/account_reconcilor.cc:231] AccountReconcilor::RegisterWithContentSettings
[105:105:0921/082741.858792:VERBOSE1:components/signin/core/browser/account_reconcilor.cc:254] AccountReconcilor::RegisterWithIdentityManager
[105:139:0921/082742.565671:VERBOSE1:base/files/file_util_posix.cc:309] Cannot stat "/tmp/chromium-baseline/Dictionaries/en-US-10-1.bdic": No such file or directory (2)
[105:105:0921/082742.793060:VERBOSE1:components/proxy_config/pref_proxy_config_tracker_impl.cc:462] 0x140007d480: set chrome proxy config service to 0x1400188440
[105:105:0921/082742.890647:VERBOSE1:chrome/browser/permissions/prediction_service/prediction_model_handler_provider_factory.cc:61] [PermissionsAI]: PredictionModelHandlerProviderFactory::BuildServiceInstanceForBrowserContext
[105:105:0921/082742.891509:VERBOSE1:chrome/browser/permissions/prediction_service/prediction_model_handler_provider_factory.cc:98] [PermissionsAI]: PredictionModelHandlerProviderFactory::BuildServiceInstanceForBrowserContext PermissionsAIv4 not enabled, passage embedder not setup.
[105:105:0921/082742.894716:VERBOSE1:chrome/browser/permissions/prediction_service/prediction_model_handler_provider.cc:55] [PermissionsAI] PredictionModelHandlerProvider ctor passage_embedder available: false
[105:105:0921/082742.895350:VERBOSE1:chrome/browser/permissions/prediction_service/prediction_model_handler_provider.cc:58] [PermissionsAI] PredictionModelHandlerProvider ctor optimization_guide available: true
[105:105:0921/082743.190628:VERBOSE1:components/signin/internal/identity_manager/mutable_profile_oauth2_token_service_delegate.cc:443] MutablePO2TS::RefreshTokenIsAvailable
[105:105:0921/082743.961910:VERBOSE1:components/signin/internal/identity_manager/mutable_profile_oauth2_token_service_delegate.cc:443] MutablePO2TS::RefreshTokenIsAvailable
[105:105:0921/082745.260415:VERBOSE1:extensions/browser/extension_registrar.cc:547] AddComponentExtension Web Store
[105:105:0921/082745.260874:VERBOSE1:extensions/browser/extension_registrar.cc:549] Component extension Web Store (ahfgeienlihckogmohjhadlkjgocpleb) installing/upgrading from '' to 0.2
[105:105:0921/082745.547422:VERBOSE1:extensions/browser/extension_registrar.cc:547] AddComponentExtension Chromium PDF Viewer
[105:105:0921/082745.547757:VERBOSE1:extensions/browser/extension_registrar.cc:549] Component extension Chromium PDF Viewer (mhjfbmdgcfjbbpaeojofohoefgiehjai) installing/upgrading from '' to 1
[105:105:0921/082745.572634:VERBOSE1:extensions/browser/extension_registrar.cc:547] AddComponentExtension Google Hangouts
[105:105:0921/082745.572989:VERBOSE1:extensions/browser/extension_registrar.cc:549] Component extension Google Hangouts (nkeimhogjdpnpccoofpliimaahmaaome) installing/upgrading from '' to 1.3.26
[105:105:0921/082745.644099:VERBOSE1:components/signin/internal/identity_manager/mutable_profile_oauth2_token_service_delegate.cc:443] MutablePO2TS::RefreshTokenIsAvailable
[105:105:0921/082745.645311:VERBOSE1:components/signin/internal/identity_manager/mutable_profile_oauth2_token_service_delegate.cc:443] MutablePO2TS::RefreshTokenIsAvailable
[105:142:0921/082745.876593:ERROR:dbus/bus.cc:405] Failed to connect to the bus: Could not parse server address: Unknown address type (examples of valid types are "tcp" and on UNIX "unix")
[105:139:0921/082745.958579:VERBOSE1:base/files/file_util_posix.cc:309] Cannot stat "/tmp/chromium-baseline/Default/Policy/User Policy": No such file or directory (2)
[105:139:0921/082745.960214:VERBOSE1:base/files/file_util_posix.cc:309] Cannot stat "/tmp/chromium-baseline/Default/Policy/Signing Key": No such file or directory (2)
[105:139:0921/082745.961199:VERBOSE1:base/files/file_util_posix.cc:309] Cannot stat "/tmp/chromium-baseline/Default/Policy/User Extension Install Policy": No such file or directory (2)
[105:139:0921/082745.962145:VERBOSE1:base/files/file_util_posix.cc:309] Cannot stat "/tmp/chromium-baseline/Default/Policy/User Extension Install Signing Key": No such file or directory (2)
[105:105:0921/082746.159355:VERBOSE1:chrome/browser/profiles/profile_manager.cc:1408] AddKeepAlive(Default, kBrowserWindow). keep_alives=[kWaitingForFirstBrowserWindow (1), kBrowserWindow (1)]
[105:105:0921/082746.165648:VERBOSE1:chrome/browser/profiles/profile_manager.cc:1490] ClearFirstBrowserWindowKeepAlive(Default). keep_alives=[kBrowserWindow (1)]

(chromium:105): GLib-GIO-CRITICAL **: 08:27:46.553: g_settings_schema_source_lookup: assertion 'source != NULL' failed
[105:105:0921/082748.108529:WARNING:ui/ozone/platform/wayland/host/wayland_surface.cc:170] Server doesn't support zcr_alpha_compositing_v1.
[105:105:0921/082748.108928:WARNING:ui/ozone/platform/wayland/host/wayland_surface.cc:185] Server doesn't support overlay_prioritizer.
[105:105:0921/082748.109193:WARNING:ui/ozone/platform/wayland/host/wayland_surface.cc:200] Server doesn't support wp_content_type_v1
[105:105:0921/082748.110797:WARNING:ui/ozone/platform/wayland/host/wayland_surface.cc:214] Server doesn't support wp_color_management_surface_v1.
[105:105:0921/082748.362111:WARNING:ui/ozone/platform/wayland/host/wayland_connection.cc:408] text-input-v3 not available.
[105:105:0921/082750.298816:VERBOSE1:chrome/browser/ui/views/omnibox/omnibox_popup_closer.cc:65] Closing omnibox popup with reason: kRevertAll
[105:105:0921/082753.953754:VERBOSE1:chrome/browser/enterprise/data_protection/data_protection_navigation_observer.cc:227] enterprise.data_protection: same document navigation: 0
[105:105:0921/082753.956038:VERBOSE1:chrome/browser/enterprise/data_protection/data_protection_navigation_observer.cc:229] enterprise.data_protection: URL to scan: file:///usr/share/html-test/index.html
[105:105:0921/082754.301469:VERBOSE1:components/signin/internal/identity_manager/mutable_profile_oauth2_token_service_delegate.cc:443] MutablePO2TS::RefreshTokenIsAvailable
[105:105:0921/082754.818489:VERBOSE1:chrome/browser/ui/views/omnibox/omnibox_popup_closer.cc:65] Closing omnibox popup with reason: kRevertAll
[105:105:0921/082755.086656:VERBOSE1:components/signin/internal/identity_manager/mutable_profile_oauth2_token_service_delegate.cc:443] MutablePO2TS::RefreshTokenIsAvailable
[105:105:0921/082755.586242:ERROR:dbus/object_proxy.cc:572] Failed to call method: org.freedesktop.DBus.NameHasOwner: object_path= /org/freedesktop/DBus: unknown error type: 
[105:142:0921/082755.589758:ERROR:dbus/bus.cc:405] Failed to connect to the bus: Could not parse server address: Unknown address type (examples of valid types are "tcp" and on UNIX "unix")
[105:105:0921/082755.592238:WARNING:device/bluetooth/dbus/bluez_dbus_manager.cc:209] Floss manager service not available, cannot set Floss enable/disable.
[105:105:0921/082755.595318:ERROR:dbus/object_proxy.cc:572] Failed to call method: org.freedesktop.DBus.NameHasOwner: object_path= /org/freedesktop/DBus: unknown error type: 
[105:105:0921/082755.596870:VERBOSE1:ui/base/idle/idle_linux.cc:130] org.freedesktop.ScreenSaver D-Bus service does not exist
[105:142:0921/082755.599840:ERROR:dbus/bus.cc:405] Failed to connect to the bus: Could not parse server address: Unknown address type (examples of valid types are "tcp" and on UNIX "unix")
[105:105:0921/082755.622630:ERROR:dbus/object_proxy.cc:572] Failed to call method: org.freedesktop.DBus.NameHasOwner: object_path= /org/freedesktop/DBus: unknown error type: 
[105:105:0921/082756.032713:ERROR:dbus/object_proxy.cc:572] Failed to call method: org.freedesktop.DBus.NameHasOwner: object_path= /org/freedesktop/DBus: unknown error type: 
[177:183:0921/082756.818209:VERBOSE1:net/base/network_delegate.cc:38] NetworkDelegate::NotifyBeforeURLRequest: http://clients2.google.com/time/1/current?cup2key=10:cDnOgjrHk92C0mVDYcfysnQdzJgNG2FrS_x40-eFYi8&cup2hreq=e3b0c44298fc1c149afbf4c8996fb92427ae41e4649b934ca495991b7852b855
[105:105:0921/082756.866843:VERBOSE1:components/signin/internal/identity_manager/mutable_profile_oauth2_token_service_delegate.cc:443] MutablePO2TS::RefreshTokenIsAvailable
[105:105:0921/082756.946077:ERROR:dbus/object_proxy.cc:572] Failed to call method: org.freedesktop.DBus.NameHasOwner: object_path= /org/freedesktop/DBus: unknown error type: 
[105:105:0921/082756.948965:WARNING:ui/ozone/platform/wayland/host/org_gnome_mutter_idle_monitor.cc:87] org.gnome.Mutter.IdleMonitor D-Bus service does not exist
[177:203:0921/082757.608361:VERBOSE1:net/disk_cache/simple/simple_index_file.cc:625] Simple Cache Index is being restored from disk.
[105:139:0921/082757.626298:VERBOSE1:content/browser/loader/file_url_loader_factory.cc:474] FileURLLoader::Start: file:///usr/share/html-test/index.html
[177:203:0921/082757.622656:VERBOSE1:base/files/file_util_posix.cc:309] Cannot stat "/tmp/chromium-baseline/Default/Shared Dictionary/cache/index-dir/the-real-index": No such file or directory (2)
[105:142:0921/082757.818025:ERROR:dbus/bus.cc:405] Failed to connect to the bus: Failed to connect to socket /run/dbus/system_bus_socket: No such file or directory
[105:142:0921/082757.827772:ERROR:dbus/bus.cc:405] Failed to connect to the bus: Failed to connect to socket /run/dbus/system_bus_socket: No such file or directory
[177:183:0921/082757.863847:VERBOSE1:net/base/network_delegate.cc:38] NetworkDelegate::NotifyBeforeURLRequest: https://redirector.gvt1.com/edgedl/chrome/dict/en-us-10-1.bdic
[177:183:0921/082758.010736:ERROR:net/socket/tcp_socket_posix.cc:93] Failed to set TCP_KEEPIDLE on fd: 28: Protocol not available (92)
[177:183:0921/082758.151461:VERBOSE1:net/base/network_delegate.cc:38] NetworkDelegate::NotifyBeforeURLRequest: https://www.google.com/async/folae?async=_fmt:pb&udm=50&client_locale=en-US
[105:105:0921/082758.193412:ERROR:dbus/object_proxy.cc:572] Failed to call method: org.freedesktop.DBus.NameHasOwner: object_path= /org/freedesktop/DBus: unknown error type: 
[105:105:0921/082758.287257:ERROR:dbus/object_proxy.cc:572] Failed to call method: org.freedesktop.DBus.NameHasOwner: object_path= /org/freedesktop/DBus: unknown error type: 
[105:105:0921/082758.287769:VERBOSE1:ui/base/idle/idle_linux.cc:130] org.cinnamon.ScreenSaver D-Bus service does not exist
[105:142:0921/082758.291517:ERROR:dbus/bus.cc:405] Failed to connect to the bus: Could not parse server address: Unknown address type (examples of valid types are "tcp" and on UNIX "unix")
[177:183:0921/082758.375087:VERBOSE1:net/base/network_delegate.cc:38] NetworkDelegate::NotifyBeforeURLRequest: https://optimizationguide-pa.googleapis.com/v1:GetModels?key=AIzaSyCRI4EGpDu_AAHI8E2yenjVhWQdp4G8igc
[177:182:0921/082758.859736:VERBOSE1:net/disk_cache/simple/simple_index_file.cc:625] Simple Cache Index is being restored from disk.
[177:182:0921/082758.864752:VERBOSE1:base/files/file_util_posix.cc:309] Cannot stat "/tmp/chromium-baseline/Default/Cache/Cache_Data/index-dir/the-real-index": No such file or directory (2)
[177:184:0921/082759.011295:VERBOSE1:base/files/file_util_posix.cc:309] Cannot stat "/tmp/chromium-baseline/Default/Cache/No_Vary_Search/snapshot-new.baf": No such file or directory (2)
[177:184:0921/082759.022431:VERBOSE1:base/files/file_util_posix.cc:309] Cannot stat "/tmp/chromium-baseline/Default/Cache/No_Vary_Search/journal.baj": No such file or directory (2)
[177:183:0921/082759.099267:ERROR:net/socket/tcp_socket_posix.cc:93] Failed to set TCP_KEEPIDLE on fd: 30: Protocol not available (92)
[177:182:0921/082759.253013:VERBOSE1:base/files/file_util_posix.cc:309] Cannot stat "/tmp/chromium-baseline/Default/Cache/Cache_Data/ed5152d08612b2ae_0": No such file or directory (2)
[177:182:0921/082759.255184:VERBOSE1:base/files/file_util_posix.cc:309] Cannot stat "/tmp/chromium-baseline/Default/Cache/Cache_Data/ed5152d08612b2ae_1": No such file or directory (2)
[177:182:0921/082759.257191:VERBOSE1:base/files/file_util_posix.cc:309] Cannot stat "/tmp/chromium-baseline/Default/Cache/Cache_Data/ed5152d08612b2ae_s": No such file or directory (2)
[105:105:0921/082759.411819:WARNING:dbus/property.cc:94] Failed to connect to PropertiesChangedsignal.
[105:105:0921/082759.412977:ERROR:dbus/object_proxy.cc:572] Failed to call method: org.freedesktop.DBus.Properties.GetAll: object_path= /org/freedesktop/UPower/devices/DisplayDevice: unknown error type: 
[105:105:0921/082759.413288:WARNING:dbus/property.cc:174] GetAll request failed for: org.freedesktop.UPower.Device
[105:105:0921/082759.461233:ERROR:dbus/object_proxy.cc:572] Failed to call method: org.freedesktop.DBus.NameHasOwner: object_path= /org/freedesktop/DBus: unknown error type: 
[105:105:0921/082759.461657:VERBOSE1:ui/base/idle/idle_linux.cc:130] org.gnome.ScreenSaver D-Bus service does not exist
[105:142:0921/082759.464672:ERROR:dbus/bus.cc:405] Failed to connect to the bus: Could not parse server address: Unknown address type (examples of valid types are "tcp" and on UNIX "unix")
[105:141:0921/082759.639333:VERBOSE1:components/signin/public/webdata/token_service_table.cc:259] Loaded tokens: result = 3 ; number of tokens loaded = 0
[105:105:0921/082800.006760:VERBOSE1:components/signin/internal/identity_manager/mutable_profile_oauth2_token_service_delegate.cc:443] MutablePO2TS::RefreshTokenIsAvailable
[177:183:0921/082800.173729:ERROR:net/socket/tcp_socket_posix.cc:93] Failed to set TCP_KEEPIDLE on fd: 35: Protocol not available (92)
[177:183:0921/082800.280447:ERROR:net/socket/tcp_socket_posix.cc:93] Failed to set TCP_KEEPIDLE on fd: 36: Protocol not available (92)
[105:139:0921/082800.430524:VERBOSE1:base/files/file_util_posix.cc:309] Cannot stat "/tmp/chromium-baseline/Default/Web Applications/Logs": No such file or directory (2)
[177:183:0921/082800.440018:ERROR:net/socket/tcp_socket_posix.cc:93] Failed to set TCP_KEEPIDLE on fd: 34: Protocol not available (92)
[105:105:0921/082800.450515:VERBOSE1:chrome/browser/web_applications/locks/partitioned_lock_manager.cc:262] Acquiring <PartitionedLockId>{id: 0x31, partition: 0} for Start@chrome/browser/web_applications/generated_icon_fix_manager.cc:61
[105:105:0921/082800.465426:VERBOSE1:chrome/browser/web_applications/locks/partitioned_lock_manager.cc:243] All locks acquired for Start@chrome/browser/web_applications/generated_icon_fix_manager.cc:61
[105:105:0921/082800.692827:VERBOSE1:components/segmentation_platform/internal/signals/signal_filter_processor.cc:61] Segmentation platform started observing Session.TotalDuration
[105:105:0921/082800.693685:VERBOSE1:components/segmentation_platform/internal/signals/signal_filter_processor.cc:61] Segmentation platform started observing Commerce.PriceDrops.ActiveTabNavigationComplete.IsProductDetailPage
[105:105:0921/082800.694401:VERBOSE1:components/segmentation_platform/internal/signals/signal_filter_processor.cc:54] Segmentation platform started observing Autofill_PolledCreditCardSuggestions
[105:105:0921/082800.694684:VERBOSE1:components/segmentation_platform/internal/signals/signal_filter_processor.cc:61] Segmentation platform started observing IOS.ParcelTracking.Tracked.AutoTrack
[105:105:0921/082800.694893:VERBOSE1:components/segmentation_platform/internal/signals/signal_filter_processor.cc:61] Segmentation platform started observing Omnibox.SuggestionUsed.ClientSummarizedResultType
[105:105:0921/082800.701299:VERBOSE1:components/segmentation_platform/internal/signals/signal_filter_processor.cc:54] Segmentation platform started observing MetadataWriter
[105:105:0921/082800.701754:VERBOSE1:components/segmentation_platform/internal/signals/signal_filter_processor.cc:61] Segmentation platform started observing Sync.DeviceCount2
[105:105:0921/082800.701962:VERBOSE1:components/segmentation_platform/internal/signals/signal_filter_processor.cc:61] Segmentation platform started observing Sync.DeviceCount2.Phone
[105:105:0921/082800.702163:VERBOSE1:components/segmentation_platform/internal/signals/signal_filter_processor.cc:61] Segmentation platform started observing Sync.DeviceCount2.Desktop
[105:105:0921/082800.702364:VERBOSE1:components/segmentation_platform/internal/signals/signal_filter_processor.cc:61] Segmentation platform started observing Sync.DeviceCount2.Tablet
[105:105:0921/082800.702613:VERBOSE1:components/segmentation_platform/internal/signals/signal_filter_processor.cc:54] Segmentation platform started observing MobileBookmarkManagerOpen
[105:105:0921/082800.702795:VERBOSE1:components/segmentation_platform/internal/signals/signal_filter_processor.cc:54] Segmentation platform started observing NewTabPage.MostVisited.Clicked
[105:105:0921/082800.702981:VERBOSE1:components/segmentation_platform/internal/signals/signal_filter_processor.cc:54] Segmentation platform started observing TabGroup.Created.OpenInNewTab
[105:105:0921/082800.703152:VERBOSE1:components/segmentation_platform/internal/signals/signal_filter_processor.cc:54] Segmentation platform started observing Android.HistoryPage.OpenItem
[105:105:0921/082800.703359:VERBOSE1:components/segmentation_platform/internal/signals/signal_filter_processor.cc:54] Segmentation platform started observing MobileMenuRecentTabs
[105:105:0921/082800.703548:VERBOSE1:components/segmentation_platform/internal/signals/signal_filter_processor.cc:61] Segmentation platform started observing PasswordManager.ManagePasswordsReferrer
[105:105:0921/082800.703768:VERBOSE1:components/segmentation_platform/internal/signals/signal_filter_processor.cc:61] Segmentation platform started observing PasswordManager.ProfileStore.TotalAccountsHiRes3.WithScheme.Https
[105:105:0921/082800.703970:VERBOSE1:components/segmentation_platform/internal/signals/signal_filter_processor.cc:61] Segmentation platform started observing PasswordManager.FillingAssistance
[105:105:0921/082800.704199:VERBOSE1:components/segmentation_platform/internal/signals/signal_filter_processor.cc:61] Segmentation platform started observing PasswordManager.SavedPasswordIsGenerated
[105:105:0921/082800.704419:VERBOSE1:components/segmentation_platform/internal/signals/signal_filter_processor.cc:61] Segmentation platform started observing PasswordManager.SaveUIDismissalReason
[105:105:0921/082800.704613:VERBOSE1:components/segmentation_platform/internal/signals/signal_filter_processor.cc:61] Segmentation platform started observing PasswordManager.SaveUIDismissalReason
[105:105:0921/082800.704847:VERBOSE1:components/segmentation_platform/internal/signals/signal_filter_processor.cc:61] Segmentation platform started observing IOS.CredentialExtension.IsEnabled.Startup
[105:105:0921/082800.708091:VERBOSE1:components/segmentation_platform/internal/signals/signal_filter_processor.cc:61] Segmentation platform started observing Session.TotalDuration
[105:105:0921/082800.961584:ERROR:dbus/object_proxy.cc:572] Failed to call method: org.freedesktop.DBus.NameHasOwner: object_path= /org/freedesktop/DBus: unknown error type: 
[105:105:0921/082800.961941:VERBOSE1:ui/base/idle/idle_linux.cc:130] org.mate.ScreenSaver D-Bus service does not exist
[105:142:0921/082800.964632:ERROR:dbus/bus.cc:405] Failed to connect to the bus: Could not parse server address: Unknown address type (examples of valid types are "tcp" and on UNIX "unix")
[105:105:0921/082800.977588:VERBOSE1:components/signin/internal/identity_manager/mutable_profile_oauth2_token_service_delegate.cc:599] MutablePO2TS::OnWebDataServiceRequestDone. Result type: 5
[105:105:0921/082800.979556:VERBOSE1:components/signin/internal/identity_manager/mutable_profile_oauth2_token_service_delegate.cc:661] MutablePO2TS::LoadAllCredentialsIntoMemory; 0 credential(s).
[105:105:0921/082800.991605:VERBOSE1:components/signin/internal/identity_manager/mutable_profile_oauth2_token_service_delegate.cc:443] MutablePO2TS::RefreshTokenIsAvailable
[105:105:0921/082800.992170:VERBOSE1:google_apis/gaia/gaia_auth_util.cc:53] Canonicalized @gmail.com to @gmail.com
[105:105:0921/082800.992411:VERBOSE1:google_apis/gaia/gaia_auth_util.cc:53] Canonicalized @gmail.com to @gmail.com
[105:105:0921/082801.008627:VERBOSE1:components/signin/internal/identity_manager/mutable_profile_oauth2_token_service_delegate.cc:443] MutablePO2TS::RefreshTokenIsAvailable
[105:105:0921/082801.014797:VERBOSE1:components/signin/internal/identity_manager/mutable_profile_oauth2_token_service_delegate.cc:443] MutablePO2TS::RefreshTokenIsAvailable
[105:105:0921/082801.019450:VERBOSE1:components/signin/core/browser/account_reconcilor.cc:339] AccountReconcilor::OnEndBatchOfRefreshTokenStateChanges. Reconcilor state: 1
[105:105:0921/082801.372620:VERBOSE1:chrome/browser/web_applications/locks/partitioned_lock_manager.cc:286] Releasing <PartitionedLockId>{id: 0x31, partition: 0} requested by Start@chrome/browser/web_applications/generated_icon_fix_manager.cc:61
[105:105:0921/082801.853972:ERROR:dbus/object_proxy.cc:572] Failed to call method: org.freedesktop.DBus.NameHasOwner: object_path= /org/freedesktop/DBus: unknown error type: 
[105:105:0921/082801.854785:VERBOSE1:ui/base/idle/idle_linux.cc:130] org.xfce.ScreenSaver D-Bus service does not exist
[105:105:0921/082801.855232:WARNING:ui/base/idle/idle_linux.cc:111] None of the known D-Bus ScreenSaver services could be used.
[105:105:0921/082802.267560:VERBOSE1:components/segmentation_platform/internal/selection/segment_result_provider.cc:136] GetSegmentResult: segment=OPTIMIZATION_TARGET_SEGMENTATION_DEVICE_SWITCHER ignoring DB score, executing model.
[105:105:0921/082802.268246:VERBOSE1:components/segmentation_platform/internal/selection/segment_result_provider.cc:277] ExecuteModelAndGetScore: segment=OPTIMIZATION_TARGET_SEGMENTATION_DEVICE_SWITCHER server segment info not available
[105:105:0921/082802.274597:VERBOSE1:components/segmentation_platform/internal/selection/segment_result_provider.cc:210] OnGotModelScore: segment=OPTIMIZATION_TARGET_SEGMENTATION_DEVICE_SWITCHER failed to get database model score, trying default model.
[177:183:0921/082802.393146:ERROR:net/socket/tcp_socket_posix.cc:93] Failed to set TCP_KEEPIDLE on fd: 28: Protocol not available (92)
[105:105:0921/082802.394464:VERBOSE1:extensions/browser/extension_registrar.cc:547] AddComponentExtension Google Hangouts
[177:183:0921/082802.431545:ERROR:net/socket/tcp_socket_posix.cc:93] Failed to set TCP_KEEPIDLE on fd: 30: Protocol not available (92)
[177:183:0921/082802.447634:ERROR:net/socket/tcp_socket_posix.cc:93] Failed to set TCP_KEEPIDLE on fd: 34: Protocol not available (92)
[177:183:0921/082805.110038:VERBOSE1:net/base/network_delegate.cc:38] NetworkDelegate::NotifyBeforeURLRequest: https://r2---sn-ni5een7s.gvt1-cn.com/edgedl/chrome/dict/en-us-10-1.bdic?cms_redirect=yes&met=1789979284,&mh=7g&mip=39.170.111.11&mm=28&mn=sn-ni5een7s&ms=nvh&mt=1789979050&mv=m&mvi=2&pl=20&rmhost=r4---sn-ni5een7s.gvt1-cn.com&rms=nvh,nvh&shardbypass=sd&smhost=r3---sn-ni5eln7e.gvt1-cn.com
[177:183:0921/082805.202904:ERROR:net/socket/tcp_socket_posix.cc:93] Failed to set TCP_KEEPIDLE on fd: 35: Protocol not available (92)
[105:105:0921/082805.897910:VERBOSE1:components/segmentation_platform/internal/selection/segment_result_provider.cc:226] GetCachedModelScore: segment=OPTIMIZATION_TARGET_SEGMENTATION_CHROME_LOW_USER_ENGAGEMENT does not have a segment info.
[105:105:0921/082805.898592:VERBOSE1:components/segmentation_platform/internal/selection/segment_result_provider.cc:172] OnGotModelScore: segment=OPTIMIZATION_TARGET_SEGMENTATION_CHROME_LOW_USER_ENGAGEMENT failed to get score from database, executing server model.
[105:105:0921/082805.899018:VERBOSE1:components/segmentation_platform/internal/selection/segment_result_provider.cc:277] ExecuteModelAndGetScore: segment=OPTIMIZATION_TARGET_SEGMENTATION_CHROME_LOW_USER_ENGAGEMENT server segment info not available
[105:105:0921/082805.899431:VERBOSE1:components/segmentation_platform/internal/selection/segment_result_provider.cc:201] OnGotModelScore: segment=OPTIMIZATION_TARGET_SEGMENTATION_CHROME_LOW_USER_ENGAGEMENT failed to get score from executing server model, getting score from default model from db.
[105:105:0921/082805.900263:VERBOSE1:components/segmentation_platform/internal/selection/segment_result_provider.cc:240] GetCachedModelScore: segment=OPTIMIZATION_TARGET_SEGMENTATION_CHROME_LOW_USER_ENGAGEMENT has expired or unavailable result.
[105:105:0921/082805.900849:VERBOSE1:components/segmentation_platform/internal/selection/segment_result_provider.cc:210] OnGotModelScore: segment=OPTIMIZATION_TARGET_SEGMENTATION_CHROME_LOW_USER_ENGAGEMENT failed to get database model score, trying default model.
[105:105:0921/082805.901776:VERBOSE1:components/segmentation_platform/internal/selection/segment_result_provider.cc:295] ExecuteModelAndGetScore: segment=OPTIMIZATION_TARGET_SEGMENTATION_CHROME_LOW_USER_ENGAGEMENT signal collection not met
[105:105:0921/082805.902665:VERBOSE1:components/segmentation_platform/internal/selection/segment_result_provider.cc:226] GetCachedModelScore: segment=OPTIMIZATION_TARGET_SEGMENTATION_SEARCH_USER does not have a segment info.
[105:105:0921/082805.903076:VERBOSE1:components/segmentation_platform/internal/selection/segment_result_provider.cc:172] OnGotModelScore: segment=OPTIMIZATION_TARGET_SEGMENTATION_SEARCH_USER failed to get score from database, executing server model.
[105:105:0921/082805.903394:VERBOSE1:components/segmentation_platform/internal/selection/segment_result_provider.cc:277] ExecuteModelAndGetScore: segment=OPTIMIZATION_TARGET_SEGMENTATION_SEARCH_USER server segment info not available
[105:105:0921/082805.903789:VERBOSE1:components/segmentation_platform/internal/selection/segment_result_provider.cc:201] OnGotModelScore: segment=OPTIMIZATION_TARGET_SEGMENTATION_SEARCH_USER failed to get score from executing server model, getting score from default model from db.
[105:105:0921/082805.904182:VERBOSE1:components/segmentation_platform/internal/selection/segment_result_provider.cc:240] GetCachedModelScore: segment=OPTIMIZATION_TARGET_SEGMENTATION_SEARCH_USER has expired or unavailable result.
[105:105:0921/082805.904516:VERBOSE1:components/segmentation_platform/internal/selection/segment_result_provider.cc:210] OnGotModelScore: segment=OPTIMIZATION_TARGET_SEGMENTATION_SEARCH_USER failed to get database model score, trying default model.
[105:105:0921/082805.904932:VERBOSE1:components/segmentation_platform/internal/selection/segment_result_provider.cc:295] ExecuteModelAndGetScore: segment=OPTIMIZATION_TARGET_SEGMENTATION_SEARCH_USER signal collection not met
[105:105:0921/082805.905384:VERBOSE1:components/segmentation_platform/internal/selection/segment_result_provider.cc:226] GetCachedModelScore: segment=OPTIMIZATION_TARGET_SEGMENTATION_SHOPPING_USER does not have a segment info.
[105:105:0921/082805.905691:VERBOSE1:components/segmentation_platform/internal/selection/segment_result_provider.cc:172] OnGotModelScore: segment=OPTIMIZATION_TARGET_SEGMENTATION_SHOPPING_USER failed to get score from database, executing server model.
[105:105:0921/082805.906211:VERBOSE1:components/segmentation_platform/internal/selection/segment_result_provider.cc:277] ExecuteModelAndGetScore: segment=OPTIMIZATION_TARGET_SEGMENTATION_SHOPPING_USER server segment info not available
[105:105:0921/082805.906514:VERBOSE1:components/segmentation_platform/internal/selection/segment_result_provider.cc:201] OnGotModelScore: segment=OPTIMIZATION_TARGET_SEGMENTATION_SHOPPING_USER failed to get score from executing server model, getting score from default model from db.
[105:105:0921/082805.906867:VERBOSE1:components/segmentation_platform/internal/selection/segment_result_provider.cc:240] GetCachedModelScore: segment=OPTIMIZATION_TARGET_SEGMENTATION_SHOPPING_USER has expired or unavailable result.
[105:105:0921/082805.907173:VERBOSE1:components/segmentation_platform/internal/selection/segment_result_provider.cc:210] OnGotModelScore: segment=OPTIMIZATION_TARGET_SEGMENTATION_SHOPPING_USER failed to get database model score, trying default model.
[105:105:0921/082805.928647:VERBOSE1:components/segmentation_platform/internal/selection/segment_result_provider.cc:226] GetCachedModelScore: segment=CROSS_DEVICE_USER_SEGMENT does not have a segment info.
[105:105:0921/082805.929073:VERBOSE1:components/segmentation_platform/internal/selection/segment_result_provider.cc:172] OnGotModelScore: segment=CROSS_DEVICE_USER_SEGMENT failed to get score from database, executing server model.
[105:105:0921/082805.929877:VERBOSE1:components/segmentation_platform/internal/selection/segment_result_provider.cc:277] ExecuteModelAndGetScore: segment=CROSS_DEVICE_USER_SEGMENT server segment info not available
[105:105:0921/082805.930511:VERBOSE1:components/segmentation_platform/internal/selection/segment_result_provider.cc:201] OnGotModelScore: segment=CROSS_DEVICE_USER_SEGMENT failed to get score from executing server model, getting score from default model from db.
[105:105:0921/082805.930885:VERBOSE1:components/segmentation_platform/internal/selection/segment_result_provider.cc:240] GetCachedModelScore: segment=CROSS_DEVICE_USER_SEGMENT has expired or unavailable result.
[105:105:0921/082805.931128:VERBOSE1:components/segmentation_platform/internal/selection/segment_result_provider.cc:210] OnGotModelScore: segment=CROSS_DEVICE_USER_SEGMENT failed to get database model score, trying default model.
[105:105:0921/082805.931620:VERBOSE1:components/segmentation_platform/internal/selection/segment_result_provider.cc:295] ExecuteModelAndGetScore: segment=CROSS_DEVICE_USER_SEGMENT signal collection not met
[105:105:0921/082805.932010:VERBOSE1:components/segmentation_platform/internal/selection/segment_result_provider.cc:226] GetCachedModelScore: segment=RESUME_HEAVY_USER_SEGMENT does not have a segment info.
[105:105:0921/082805.932265:VERBOSE1:components/segmentation_platform/internal/selection/segment_result_provider.cc:172] OnGotModelScore: segment=RESUME_HEAVY_USER_SEGMENT failed to get score from database, executing server model.
[105:105:0921/082805.932539:VERBOSE1:components/segmentation_platform/internal/selection/segment_result_provider.cc:277] ExecuteModelAndGetScore: segment=RESUME_HEAVY_USER_SEGMENT server segment info not available
[105:105:0921/082805.932834:VERBOSE1:components/segmentation_platform/internal/selection/segment_result_provider.cc:201] OnGotModelScore: segment=RESUME_HEAVY_USER_SEGMENT failed to get score from executing server model, getting score from default model from db.
[105:105:0921/082805.933194:VERBOSE1:components/segmentation_platform/internal/selection/segment_result_provider.cc:240] GetCachedModelScore: segment=RESUME_HEAVY_USER_SEGMENT has expired or unavailable result.
[105:105:0921/082805.933447:VERBOSE1:components/segmentation_platform/internal/selection/segment_result_provider.cc:210] OnGotModelScore: segment=RESUME_HEAVY_USER_SEGMENT failed to get database model score, trying default model.
[105:105:0921/082805.934005:VERBOSE1:components/segmentation_platform/internal/selection/segment_result_provider.cc:295] ExecuteModelAndGetScore: segment=RESUME_HEAVY_USER_SEGMENT signal collection not met
[105:105:0921/082805.934669:VERBOSE1:components/segmentation_platform/internal/selection/segment_result_provider.cc:226] GetCachedModelScore: segment=PASSWORD_MANAGER_USER does not have a segment info.
[105:105:0921/082805.935038:VERBOSE1:components/segmentation_platform/internal/selection/segment_result_provider.cc:172] OnGotModelScore: segment=PASSWORD_MANAGER_USER failed to get score from database, executing server model.
[105:105:0921/082805.935336:VERBOSE1:components/segmentation_platform/internal/selection/segment_result_provider.cc:277] ExecuteModelAndGetScore: segment=PASSWORD_MANAGER_USER server segment info not available
[105:105:0921/082805.935668:VERBOSE1:components/segmentation_platform/internal/selection/segment_result_provider.cc:201] OnGotModelScore: segment=PASSWORD_MANAGER_USER failed to get score from executing server model, getting score from default model from db.
[105:105:0921/082805.936053:VERBOSE1:components/segmentation_platform/internal/selection/segment_result_provider.cc:240] GetCachedModelScore: segment=PASSWORD_MANAGER_USER has expired or unavailable result.
[105:105:0921/082805.936412:VERBOSE1:components/segmentation_platform/internal/selection/segment_result_provider.cc:210] OnGotModelScore: segment=PASSWORD_MANAGER_USER failed to get database model score, trying default model.
[105:105:0921/082805.937732:VERBOSE1:components/segmentation_platform/internal/selection/segment_result_provider.cc:295] ExecuteModelAndGetScore: segment=PASSWORD_MANAGER_USER signal collection not met
[105:105:0921/082805.938273:VERBOSE1:components/segmentation_platform/internal/selection/segment_result_provider.cc:226] GetCachedModelScore: segment=CHROME_USER_ENGAGEMENT does not have a segment info.
[105:105:0921/082805.938592:VERBOSE1:components/segmentation_platform/internal/selection/segment_result_provider.cc:172] OnGotModelScore: segment=CHROME_USER_ENGAGEMENT failed to get score from database, executing server model.
[105:105:0921/082805.938850:VERBOSE1:components/segmentation_platform/internal/selection/segment_result_provider.cc:277] ExecuteModelAndGetScore: segment=CHROME_USER_ENGAGEMENT server segment info not available
[105:105:0921/082805.939147:VERBOSE1:components/segmentation_platform/internal/selection/segment_result_provider.cc:201] OnGotModelScore: segment=CHROME_USER_ENGAGEMENT failed to get score from executing server model, getting score from default model from db.
[105:105:0921/082805.939471:VERBOSE1:components/segmentation_platform/internal/selection/segment_result_provider.cc:240] GetCachedModelScore: segment=CHROME_USER_ENGAGEMENT has expired or unavailable result.
[105:105:0921/082805.939773:VERBOSE1:components/segmentation_platform/internal/selection/segment_result_provider.cc:210] OnGotModelScore: segment=CHROME_USER_ENGAGEMENT failed to get database model score, trying default model.
[105:105:0921/082805.940133:VERBOSE1:components/segmentation_platform/internal/selection/segment_result_provider.cc:295] ExecuteModelAndGetScore: segment=CHROME_USER_ENGAGEMENT signal collection not met
[105:139:0921/082805.940352:VERBOSE1:components/segmentation_platform/internal/database/ukm_database_backend.cc:352] Output from SQL query SELECT IFNULL(COUNT(metric_value),0)FROM uma_metrics WHERE metric_hash='1A94D82447638877' AND profile_id=? AND type=? AND metric_value IN(1)AND event_timestamp BETWEEN ? AND ? Bind values: 0:3420764064 1:2 2:2026-09-14 08:28:05.907539 UTC 3:2026-09-21 08:28:05.907539 UTC  Result: 0.000000,
[105:139:0921/082805.943158:VERBOSE1:components/segmentation_platform/internal/database/ukm_database_backend.cc:352] Output from SQL query SELECT IFNULL(COUNT(metric_value),0)FROM uma_metrics WHERE metric_hash='8A5076C9026398BD' AND profile_id=? AND type=? AND event_timestamp BETWEEN ? AND ? Bind values: 0:3420764064 1:1 2:2026-09-14 08:28:05.907539 UTC 3:2026-09-21 08:28:05.907539 UTC  Result: 0.000000,
[105:139:0921/082805.954601:VERBOSE1:components/segmentation_platform/internal/database/ukm_database_backend.cc:352] Output from SQL query SELECT COALESCE((SELECT metric_value FROM uma_metrics WHERE metric_hash='ED7CFEC70BF9942D' AND profile_id=? AND type=? AND event_timestamp BETWEEN ? AND ? ORDER BY event_timestamp DESC,id DESC LIMIT 1),0.000000) Bind values: 0:3420764064 1:3 2:2026-09-14 08:28:05.907539 UTC 3:2026-09-21 08:28:05.907539 UTC  Result: 0.000000,
[105:105:0921/082806.089125:VERBOSE1:components/segmentation_platform/internal/execution/model_executor_impl.cc:189] Segmentation model input:  feature 0: 0 feature 1: 0 feature 2: 0 feature 3: 0 for segment OPTIMIZATION_TARGET_SEGMENTATION_SHOPPING_USER
[105:105:0921/082806.111111:VERBOSE1:components/segmentation_platform/internal/execution/model_executor_impl.cc:218] Segmentation model result:  output 0: 0 for segment OPTIMIZATION_TARGET_SEGMENTATION_SHOPPING_USER
[105:105:0921/082806.113940:VERBOSE1:components/segmentation_platform/internal/execution/model_executor_impl.cc:276] Model: OPTIMIZATION_TARGET_SEGMENTATION_SHOPPING_USER version: 3 execution status: 0, output size: 1
[105:105:0921/082806.118541:VERBOSE1:components/segmentation_platform/internal/selection/segment_result_provider.cc:29] ComputeDiscreteMapping: segment=: result=0, rank=0
[105:105:0921/082806.119456:VERBOSE1:components/segmentation_platform/internal/selection/segment_result_provider.cc:359] OnModelExecuted: Default model executed successfully. Result: PredictionResult: timestamp: 13434452886117655 result 0: 0 for segment OPTIMIZATION_TARGET_SEGMENTATION_SHOPPING_USER
[105:105:0921/082806.120942:VERBOSE1:components/segmentation_platform/internal/database/segment_info_database.cc:208] SaveSegmentResult: saving: PredictionResult: timestamp: 13434452886117655 result 0: 0 for segment id: OPTIMIZATION_TARGET_SEGMENTATION_SHOPPING_USER
[105:105:0921/082806.153174:VERBOSE1:components/segmentation_platform/internal/database/cached_result_writer.cc:30] CachedResultWriter updating prefs with new result: PredictionResult: timestamp: 13434452886117655 result 0: 0 for segmentation key: shopping_user
[177:183:0921/082809.972184:VERBOSE1:net/base/network_delegate.cc:38] NetworkDelegate::NotifyBeforeURLRequest: https://optimizationguide-pa.googleapis.com/v1:GetModels?key=AIzaSyCRI4EGpDu_AAHI8E2yenjVhWQdp4G8igc
[105:105:0921/082902.363877:VERBOSE1:components/segmentation_platform/internal/execution/model_executor_impl.cc:189] Segmentation model input:  feature 0: 1 feature 1: 0 feature 2: 0 feature 3: 0 feature 4: 0 feature 5: 0 feature 6: 0 feature 7: 0 feature 8: 0 feature 9: 0 for segment OPTIMIZATION_TARGET_SEGMENTATION_DEVICE_SWITCHER
[105:105:0921/082902.379705:VERBOSE1:components/segmentation_platform/internal/execution/model_executor_impl.cc:218] Segmentation model result:  output 0: 0 output 1: 0 output 2: 0 output 3: 0 output 4: 0 output 5: 0 output 6: 0 output 7: 1 for segment OPTIMIZATION_TARGET_SEGMENTATION_DEVICE_SWITCHER
[105:105:0921/082902.387956:VERBOSE1:components/segmentation_platform/internal/execution/model_executor_impl.cc:276] Model: OPTIMIZATION_TARGET_SEGMENTATION_DEVICE_SWITCHER version: 1 execution status: 0, output size: 8
[105:105:0921/082902.388605:VERBOSE1:components/segmentation_platform/internal/selection/segment_result_provider.cc:29] ComputeDiscreteMapping: segment=: result=0, rank=0
[105:105:0921/082902.388936:VERBOSE1:components/segmentation_platform/internal/selection/segment_result_provider.cc:359] OnModelExecuted: Default model executed successfully. Result: PredictionResult: timestamp: 13434452942388418 result 0: 0 result 1: 0 result 2: 0 result 3: 0 result 4: 0 result 5: 0 result 6: 0 result 7: 1 for segment OPTIMIZATION_TARGET_SEGMENTATION_DEVICE_SWITCHER
[105:105:0921/082902.422419:VERBOSE1:components/segmentation_platform/internal/selection/request_dispatcher.cc:147] Computed result for device_switcher: Status: Succeeded output 0: NotSynced
[177:183:0921/082917.244170:ERROR:net/socket/ssl_client_socket_impl.cc:944] handshake failed; returned -1, SSL error code 1, net_error -101
[177:183:0921/082917.273717:ERROR:net/socket/tcp_socket_posix.cc:93] Failed to set TCP_KEEPIDLE on fd: 31: Protocol not available (92)
[177:183:0921/083032.238213:ERROR:net/socket/ssl_client_socket_impl.cc:944] handshake failed; returned -1, SSL error code 1, net_error -101
[105:105:0921/083041.514730:ERROR:services/on_device_model/public/cpp/service_client.cc:37] Unexpected on_device_model service disconnect; reason: 0, description: 
[105:139:0921/083055.299445:VERBOSE1:base/files/file_util_posix.cc:309] Cannot stat "/tmp/chromium-baseline/DeferredBrowserMetrics": No such file or directory (2)
[105:139:0921/083055.308484:VERBOSE1:base/files/file_util_posix.cc:309] Cannot stat "/tmp/chromium-baseline/CrashpadMetrics.pma": No such file or directory (2)
[105:140:0921/083055.320658:VERBOSE1:base/files/file_util_posix.cc:309] Cannot stat "/tmp/chromium-baseline/Breadcrumbs": No such file or directory (2)
[105:140:0921/083055.348087:VERBOSE1:base/files/file_util_posix.cc:309] Cannot stat "/tmp/chromium-baseline/Default/Media Cache": No such file or directory (2)
[105:139:0921/083055.371617:VERBOSE1:base/files/file_util_posix.cc:309] Cannot stat "/tmp/chromium-baseline/Default/webrtc_event_logs": No such file or directory (2)
[105:139:0921/083055.410813:VERBOSE1:base/files/file_util_posix.cc:309] Cannot stat "/tmp/chromium-baseline/Default/databases": No such file or directory (2)
[177:183:0921/083057.123316:VERBOSE1:net/base/network_delegate.cc:38] NetworkDelegate::NotifyBeforeURLRequest: https://android.clients.google.com/checkin
[177:183:0921/083057.326755:ERROR:net/socket/tcp_socket_posix.cc:93] Failed to set TCP_KEEPIDLE on fd: 31: Protocol not available (92)
[177:183:0921/083057.602557:ERROR:net/socket/tcp_socket_posix.cc:93] Failed to set TCP_KEEPIDLE on fd: 33: Protocol not available (92)
[105:105:0921/083057.995660:VERBOSE1:chrome/browser/profiles/profile_manager.cc:1408] AddKeepAlive(Default, kExtensionUpdater). keep_alives=[kBrowserWindow (1), kExtensionUpdater (1)]
[105:139:0921/083058.042483:VERBOSE1:base/files/file_util_posix.cc:309] Cannot stat "/tmp/chromium-baseline/extensions_crx_cache/metadata.json": No such file or directory (2)
[105:105:0921/083058.058616:VERBOSE1:chrome/browser/profiles/profile_manager.cc:1469] RemoveKeepAlive(Default, kExtensionUpdater). keep_alives=[kBrowserWindow (1)]
[105:105:0921/083058.193352:VERBOSE1:chrome/browser/web_applications/locks/partitioned_lock_manager.cc:262] Acquiring <PartitionedLockId>{id: 0x31, partition: 0} for SynchronizeInstalledApps@chrome/browser/web_applications/externally_managed_app_manager.cc:186
[105:105:0921/083058.194115:VERBOSE1:chrome/browser/web_applications/locks/partitioned_lock_manager.cc:243] All locks acquired for SynchronizeInstalledApps@chrome/browser/web_applications/externally_managed_app_manager.cc:186
[105:105:0921/083058.242465:VERBOSE1:chrome/browser/web_applications/locks/partitioned_lock_manager.cc:286] Releasing <PartitionedLockId>{id: 0x31, partition: 0} requested by SynchronizeInstalledApps@chrome/browser/web_applications/externally_managed_app_manager.cc:186
[177:183:0921/083107.338735:VERBOSE1:net/base/network_delegate.cc:38] NetworkDelegate::NotifyBeforeURLRequest: https://optimizationguide-pa.googleapis.com/v1:GetModels?key=AIzaSyCRI4EGpDu_AAHI8E2yenjVhWQdp4G8igc
[177:183:0921/083212.283006:ERROR:net/socket/ssl_client_socket_impl.cc:944] handshake failed; returned -1, SSL error code 1, net_error -101
[177:183:0921/083212.295356:ERROR:net/socket/ssl_client_socket_impl.cc:944] handshake failed; returned -1, SSL error code 1, net_error -101
[177:183:0921/083212.322638:ERROR:net/socket/tcp_socket_posix.cc:93] Failed to set TCP_KEEPIDLE on fd: 30: Protocol not available (92)
[177:183:0921/083212.332379:ERROR:net/socket/tcp_socket_posix.cc:93] Failed to set TCP_KEEPIDLE on fd: 31: Protocol not available (92)
[177:183:0921/083327.345657:ERROR:net/socket/ssl_client_socket_impl.cc:944] handshake failed; returned -1, SSL error code 1, net_error -101
[177:183:0921/083327.353963:ERROR:net/socket/ssl_client_socket_impl.cc:944] handshake failed; returned -1, SSL error code 1, net_error -101
[177:183:0921/083350.805925:VERBOSE1:net/base/network_delegate.cc:38] NetworkDelegate::NotifyBeforeURLRequest: https://android.clients.google.com/checkin
[177:183:0921/083350.848054:ERROR:net/socket/tcp_socket_posix.cc:93] Failed to set TCP_KEEPIDLE on fd: 30: Protocol not available (92)
[177:182:0921/083351.628497:VERBOSE1:base/files/file_util_posix.cc:309] Cannot stat "/tmp/chromium-baseline/Default/Cache/Cache_Data/a02f1efe02bd9ec9_0": No such file or directory (2)
[177:182:0921/083351.637576:VERBOSE1:base/files/file_util_posix.cc:309] Cannot stat "/tmp/chromium-baseline/Default/Cache/Cache_Data/a02f1efe02bd9ec9_1": No such file or directory (2)
[177:182:0921/083351.641057:VERBOSE1:base/files/file_util_posix.cc:309] Cannot stat "/tmp/chromium-baseline/Default/Cache/Cache_Data/a02f1efe02bd9ec9_s": No such file or directory (2)
[177:183:0921/083351.972102:VERBOSE1:net/base/network_delegate.cc:38] NetworkDelegate::NotifyBeforeURLRequest: https://android.clients.google.com/c2dm/register3
[177:183:0921/083352.002309:VERBOSE1:net/base/network_delegate.cc:38] NetworkDelegate::NotifyBeforeURLRequest: https://android.clients.google.com/c2dm/register3
[177:183:0921/083352.021216:VERBOSE1:net/base/network_delegate.cc:38] NetworkDelegate::NotifyBeforeURLRequest: https://android.clients.google.com/c2dm/register3
[177:182:0921/083352.158297:VERBOSE1:base/files/file_util_posix.cc:309] Cannot stat "/tmp/chromium-baseline/Default/Cache/Cache_Data/dd8cd7ce6312e569_0": No such file or directory (2)
[177:182:0921/083352.162750:VERBOSE1:base/files/file_util_posix.cc:309] Cannot stat "/tmp/chromium-baseline/Default/Cache/Cache_Data/dd8cd7ce6312e569_1": No such file or directory (2)
[177:182:0921/083352.166027:VERBOSE1:base/files/file_util_posix.cc:309] Cannot stat "/tmp/chromium-baseline/Default/Cache/Cache_Data/dd8cd7ce6312e569_s": No such file or directory (2)
[105:143:0921/083352.216284:ERROR:google_apis/gcm/engine/registration_request.cc:291] Registration response error message: PHONE_REGISTRATION_ERROR
[105:143:0921/083352.219680:VERBOSE1:google_apis/gcm/engine/registration_request.cc:256] Delaying GCM registration of app: com.google.android.gms, for 25154 milliseconds.
[105:143:0921/083352.268679:ERROR:google_apis/gcm/engine/registration_request.cc:291] Registration response error message: PHONE_REGISTRATION_ERROR
[105:143:0921/083352.270527:VERBOSE1:google_apis/gcm/engine/registration_request.cc:256] Delaying GCM registration of app: com.google.chrome.fcm.invalidations-245350905893, for 24789 milliseconds.
[177:182:0921/083352.323093:VERBOSE1:base/files/file_util_posix.cc:309] Cannot stat "/tmp/chromium-baseline/Default/Cache/Cache_Data/dd8cd7ce6312e569_0": No such file or directory (2)
[177:182:0921/083352.327165:VERBOSE1:base/files/file_util_posix.cc:309] Cannot stat "/tmp/chromium-baseline/Default/Cache/Cache_Data/dd8cd7ce6312e569_1": No such file or directory (2)
[177:182:0921/083352.330244:VERBOSE1:base/files/file_util_posix.cc:309] Cannot stat "/tmp/chromium-baseline/Default/Cache/Cache_Data/dd8cd7ce6312e569_s": No such file or directory (2)
[105:143:0921/083352.351651:ERROR:google_apis/gcm/engine/registration_request.cc:291] Registration response error message: PHONE_REGISTRATION_ERROR
[105:143:0921/083352.352874:VERBOSE1:google_apis/gcm/engine/registration_request.cc:256] Delaying GCM registration of app: com.google.chrome.fcm.invalidations-585406161706, for 22515 milliseconds.
[177:183:0921/083358.333087:VERBOSE1:net/base/network_delegate.cc:38] NetworkDelegate::NotifyBeforeURLRequest: https://optimizationguide-pa.googleapis.com/v1:GetModels?key=AIzaSyCRI4EGpDu_AAHI8E2yenjVhWQdp4G8igc
[177:183:0921/083414.890356:VERBOSE1:net/base/network_delegate.cc:38] NetworkDelegate::NotifyBeforeURLRequest: https://android.clients.google.com/c2dm/register3
[177:183:0921/083417.079611:VERBOSE1:net/base/network_delegate.cc:38] NetworkDelegate::NotifyBeforeURLRequest: https://android.clients.google.com/c2dm/register3
[177:183:0921/083417.394182:VERBOSE1:net/base/network_delegate.cc:38] NetworkDelegate::NotifyBeforeURLRequest: https://android.clients.google.com/c2dm/register3
[177:182:0921/083417.597419:VERBOSE1:base/files/file_util_posix.cc:309] Cannot stat "/tmp/chromium-baseline/Default/Cache/Cache_Data/dd8cd7ce6312e569_0": No such file or directory (2)
[177:182:0921/083417.600244:VERBOSE1:base/files/file_util_posix.cc:309] Cannot stat "/tmp/chromium-baseline/Default/Cache/Cache_Data/dd8cd7ce6312e569_1": No such file or directory (2)
[177:182:0921/083417.609385:VERBOSE1:base/files/file_util_posix.cc:309] Cannot stat "/tmp/chromium-baseline/Default/Cache/Cache_Data/dd8cd7ce6312e569_s": No such file or directory (2)
[105:143:0921/083417.621304:ERROR:google_apis/gcm/engine/registration_request.cc:291] Registration response error message: DEPRECATED_ENDPOINT
[105:143:0921/083417.622854:VERBOSE1:google_apis/gcm/engine/registration_request.cc:256] Delaying GCM registration of app: com.google.android.gms, for 54595 milliseconds.
[177:182:0921/083422.372867:VERBOSE1:base/files/file_util_posix.cc:309] Cannot stat "/tmp/chromium-baseline/Default/Cache/Cache_Data/dd8cd7ce6312e569_0": No such file or directory (2)
[177:182:0921/083422.374508:VERBOSE1:base/files/file_util_posix.cc:309] Cannot stat "/tmp/chromium-baseline/Default/Cache/Cache_Data/dd8cd7ce6312e569_1": No such file or directory (2)
[177:182:0921/083422.378435:VERBOSE1:base/files/file_util_posix.cc:309] Cannot stat "/tmp/chromium-baseline/Default/Cache/Cache_Data/dd8cd7ce6312e569_s": No such file or directory (2)
[105:105:0921/083422.448895:VERBOSE1:chrome/browser/policy/cloud/fm_registration_token_uploader.cc:193] Client is missing for kUser scope
[177:182:0921/083426.990177:VERBOSE1:base/files/file_util_posix.cc:309] Cannot stat "/tmp/chromium-baseline/Default/Cache/Cache_Data/dd8cd7ce6312e569_0": No such file or directory (2)
[177:182:0921/083426.992617:VERBOSE1:base/files/file_util_posix.cc:309] Cannot stat "/tmp/chromium-baseline/Default/Cache/Cache_Data/dd8cd7ce6312e569_1": No such file or directory (2)
[177:182:0921/083426.994419:VERBOSE1:base/files/file_util_posix.cc:309] Cannot stat "/tmp/chromium-baseline/Default/Cache/Cache_Data/dd8cd7ce6312e569_s": No such file or directory (2)
[105:105:0921/083427.034137:VERBOSE1:chrome/browser/policy/cloud/fm_registration_token_uploader.cc:193] Client is missing for kUser scope
[177:183:0921/083512.235612:VERBOSE1:net/base/network_delegate.cc:38] NetworkDelegate::NotifyBeforeURLRequest: https://android.clients.google.com/c2dm/register3
[177:182:0921/083512.421246:VERBOSE1:base/files/file_util_posix.cc:309] Cannot stat "/tmp/chromium-baseline/Default/Cache/Cache_Data/dd8cd7ce6312e569_0": No such file or directory (2)
[177:182:0921/083512.423287:VERBOSE1:base/files/file_util_posix.cc:309] Cannot stat "/tmp/chromium-baseline/Default/Cache/Cache_Data/dd8cd7ce6312e569_1": No such file or directory (2)
[177:182:0921/083512.424798:VERBOSE1:base/files/file_util_posix.cc:309] Cannot stat "/tmp/chromium-baseline/Default/Cache/Cache_Data/dd8cd7ce6312e569_s": No such file or directory (2)
[105:143:0921/083512.446430:ERROR:google_apis/gcm/engine/registration_request.cc:291] Registration response error message: DEPRECATED_ENDPOINT
[105:143:0921/083512.447308:VERBOSE1:google_apis/gcm/engine/registration_request.cc:256] Delaying GCM registration of app: com.google.android.gms, for 119766 milliseconds.
[177:183:0921/083639.879738:VERBOSE1:net/base/network_delegate.cc:38] NetworkDelegate::NotifyBeforeURLRequest: https://optimizationguide-pa.googleapis.com/v1:GetModels?key=AIzaSyCRI4EGpDu_AAHI8E2yenjVhWQdp4G8igc
[177:183:0921/083712.236265:VERBOSE1:net/base/network_delegate.cc:38] NetworkDelegate::NotifyBeforeURLRequest: https://android.clients.google.com/c2dm/register3
[177:182:0921/083712.414002:VERBOSE1:base/files/file_util_posix.cc:309] Cannot stat "/tmp/chromium-baseline/Default/Cache/Cache_Data/dd8cd7ce6312e569_0": No such file or directory (2)
[177:182:0921/083712.417753:VERBOSE1:base/files/file_util_posix.cc:309] Cannot stat "/tmp/chromium-baseline/Default/Cache/Cache_Data/dd8cd7ce6312e569_1": No such file or directory (2)
[177:182:0921/083712.420012:VERBOSE1:base/files/file_util_posix.cc:309] Cannot stat "/tmp/chromium-baseline/Default/Cache/Cache_Data/dd8cd7ce6312e569_s": No such file or directory (2)
[105:143:0921/083712.441516:ERROR:google_apis/gcm/engine/registration_request.cc:291] Registration response error message: DEPRECATED_ENDPOINT
[105:143:0921/083712.442338:VERBOSE1:google_apis/gcm/engine/registration_request.cc:256] Delaying GCM registration of app: com.google.android.gms, for 215716 milliseconds.
