=== Mon Sep 21 08:31:06 UTC 2026 uptime= (+0s) ===
weston:        90 
desktop-shell: 120 
browser:       105 
gpu:           
renderer:      
crash 计数:    0
   84 root      0:00 seatd -g root -l debug
   90 root      0:00 weston --backend=drm-backend.so --renderer=pixman --drm-device=card0 --seat=seat0 --continue-without-input --idle-time=0 --socket=wayland-0 --log=/tmp/weston.log
  105 root      0:00 /usr/lib/chromium/chromium --user-data-dir=/root/.config/chromium --ozone-platform-hint=auto --ozone-platform=wayland --no-sandbox --disable-gpu --disable-dev-shm-usage --enable-logging=stderr --v=1 --user-data-dir=/tmp/chromium-baseline --in-process-gpu --use-gl=swiftshader --disable-gpu-sandbox --disable-features=Vulkan --disable-background-networking --disable-component-update --no-first-run file:///usr/share/html-test/index.html
  116 root      0:00 /usr/libexec/weston-keyboard
  120 root      0:00 /usr/libexec/weston-desktop-shell
  129 root      0:00 /usr/lib/chromium/chrome_crashpad_handler --monitor-self --monitor-self-annotation=ptype=crashpad-handler --database=/root/.config/chromium/Crash Reports --annotation=channel=Alpine Linux --annotation=lsb-release=Alpine Linux v3.23 --annotation=plat=Linux --annotation=prod=Chrome_Linux --annotation=ver=149.0.7827.53 --initial-client-fd=4 --shared-client-connection
  131 root      0:00 /usr/lib/chromium/chrome_crashpad_handler --no-periodic-tasks --monitor-self-annotation=ptype=crashpad-handler --database=/root/.config/chromium/Crash Reports --annotation=channel=Alpine Linux --annotation=lsb-release=Alpine Linux v3.23 --annotation=plat=Linux --annotation=prod=Chrome_Linux --annotation=ver=149.0.7827.53 --initial-client-fd=5 --shared-client-connection
  177 root      0:00 {chromium} /proc/self/exe --type=utility --utility-sub-type=network.mojom.NetworkService --lang=en-US --service-sandbox-type=none --no-sandbox --disable-dev-shm-usage --use-gl=disabled --crashpad-handler-pid=0 --enable-crash-reporter=,Alpine Linux --user-data-dir=/tmp/chromium-baseline --change-stack-guard-on-fork=enable --shared-files=v8_context_snapshot_data:100 --metrics-shmem-handle=4,i,9764289489917319445,772678077012836494,524288 --field-trial-handle=3,i,1363300365205269985,6089440049550410193,262144 --disable-features=Vulkan --variations-seed-version --pseudonymization-salt-handle=7,i,10212331384135266821,7712956155617826142,4 --trace-process-track-uuid=3190708989122997041 --enable-logging=stderr --v=1
=== Mon Sep 21 08:31:42 UTC 2026 uptime= (+30s) ===
weston:        90 
desktop-shell: 120 
browser:       105 
gpu:           
renderer:      
crash 计数:    0
   84 root      0:00 seatd -g root -l debug
   90 root      0:00 weston --backend=drm-backend.so --renderer=pixman --drm-device=card0 --seat=seat0 --continue-without-input --idle-time=0 --socket=wayland-0 --log=/tmp/weston.log
  105 root      0:00 /usr/lib/chromium/chromium --user-data-dir=/root/.config/chromium --ozone-platform-hint=auto --ozone-platform=wayland --no-sandbox --disable-gpu --disable-dev-shm-usage --enable-logging=stderr --v=1 --user-data-dir=/tmp/chromium-baseline --in-process-gpu --use-gl=swiftshader --disable-gpu-sandbox --disable-features=Vulkan --disable-background-networking --disable-component-update --no-first-run file:///usr/share/html-test/index.html
  116 root      0:00 /usr/libexec/weston-keyboard
  120 root      0:00 /usr/libexec/weston-desktop-shell
  129 root      0:00 /usr/lib/chromium/chrome_crashpad_handler --monitor-self --monitor-self-annotation=ptype=crashpad-handler --database=/root/.config/chromium/Crash Reports --annotation=channel=Alpine Linux --annotation=lsb-release=Alpine Linux v3.23 --annotation=plat=Linux --annotation=prod=Chrome_Linux --annotation=ver=149.0.7827.53 --initial-client-fd=4 --shared-client-connection
  131 root      0:00 /usr/lib/chromium/chrome_crashpad_handler --no-periodic-tasks --monitor-self-annotation=ptype=crashpad-handler --database=/root/.config/chromium/Crash Reports --annotation=channel=Alpine Linux --annotation=lsb-release=Alpine Linux v3.23 --annotation=plat=Linux --annotation=prod=Chrome_Linux --annotation=ver=149.0.7827.53 --initial-client-fd=5 --shared-client-connection
  177 root      0:00 {chromium} /proc/self/exe --type=utility --utility-sub-type=network.mojom.NetworkService --lang=en-US --service-sandbox-type=none --no-sandbox --disable-dev-shm-usage --use-gl=disabled --crashpad-handler-pid=0 --enable-crash-reporter=,Alpine Linux --user-data-dir=/tmp/chromium-baseline --change-stack-guard-on-fork=enable --shared-files=v8_context_snapshot_data:100 --metrics-shmem-handle=4,i,9764289489917319445,772678077012836494,524288 --field-trial-handle=3,i,1363300365205269985,6089440049550410193,262144 --disable-features=Vulkan --variations-seed-version --pseudonymization-salt-handle=7,i,10212331384135266821,7712956155617826142,4 --trace-process-track-uuid=3190708989122997041 --enable-logging=stderr --v=1
=== Mon Sep 21 08:32:17 UTC 2026 uptime= (+60s) ===
weston:        90 
desktop-shell: 120 
browser:       105 
gpu:           
renderer:      
crash 计数:    0
   84 root      0:00 seatd -g root -l debug
   90 root      0:00 weston --backend=drm-backend.so --renderer=pixman --drm-device=card0 --seat=seat0 --continue-without-input --idle-time=0 --socket=wayland-0 --log=/tmp/weston.log
  105 root      0:00 /usr/lib/chromium/chromium --user-data-dir=/root/.config/chromium --ozone-platform-hint=auto --ozone-platform=wayland --no-sandbox --disable-gpu --disable-dev-shm-usage --enable-logging=stderr --v=1 --user-data-dir=/tmp/chromium-baseline --in-process-gpu --use-gl=swiftshader --disable-gpu-sandbox --disable-features=Vulkan --disable-background-networking --disable-component-update --no-first-run file:///usr/share/html-test/index.html
  116 root      0:00 /usr/libexec/weston-keyboard
  120 root      0:00 /usr/libexec/weston-desktop-shell
  129 root      0:00 /usr/lib/chromium/chrome_crashpad_handler --monitor-self --monitor-self-annotation=ptype=crashpad-handler --database=/root/.config/chromium/Crash Reports --annotation=channel=Alpine Linux --annotation=lsb-release=Alpine Linux v3.23 --annotation=plat=Linux --annotation=prod=Chrome_Linux --annotation=ver=149.0.7827.53 --initial-client-fd=4 --shared-client-connection
  131 root      0:00 /usr/lib/chromium/chrome_crashpad_handler --no-periodic-tasks --monitor-self-annotation=ptype=crashpad-handler --database=/root/.config/chromium/Crash Reports --annotation=channel=Alpine Linux --annotation=lsb-release=Alpine Linux v3.23 --annotation=plat=Linux --annotation=prod=Chrome_Linux --annotation=ver=149.0.7827.53 --initial-client-fd=5 --shared-client-connection
  177 root      0:00 {chromium} /proc/self/exe --type=utility --utility-sub-type=network.mojom.NetworkService --lang=en-US --service-sandbox-type=none --no-sandbox --disable-dev-shm-usage --use-gl=disabled --crashpad-handler-pid=0 --enable-crash-reporter=,Alpine Linux --user-data-dir=/tmp/chromium-baseline --change-stack-guard-on-fork=enable --shared-files=v8_context_snapshot_data:100 --metrics-shmem-handle=4,i,9764289489917319445,772678077012836494,524288 --field-trial-handle=3,i,1363300365205269985,6089440049550410193,262144 --disable-features=Vulkan --variations-seed-version --pseudonymization-salt-handle=7,i,10212331384135266821,7712956155617826142,4 --trace-process-track-uuid=3190708989122997041 --enable-logging=stderr --v=1
=== Mon Sep 21 08:32:53 UTC 2026 uptime= (+90s) ===
weston:        90 
desktop-shell: 120 
browser:       105 
gpu:           
renderer:      
crash 计数:    0
   84 root      0:00 seatd -g root -l debug
   90 root      0:00 weston --backend=drm-backend.so --renderer=pixman --drm-device=card0 --seat=seat0 --continue-without-input --idle-time=0 --socket=wayland-0 --log=/tmp/weston.log
  105 root      0:00 /usr/lib/chromium/chromium --user-data-dir=/root/.config/chromium --ozone-platform-hint=auto --ozone-platform=wayland --no-sandbox --disable-gpu --disable-dev-shm-usage --enable-logging=stderr --v=1 --user-data-dir=/tmp/chromium-baseline --in-process-gpu --use-gl=swiftshader --disable-gpu-sandbox --disable-features=Vulkan --disable-background-networking --disable-component-update --no-first-run file:///usr/share/html-test/index.html
  116 root      0:00 /usr/libexec/weston-keyboard
  120 root      0:00 /usr/libexec/weston-desktop-shell
  129 root      0:00 /usr/lib/chromium/chrome_crashpad_handler --monitor-self --monitor-self-annotation=ptype=crashpad-handler --database=/root/.config/chromium/Crash Reports --annotation=channel=Alpine Linux --annotation=lsb-release=Alpine Linux v3.23 --annotation=plat=Linux --annotation=prod=Chrome_Linux --annotation=ver=149.0.7827.53 --initial-client-fd=4 --shared-client-connection
  131 root      0:00 /usr/lib/chromium/chrome_crashpad_handler --no-periodic-tasks --monitor-self-annotation=ptype=crashpad-handler --database=/root/.config/chromium/Crash Reports --annotation=channel=Alpine Linux --annotation=lsb-release=Alpine Linux v3.23 --annotation=plat=Linux --annotation=prod=Chrome_Linux --annotation=ver=149.0.7827.53 --initial-client-fd=5 --shared-client-connection
  177 root      0:00 {chromium} /proc/self/exe --type=utility --utility-sub-type=network.mojom.NetworkService --lang=en-US --service-sandbox-type=none --no-sandbox --disable-dev-shm-usage --use-gl=disabled --crashpad-handler-pid=0 --enable-crash-reporter=,Alpine Linux --user-data-dir=/tmp/chromium-baseline --change-stack-guard-on-fork=enable --shared-files=v8_context_snapshot_data:100 --metrics-shmem-handle=4,i,9764289489917319445,772678077012836494,524288 --field-trial-handle=3,i,1363300365205269985,6089440049550410193,262144 --disable-features=Vulkan --variations-seed-version --pseudonymization-salt-handle=7,i,10212331384135266821,7712956155617826142,4 --trace-process-track-uuid=3190708989122997041 --enable-logging=stderr --v=1
=== Mon Sep 21 08:33:28 UTC 2026 uptime= (+120s) ===
weston:        90 
desktop-shell: 120 
browser:       105 
gpu:           
renderer:      
crash 计数:    0
   84 root      0:00 seatd -g root -l debug
   90 root      0:00 weston --backend=drm-backend.so --renderer=pixman --drm-device=card0 --seat=seat0 --continue-without-input --idle-time=0 --socket=wayland-0 --log=/tmp/weston.log
  105 root      0:00 /usr/lib/chromium/chromium --user-data-dir=/root/.config/chromium --ozone-platform-hint=auto --ozone-platform=wayland --no-sandbox --disable-gpu --disable-dev-shm-usage --enable-logging=stderr --v=1 --user-data-dir=/tmp/chromium-baseline --in-process-gpu --use-gl=swiftshader --disable-gpu-sandbox --disable-features=Vulkan --disable-background-networking --disable-component-update --no-first-run file:///usr/share/html-test/index.html
  116 root      0:00 /usr/libexec/weston-keyboard
  120 root      0:00 /usr/libexec/weston-desktop-shell
  129 root      0:00 /usr/lib/chromium/chrome_crashpad_handler --monitor-self --monitor-self-annotation=ptype=crashpad-handler --database=/root/.config/chromium/Crash Reports --annotation=channel=Alpine Linux --annotation=lsb-release=Alpine Linux v3.23 --annotation=plat=Linux --annotation=prod=Chrome_Linux --annotation=ver=149.0.7827.53 --initial-client-fd=4 --shared-client-connection
  131 root      0:00 /usr/lib/chromium/chrome_crashpad_handler --no-periodic-tasks --monitor-self-annotation=ptype=crashpad-handler --database=/root/.config/chromium/Crash Reports --annotation=channel=Alpine Linux --annotation=lsb-release=Alpine Linux v3.23 --annotation=plat=Linux --annotation=prod=Chrome_Linux --annotation=ver=149.0.7827.53 --initial-client-fd=5 --shared-client-connection
  177 root      0:00 {chromium} /proc/self/exe --type=utility --utility-sub-type=network.mojom.NetworkService --lang=en-US --service-sandbox-type=none --no-sandbox --disable-dev-shm-usage --use-gl=disabled --crashpad-handler-pid=0 --enable-crash-reporter=,Alpine Linux --user-data-dir=/tmp/chromium-baseline --change-stack-guard-on-fork=enable --shared-files=v8_context_snapshot_data:100 --metrics-shmem-handle=4,i,9764289489917319445,772678077012836494,524288 --field-trial-handle=3,i,1363300365205269985,6089440049550410193,262144 --disable-features=Vulkan --variations-seed-version --pseudonymization-salt-handle=7,i,10212331384135266821,7712956155617826142,4 --trace-process-track-uuid=3190708989122997041 --enable-logging=stderr --v=1
=== Mon Sep 21 08:34:04 UTC 2026 uptime= (+150s) ===
weston:        90 
desktop-shell: 120 
browser:       105 
gpu:           
renderer:      
crash 计数:    0
   84 root      0:00 seatd -g root -l debug
   90 root      0:00 weston --backend=drm-backend.so --renderer=pixman --drm-device=card0 --seat=seat0 --continue-without-input --idle-time=0 --socket=wayland-0 --log=/tmp/weston.log
  105 root      0:00 /usr/lib/chromium/chromium --user-data-dir=/root/.config/chromium --ozone-platform-hint=auto --ozone-platform=wayland --no-sandbox --disable-gpu --disable-dev-shm-usage --enable-logging=stderr --v=1 --user-data-dir=/tmp/chromium-baseline --in-process-gpu --use-gl=swiftshader --disable-gpu-sandbox --disable-features=Vulkan --disable-background-networking --disable-component-update --no-first-run file:///usr/share/html-test/index.html
  116 root      0:00 /usr/libexec/weston-keyboard
  120 root      0:00 /usr/libexec/weston-desktop-shell
  129 root      0:00 /usr/lib/chromium/chrome_crashpad_handler --monitor-self --monitor-self-annotation=ptype=crashpad-handler --database=/root/.config/chromium/Crash Reports --annotation=channel=Alpine Linux --annotation=lsb-release=Alpine Linux v3.23 --annotation=plat=Linux --annotation=prod=Chrome_Linux --annotation=ver=149.0.7827.53 --initial-client-fd=4 --shared-client-connection
  131 root      0:00 /usr/lib/chromium/chrome_crashpad_handler --no-periodic-tasks --monitor-self-annotation=ptype=crashpad-handler --database=/root/.config/chromium/Crash Reports --annotation=channel=Alpine Linux --annotation=lsb-release=Alpine Linux v3.23 --annotation=plat=Linux --annotation=prod=Chrome_Linux --annotation=ver=149.0.7827.53 --initial-client-fd=5 --shared-client-connection
  177 root      0:00 {chromium} /proc/self/exe --type=utility --utility-sub-type=network.mojom.NetworkService --lang=en-US --service-sandbox-type=none --no-sandbox --disable-dev-shm-usage --use-gl=disabled --crashpad-handler-pid=0 --enable-crash-reporter=,Alpine Linux --user-data-dir=/tmp/chromium-baseline --change-stack-guard-on-fork=enable --shared-files=v8_context_snapshot_data:100 --metrics-shmem-handle=4,i,9764289489917319445,772678077012836494,524288 --field-trial-handle=3,i,1363300365205269985,6089440049550410193,262144 --disable-features=Vulkan --variations-seed-version --pseudonymization-salt-handle=7,i,10212331384135266821,7712956155617826142,4 --trace-process-track-uuid=3190708989122997041 --enable-logging=stderr --v=1
=== Mon Sep 21 08:34:39 UTC 2026 uptime= (+180s) ===
weston:        90 
desktop-shell: 120 
browser:       105 
gpu:           
renderer:      
crash 计数:    0
   84 root      0:00 seatd -g root -l debug
   90 root      0:00 weston --backend=drm-backend.so --renderer=pixman --drm-device=card0 --seat=seat0 --continue-without-input --idle-time=0 --socket=wayland-0 --log=/tmp/weston.log
  105 root      0:00 /usr/lib/chromium/chromium --user-data-dir=/root/.config/chromium --ozone-platform-hint=auto --ozone-platform=wayland --no-sandbox --disable-gpu --disable-dev-shm-usage --enable-logging=stderr --v=1 --user-data-dir=/tmp/chromium-baseline --in-process-gpu --use-gl=swiftshader --disable-gpu-sandbox --disable-features=Vulkan --disable-background-networking --disable-component-update --no-first-run file:///usr/share/html-test/index.html
  116 root      0:00 /usr/libexec/weston-keyboard
  120 root      0:00 /usr/libexec/weston-desktop-shell
  129 root      0:00 /usr/lib/chromium/chrome_crashpad_handler --monitor-self --monitor-self-annotation=ptype=crashpad-handler --database=/root/.config/chromium/Crash Reports --annotation=channel=Alpine Linux --annotation=lsb-release=Alpine Linux v3.23 --annotation=plat=Linux --annotation=prod=Chrome_Linux --annotation=ver=149.0.7827.53 --initial-client-fd=4 --shared-client-connection
  131 root      0:00 /usr/lib/chromium/chrome_crashpad_handler --no-periodic-tasks --monitor-self-annotation=ptype=crashpad-handler --database=/root/.config/chromium/Crash Reports --annotation=channel=Alpine Linux --annotation=lsb-release=Alpine Linux v3.23 --annotation=plat=Linux --annotation=prod=Chrome_Linux --annotation=ver=149.0.7827.53 --initial-client-fd=5 --shared-client-connection
  177 root      0:00 {chromium} /proc/self/exe --type=utility --utility-sub-type=network.mojom.NetworkService --lang=en-US --service-sandbox-type=none --no-sandbox --disable-dev-shm-usage --use-gl=disabled --crashpad-handler-pid=0 --enable-crash-reporter=,Alpine Linux --user-data-dir=/tmp/chromium-baseline --change-stack-guard-on-fork=enable --shared-files=v8_context_snapshot_data:100 --metrics-shmem-handle=4,i,9764289489917319445,772678077012836494,524288 --field-trial-handle=3,i,1363300365205269985,6089440049550410193,262144 --disable-features=Vulkan --variations-seed-version --pseudonymization-salt-handle=7,i,10212331384135266821,7712956155617826142,4 --trace-process-track-uuid=3190708989122997041 --enable-logging=stderr --v=1
=== Mon Sep 21 08:35:14 UTC 2026 uptime= (+210s) ===
weston:        90 
desktop-shell: 120 
browser:       105 
gpu:           
renderer:      
crash 计数:    0
   84 root      0:00 seatd -g root -l debug
   90 root      0:00 weston --backend=drm-backend.so --renderer=pixman --drm-device=card0 --seat=seat0 --continue-without-input --idle-time=0 --socket=wayland-0 --log=/tmp/weston.log
  105 root      0:00 /usr/lib/chromium/chromium --user-data-dir=/root/.config/chromium --ozone-platform-hint=auto --ozone-platform=wayland --no-sandbox --disable-gpu --disable-dev-shm-usage --enable-logging=stderr --v=1 --user-data-dir=/tmp/chromium-baseline --in-process-gpu --use-gl=swiftshader --disable-gpu-sandbox --disable-features=Vulkan --disable-background-networking --disable-component-update --no-first-run file:///usr/share/html-test/index.html
  116 root      0:00 /usr/libexec/weston-keyboard
  120 root      0:00 /usr/libexec/weston-desktop-shell
  129 root      0:00 /usr/lib/chromium/chrome_crashpad_handler --monitor-self --monitor-self-annotation=ptype=crashpad-handler --database=/root/.config/chromium/Crash Reports --annotation=channel=Alpine Linux --annotation=lsb-release=Alpine Linux v3.23 --annotation=plat=Linux --annotation=prod=Chrome_Linux --annotation=ver=149.0.7827.53 --initial-client-fd=4 --shared-client-connection
  131 root      0:00 /usr/lib/chromium/chrome_crashpad_handler --no-periodic-tasks --monitor-self-annotation=ptype=crashpad-handler --database=/root/.config/chromium/Crash Reports --annotation=channel=Alpine Linux --annotation=lsb-release=Alpine Linux v3.23 --annotation=plat=Linux --annotation=prod=Chrome_Linux --annotation=ver=149.0.7827.53 --initial-client-fd=5 --shared-client-connection
  177 root      0:00 {chromium} /proc/self/exe --type=utility --utility-sub-type=network.mojom.NetworkService --lang=en-US --service-sandbox-type=none --no-sandbox --disable-dev-shm-usage --use-gl=disabled --crashpad-handler-pid=0 --enable-crash-reporter=,Alpine Linux --user-data-dir=/tmp/chromium-baseline --change-stack-guard-on-fork=enable --shared-files=v8_context_snapshot_data:100 --metrics-shmem-handle=4,i,9764289489917319445,772678077012836494,524288 --field-trial-handle=3,i,1363300365205269985,6089440049550410193,262144 --disable-features=Vulkan --variations-seed-version --pseudonymization-salt-handle=7,i,10212331384135266821,7712956155617826142,4 --trace-process-track-uuid=3190708989122997041 --enable-logging=stderr --v=1
=== Mon Sep 21 08:35:50 UTC 2026 uptime= (+240s) ===
weston:        90 
desktop-shell: 120 
browser:       105 
gpu:           
renderer:      
crash 计数:    0
   84 root      0:00 seatd -g root -l debug
   90 root      0:00 weston --backend=drm-backend.so --renderer=pixman --drm-device=card0 --seat=seat0 --continue-without-input --idle-time=0 --socket=wayland-0 --log=/tmp/weston.log
  105 root      0:00 /usr/lib/chromium/chromium --user-data-dir=/root/.config/chromium --ozone-platform-hint=auto --ozone-platform=wayland --no-sandbox --disable-gpu --disable-dev-shm-usage --enable-logging=stderr --v=1 --user-data-dir=/tmp/chromium-baseline --in-process-gpu --use-gl=swiftshader --disable-gpu-sandbox --disable-features=Vulkan --disable-background-networking --disable-component-update --no-first-run file:///usr/share/html-test/index.html
  116 root      0:00 /usr/libexec/weston-keyboard
  120 root      0:00 /usr/libexec/weston-desktop-shell
  129 root      0:00 /usr/lib/chromium/chrome_crashpad_handler --monitor-self --monitor-self-annotation=ptype=crashpad-handler --database=/root/.config/chromium/Crash Reports --annotation=channel=Alpine Linux --annotation=lsb-release=Alpine Linux v3.23 --annotation=plat=Linux --annotation=prod=Chrome_Linux --annotation=ver=149.0.7827.53 --initial-client-fd=4 --shared-client-connection
  131 root      0:00 /usr/lib/chromium/chrome_crashpad_handler --no-periodic-tasks --monitor-self-annotation=ptype=crashpad-handler --database=/root/.config/chromium/Crash Reports --annotation=channel=Alpine Linux --annotation=lsb-release=Alpine Linux v3.23 --annotation=plat=Linux --annotation=prod=Chrome_Linux --annotation=ver=149.0.7827.53 --initial-client-fd=5 --shared-client-connection
  177 root      0:00 {chromium} /proc/self/exe --type=utility --utility-sub-type=network.mojom.NetworkService --lang=en-US --service-sandbox-type=none --no-sandbox --disable-dev-shm-usage --use-gl=disabled --crashpad-handler-pid=0 --enable-crash-reporter=,Alpine Linux --user-data-dir=/tmp/chromium-baseline --change-stack-guard-on-fork=enable --shared-files=v8_context_snapshot_data:100 --metrics-shmem-handle=4,i,9764289489917319445,772678077012836494,524288 --field-trial-handle=3,i,1363300365205269985,6089440049550410193,262144 --disable-features=Vulkan --variations-seed-version --pseudonymization-salt-handle=7,i,10212331384135266821,7712956155617826142,4 --trace-process-track-uuid=3190708989122997041 --enable-logging=stderr --v=1
=== Mon Sep 21 08:36:25 UTC 2026 uptime= (+270s) ===
weston:        90 
desktop-shell: 120 
browser:       105 
gpu:           
renderer:      
crash 计数:    0
   84 root      0:00 seatd -g root -l debug
   90 root      0:00 weston --backend=drm-backend.so --renderer=pixman --drm-device=card0 --seat=seat0 --continue-without-input --idle-time=0 --socket=wayland-0 --log=/tmp/weston.log
  105 root      0:00 /usr/lib/chromium/chromium --user-data-dir=/root/.config/chromium --ozone-platform-hint=auto --ozone-platform=wayland --no-sandbox --disable-gpu --disable-dev-shm-usage --enable-logging=stderr --v=1 --user-data-dir=/tmp/chromium-baseline --in-process-gpu --use-gl=swiftshader --disable-gpu-sandbox --disable-features=Vulkan --disable-background-networking --disable-component-update --no-first-run file:///usr/share/html-test/index.html
  116 root      0:00 /usr/libexec/weston-keyboard
  120 root      0:00 /usr/libexec/weston-desktop-shell
  129 root      0:00 /usr/lib/chromium/chrome_crashpad_handler --monitor-self --monitor-self-annotation=ptype=crashpad-handler --database=/root/.config/chromium/Crash Reports --annotation=channel=Alpine Linux --annotation=lsb-release=Alpine Linux v3.23 --annotation=plat=Linux --annotation=prod=Chrome_Linux --annotation=ver=149.0.7827.53 --initial-client-fd=4 --shared-client-connection
  131 root      0:00 /usr/lib/chromium/chrome_crashpad_handler --no-periodic-tasks --monitor-self-annotation=ptype=crashpad-handler --database=/root/.config/chromium/Crash Reports --annotation=channel=Alpine Linux --annotation=lsb-release=Alpine Linux v3.23 --annotation=plat=Linux --annotation=prod=Chrome_Linux --annotation=ver=149.0.7827.53 --initial-client-fd=5 --shared-client-connection
  177 root      0:00 {chromium} /proc/self/exe --type=utility --utility-sub-type=network.mojom.NetworkService --lang=en-US --service-sandbox-type=none --no-sandbox --disable-dev-shm-usage --use-gl=disabled --crashpad-handler-pid=0 --enable-crash-reporter=,Alpine Linux --user-data-dir=/tmp/chromium-baseline --change-stack-guard-on-fork=enable --shared-files=v8_context_snapshot_data:100 --metrics-shmem-handle=4,i,9764289489917319445,772678077012836494,524288 --field-trial-handle=3,i,1363300365205269985,6089440049550410193,262144 --disable-features=Vulkan --variations-seed-version --pseudonymization-salt-handle=7,i,10212331384135266821,7712956155617826142,4 --trace-process-track-uuid=3190708989122997041 --enable-logging=stderr --v=1
=== Mon Sep 21 08:37:01 UTC 2026 uptime= (+300s) ===
weston:        90 
desktop-shell: 120 
browser:       105 
gpu:           
renderer:      
crash 计数:    0
   84 root      0:00 seatd -g root -l debug
   90 root      0:00 weston --backend=drm-backend.so --renderer=pixman --drm-device=card0 --seat=seat0 --continue-without-input --idle-time=0 --socket=wayland-0 --log=/tmp/weston.log
  105 root      0:00 /usr/lib/chromium/chromium --user-data-dir=/root/.config/chromium --ozone-platform-hint=auto --ozone-platform=wayland --no-sandbox --disable-gpu --disable-dev-shm-usage --enable-logging=stderr --v=1 --user-data-dir=/tmp/chromium-baseline --in-process-gpu --use-gl=swiftshader --disable-gpu-sandbox --disable-features=Vulkan --disable-background-networking --disable-component-update --no-first-run file:///usr/share/html-test/index.html
  116 root      0:00 /usr/libexec/weston-keyboard
  120 root      0:00 /usr/libexec/weston-desktop-shell
  129 root      0:00 /usr/lib/chromium/chrome_crashpad_handler --monitor-self --monitor-self-annotation=ptype=crashpad-handler --database=/root/.config/chromium/Crash Reports --annotation=channel=Alpine Linux --annotation=lsb-release=Alpine Linux v3.23 --annotation=plat=Linux --annotation=prod=Chrome_Linux --annotation=ver=149.0.7827.53 --initial-client-fd=4 --shared-client-connection
  131 root      0:00 /usr/lib/chromium/chrome_crashpad_handler --no-periodic-tasks --monitor-self-annotation=ptype=crashpad-handler --database=/root/.config/chromium/Crash Reports --annotation=channel=Alpine Linux --annotation=lsb-release=Alpine Linux v3.23 --annotation=plat=Linux --annotation=prod=Chrome_Linux --annotation=ver=149.0.7827.53 --initial-client-fd=5 --shared-client-connection
  177 root      0:00 {chromium} /proc/self/exe --type=utility --utility-sub-type=network.mojom.NetworkService --lang=en-US --service-sandbox-type=none --no-sandbox --disable-dev-shm-usage --use-gl=disabled --crashpad-handler-pid=0 --enable-crash-reporter=,Alpine Linux --user-data-dir=/tmp/chromium-baseline --change-stack-guard-on-fork=enable --shared-files=v8_context_snapshot_data:100 --metrics-shmem-handle=4,i,9764289489917319445,772678077012836494,524288 --field-trial-handle=3,i,1363300365205269985,6089440049550410193,262144 --disable-features=Vulkan --variations-seed-version --pseudonymization-salt-handle=7,i,10212331384135266821,7712956155617826142,4 --trace-process-track-uuid=3190708989122997041 --enable-logging=stderr --v=1
=== Mon Sep 21 08:37:36 UTC 2026 uptime= (+330s) ===
weston:        90 
desktop-shell: 120 
browser:       105 
gpu:           
renderer:      
crash 计数:    0
   84 root      0:00 seatd -g root -l debug
   90 root      0:00 weston --backend=drm-backend.so --renderer=pixman --drm-device=card0 --seat=seat0 --continue-without-input --idle-time=0 --socket=wayland-0 --log=/tmp/weston.log
  105 root      0:00 /usr/lib/chromium/chromium --user-data-dir=/root/.config/chromium --ozone-platform-hint=auto --ozone-platform=wayland --no-sandbox --disable-gpu --disable-dev-shm-usage --enable-logging=stderr --v=1 --user-data-dir=/tmp/chromium-baseline --in-process-gpu --use-gl=swiftshader --disable-gpu-sandbox --disable-features=Vulkan --disable-background-networking --disable-component-update --no-first-run file:///usr/share/html-test/index.html
  116 root      0:00 /usr/libexec/weston-keyboard
  120 root      0:00 /usr/libexec/weston-desktop-shell
  129 root      0:00 /usr/lib/chromium/chrome_crashpad_handler --monitor-self --monitor-self-annotation=ptype=crashpad-handler --database=/root/.config/chromium/Crash Reports --annotation=channel=Alpine Linux --annotation=lsb-release=Alpine Linux v3.23 --annotation=plat=Linux --annotation=prod=Chrome_Linux --annotation=ver=149.0.7827.53 --initial-client-fd=4 --shared-client-connection
  131 root      0:00 /usr/lib/chromium/chrome_crashpad_handler --no-periodic-tasks --monitor-self-annotation=ptype=crashpad-handler --database=/root/.config/chromium/Crash Reports --annotation=channel=Alpine Linux --annotation=lsb-release=Alpine Linux v3.23 --annotation=plat=Linux --annotation=prod=Chrome_Linux --annotation=ver=149.0.7827.53 --initial-client-fd=5 --shared-client-connection
  177 root      0:00 {chromium} /proc/self/exe --type=utility --utility-sub-type=network.mojom.NetworkService --lang=en-US --service-sandbox-type=none --no-sandbox --disable-dev-shm-usage --use-gl=disabled --crashpad-handler-pid=0 --enable-crash-reporter=,Alpine Linux --user-data-dir=/tmp/chromium-baseline --change-stack-guard-on-fork=enable --shared-files=v8_context_snapshot_data:100 --metrics-shmem-handle=4,i,9764289489917319445,772678077012836494,524288 --field-trial-handle=3,i,1363300365205269985,6089440049550410193,262144 --disable-features=Vulkan --variations-seed-version --pseudonymization-salt-handle=7,i,10212331384135266821,7712956155617826142,4 --trace-process-track-uuid=3190708989122997041 --enable-logging=stderr --v=1
=== Mon Sep 21 08:38:12 UTC 2026 uptime= (+360s) ===
weston:        90 
desktop-shell: 120 
browser:       105 
gpu:           
renderer:      
crash 计数:    0
   84 root      0:00 seatd -g root -l debug
   90 root      0:00 weston --backend=drm-backend.so --renderer=pixman --drm-device=card0 --seat=seat0 --continue-without-input --idle-time=0 --socket=wayland-0 --log=/tmp/weston.log
  105 root      0:00 /usr/lib/chromium/chromium --user-data-dir=/root/.config/chromium --ozone-platform-hint=auto --ozone-platform=wayland --no-sandbox --disable-gpu --disable-dev-shm-usage --enable-logging=stderr --v=1 --user-data-dir=/tmp/chromium-baseline --in-process-gpu --use-gl=swiftshader --disable-gpu-sandbox --disable-features=Vulkan --disable-background-networking --disable-component-update --no-first-run file:///usr/share/html-test/index.html
  116 root      0:00 /usr/libexec/weston-keyboard
  120 root      0:00 /usr/libexec/weston-desktop-shell
  129 root      0:00 /usr/lib/chromium/chrome_crashpad_handler --monitor-self --monitor-self-annotation=ptype=crashpad-handler --database=/root/.config/chromium/Crash Reports --annotation=channel=Alpine Linux --annotation=lsb-release=Alpine Linux v3.23 --annotation=plat=Linux --annotation=prod=Chrome_Linux --annotation=ver=149.0.7827.53 --initial-client-fd=4 --shared-client-connection
  131 root      0:00 /usr/lib/chromium/chrome_crashpad_handler --no-periodic-tasks --monitor-self-annotation=ptype=crashpad-handler --database=/root/.config/chromium/Crash Reports --annotation=channel=Alpine Linux --annotation=lsb-release=Alpine Linux v3.23 --annotation=plat=Linux --annotation=prod=Chrome_Linux --annotation=ver=149.0.7827.53 --initial-client-fd=5 --shared-client-connection
  177 root      0:00 {chromium} /proc/self/exe --type=utility --utility-sub-type=network.mojom.NetworkService --lang=en-US --service-sandbox-type=none --no-sandbox --disable-dev-shm-usage --use-gl=disabled --crashpad-handler-pid=0 --enable-crash-reporter=,Alpine Linux --user-data-dir=/tmp/chromium-baseline --change-stack-guard-on-fork=enable --shared-files=v8_context_snapshot_data:100 --metrics-shmem-handle=4,i,9764289489917319445,772678077012836494,524288 --field-trial-handle=3,i,1363300365205269985,6089440049550410193,262144 --disable-features=Vulkan --variations-seed-version --pseudonymization-salt-handle=7,i,10212331384135266821,7712956155617826142,4 --trace-process-track-uuid=3190708989122997041 --enable-logging=stderr --v=1
