Date: 2026-10-02 UTC
[03:27:04.718] weston 14.0.2
               https://wayland.freedesktop.org
               Bug reports to: https://gitlab.freedesktop.org/wayland/weston/issues/
               Build: 14.0.2
[03:27:04.722] Command line: weston --backend=drm-backend.so --renderer=pixman --drm-device=card0 --seat=seat0 --idle-time=0 --debug --log=/root/mp-weston.log
[03:27:04.723] OS: Linux, 10.0.0, 10.0.0, aarch64
[03:27:04.723] Flight recorder: enabled
[03:27:04.737] Starting with no config file.
[03:27:04.772] Output repaint window is 7 ms maximum.
[03:27:04.782] Loading module '/usr/lib/libweston-14/drm-backend.so'
[03:27:04.901] initializing drm backend
[03:27:04.906] Trying libseat launcher...
[03:27:04.924] [libseat/libseat.c:62] Seat opened with backend 'seatd'
[03:27:04.926] [libseat/backend/seatd.c:212] Enabling seat
[03:27:04.927] libseat: session control granted
[03:27:04.954] using /dev/dri/card0
[03:27:04.959] DRM: does not support atomic modesetting
[03:27:04.959] DRM: supports GBM modifiers
[03:27:04.959] DRM: does not support Atomic async page flip
[03:27:04.959] DRM: supports picture aspect ratio
[03:27:04.965] Using Pixman renderer
[03:27:05.212] event0  - QEMU Virtio Keyboard: is tagged by udev as: Keyboard
[03:27:05.218] event0  - QEMU Virtio Keyboard: device is a keyboard
[03:27:05.251] event1  - QEMU Virtio Mouse: is tagged by udev as: Mouse
[03:27:05.252] event1  - QEMU Virtio Mouse: device is a pointer
[03:27:05.774] libinput: configuring device "QEMU Virtio Keyboard".
[03:27:05.777] libinput: configuring device "QEMU Virtio Mouse".
[03:27:05.787] DRM: head 'Virtual-1' found, connector 48 is connected, EDID make 'unknown', model 'unknown', serial ''
               Supported EOTF modes: SDR
               Supported colorimetry modes: default
[03:27:05.792] Registered plugin API 'weston_drm_output_api_v1' of size 40
[03:27:05.792] Registered plugin API 'weston_drm_virtual_output_api_v2' of size 48
[03:27:05.795] Color manager: no-op
                 protocol support: no
[03:27:05.813] Output 'Virtual-1' attempts EOTF mode SDR and colorimetry mode default.
[03:27:05.813] Output 'Virtual-1' using color profile: stock sRGB color profile
[03:27:05.843] DRM: output Virtual-1 uses shadow framebuffer.
[03:27:05.843] Output Virtual-1 (crtc 16) video modes:
               current@60.0, current, 70.6 MHz
[03:27:05.846] associating input device event0 with output Virtual-1 (none by udev)
[03:27:05.846] associating input device event1 with output Virtual-1 (none by udev)
[03:27:05.849] Output 'Virtual-1' enabled with head(s) Virtual-1
[03:27:05.849] Compositor capabilities:
               arbitrary surface rotation: yes
               screen capture uses y-flip: no
               cursor planes: yes
               arbitrary resolutions: no
               view mask clipping: yes
               explicit sync: no
               color operations: no
               presentation clock: CLOCK_MONOTONIC, id 1
               presentation clock resolution: 0.000001000 s
[03:27:05.859] Loading module '/usr/lib/weston/desktop-shell.so'
[03:27:05.890] launching '/usr/libexec/weston-keyboard'
[03:27:05.941] launching '/usr/libexec/weston-desktop-shell'
