Date: 2026-10-02 UTC
[07:45:43.855] weston 14.0.2
               https://wayland.freedesktop.org
               Bug reports to: https://gitlab.freedesktop.org/wayland/weston/issues/
               Build: 14.0.2
[07:45:43.860] Command line: weston --backend=drm-backend.so --renderer=pixman --drm-device=card0 --seat=seat0 --idle-time=0 --debug --log=/root/single-weston.log
[07:45:43.861] OS: Linux, 10.0.0, 10.0.0, aarch64
[07:45:43.861] Flight recorder: enabled
[07:45:43.876] Starting with no config file.
[07:45:43.910] Output repaint window is 7 ms maximum.
[07:45:43.920] Loading module '/usr/lib/libweston-14/drm-backend.so'
[07:45:44.012] initializing drm backend
[07:45:44.016] Trying libseat launcher...
[07:45:44.042] [libseat/libseat.c:62] Seat opened with backend 'seatd'
[07:45:44.042] [libseat/backend/seatd.c:212] Enabling seat
[07:45:44.043] libseat: session control granted
[07:45:44.070] using /dev/dri/card0
[07:45:44.074] DRM: does not support atomic modesetting
[07:45:44.074] DRM: supports GBM modifiers
[07:45:44.074] DRM: does not support Atomic async page flip
[07:45:44.074] DRM: supports picture aspect ratio
[07:45:44.080] Using Pixman renderer
[07:45:44.336] event0  - QEMU Virtio Keyboard: is tagged by udev as: Keyboard
[07:45:44.341] event0  - QEMU Virtio Keyboard: device is a keyboard
[07:45:44.374] event1  - QEMU Virtio Mouse: is tagged by udev as: Mouse
[07:45:44.375] event1  - QEMU Virtio Mouse: device is a pointer
[07:45:44.890] libinput: configuring device "QEMU Virtio Keyboard".
[07:45:44.892] libinput: configuring device "QEMU Virtio Mouse".
[07:45:44.904] DRM: head 'Virtual-1' found, connector 48 is connected, EDID make 'unknown', model 'unknown', serial ''
               Supported EOTF modes: SDR
               Supported colorimetry modes: default
[07:45:44.909] Registered plugin API 'weston_drm_output_api_v1' of size 40
[07:45:44.909] Registered plugin API 'weston_drm_virtual_output_api_v2' of size 48
[07:45:44.913] Color manager: no-op
                 protocol support: no
[07:45:44.948] Output 'Virtual-1' attempts EOTF mode SDR and colorimetry mode default.
[07:45:44.949] Output 'Virtual-1' using color profile: stock sRGB color profile
[07:45:44.987] DRM: output Virtual-1 uses shadow framebuffer.
[07:45:44.987] Output Virtual-1 (crtc 16) video modes:
               current@60.0, current, 70.6 MHz
[07:45:44.991] associating input device event0 with output Virtual-1 (none by udev)
[07:45:44.991] associating input device event1 with output Virtual-1 (none by udev)
[07:45:44.994] Output 'Virtual-1' enabled with head(s) Virtual-1
[07:45:44.995] Compositor capabilities:
               arbitrary surface rotation: yes
               screen capture uses y-flip: no
               cursor planes: yes
               arbitrary resolutions: no
               view mask clipping: yes
               explicit sync: no
               color operations: no
               presentation clock: CLOCK_MONOTONIC, id 1
               presentation clock resolution: 0.000001000 s
[07:45:45.008] Loading module '/usr/lib/weston/desktop-shell.so'
[07:45:45.044] launching '/usr/libexec/weston-keyboard'
[07:45:45.098] launching '/usr/libexec/weston-desktop-shell'
