Date: 2026-09-29 UTC
[23:50:58.071] weston 14.0.2
               https://wayland.freedesktop.org
               Bug reports to: https://gitlab.freedesktop.org/wayland/weston/issues/
               Build: 14.0.2
[23:50:58.075] Command line: weston --backend=drm-backend.so --renderer=pixman --drm-device=card0 --seat=seat0 --idle-time=0 --debug --log=/root/mp-weston.log
[23:50:58.076] OS: Linux, 10.0.0, 10.0.0, aarch64
[23:50:58.076] Flight recorder: enabled
[23:50:58.088] Starting with no config file.
[23:50:58.113] Output repaint window is 7 ms maximum.
[23:50:58.121] Loading module '/usr/lib/libweston-14/drm-backend.so'
[23:50:58.219] initializing drm backend
[23:50:58.223] Trying libseat launcher...
[23:50:58.238] [libseat/libseat.c:62] Seat opened with backend 'seatd'
[23:50:58.239] [libseat/backend/seatd.c:212] Enabling seat
[23:50:58.239] libseat: session control granted
[23:50:58.261] using /dev/dri/card0
[23:50:58.264] DRM: does not support atomic modesetting
[23:50:58.265] DRM: supports GBM modifiers
[23:50:58.265] DRM: does not support Atomic async page flip
[23:50:58.265] DRM: supports picture aspect ratio
[23:50:58.270] Using Pixman renderer
[23:50:58.476] event0  - QEMU Virtio Keyboard: is tagged by udev as: Keyboard
[23:50:58.480] event0  - QEMU Virtio Keyboard: device is a keyboard
[23:50:58.509] event1  - QEMU Virtio Mouse: is tagged by udev as: Mouse
[23:50:58.510] event1  - QEMU Virtio Mouse: device is a pointer
[23:50:58.786] libinput: configuring device "QEMU Virtio Keyboard".
[23:50:58.789] libinput: configuring device "QEMU Virtio Mouse".
[23:50:58.799] DRM: head 'Virtual-1' found, connector 48 is connected, EDID make 'unknown', model 'unknown', serial ''
               Supported EOTF modes: SDR
               Supported colorimetry modes: default
[23:50:58.804] Registered plugin API 'weston_drm_output_api_v1' of size 40
[23:50:58.804] Registered plugin API 'weston_drm_virtual_output_api_v2' of size 48
[23:50:58.807] Color manager: no-op
                 protocol support: no
[23:50:58.822] Output 'Virtual-1' attempts EOTF mode SDR and colorimetry mode default.
[23:50:58.823] Output 'Virtual-1' using color profile: stock sRGB color profile
[23:50:58.851] DRM: output Virtual-1 uses shadow framebuffer.
[23:50:58.851] Output Virtual-1 (crtc 16) video modes:
               current@60.0, current, 70.6 MHz
[23:50:58.854] associating input device event0 with output Virtual-1 (none by udev)
[23:50:58.854] associating input device event1 with output Virtual-1 (none by udev)
[23:50:58.856] Output 'Virtual-1' enabled with head(s) Virtual-1
[23:50:58.856] Compositor capabilities:
               arbitrary surface rotation: yes
               screen capture uses y-flip: no
               cursor planes: yes
               arbitrary resolutions: no
               view mask clipping: yes
               explicit sync: no
               color operations: no
               presentation clock: CLOCK_MONOTONIC, id 1
               presentation clock resolution: 0.000001000 s
[23:50:58.868] Loading module '/usr/lib/weston/desktop-shell.so'
[23:50:58.950] launching '/usr/libexec/weston-keyboard'
[23:50:59.039] launching '/usr/libexec/weston-desktop-shell'
