[155:155:0923/075647.293857:VERBOSE1:chrome/app/chrome_crash_reporter_client.cc:199] GetCollectStatsConsent(): is_official_chrome_build is false so returning false
[155:155:0923/075649.380383:VERBOSE1:chrome/app/chrome_crash_reporter_client.cc:199] GetCollectStatsConsent(): is_official_chrome_build is false so returning false
[155:155:0923/075650.205019:VERBOSE1:components/policy/core/common/config_dir_policy_loader.cc:116] Found mandatory policy file: /etc/chromium/policies/managed/kiosk.json
[155:155:0923/075650.248763:VERBOSE1:components/policy/core/common/config_dir_policy_loader.cc:121] Skipping recommended platform policies because no policy file was found at: /etc/chromium/policies/recommended
[155:155:0923/075650.701319:VERBOSE1:components/variations/service/variations_field_trial_creator.cc:80] VariationsSeedUsage:2
[155:155:0923/075650.716786:VERBOSE1:components/variations/service/variations_field_trial_creator.cc:353] VariationsSetupComplete
[155:155:0923/075650.735673:ERROR:ui/ozone/platform/wayland/common/drm_render_node_path_finder.cc:45] drmGetDevices2() has not found any devices: No such file or directory (2)
[155:183:0923/075651.055777:VERBOSE1:base/files/file_util_posix.cc:317] Cannot stat "/root/input32-chromium-profile/VariationsSeedV1": No such file or directory (2)
[155:185:0923/075651.151784:ERROR:dbus/bus.cc:408] Failed to connect to the bus: Failed to connect to socket /run/dbus/system_bus_socket: No such file or directory
[155:155:0923/075651.387718:WARNING:ui/ozone/platform/wayland/ozone_platform_wayland.cc:272] Failed to initialize drm render node handle.
[155:155:0923/075651.453105:WARNING:ui/ozone/platform/wayland/common/wayland_object.cc:119] Binding to wl_shm version 1 but version 2 is available.
[155:155:0923/075655.833466:VERBOSE1:chrome/browser/media/webrtc/webrtc_event_log_manager.cc:122] WebRTC remote-bound event logging enabled.
[155:155:0923/075655.969555:VERBOSE1:components/proxy_config/pref_proxy_config_tracker_impl.cc:199] 0x2400095800: set chrome proxy config service to 0x240007ed80
[155:155:0923/075656.007399:VERBOSE1:google_apis/api_key_cache.cc:99] Using default value "497550622367-ubtkmd3b2pp5gulba5n6ha6sq4n35ehj.apps.googleusercontent.com" for API key GOOGLE_CLIENT_ID_MAIN
[155:155:0923/075656.008772:VERBOSE1:google_apis/api_key_cache.cc:99] Using default value "NaCX8tIIAphrjs56n3TpHx_e" for API key GOOGLE_CLIENT_SECRET_MAIN
[155:155:0923/075656.009991:VERBOSE1:google_apis/api_key_cache.cc:99] Using default value "497550622367-ubtkmd3b2pp5gulba5n6ha6sq4n35ehj.apps.googleusercontent.com" for API key GOOGLE_CLIENT_ID_REMOTING
[155:155:0923/075656.010292:VERBOSE1:google_apis/api_key_cache.cc:99] Using default value "NaCX8tIIAphrjs56n3TpHx_e" for API key GOOGLE_CLIENT_SECRET_REMOTING
[155:155:0923/075656.010514:VERBOSE1:google_apis/api_key_cache.cc:99] Using default value "497550622367-ubtkmd3b2pp5gulba5n6ha6sq4n35ehj.apps.googleusercontent.com" for API key GOOGLE_CLIENT_ID_REMOTING_HOST
[155:155:0923/075656.011768:VERBOSE1:google_apis/api_key_cache.cc:99] Using default value "NaCX8tIIAphrjs56n3TpHx_e" for API key GOOGLE_CLIENT_SECRET_REMOTING_HOST
[155:155:0923/075656.874350:VERBOSE1:components/device_event_log/device_event_log_impl.cc:200] [07:56:56.458] Display: EVENT: wayland_screen.cc:144 Displays updated, count: 1
[155:155:0923/075656.882251:VERBOSE1:components/device_event_log/device_event_log_impl.cc:200] [07:56:56.881] Display: EVENT: wayland_screen.cc:147 Display[16] bounds=[0,0 1280x800], workarea=[0,0 1280x800], scale=1, rotation=0, panel_rotation=0 external detected
[155:185:0923/075657.019202:ERROR:dbus/bus.cc:408] Failed to connect to the bus: Could not parse server address: Unknown address type (examples of valid types are "tcp" and on UNIX "unix")
[155:185:0923/075657.041667:ERROR:dbus/bus.cc:408] Failed to connect to the bus: Failed to connect to socket /run/dbus/system_bus_socket: No such file or directory
[155:185:0923/075657.055768:ERROR:dbus/bus.cc:408] Failed to connect to the bus: Failed to connect to socket /run/dbus/system_bus_socket: No such file or directory
[155:213:0923/075657.107922:VERBOSE1:base/files/file_util_posix.cc:317] Cannot stat "/root/input32-chromium-profile/component_crx_cache/metadata.json": No such file or directory (2)
[155:215:0923/075657.477795:WARNING:ui/ozone/platform/wayland/ozone_platform_wayland.cc:325] Failed to find drm render node path.
[155:215:0923/075657.482879:WARNING:ui/ozone/platform/wayland/gpu/wayland_buffer_manager_gpu.cc:458] Failed to initialize drm render node handle.
Assertion 'r == 0 || r == 95' failed at ../src/pulsecore/mutex-posix.c:57, function pa_mutex_new(). Aborting.
[0923/075657.814657:ERROR:third_party/crashpad/crashpad/util/linux/scoped_ptrace_attach.cc:27] ptrace: Function not implemented (38)
[155:215:0923/075659.623009:VERBOSE1:media/gpu/vaapi/vaapi_wrapper.cc:1585] GetHandle(): Either VADisplayStateSingleton::PreSandboxInitialization() hasn't been called or that method failed to find a suitable render node
[155:215:0923/075659.662752:VERBOSE1:components/viz/service/main/viz_main_impl.cc:86] VizNullHypothesis is disabled (not a warning)
