Date: 2026-09-23 UTC
[07:56:23.038] weston 14.0.2
               https://wayland.freedesktop.org
               Bug reports to: https://gitlab.freedesktop.org/wayland/weston/issues/
               Build: 14.0.2
[07:56:23.043] Command line: weston --backend=drm-backend.so --renderer=pixman --drm-device=card0 --seat=seat0 --idle-time=0 --debug --log=/root/input32-weston.log
[07:56:23.043] OS: Linux, 10.0.0, 10.0.0, aarch64
[07:56:23.043] Flight recorder: enabled
[07:56:23.056] Starting with no config file.
[07:56:23.079] Output repaint window is 7 ms maximum.
[07:56:23.086] Loading module '/usr/lib/libweston-14/drm-backend.so'
[07:56:23.162] initializing drm backend
[07:56:23.165] Trying libseat launcher...
[07:56:23.175] [libseat/libseat.c:62] Seat opened with backend 'seatd'
[07:56:23.176] [libseat/backend/seatd.c:212] Enabling seat
[07:56:23.176] libseat: session control granted
[07:56:23.193] using /dev/dri/card0
[07:56:23.195] DRM: does not support atomic modesetting
[07:56:23.196] DRM: supports GBM modifiers
[07:56:23.196] DRM: does not support Atomic async page flip
[07:56:23.196] DRM: supports picture aspect ratio
[07:56:23.201] Using Pixman renderer
[07:56:23.321] event0  - QEMU Virtio Keyboard: is tagged by udev as: Keyboard
[07:56:23.324] event0  - QEMU Virtio Keyboard: device is a keyboard
[07:56:23.348] event1  - QEMU Virtio Mouse: is tagged by udev as: Mouse
[07:56:23.349] event1  - QEMU Virtio Mouse: device is a pointer
[07:56:23.629] libinput: configuring device "QEMU Virtio Keyboard".
[07:56:23.631] libinput: configuring device "QEMU Virtio Mouse".
[07:56:23.641] DRM: head 'Virtual-1' found, connector 48 is connected, EDID make 'unknown', model 'unknown', serial ''
               Supported EOTF modes: SDR
               Supported colorimetry modes: default
[07:56:23.645] Registered plugin API 'weston_drm_output_api_v1' of size 40
[07:56:23.646] Registered plugin API 'weston_drm_virtual_output_api_v2' of size 48
[07:56:23.649] Color manager: no-op
                 protocol support: no
[07:56:23.665] Output 'Virtual-1' attempts EOTF mode SDR and colorimetry mode default.
[07:56:23.665] Output 'Virtual-1' using color profile: stock sRGB color profile
[07:56:23.694] DRM: output Virtual-1 uses shadow framebuffer.
[07:56:23.695] Output Virtual-1 (crtc 16) video modes:
               current@60.0, current, 70.6 MHz
[07:56:23.698] associating input device event0 with output Virtual-1 (none by udev)
[07:56:23.698] associating input device event1 with output Virtual-1 (none by udev)
[07:56:23.700] Output 'Virtual-1' enabled with head(s) Virtual-1
[07:56:23.700] Compositor capabilities:
               arbitrary surface rotation: yes
               screen capture uses y-flip: no
               cursor planes: yes
               arbitrary resolutions: no
               view mask clipping: yes
               explicit sync: no
               color operations: no
               presentation clock: CLOCK_MONOTONIC, id 1
               presentation clock resolution: 0.000001000 s
[07:56:23.710] Loading module '/usr/lib/weston/desktop-shell.so'
[07:56:23.739] launching '/usr/libexec/weston-keyboard'
[07:56:23.775] launching '/usr/libexec/weston-desktop-shell'
