Wed Sep 23 07:55:38 UTC 2026 ===== A. official page set and unshimmed environment =====
Wed Sep 23 07:55:38 UTC 2026 kernel: Linux 10.0.0 aarch64
Wed Sep 23 07:55:38 UTC 2026 LD_PRELOAD=<unset>
Wed Sep 23 07:55:38 UTC 2026 pages: 831cf28f3748940b450d1da325aa39a2dcaea2fee15b0532bf4111144d176b38  /usr/share/html-test/index.html;58130daa4a2f426fd16b8bde93d964713f20e147da8af1537ab2d8b506d2fd58  /usr/share/html-test/interaction.html;a1b04f9aba81b4b7818be2e7a858d482d471bd0d625dee257f605b2129b8fc4c  /usr/share/html-test/layout.html;
Wed Sep 23 07:55:43 UTC 2026 runtime overlay extraction complete
fddbdf48c58ef774bfefa6ad47882a2803cf0046c83375566ad3f746704bb846  /root/chromium-swiftshader.apk
e015bef72f2950c15b4861d6c22530269d404d499fa7c4611cf4c27d8fed648c  /usr/lib/chromium/libvk_swiftshader.so
c9eef28b6b984fec220ef0abfecc40b502d46946706e47bfe97707027cb818bd  /usr/lib/chromium/vk_swiftshader_icd.json
Wed Sep 23 07:55:44 UTC 2026 [SWIFTSHADER_PAYLOAD] official apk and extracted files present
{"file_format_version": "1.0.0", "ICD": {"library_path": "./libvk_swiftshader.so", "api_version": "1.0.5"}}Wed Sep 23 07:55:44 UTC 2026 ===== B. pathname AF_UNIX SOCK_SEQPACKET control probe =====
[SEQPACKET] socket/bind/listen/connect/accept + one control roundtrip PASS
[SEQPACKET_EXIT] 0 verdict=PATH_SOCKET_OK
Wed Sep 23 07:55:44 UTC 2026 [SEQPACKETPROBE_EXIT] rc=0
Wed Sep 23 07:55:45 UTC 2026 ===== B2. AF_UNIX automatic SO_PASSCRED probe =====
[PASSCRED] received pid=27 uid=0 gid=0 expected_pid=27
[PASSCRED_EXIT] 0 verdict=AUTO_CREDENTIALS_OK
Wed Sep 23 07:55:45 UTC 2026 [PASSCREDPROBE_EXIT] rc=0
Wed Sep 23 07:55:45 UTC 2026 ===== C. standard eudev service and coldplug =====
Wed Sep 23 07:55:46 UTC 2026 udevd_foreground_pid=34 alive=yes
starting version 3.2.14
 does not exist, please run udevadm hwdb --update
Load module index
timestamp of '/etc/udev/rules.d' changed
Reading rules file: /usr/lib/udev/rules.d/50-udev-default.rules
Reading rules file: /usr/lib/udev/rules.d/60-autosuspend.rules
Reading rules file: /usr/lib/udev/rules.d/60-block.rules
Reading rules file: /usr/lib/udev/rules.d/60-cdrom_id.rules
Reading rules file: /usr/lib/udev/rules.d/60-drm.rules
Reading rules file: /usr/lib/udev/rules.d/60-evdev.rules
Reading rules file: /usr/lib/udev/rules.d/60-fido-id.rules
Reading rules file: /usr/lib/udev/rules.d/60-input-id.rules
Reading rules file: /usr/lib/udev/rules.d/60-persistent-alsa.rules
Reading rules file: /usr/lib/udev/rules.d/60-persistent-input.rules
Reading rules file: /usr/lib/udev/rules.d/60-persistent-storage-tape.rules
Reading rules file: /usr/lib/udev/rules.d/60-persistent-storage.rules
Reading rules file: /usr/lib/udev/rules.d/60-persistent-v4l.rules
Reading rules file: /usr/lib/udev/rules.d/60-sensor.rules
Reading rules file: /usr/lib/udev/rules.d/60-serial.rules
Reading rules file: /usr/lib/udev/rules.d/64-btrfs.rules
Reading rules file: /usr/lib/udev/rules.d/70-camera.rules
Reading rules file: /usr/lib/udev/rules.d/70-joystick.rules
Reading rules file: /usr/lib/udev/rules.d/70-memory.rules
Reading rules file: /usr/lib/udev/rules.d/70-mouse.rules
Reading rules file: /usr/lib/udev/rules.d/70-touchpad.rules
Reading rules file: /usr/lib/udev/rules.d/75-net-description.rules
Reading rules file: /usr/lib/udev/rules.d/75-probe_mtd.rules
Reading rules file: /usr/lib/udev/rules.d/78-sound-card.rules
Reading rules file: /usr/lib/udev/rules.d/80-drivers.rules
Reading rules file: /usr/lib/udev/rules.d/81-net-dhcp.rules
Reading rules file: /etc/udev/rules.d/99-xkernel-seat0.rules
rules contain 24576 bytes tokens (2048 * 12 bytes), 9963 bytes strings
1280 strings (16955 bytes), 808 de-duplicated (7465 bytes), 473 trie nodes used
set children_max to 16
Wed Sep 23 07:55:47 UTC 2026 udevd_start_pid=34
Wed Sep 23 07:55:48 UTC 2026 ===== probe kernel KOBJECT_UEVENT delivery to NETLINK group 1 =====
[UEVENT_PROBE] write action=add rc=4 errno=0
[UEVENT_PROBE] poll(15s) rc=0 errno=0 (No error information)
Wed Sep 23 07:56:03 UTC 2026 [UEVENTPROBE_EXIT] rc=6
Wed Sep 23 07:56:04 UTC 2026 udevadm_trigger_rc=0
Wed Sep 23 07:56:13 UTC 2026 udevadm_settle_rc=1
Wed Sep 23 07:56:13 UTC 2026 udevd processes:
   34 root      0:00 udevd --debug
   62 root      0:00 udevd --debug
   63 root      0:00 udevd --debug
Wed Sep 23 07:56:14 UTC 2026 udevd debug tail:
Reading rules file: /usr/lib/udev/rules.d/60-fido-id.rules
Reading rules file: /usr/lib/udev/rules.d/60-input-id.rules
Reading rules file: /usr/lib/udev/rules.d/60-persistent-alsa.rules
Reading rules file: /usr/lib/udev/rules.d/60-persistent-input.rules
Reading rules file: /usr/lib/udev/rules.d/60-persistent-storage-tape.rules
Reading rules file: /usr/lib/udev/rules.d/60-persistent-storage.rules
Reading rules file: /usr/lib/udev/rules.d/60-persistent-v4l.rules
Reading rules file: /usr/lib/udev/rules.d/60-sensor.rules
Reading rules file: /usr/lib/udev/rules.d/60-serial.rules
Reading rules file: /usr/lib/udev/rules.d/64-btrfs.rules
Reading rules file: /usr/lib/udev/rules.d/70-camera.rules
Reading rules file: /usr/lib/udev/rules.d/70-joystick.rules
Reading rules file: /usr/lib/udev/rules.d/70-memory.rules
Reading rules file: /usr/lib/udev/rules.d/70-mouse.rules
Reading rules file: /usr/lib/udev/rules.d/70-touchpad.rules
Reading rules file: /usr/lib/udev/rules.d/75-net-description.rules
Reading rules file: /usr/lib/udev/rules.d/75-probe_mtd.rules
Reading rules file: /usr/lib/udev/rules.d/78-sound-card.rules
Reading rules file: /usr/lib/udev/rules.d/80-drivers.rules
Reading rules file: /usr/lib/udev/rules.d/81-net-dhcp.rules
Reading rules file: /etc/udev/rules.d/99-xkernel-seat0.rules
rules contain 24576 bytes tokens (2048 * 12 bytes), 9963 bytes strings
1280 strings (16955 bytes), 808 de-duplicated (7465 bytes), 473 trie nodes used
seq 1 forked new worker [62]
seq 1 running
seq 2 queued, 'add' 'input'
no db file to read /run/udev/data/c13:64: No such file or directory
GROUP 23 /usr/lib/udev/rules.d/50-udev-default.rules:29
IMPORT builtin 'hwdb' /usr/lib/udev/rules.d/60-evdev.rules:8
IMPORT builtin 'hwdb' returned non-zero
seq 2 forked new worker [63]
seq 2 running
IMPORT builtin 'hwdb' /usr/lib/udev/rules.d/60-evdev.rules:18
IMPORT builtin 'hwdb' returned non-zero
IMPORT builtin 'hwdb' /usr/lib/udev/rules.d/60-evdev.rules:23
IMPORT builtin 'hwdb' returned non-zero
IMPORT builtin 'input_id' /usr/lib/udev/rules.d/60-input-id.rules:5
capabilities/ev raw kernel attribute: 20003
capabilities/abs raw kernel attribute: 
capabilities/rel raw kernel attribute: 
no db file to read /run/udev/data/c13:65: No such file or directory
capabilities/key raw kernel attribute: 400000007 ff803078f800dfff febeffff7bcfffff fffffffffffffffe
properties raw kernel attribute: 0
test_key: checking bit block 0 for any keys; found=1
test_key: checking bit block 64 for any keys; found=1
test_key: checking bit block 128 for any keys; found=1
test_key: checking bit block 192 for any keys; found=1
GROUP 23 /usr/lib/udev/rules.d/50-udev-default.rules:29
IMPORT builtin 'hwdb' /usr/lib/udev/rules.d/60-evdev.rules:8
IMPORT builtin 'hwdb' returned non-zero
IMPORT builtin 'hwdb' /usr/lib/udev/rules.d/60-input-id.rules:6
IMPORT builtin 'hwdb' returned non-zero
IMPORT builtin 'path_id' /usr/lib/udev/rules.d/60-persistent-input.rules:35
LINK 'input/by-path/pci-0000:00:05.0-event-kbd' /usr/lib/udev/rules.d/60-persistent-input.rules:37
handling device node '/dev/input/event0', devnum=c13:64, mode=0660, uid=0, gid=23
set permissions /dev/input/event0, 020660, uid=0, gid=23
creating symlink '/dev/char/13:64' to '../input/event0'
atomically replace '/dev/char/13:64'
symlink '../input/event0' '/dev/char/13:64.tmp-c13:64' failed: Operation not permitted
creating link '/dev/input/by-path/pci-0000:00:05.0-event-kbd' to '/dev/input/event0'
IMPORT builtin 'hwdb' /usr/lib/udev/rules.d/60-evdev.rules:18
IMPORT builtin 'hwdb' returned non-zero
creating symlink '/dev/input/by-path/pci-0000:00:05.0-event-kbd' to '../event0'
IMPORT builtin 'hwdb' /usr/lib/udev/rules.d/60-evdev.rules:23
IMPORT builtin 'hwdb' returned non-zero
IMPORT builtin 'input_id' /usr/lib/udev/rules.d/60-input-id.rules:5
atomically replace '/dev/input/by-path/pci-0000:00:05.0-event-kbd'
capabilities/ev raw kernel attribute: 7
symlink '../event0' '/dev/input/by-path/pci-0000:00:05.0-event-kbd.tmp-c13:64' failed: Operation not permitted
capabilities/abs raw kernel attribute: 
capabilities/rel raw kernel attribute: 103
capabilities/key raw kernel attribute: 30400 00000000001f0000 0000000000000000 0000000000000000 0000000000000000 0000000000000000
properties raw kernel attribute: 0
test_key: checking bit block 0 for any keys; found=0
test_key: checking bit block 64 for any keys; found=0
test_key: checking bit block 128 for any keys; found=0
test_key: checking bit block 192 for any keys; found=0
IMPORT builtin 'hwdb' /usr/lib/udev/rules.d/60-input-id.rules:6
IMPORT builtin 'hwdb' returned non-zero
IMPORT builtin 'path_id' /usr/lib/udev/rules.d/60-persistent-input.rules:35
LINK 'input/by-path/pci-0000:00:06.0-event-mouse' /usr/lib/udev/rules.d/60-persistent-input.rules:37
handling device node '/dev/input/event1', devnum=c13:65, mode=0660, uid=0, gid=23
set permissions /dev/input/event1, 020660, uid=0, gid=23
creating symlink '/dev/char/13:65' to '../input/event1'
atomically replace '/dev/char/13:65'
symlink '../input/event1' '/dev/char/13:65.tmp-c13:65' failed: Operation not permitted
creating link '/dev/input/by-path/pci-0000:00:06.0-event-mouse' to '/dev/input/event1'
creating symlink '/dev/input/by-path/pci-0000:00:06.0-event-mouse' to '../event1'
atomically replace '/dev/input/by-path/pci-0000:00:06.0-event-mouse'
created db file '/run/udev/data/c13:64' for '/devices/pci0000:00/0000:00:05.0/input/input0/event0'
symlink '../event1' '/dev/input/by-path/pci-0000:00:06.0-event-mouse.tmp-c13:65' failed: Operation not permitted
passed 587 byte device to netlink monitor 0xc3080
seq 1 processed
created db file '/run/udev/data/c13:65' for '/devices/pci0000:00/0000:00:06.0/input/input1/event1'
passed 596 byte device to netlink monitor 0xc080
seq 2 processed
no sender credentials received, message ignored
Validate module index
Validate module index
Validate module index
[UDEVINIT] stat path=/dev/input/event0 rc=0 mode=020660 rdev=13:64
[UDEVINIT] by-name want=event0 sysname=event0 init=1 devnode=/dev/input/event0 devnum=13:64 syspath=/sys/devices/pci0000:00/0000:00:05.0/input/input0/event0 ID_INPUT=1 ID_SEAT=seat0
[UDEVINIT] by-devnum want=event0 sysname=event0 init=1 devnode=/dev/input/event0 devnum=13:64 syspath=/sys/devices/pci0000:00/0000:00:05.0/input/input0/event0 ID_INPUT=1 ID_SEAT=seat0
[UDEVINIT] stat path=/dev/input/event1 rc=0 mode=020660 rdev=13:65
[UDEVINIT] by-name want=event1 sysname=event1 init=1 devnode=/dev/input/event1 devnum=13:65 syspath=/sys/devices/pci0000:00/0000:00:06.0/input/input1/event1 ID_INPUT=1 ID_SEAT=seat0
[UDEVINIT] by-devnum want=event1 sysname=event1 init=1 devnode=/dev/input/event1 devnum=13:65 syspath=/sys/devices/pci0000:00/0000:00:06.0/input/input1/event1 ID_INPUT=1 ID_SEAT=seat0
[UDEVINIT_EXIT] done
Wed Sep 23 07:56:14 UTC 2026 [UDEVINITPROBE_EXIT] rc=0
[STATPROBE] path=/dev/input/event0 mode=020660 rdev=13:64
[STATPROBE] attr=/sys/class/input/event0/dev value=13:64
[STATPROBE] path=/dev/input/event1 mode=020660 rdev=13:65
[STATPROBE] attr=/sys/class/input/event1/dev value=13:65
[STATPROBE_EXIT] done
Wed Sep 23 07:56:15 UTC 2026 [STATPROBE_EXIT] rc=0
Wed Sep 23 07:56:15 UTC 2026 sysfs dev/char links:
Wed Sep 23 07:56:15 UTC 2026 /sys/dev/char/13:64 -> ../../devices/pci0000:00/0000:00:05.0/input/input0/event0 dev=13:64
Wed Sep 23 07:56:15 UTC 2026 /sys/dev/char/13:65 -> ../../devices/pci0000:00/0000:00:06.0/input/input1/event1 dev=13:65
Wed Sep 23 07:56:16 UTC 2026 c13:64: S:input/by-path/pci-0000:00:05.0-event-kbd;I:27147341;E:ID_INPUT=1;E:ID_INPUT_KEY=1;E:ID_INPUT_KEYBOARD=1;E:ID_PATH=pci-0000:00:05.0;E:ID_PATH_TAG=pci-0000_00_05_0;E:ID_SEAT=seat0;E:ID_SERIAL=noserial;G:seat;
Wed Sep 23 07:56:16 UTC 2026 c13:65: S:input/by-path/pci-0000:00:06.0-event-mouse;I:27181780;E:ID_INPUT=1;E:ID_INPUT_MOUSE=1;E:ID_PATH=pci-0000:00:06.0;E:ID_PATH_TAG=pci-0000_00_06_0;E:ID_SEAT=seat0;E:ID_SERIAL=noserial;G:seat;
Wed Sep 23 07:56:16 UTC 2026 sysfs class/input entries:
total 0
drwxr-xr-x    4 root     root             0 Jan  1  1970 .
drwxr-xr-x    5 root     root             0 Jan  1  1970 ..
drwxr-xr-x    2 root     root             0 Jan  1  1970 event0
drwxr-xr-x    2 root     root             0 Jan  1  1970 event1
lrwxrwxrwx    1 root     root            50 Jan  1  1970 input0 -> ../../devices/pci0000:00/0000:00:05.0/input/input0
lrwxrwxrwx    1 root     root            50 Jan  1  1970 input1 -> ../../devices/pci0000:00/0000:00:06.0/input/input1
Wed Sep 23 07:56:16 UTC 2026 sysfs bus/input devices:
total 0
drwxr-xr-x    2 root     root             0 Jan  1  1970 .
drwxr-xr-x    4 root     root             0 Jan  1  1970 ..
lrwxrwxrwx    1 root     root            60 Jan  1  1970 event0 -> ../../../devices/pci0000:00/0000:00:05.0/input/input0/event0
lrwxrwxrwx    1 root     root            60 Jan  1  1970 event1 -> ../../../devices/pci0000:00/0000:00:06.0/input/input1/event1
lrwxrwxrwx    1 root     root            53 Jan  1  1970 input0 -> ../../../devices/pci0000:00/0000:00:05.0/input/input0
lrwxrwxrwx    1 root     root            53 Jan  1  1970 input1 -> ../../../devices/pci0000:00/0000:00:06.0/input/input1
Wed Sep 23 07:56:16 UTC 2026 subsystem/input -> ../bus/input
Wed Sep 23 07:56:17 UTC 2026 ===== D. libudev input enumeration =====
==== inputudevprobe: guest libudev input coldplug view ====
[INPUT_UDEV] enumerate input subsystem match_rc=0 scan_rc=0
[INPUT_UDEV] by-name sysname=event0 devnode=/dev/input/event0 devnum=13:64 ID_INPUT=1 ID_SEAT=seat0 KEYBOARD=1 MOUSE=(null)
[INPUT_UDEV] by-name sysname=event1 devnode=/dev/input/event1 devnum=13:65 ID_INPUT=1 ID_SEAT=seat0 KEYBOARD=(null) MOUSE=1
[INPUT_UDEV] list syspath=/sys/devices/pci0000:00/0000:00:05.0/input/input0 sysname=input0
[INPUT_UDEV] list syspath=/sys/devices/pci0000:00/0000:00:05.0/input/input0 sysname=input0
[INPUT_UDEV] list syspath=/sys/devices/pci0000:00/0000:00:05.0/input/input0/event0 sysname=event0
[INPUT_UDEV] list syspath=/sys/devices/pci0000:00/0000:00:05.0/input/input0/event0 sysname=event0
[INPUT_UDEV] sysname=event0 syspath=/sys/devices/pci0000:00/0000:00:05.0/input/input0/event0 devnode=/dev/input/event0 devnum=13:64 ID_INPUT=1 KEYBOARD=1 MOUSE=(null)
[INPUT_UDEV] list syspath=/sys/devices/pci0000:00/0000:00:06.0/input/input1 sysname=input1
[INPUT_UDEV] list syspath=/sys/devices/pci0000:00/0000:00:06.0/input/input1 sysname=input1
[INPUT_UDEV] list syspath=/sys/devices/pci0000:00/0000:00:06.0/input/input1/event1 sysname=event1
[INPUT_UDEV] list syspath=/sys/devices/pci0000:00/0000:00:06.0/input/input1/event1 sysname=event1
[INPUT_UDEV] sysname=event1 syspath=/sys/devices/pci0000:00/0000:00:06.0/input/input1/event1 devnode=/dev/input/event1 devnum=13:65 ID_INPUT=1 KEYBOARD=(null) MOUSE=1
[INPUT_UDEV] by_name_count=2 event_count=2
[INPUT_UDEV_EXIT] 0 verdict=INPUT_UDEV_OK
Wed Sep 23 07:56:18 UTC 2026 [INPUT_UDEVPROBE_EXIT] rc=0
Wed Sep 23 07:56:18 UTC 2026 ===== E. actual evdev node capabilities =====
total 0
crw-rw----    1 root     input      13,  64 Sep 23 07:56 event0
crw-rw----    1 root     input      13,  65 Sep 23 07:56 event1
=== evprobe: evdev 输入设备枚举 ===
[EV] /dev/input/event0
[EV]   EVIOCGNAME  rc=21 name="QEMU Virtio Keyboard"
[EV]   EVIOCGID    bustype=BUS_VIRTUAL(0x0006) vendor=0x0627 product=0x0001 version=0x0001
[EV]   EV  types:  SYN=0 KEY=1 REL=0 ABS=0 MSC=0 SW=0 REP=0
[EV]   key bits:  BTN_LEFT=0 BTN_RIGHT=0 BTN_MIDDLE=0 BTN_TOUCH=0 KEY_A=1 KEY_Z=1 KEY_SPACE=1
[EVSUM] node=/dev/input/event0 minor=1 class=KEYBOARD (rel=0 abs=0 btn=0 kbdkeys=1)
[EV] /dev/input/event1
[EV]   EVIOCGNAME  rc=18 name="QEMU Virtio Mouse"
[EV]   EVIOCGID    bustype=BUS_VIRTUAL(0x0006) vendor=0x0627 product=0x0002 version=0x0002
[EV]   EV  types:  SYN=0 KEY=1 REL=1 ABS=0 MSC=0 SW=0 REP=0
[EV]   key bits:  BTN_LEFT=1 BTN_RIGHT=1 BTN_MIDDLE=1 BTN_TOUCH=1 KEY_A=0 KEY_Z=0 KEY_SPACE=0
[EVSUM] node=/dev/input/event1 minor=2 class=MOUSE (rel=1 abs=0 btn=1 kbdkeys=0)
[EV] /dev/input/event2 open -> -1 errno=2 (No such file or directory)
[EV] /dev/input/event3 open -> -1 errno=2 (No such file or directory)
[EV] /dev/input/event4 open -> -1 errno=2 (No such file or directory)
[EV] /dev/input/event5 open -> -1 errno=2 (No such file or directory)
[EV] /dev/input/event6 open -> -1 errno=2 (No such file or directory)
[EV] /dev/input/event7 open -> -1 errno=2 (No such file or directory)
[EV] /dev/input/event8 open -> -1 errno=2 (No such file or directory)
[EV] /dev/input/event9 open -> -1 errno=2 (No such file or directory)
[EV] /dev/input/event10 open -> -1 errno=2 (No such file or directory)
[EV] /dev/input/event11 open -> -1 errno=2 (No such file or directory)
[EV] /dev/input/event12 open -> -1 errno=2 (No such file or directory)
[EV] /dev/input/event13 open -> -1 errno=2 (No such file or directory)
[EV] /dev/input/event14 open -> -1 errno=2 (No such file or directory)
[EV] /dev/input/event15 open -> -1 errno=2 (No such file or directory)

[EV] 共找到 2 个 evdev 节点
[EVMAP] 建议的 udev 伪造（可用次设备号）：keyboard=c13:1  pointer=c13:2
Wed Sep 23 07:56:20 UTC 2026 [EVPROBE_EXIT] rc=0
Wed Sep 23 07:56:20 UTC 2026 ===== F. Weston DRM + libinput; input is required =====
00:00:00.010 [INFO] [libseat/libseat.c:73] Seat opened with backend 'seatd'
[SEATPROBE] device_id=1 fd=4 id_rc=0 name_rc=21 name=QEMU Virtio Keyboard dev=0006:0001
[SEATPROBE] close_device rc=0 errno=11 (Resource temporarily unavailable)
00:00:00.026 [INFO] [libseat/backend/seatd.c:212] Enabling seat
[SEATPROBE] seat enabled
[SEATPROBE] close_seat rc=0 errno=11 (Resource temporarily unavailable)
[SEATPROBE_EXIT] 0 verdict=LIBSEAT_DEVICE_FD_OK
Wed Sep 23 07:56:21 UTC 2026 [SEATPROBE_EXIT] rc=0
[LIBINPUT_PROBE] open_restricted path=/dev/input/event0 flags=0x80802 fd=5 errno=2 (No such file or directory)
libinput info: event0  - QEMU Virtio Keyboard: is tagged by udev as: Keyboard
libinput info: event0  - QEMU Virtio Keyboard: device is a keyboard
[LIBINPUT_PROBE] add_device path=/dev/input/event0 result=ok errno=2 (No such file or directory)
libinput info: event0  - QEMU Virtio Keyboard: device removed
[LIBINPUT_PROBE] close_restricted fd=5 rc=0 errno=2 (No such file or directory)
[LIBINPUT_PROBE] open_restricted path=/dev/input/event1 flags=0x80802 fd=5 errno=0 (No error information)
libinput info: event1  - QEMU Virtio Mouse: is tagged by udev as: Mouse
libinput info: event1  - QEMU Virtio Mouse: device is a pointer
[LIBINPUT_PROBE] add_device path=/dev/input/event1 result=ok errno=2 (No such file or directory)
libinput info: event1  - QEMU Virtio Mouse: device removed
[LIBINPUT_PROBE] close_restricted fd=5 rc=0 errno=2 (No such file or directory)
[LIBINPUT_PROBE_EXIT] 0 devices_added=2 verdict=LIBINPUT_OK
Wed Sep 23 07:56:22 UTC 2026 [LIBINPUTPROBE_EXIT] rc=0
Wed Sep 23 07:56:33 UTC 2026 weston_alive=yes socket=[/run/user/0/wayland-1]
[07:56:23.043] Command line: weston --backend=drm-backend.so --renderer=pixman --drm-device=card0 --seat=seat0 --idle-time=0 --debug --log=/root/input32-weston.log
[07:56:23.193] using /dev/dri/card0
[07:56:23.629] libinput: configuring device "QEMU Virtio Keyboard".
[07:56:23.631] libinput: configuring device "QEMU Virtio Mouse".
[07:56:23.694] DRM: output Virtual-1 uses shadow framebuffer.
[07:56:23.698] associating input device event0 with output Virtual-1 (none by udev)
[07:56:23.698] associating input device event1 with output Virtual-1 (none by udev)
[07:56:23.700] Output 'Virtual-1' enabled with head(s) Virtual-1
Wed Sep 23 07:56:33 UTC 2026 ===== G. Chromium normal renderer mode =====
Wed Sep 23 07:56:33 UTC 2026 chromium pid=155
Wed Sep 23 07:56:34 UTC 2026 chromium_alive elapsed=0s
Wed Sep 23 07:56:35 UTC 2026 PROC pid=155 cmd=/usr/lib/chromium/chromium --ozone-platform=wayland --use-gl=angle --use-angle=swiftshader --in-process-gpu --no-zygote --single-process --no-sandbox --disable-dev-shm-usage --disable-crash-reporter --disable-breakpad --no-first-run --no-default-browser-check --disable-sync --window-size=1280,800 --start-fullscreen --kiosk --disable-features=SegmentationPlatform,OptimizationGuideModelDownloading,OptimizationHints,WebAppProvider,InterestFeedContentSuggestions --enable-logging=stderr --v=1 --vmodule=*wayland*=2,*ozone*=2,*navigation*=2,*render_process*=2 --user-data-dir=/root/input32-chromium-profile file:///usr/share/html-test/index.html 
Wed Sep 23 07:56:51 UTC 2026 chromium_alive elapsed=15s
Wed Sep 23 07:56:52 UTC 2026 PROC pid=155 cmd=/usr/lib/chromium/chromium --ozone-platform=wayland --use-gl=angle --use-angle=swiftshader --in-process-gpu --no-zygote --single-process --no-sandbox --disable-dev-shm-usage --disable-crash-reporter --disable-breakpad --no-first-run --no-default-browser-check --disable-sync --window-size=1280,800 --start-fullscreen --kiosk --disable-features=SegmentationPlatform,OptimizationGuideModelDownloading,OptimizationHints,WebAppProvider,InterestFeedContentSuggestions --enable-logging=stderr --v=1 --vmodule=*wayland*=2,*ozone*=2,*navigation*=2,*render_process*=2 --user-data-dir=/root/input32-chromium-profile file:///usr/share/html-test/index.html 
Wed Sep 23 07:57:27 UTC 2026 [INPUT32_CHROMIUM_EXIT] wait_rc=134
Wed Sep 23 07:57:28 UTC 2026 [CHROMIUM_LOG_TAIL_BEGIN]
[155:155:0923/075647.293857:VERBOSE1:chrome/app/chrome_crash_reporter_client.cc:199] GetCollectStatsConsent(): is_official_chrome_build is false so returning false
[155:155:0923/075649.380383:VERBOSE1:chrome/app/chrome_crash_reporter_client.cc:199] GetCollectStatsConsent(): is_official_chrome_build is false so returning false
[155:155:0923/075650.205019:VERBOSE1:components/policy/core/common/config_dir_policy_loader.cc:116] Found mandatory policy file: /etc/chromium/policies/managed/kiosk.json
[155:155:0923/075650.248763:VERBOSE1:components/policy/core/common/config_dir_policy_loader.cc:121] Skipping recommended platform policies because no policy file was found at: /etc/chromium/policies/recommended
[155:155:0923/075650.701319:VERBOSE1:components/variations/service/variations_field_trial_creator.cc:80] VariationsSeedUsage:2
[155:155:0923/075650.716786:VERBOSE1:components/variations/service/variations_field_trial_creator.cc:353] VariationsSetupComplete
[155:155:0923/075650.735673:ERROR:ui/ozone/platform/wayland/common/drm_render_node_path_finder.cc:45] drmGetDevices2() has not found any devices: No such file or directory (2)
[155:183:0923/075651.055777:VERBOSE1:base/files/file_util_posix.cc:317] Cannot stat "/root/input32-chromium-profile/VariationsSeedV1": No such file or directory (2)
[155:185:0923/075651.151784:ERROR:dbus/bus.cc:408] Failed to connect to the bus: Failed to connect to socket /run/dbus/system_bus_socket: No such file or directory
[155:155:0923/075651.387718:WARNING:ui/ozone/platform/wayland/ozone_platform_wayland.cc:272] Failed to initialize drm render node handle.
[155:155:0923/075651.453105:WARNING:ui/ozone/platform/wayland/common/wayland_object.cc:119] Binding to wl_shm version 1 but version 2 is available.
[155:155:0923/075655.833466:VERBOSE1:chrome/browser/media/webrtc/webrtc_event_log_manager.cc:122] WebRTC remote-bound event logging enabled.
[155:155:0923/075655.969555:VERBOSE1:components/proxy_config/pref_proxy_config_tracker_impl.cc:199] 0x2400095800: set chrome proxy config service to 0x240007ed80
[155:155:0923/075656.007399:VERBOSE1:google_apis/api_key_cache.cc:99] Using default value "497550622367-ubtkmd3b2pp5gulba5n6ha6sq4n35ehj.apps.googleusercontent.com" for API key GOOGLE_CLIENT_ID_MAIN
[155:155:0923/075656.008772:VERBOSE1:google_apis/api_key_cache.cc:99] Using default value "NaCX8tIIAphrjs56n3TpHx_e" for API key GOOGLE_CLIENT_SECRET_MAIN
[155:155:0923/075656.009991:VERBOSE1:google_apis/api_key_cache.cc:99] Using default value "497550622367-ubtkmd3b2pp5gulba5n6ha6sq4n35ehj.apps.googleusercontent.com" for API key GOOGLE_CLIENT_ID_REMOTING
[155:155:0923/075656.010292:VERBOSE1:google_apis/api_key_cache.cc:99] Using default value "NaCX8tIIAphrjs56n3TpHx_e" for API key GOOGLE_CLIENT_SECRET_REMOTING
[155:155:0923/075656.010514:VERBOSE1:google_apis/api_key_cache.cc:99] Using default value "497550622367-ubtkmd3b2pp5gulba5n6ha6sq4n35ehj.apps.googleusercontent.com" for API key GOOGLE_CLIENT_ID_REMOTING_HOST
[155:155:0923/075656.011768:VERBOSE1:google_apis/api_key_cache.cc:99] Using default value "NaCX8tIIAphrjs56n3TpHx_e" for API key GOOGLE_CLIENT_SECRET_REMOTING_HOST
[155:155:0923/075656.874350:VERBOSE1:components/device_event_log/device_event_log_impl.cc:200] [07:56:56.458] Display: EVENT: wayland_screen.cc:144 Displays updated, count: 1
[155:155:0923/075656.882251:VERBOSE1:components/device_event_log/device_event_log_impl.cc:200] [07:56:56.881] Display: EVENT: wayland_screen.cc:147 Display[16] bounds=[0,0 1280x800], workarea=[0,0 1280x800], scale=1, rotation=0, panel_rotation=0 external detected
[155:185:0923/075657.019202:ERROR:dbus/bus.cc:408] Failed to connect to the bus: Could not parse server address: Unknown address type (examples of valid types are "tcp" and on UNIX "unix")
[155:185:0923/075657.041667:ERROR:dbus/bus.cc:408] Failed to connect to the bus: Failed to connect to socket /run/dbus/system_bus_socket: No such file or directory
[155:185:0923/075657.055768:ERROR:dbus/bus.cc:408] Failed to connect to the bus: Failed to connect to socket /run/dbus/system_bus_socket: No such file or directory
[155:213:0923/075657.107922:VERBOSE1:base/files/file_util_posix.cc:317] Cannot stat "/root/input32-chromium-profile/component_crx_cache/metadata.json": No such file or directory (2)
[155:215:0923/075657.477795:WARNING:ui/ozone/platform/wayland/ozone_platform_wayland.cc:325] Failed to find drm render node path.
[155:215:0923/075657.482879:WARNING:ui/ozone/platform/wayland/gpu/wayland_buffer_manager_gpu.cc:458] Failed to initialize drm render node handle.
Assertion 'r == 0 || r == 95' failed at ../src/pulsecore/mutex-posix.c:57, function pa_mutex_new(). Aborting.
[0923/075657.814657:ERROR:third_party/crashpad/crashpad/util/linux/scoped_ptrace_attach.cc:27] ptrace: Function not implemented (38)
[155:215:0923/075659.623009:VERBOSE1:media/gpu/vaapi/vaapi_wrapper.cc:1585] GetHandle(): Either VADisplayStateSingleton::PreSandboxInitialization() hasn't been called or that method failed to find a suitable render node
[155:215:0923/075659.662752:VERBOSE1:components/viz/service/main/viz_main_impl.cc:86] VizNullHypothesis is disabled (not a warning)
Wed Sep 23 07:57:28 UTC 2026 [CHROMIUM_LOG_TAIL_END]
  175 root      0:00 /usr/lib/chromium/chrome_crashpad_handler --monitor-self --monitor-self-annotation=ptype=crashpad-handler --database=/root/.config/chromium/Crash Reports --annotation=lsb-release=Alpine Linux v3.22 --annotation=plat=Linux --annotation=prod=Chrome_Linux --annotation=ver=142.0.7444.59 --initial-client-fd=5 --shared-client-connection
  177 root      0:00 /usr/lib/chromium/chrome_crashpad_handler --no-periodic-tasks --monitor-self-annotation=ptype=crashpad-handler --database=/root/.config/chromium/Crash Reports --annotation=lsb-release=Alpine Linux v3.22 --annotation=plat=Linux --annotation=prod=Chrome_Linux --annotation=ver=142.0.7444.59 --initial-client-fd=4 --shared-client-connection
Wed Sep 23 07:57:48 UTC 2026 ===== H. Chromium headless page/render diagnostic =====
Wed Sep 23 07:58:20 UTC 2026 [INPUT32_HEADLESS_EXIT] rc=134
Wed Sep 23 07:58:20 UTC 2026 [HEADLESS_SCREENSHOT_MISSING] /root/input32-headless.png
[248:267:0923/075757.764148:ERROR:dbus/bus.cc:408] Failed to connect to the bus: Failed to connect to socket /run/dbus/system_bus_socket: No such file or directory
[248:267:0923/075758.934593:ERROR:dbus/bus.cc:408] Failed to connect to the bus: Could not parse server address: Unknown address type (examples of valid types are "tcp" and on UNIX "unix")
[248:267:0923/075759.001696:ERROR:dbus/bus.cc:408] Failed to connect to the bus: Failed to connect to socket /run/dbus/system_bus_socket: No such file or directory
[248:267:0923/075759.019086:ERROR:dbus/bus.cc:408] Failed to connect to the bus: Failed to connect to socket /run/dbus/system_bus_socket: No such file or directory
Assertion 'r == 0 || r == 95' failed at ../src/pulsecore/mutex-posix.c:57, function pa_mutex_new(). Aborting.
[0923/075759.355834:ERROR:third_party/crashpad/crashpad/util/linux/scoped_ptrace_attach.cc:27] ptrace: Function not implemented (38)
Wed Sep 23 07:58:21 UTC 2026 [INPUT32_SUM] socket=/run/user/0/wayland-1
