Date: 2026-09-23 UTC
[03:42:00.240] weston 14.0.2
               https://wayland.freedesktop.org
               Bug reports to: https://gitlab.freedesktop.org/wayland/weston/issues/
               Build: 14.0.2
[03:42:00.244] Command line: weston --backend=drm-backend.so --renderer=pixman --drm-device=card0 --seat=seat0 --idle-time=0 --debug --log=/root/input7-weston.log
[03:42:00.245] OS: Linux, 10.0.0, 10.0.0, aarch64
[03:42:00.245] Flight recorder: enabled
[03:42:00.260] Starting with no config file.
[03:42:00.284] Output repaint window is 7 ms maximum.
[03:42:00.291] Loading module '/usr/lib/libweston-14/drm-backend.so'
[03:42:00.390] initializing drm backend
[03:42:00.394] Trying libseat launcher...
[03:42:00.418] [libseat/libseat.c:62] Seat opened with backend 'seatd'
[03:42:00.418] [libseat/backend/seatd.c:212] Enabling seat
[03:42:00.419] libseat: session control granted
[03:42:00.437] using /dev/dri/card0
[03:42:00.440] DRM: does not support atomic modesetting
[03:42:00.440] DRM: supports GBM modifiers
[03:42:00.440] DRM: does not support Atomic async page flip
[03:42:00.440] DRM: supports picture aspect ratio
[03:42:00.445] Using Pixman renderer
[03:42:00.627] warning: no input devices on entering Weston. Possible causes:
	- no permissions to read /dev/input/event*
	- seats misconfigured (Weston backend option 'seat', udev device property ID_SEAT)
[03:42:00.627] failed to create input devices
[03:42:00.633] fatal: failed to create compositor backend
