[    10.573] 
X.Org X Server 1.21.1.19
X Protocol Version 11, Revision 0
[    10.582] Current Operating System: Linux kylin-x 10.0.0 10.0.0 aarch64
[    10.583] Kernel command line: 
[    10.584]  
[    10.587] Current version of pixman: 0.46.4
[    10.587] 	Before reporting problems, check http://wiki.x.org
	to make sure that you have the latest version.
[    10.588] Markers: (--) probed, (**) from config file, (==) default setting,
	(++) from command line, (!!) notice, (II) informational,
	(WW) warning, (EE) error, (NI) not implemented, (??) unknown.
[    10.594] (++) Log file: "/root/xorg.log", Time: Tue Sep 22 11:02:47 2026
[    10.620] (==) Using system config directory "/usr/share/X11/xorg.conf.d"
[    10.632] (==) No Layout section.  Using the first Screen section.
[    10.633] (==) No screen section available. Using defaults.
[    10.633] (**) |-->Screen "Default Screen Section" (0)
[    10.635] (**) |   |-->Monitor "<default monitor>"
[    10.650] (==) No monitor specified for screen "Default Screen Section".
	Using a default monitor configuration.
[    10.651] (**) Allowing byte-swapped clients
[    10.652] (==) Automatically adding devices
[    10.652] (==) Automatically enabling devices
[    10.653] (==) Automatically adding GPU devices
[    10.653] (==) Automatically binding GPU devices
[    10.655] (==) Max clients allowed: 256, resource mask: 0x1fffff
[    10.668] (WW) The directory "/usr/share/fonts/TTF" does not exist.
[    10.668] 	Entry deleted from font path.
[    10.669] (WW) The directory "/usr/share/fonts/Type1" does not exist.
[    10.669] 	Entry deleted from font path.
[    10.670] (==) FontPath set to:
	/usr/share/fonts/misc,
	/usr/share/fonts/100dpi:unscaled,
	/usr/share/fonts/75dpi:unscaled
[    10.670] (==) ModulePath set to "/usr/lib/xorg/modules"
[    10.670] (II) The server relies on udev to provide the list of input devices.
	If no devices become available, reconfigure udev or disable AutoAddDevices.
[    10.670] (II) Module ABI versions:
[    10.671] 	X.Org ANSI C Emulation: 0.4
[    10.671] 	X.Org Video Driver: 25.2
[    10.671] 	X.Org XInput driver : 24.4
[    10.671] 	X.Org Server Extension : 10.0
[    10.678] (II) no primary bus or device found
[    10.682] (II) LoadModule: "glx"
[    10.697] (II) Loading /usr/lib/xorg/modules/extensions/libglx.so
[    18.724] (II) Module glx: vendor="X.Org Foundation"
[    18.725] 	compiled for 1.21.1.19, module version = 1.0.0
[    18.725] 	ABI class: X.Org Server Extension, version 10.0
[    18.729] (==) Matched modesetting as autoconfigured driver 0
[    18.729] (==) Matched fbdev as autoconfigured driver 1
[    18.730] (==) Assigned the driver to the xf86ConfigLayout
[    18.730] (II) LoadModule: "modesetting"
[    18.733] (II) Loading /usr/lib/xorg/modules/drivers/modesetting_drv.so
[    18.756] (II) Module modesetting: vendor="X.Org Foundation"
[    18.757] 	compiled for 1.21.1.19, module version = 1.21.1
[    18.757] 	Module class: X.Org Video Driver
[    18.757] 	ABI class: X.Org Video Driver, version 25.2
[    18.758] (II) LoadModule: "fbdev"
[    18.773] (WW) Warning, couldn't open module fbdev
[    18.774] (EE) Failed to load module "fbdev" (module does not exist, 0)
[    18.776] (II) modesetting: Driver for Modesetting Kernel Drivers: kms
[    18.777] (WW) Falling back to old probe method for modesetting
[    18.784] (II) modeset(0): using default device
[    18.786] (WW) VGA arbiter: cannot open kernel arbiter, no multi-card support
[    18.803] (II) modeset(0): Using 24bpp hw front buffer with 32bpp shadow
[    18.804] (II) modeset(0): Creating default Display subsection in Screen section
	"Default Screen Section" for depth/fbbpp 24/32
[    18.804] (==) modeset(0): Depth 24, (==) framebuffer bpp 32
[    18.804] (DB) xf86MergeOutputClassOptions unsupported bus type 0
[    18.805] (==) modeset(0): RGB weight 888
[    18.805] (==) modeset(0): Default visual is TrueColor
[    18.806] (**) modeset(0): Cannot use glamor with 24bpp packed fb
[    18.806] (II) modeset(0): ShadowFB: preferred YES, enabled FORCE
[    18.807] (II) modeset(0): Double-buffered shadow updates: off
[    18.812] (II) modeset(0): Output Virtual-1 has no monitor section
[    18.815] (II) modeset(0): Up to 1 crtcs needed for screen.
[    18.825] (II) modeset(0): Allocated crtc nr. 0 to this screen.
[    18.830] (II) modeset(0): EDID for output Virtual-1
[    18.833] (II) modeset(0): Printing probed modes for output Virtual-1
[    18.836] (II) modeset(0): Modeline "current"x60.0   70.59  1280 1328 1360 1440  800 803 811 817 (49.0 kHz)
[    18.837] (II) modeset(0): Output Virtual-1 connected
[    18.841] (II) modeset(0): Using sloppy heuristic for initial modes
[    18.841] (II) modeset(0): Output Virtual-1 using initial mode current +0+0
[    18.843] (==) modeset(0): Using gamma correction (1.0, 1.0, 1.0)
[    18.843] (==) modeset(0): DPI set to (96, 96)
[    18.843] (II) Loading sub module "fb"
[    18.843] (II) LoadModule: "fb"
[    18.844] (II) Module "fb" already built-in
[    18.844] (II) Loading sub module "shadow"
[    18.844] (II) LoadModule: "shadow"
[    18.851] (II) Loading /usr/lib/xorg/modules/libshadow.so
[    18.859] (II) Module shadow: vendor="X.Org Foundation"
[    18.859] 	compiled for 1.21.1.19, module version = 1.1.0
[    18.859] 	ABI class: X.Org ANSI C Emulation, version 0.4
[    18.866] (EE) 
Fatal server error:
[    18.867] (EE) AddScreen/ScreenInit failed for driver 0
[    18.868] (EE) 
[    18.868] (EE) 
Please consult the The X.Org Foundation support 
	 at http://wiki.x.org
 for help. 
[    18.868] (EE) Please also check the log file at "/root/xorg.log" for additional information.
[    18.869] (EE) 
[    18.875] (EE) Server terminated with error (1). Closing log file.
