Date: 2026-09-23 UTC
[05:39:57.073] weston 14.0.2
               https://wayland.freedesktop.org
               Bug reports to: https://gitlab.freedesktop.org/wayland/weston/issues/
               Build: 14.0.2
[05:39:57.078] Command line: weston --backend=drm-backend.so --renderer=pixman --drm-device=card0 --seat=seat0 --idle-time=0 --debug --log=/root/input16-weston.log
[05:39:57.078] OS: Linux, 10.0.0, 10.0.0, aarch64
[05:39:57.079] Flight recorder: enabled
[05:39:57.093] Starting with no config file.
[05:39:57.119] Output repaint window is 7 ms maximum.
[05:39:57.127] Loading module '/usr/lib/libweston-14/drm-backend.so'
[05:39:57.224] initializing drm backend
[05:39:57.227] Trying libseat launcher...
[05:39:57.242] [libseat/libseat.c:62] Seat opened with backend 'seatd'
[05:39:57.243] [libseat/backend/seatd.c:212] Enabling seat
[05:39:57.244] libseat: session control granted
[05:39:57.263] using /dev/dri/card0
[05:39:57.266] DRM: does not support atomic modesetting
[05:39:57.266] DRM: supports GBM modifiers
[05:39:57.267] DRM: does not support Atomic async page flip
[05:39:57.267] DRM: supports picture aspect ratio
[05:39:57.272] Using Pixman renderer
[05:39:57.474] event0  - failed to create input device '/dev/input/event0'
[05:39:57.484] event1  - failed to create input device '/dev/input/event1'
[05:39:57.488] warning: no input devices on entering Weston. Possible causes:
	- no permissions to read /dev/input/event*
	- seats misconfigured (Weston backend option 'seat', udev device property ID_SEAT)
[05:39:57.488] failed to create input devices
[05:39:57.495] fatal: failed to create compositor backend
