Date: 2026-10-02 UTC
[03:34:42.650] weston 14.0.2
               https://wayland.freedesktop.org
               Bug reports to: https://gitlab.freedesktop.org/wayland/weston/issues/
               Build: 14.0.2
[03:34:42.655] Command line: weston --backend=drm-backend.so --renderer=pixman --drm-device=card0 --seat=seat0 --idle-time=0 --debug --log=/root/mp-weston.log
[03:34:42.656] OS: Linux, 10.0.0, 10.0.0, aarch64
[03:34:42.656] Flight recorder: enabled
[03:34:42.672] Starting with no config file.
[03:34:42.705] Output repaint window is 7 ms maximum.
[03:34:42.714] Loading module '/usr/lib/libweston-14/drm-backend.so'
[03:34:42.830] initializing drm backend
[03:34:42.835] Trying libseat launcher...
[03:34:42.853] [libseat/libseat.c:62] Seat opened with backend 'seatd'
[03:34:42.854] [libseat/backend/seatd.c:212] Enabling seat
[03:34:42.854] libseat: session control granted
[03:34:42.881] using /dev/dri/card0
[03:34:42.885] DRM: does not support atomic modesetting
[03:34:42.886] DRM: supports GBM modifiers
[03:34:42.886] DRM: does not support Atomic async page flip
[03:34:42.886] DRM: supports picture aspect ratio
[03:34:42.892] Using Pixman renderer
[03:34:43.149] event0  - QEMU Virtio Keyboard: is tagged by udev as: Keyboard
[03:34:43.154] event0  - QEMU Virtio Keyboard: device is a keyboard
[03:34:43.188] event1  - QEMU Virtio Mouse: is tagged by udev as: Mouse
[03:34:43.189] event1  - QEMU Virtio Mouse: device is a pointer
[03:34:43.677] libinput: configuring device "QEMU Virtio Keyboard".
[03:34:43.681] libinput: configuring device "QEMU Virtio Mouse".
[03:34:43.702] DRM: head 'Virtual-1' found, connector 48 is connected, EDID make 'unknown', model 'unknown', serial ''
               Supported EOTF modes: SDR
               Supported colorimetry modes: default
[03:34:43.709] Registered plugin API 'weston_drm_output_api_v1' of size 40
[03:34:43.710] Registered plugin API 'weston_drm_virtual_output_api_v2' of size 48
[03:34:43.717] Color manager: no-op
                 protocol support: no
[03:34:43.752] Output 'Virtual-1' attempts EOTF mode SDR and colorimetry mode default.
[03:34:43.753] Output 'Virtual-1' using color profile: stock sRGB color profile
[03:34:43.791] DRM: output Virtual-1 uses shadow framebuffer.
[03:34:43.791] Output Virtual-1 (crtc 16) video modes:
               current@60.0, current, 70.6 MHz
[03:34:43.795] associating input device event0 with output Virtual-1 (none by udev)
[03:34:43.795] associating input device event1 with output Virtual-1 (none by udev)
[03:34:43.800] Output 'Virtual-1' enabled with head(s) Virtual-1
[03:34:43.801] Compositor capabilities:
               arbitrary surface rotation: yes
               screen capture uses y-flip: no
               cursor planes: yes
               arbitrary resolutions: no
               view mask clipping: yes
               explicit sync: no
               color operations: no
               presentation clock: CLOCK_MONOTONIC, id 1
               presentation clock resolution: 0.000001000 s
[03:34:43.815] Loading module '/usr/lib/weston/desktop-shell.so'
[03:34:43.852] launching '/usr/libexec/weston-keyboard'
[03:34:43.904] launching '/usr/libexec/weston-desktop-shell'
