Date: 2026-09-29 UTC
[04:10:20.741] weston 14.0.2
               https://wayland.freedesktop.org
               Bug reports to: https://gitlab.freedesktop.org/wayland/weston/issues/
               Build: 14.0.2
[04:10:20.745] Command line: weston --backend=drm-backend.so --renderer=pixman --drm-device=card0 --seat=seat0 --idle-time=0 --debug --log=/root/mp-weston.log
[04:10:20.746] OS: Linux, 10.0.0, 10.0.0, aarch64
[04:10:20.746] Flight recorder: enabled
[04:10:20.760] Starting with no config file.
[04:10:20.788] Output repaint window is 7 ms maximum.
[04:10:20.797] Loading module '/usr/lib/libweston-14/drm-backend.so'
[04:10:20.893] initializing drm backend
[04:10:20.897] Trying libseat launcher...
[04:10:20.912] [libseat/libseat.c:62] Seat opened with backend 'seatd'
[04:10:20.913] [libseat/backend/seatd.c:212] Enabling seat
[04:10:20.913] libseat: session control granted
[04:10:20.935] using /dev/dri/card0
[04:10:20.938] DRM: does not support atomic modesetting
[04:10:20.939] DRM: supports GBM modifiers
[04:10:20.939] DRM: does not support Atomic async page flip
[04:10:20.939] DRM: supports picture aspect ratio
[04:10:20.943] Using Pixman renderer
[04:10:21.152] event0  - QEMU Virtio Keyboard: is tagged by udev as: Keyboard
[04:10:21.156] event0  - QEMU Virtio Keyboard: device is a keyboard
[04:10:21.184] event1  - QEMU Virtio Mouse: is tagged by udev as: Mouse
[04:10:21.185] event1  - QEMU Virtio Mouse: device is a pointer
[04:10:21.451] libinput: configuring device "QEMU Virtio Keyboard".
[04:10:21.454] libinput: configuring device "QEMU Virtio Mouse".
[04:10:21.463] DRM: head 'Virtual-1' found, connector 48 is connected, EDID make 'unknown', model 'unknown', serial ''
               Supported EOTF modes: SDR
               Supported colorimetry modes: default
[04:10:21.468] Registered plugin API 'weston_drm_output_api_v1' of size 40
[04:10:21.468] Registered plugin API 'weston_drm_virtual_output_api_v2' of size 48
[04:10:21.471] Color manager: no-op
                 protocol support: no
[04:10:21.486] Output 'Virtual-1' attempts EOTF mode SDR and colorimetry mode default.
[04:10:21.486] Output 'Virtual-1' using color profile: stock sRGB color profile
[04:10:21.519] DRM: output Virtual-1 uses shadow framebuffer.
[04:10:21.520] Output Virtual-1 (crtc 16) video modes:
               current@60.0, current, 70.6 MHz
[04:10:21.526] associating input device event0 with output Virtual-1 (none by udev)
[04:10:21.526] associating input device event1 with output Virtual-1 (none by udev)
[04:10:21.529] Output 'Virtual-1' enabled with head(s) Virtual-1
[04:10:21.529] Compositor capabilities:
               arbitrary surface rotation: yes
               screen capture uses y-flip: no
               cursor planes: yes
               arbitrary resolutions: no
               view mask clipping: yes
               explicit sync: no
               color operations: no
               presentation clock: CLOCK_MONOTONIC, id 1
               presentation clock resolution: 0.000001000 s
[04:10:21.543] Loading module '/usr/lib/weston/desktop-shell.so'
[04:10:21.595] launching '/usr/libexec/weston-keyboard'
[04:10:21.683] launching '/usr/libexec/weston-desktop-shell'
