Date: 2026-09-29 UTC
[02:39:18.870] weston 14.0.2
               https://wayland.freedesktop.org
               Bug reports to: https://gitlab.freedesktop.org/wayland/weston/issues/
               Build: 14.0.2
[02:39:18.877] Command line: weston --backend=drm-backend.so --renderer=pixman --drm-device=card0 --seat=seat0 --idle-time=0 --debug --log=/root/mp-weston.log
[02:39:18.878] OS: Linux, 10.0.0, 10.0.0, aarch64
[02:39:18.878] Flight recorder: enabled
[02:39:18.891] Starting with no config file.
[02:39:18.919] Output repaint window is 7 ms maximum.
[02:39:18.927] Loading module '/usr/lib/libweston-14/drm-backend.so'
[02:39:19.028] initializing drm backend
[02:39:19.032] Trying libseat launcher...
[02:39:19.050] [libseat/libseat.c:62] Seat opened with backend 'seatd'
[02:39:19.051] [libseat/backend/seatd.c:212] Enabling seat
[02:39:19.052] libseat: session control granted
[02:39:19.076] using /dev/dri/card0
[02:39:19.079] DRM: does not support atomic modesetting
[02:39:19.079] DRM: supports GBM modifiers
[02:39:19.079] DRM: does not support Atomic async page flip
[02:39:19.080] DRM: supports picture aspect ratio
[02:39:19.084] Using Pixman renderer
[02:39:19.295] event0  - QEMU Virtio Keyboard: is tagged by udev as: Keyboard
[02:39:19.299] event0  - QEMU Virtio Keyboard: device is a keyboard
[02:39:19.327] event1  - QEMU Virtio Mouse: is tagged by udev as: Mouse
[02:39:19.328] event1  - QEMU Virtio Mouse: device is a pointer
[02:39:19.604] libinput: configuring device "QEMU Virtio Keyboard".
[02:39:19.606] libinput: configuring device "QEMU Virtio Mouse".
[02:39:19.615] DRM: head 'Virtual-1' found, connector 48 is connected, EDID make 'unknown', model 'unknown', serial ''
               Supported EOTF modes: SDR
               Supported colorimetry modes: default
[02:39:19.620] Registered plugin API 'weston_drm_output_api_v1' of size 40
[02:39:19.620] Registered plugin API 'weston_drm_virtual_output_api_v2' of size 48
[02:39:19.622] Color manager: no-op
                 protocol support: no
[02:39:19.642] Output 'Virtual-1' attempts EOTF mode SDR and colorimetry mode default.
[02:39:19.642] Output 'Virtual-1' using color profile: stock sRGB color profile
[02:39:19.683] DRM: output Virtual-1 uses shadow framebuffer.
[02:39:19.684] Output Virtual-1 (crtc 16) video modes:
               current@60.0, current, 70.6 MHz
[02:39:19.689] associating input device event0 with output Virtual-1 (none by udev)
[02:39:19.689] associating input device event1 with output Virtual-1 (none by udev)
[02:39:19.691] Output 'Virtual-1' enabled with head(s) Virtual-1
[02:39:19.692] Compositor capabilities:
               arbitrary surface rotation: yes
               screen capture uses y-flip: no
               cursor planes: yes
               arbitrary resolutions: no
               view mask clipping: yes
               explicit sync: no
               color operations: no
               presentation clock: CLOCK_MONOTONIC, id 1
               presentation clock resolution: 0.000001000 s
[02:39:19.714] Loading module '/usr/lib/weston/desktop-shell.so'
[02:39:19.766] launching '/usr/libexec/weston-keyboard'
[02:39:19.830] launching '/usr/libexec/weston-desktop-shell'
