
X.Org X Server 1.21.1.19
X Protocol Version 11, Revision 0
Current Operating System: Linux kylin-x 10.0.0 10.0.0 aarch64
Kernel command line: 
 
Current version of pixman: 0.46.4
	Before reporting problems, check http://wiki.x.org
	to make sure that you have the latest version.
Markers: (--) probed, (**) from config file, (==) default setting,
	(++) from command line, (!!) notice, (II) informational,
	(WW) warning, (EE) error, (NI) not implemented, (??) unknown.
(++) Log file: "/root/xorg.log", Time: Tue Sep 22 11:11:02 2026
(==) Using system config directory "/usr/share/X11/xorg.conf.d"
(EE) 
Fatal server error:
(EE) AddScreen/ScreenInit failed for driver 0
(EE) 
(EE) 
Please consult the The X.Org Foundation support 
	 at http://wiki.x.org
 for help. 
(EE) Please also check the log file at "/root/xorg.log" for additional information.
(EE) 
(EE) Server terminated with error (1). Closing log file.

X.Org X Server 1.21.1.19
X Protocol Version 11, Revision 0
Current Operating System: Linux kylin-x 10.0.0 10.0.0 aarch64
Kernel command line: 
 
Current version of pixman: 0.46.4
	Before reporting problems, check http://wiki.x.org
	to make sure that you have the latest version.
Markers: (--) probed, (**) from config file, (==) default setting,
	(++) from command line, (!!) notice, (II) informational,
	(WW) warning, (EE) error, (NI) not implemented, (??) unknown.
(++) Log file: "/root/xorg.log", Time: Tue Sep 22 11:11:18 2026
(++) Using config file: "/root/xorg-plain.conf"
(==) Using system config directory "/usr/share/X11/xorg.conf.d"
(EE) 
Fatal server error:
(EE) AddScreen/ScreenInit failed for driver 0
(EE) 
(EE) 
Please consult the The X.Org Foundation support 
	 at http://wiki.x.org
 for help. 
(EE) Please also check the log file at "/root/xorg.log" for additional information.
(EE) 
(EE) Server terminated with error (1). Closing log file.

X.Org X Server 1.21.1.19
X Protocol Version 11, Revision 0
Current Operating System: Linux kylin-x 10.0.0 10.0.0 aarch64
Kernel command line: 
 
Current version of pixman: 0.46.4
	Before reporting problems, check http://wiki.x.org
	to make sure that you have the latest version.
Markers: (--) probed, (**) from config file, (==) default setting,
	(++) from command line, (!!) notice, (II) informational,
	(WW) warning, (EE) error, (NI) not implemented, (??) unknown.
(++) Log file: "/root/xorg.log", Time: Tue Sep 22 11:11:24 2026
(++) Using config file: "/root/xorg-noshadow.conf"
(==) Using system config directory "/usr/share/X11/xorg.conf.d"
(EE) 
Fatal server error:
(EE) AddScreen/ScreenInit failed for driver 0
(EE) 
(EE) 
Please consult the The X.Org Foundation support 
	 at http://wiki.x.org
 for help. 
(EE) Please also check the log file at "/root/xorg.log" for additional information.
(EE) 
(EE) Server terminated with error (1). Closing log file.
