[    32.966] 
X.Org X Server 1.21.1.19
X Protocol Version 11, Revision 0
[    32.973] Current Operating System: Linux kylin-x 10.0.0 10.0.0 aarch64
[    32.974] Kernel command line: 
[    32.975]  
[    32.976] Current version of pixman: 0.46.4
[    32.976] 	Before reporting problems, check http://wiki.x.org
	to make sure that you have the latest version.
[    32.977] Markers: (--) probed, (**) from config file, (==) default setting,
	(++) from command line, (!!) notice, (II) informational,
	(WW) warning, (EE) error, (NI) not implemented, (??) unknown.
[    32.982] (++) Log file: "/root/xorg.log", Time: Tue Sep 22 11:11:24 2026
[    33.000] (++) Using config file: "/root/xorg-noshadow.conf"
[    33.000] (==) Using system config directory "/usr/share/X11/xorg.conf.d"
[    33.013] (==) ServerLayout "layout0"
[    33.014] (**) |-->Screen "screen0" (0)
[    33.015] (**) |   |-->Monitor "<default monitor>"
[    33.041] (**) |   |-->Device "gpudev0"
[    33.042] (==) No monitor specified for screen "screen0".
	Using a default monitor configuration.
[    33.042] (**) Allowing byte-swapped clients
[    33.044] (==) Automatically adding devices
[    33.045] (==) Automatically enabling devices
[    33.045] (==) Automatically adding GPU devices
[    33.045] (==) Automatically binding GPU devices
[    33.046] (==) Max clients allowed: 256, resource mask: 0x1fffff
[    33.049] (WW) The directory "/usr/share/fonts/TTF" does not exist.
[    33.049] 	Entry deleted from font path.
[    33.050] (WW) The directory "/usr/share/fonts/Type1" does not exist.
[    33.050] 	Entry deleted from font path.
[    33.050] (==) FontPath set to:
	/usr/share/fonts/misc,
	/usr/share/fonts/100dpi:unscaled,
	/usr/share/fonts/75dpi:unscaled
[    33.050] (==) ModulePath set to "/usr/lib/xorg/modules"
[    33.051] (II) The server relies on udev to provide the list of input devices.
	If no devices become available, reconfigure udev or disable AutoAddDevices.
[    33.051] (II) Module ABI versions:
[    33.051] 	X.Org ANSI C Emulation: 0.4
[    33.051] 	X.Org Video Driver: 25.2
[    33.051] 	X.Org XInput driver : 24.4
[    33.052] 	X.Org Server Extension : 10.0
[    33.060] (II) no primary bus or device found
[    33.063] (II) LoadModule: "glx"
[    33.090] (II) Loading /usr/lib/xorg/modules/extensions/libglx.so
[    35.585] (II) Module glx: vendor="X.Org Foundation"
[    35.586] 	compiled for 1.21.1.19, module version = 1.0.0
[    35.586] 	ABI class: X.Org Server Extension, version 10.0
[    35.587] (II) LoadModule: "modesetting"
[    35.590] (II) Loading /usr/lib/xorg/modules/drivers/modesetting_drv.so
[    35.597] (II) Module modesetting: vendor="X.Org Foundation"
[    35.597] 	compiled for 1.21.1.19, module version = 1.21.1
[    35.597] 	Module class: X.Org Video Driver
[    35.597] 	ABI class: X.Org Video Driver, version 25.2
[    35.598] (II) modesetting: Driver for Modesetting Kernel Drivers: kms
[    35.600] (WW) Falling back to old probe method for modesetting
[    35.603] (II) modeset(0): using /dev/dri/card0
[    35.604] (WW) VGA arbiter: cannot open kernel arbiter, no multi-card support
[    35.615] (II) modeset(0): Using 24bpp hw front buffer with 32bpp shadow
[    35.615] (II) modeset(0): Creating default Display subsection in Screen section
	"screen0" for depth/fbbpp 24/32
[    35.615] (==) modeset(0): Depth 24, (==) framebuffer bpp 32
[    35.616] (DB) xf86MergeOutputClassOptions unsupported bus type 0
[    35.616] (**) modeset(0): Option "kmsdev" "/dev/dri/card0"
[    35.617] (**) modeset(0): Option "ShadowFB" "false"
[    35.617] (**) modeset(0): Option "AccelMethod" "none"
[    35.618] (==) modeset(0): RGB weight 888
[    35.618] (==) modeset(0): Default visual is TrueColor
[    35.618] (**) modeset(0): Cannot use glamor with 24bpp packed fb
[    35.619] (II) modeset(0): ShadowFB: preferred YES, enabled FORCE
[    35.619] (II) modeset(0): Double-buffered shadow updates: off
[    35.622] (II) modeset(0): Output Virtual-1 has no monitor section
[    35.623] (II) modeset(0): Up to 1 crtcs needed for screen.
[    35.627] (II) modeset(0): Allocated crtc nr. 0 to this screen.
[    35.631] (II) modeset(0): EDID for output Virtual-1
[    35.632] (II) modeset(0): Printing probed modes for output Virtual-1
[    35.633] (II) modeset(0): Modeline "current"x60.0   70.59  1280 1328 1360 1440  800 803 811 817 (49.0 kHz)
[    35.634] (II) modeset(0): Output Virtual-1 connected
[    35.635] (II) modeset(0): Using sloppy heuristic for initial modes
[    35.636] (II) modeset(0): Output Virtual-1 using initial mode current +0+0
[    35.637] (==) modeset(0): Using gamma correction (1.0, 1.0, 1.0)
[    35.637] (==) modeset(0): DPI set to (96, 96)
[    35.638] (II) Loading sub module "fb"
[    35.638] (II) LoadModule: "fb"
[    35.638] (II) Module "fb" already built-in
[    35.638] (II) Loading sub module "shadow"
[    35.638] (II) LoadModule: "shadow"
[    35.645] (II) Loading /usr/lib/xorg/modules/libshadow.so
[    35.648] (II) Module shadow: vendor="X.Org Foundation"
[    35.648] 	compiled for 1.21.1.19, module version = 1.1.0
[    35.648] 	ABI class: X.Org ANSI C Emulation, version 0.4
[    35.651] (EE) 
Fatal server error:
[    35.652] (EE) AddScreen/ScreenInit failed for driver 0
[    35.653] (EE) 
[    35.653] (EE) 
Please consult the The X.Org Foundation support 
	 at http://wiki.x.org
 for help. 
[    35.654] (EE) Please also check the log file at "/root/xorg.log" for additional information.
[    35.654] (EE) 
[    35.657] (EE) Server terminated with error (1). Closing log file.
