Tue Sep 22 04:56:56 UTC 2026 [t0] pid=180 st=R type=(browser/none)
Tue Sep 22 04:57:03 UTC 2026 [t5] pid=180 st=S type=(browser/none)
Tue Sep 22 04:57:03 UTC 2026 [t5] pid=193 st=S type=crashpad-handler
Tue Sep 22 04:57:10 UTC 2026 [t10] pid=180 st=S type=(browser/none)
Tue Sep 22 04:57:10 UTC 2026 [t10] pid=193 st=S type=crashpad-handler
Tue Sep 22 04:57:10 UTC 2026 [t10] pid=197 st=S type=crashpad-handler
Tue Sep 22 04:57:10 UTC 2026 [t10] pid=203 st=R type=zygote
Tue Sep 22 04:57:10 UTC 2026 [t10] pid=204 st=R type=zygote
Tue Sep 22 04:57:19 UTC 2026 [t15] pid=180 st=S type=(browser/none)
Tue Sep 22 04:57:19 UTC 2026 [t15] pid=193 st=S type=crashpad-handler
Tue Sep 22 04:57:19 UTC 2026 [t15] pid=197 st=S type=crashpad-handler
Tue Sep 22 04:57:26 UTC 2026 [t20] pid=180 st=R type=(browser/none)
Tue Sep 22 04:57:26 UTC 2026 [t20] pid=193 st=S type=crashpad-handler
Tue Sep 22 04:57:26 UTC 2026 [t20] pid=197 st=S type=crashpad-handler
Tue Sep 22 04:57:35 UTC 2026 [t25] pid=180 st=R type=(browser/none)
Tue Sep 22 04:57:35 UTC 2026 [t25] pid=193 st=S type=crashpad-handler
Tue Sep 22 04:57:35 UTC 2026 [t25] pid=197 st=S type=crashpad-handler
Tue Sep 22 04:57:35 UTC 2026 [t25] pid=255 st=R type=utility
Tue Sep 22 04:57:44 UTC 2026 [t30] pid=180 st=S type=(browser/none)
Tue Sep 22 04:57:44 UTC 2026 [t30] pid=193 st=S type=crashpad-handler
Tue Sep 22 04:57:44 UTC 2026 [t30] pid=197 st=S type=crashpad-handler
Tue Sep 22 04:57:44 UTC 2026 [t30] pid=255 st=S type=utility
Tue Sep 22 04:57:52 UTC 2026 [t35] pid=180 st=R type=(browser/none)
Tue Sep 22 04:57:52 UTC 2026 [t35] pid=193 st=S type=crashpad-handler
Tue Sep 22 04:57:52 UTC 2026 [t35] pid=197 st=S type=crashpad-handler
Tue Sep 22 04:57:52 UTC 2026 [t35] pid=255 st=S type=utility
Tue Sep 22 04:58:00 UTC 2026 [t40] pid=180 st=? type=(browser/none)
Tue Sep 22 04:58:00 UTC 2026 [t40] pid=197 st=S type=crashpad-handler
Tue Sep 22 04:58:00 UTC 2026 [t40] pid=255 st=S type=utility
Tue Sep 22 04:58:11 UTC 2026 [t45] pid=197 st=S type=crashpad-handler
Tue Sep 22 04:58:11 UTC 2026 [t45] pid=255 st=S type=utility
