Date: 2026-10-02 UTC
[05:58:26.249] weston 14.0.2
               https://wayland.freedesktop.org
               Bug reports to: https://gitlab.freedesktop.org/wayland/weston/issues/
               Build: 14.0.2
[05:58:26.254] Command line: weston --backend=drm-backend.so --renderer=pixman --drm-device=card0 --seat=seat0 --idle-time=0 --debug --log=/root/single-weston.log
[05:58:26.255] OS: Linux, 10.0.0, 10.0.0, aarch64
[05:58:26.255] Flight recorder: enabled
[05:58:26.269] Starting with no config file.
[05:58:26.303] Output repaint window is 7 ms maximum.
[05:58:26.312] Loading module '/usr/lib/libweston-14/drm-backend.so'
[05:58:26.405] initializing drm backend
[05:58:26.410] Trying libseat launcher...
[05:58:26.428] [libseat/libseat.c:62] Seat opened with backend 'seatd'
[05:58:26.429] [libseat/backend/seatd.c:212] Enabling seat
[05:58:26.430] libseat: session control granted
[05:58:26.457] using /dev/dri/card0
[05:58:26.460] DRM: does not support atomic modesetting
[05:58:26.460] DRM: supports GBM modifiers
[05:58:26.460] DRM: does not support Atomic async page flip
[05:58:26.461] DRM: supports picture aspect ratio
[05:58:26.467] Using Pixman renderer
[05:58:26.714] event0  - QEMU Virtio Keyboard: is tagged by udev as: Keyboard
[05:58:26.719] event0  - QEMU Virtio Keyboard: device is a keyboard
[05:58:26.750] event1  - QEMU Virtio Mouse: is tagged by udev as: Mouse
[05:58:26.751] event1  - QEMU Virtio Mouse: device is a pointer
[05:58:27.169] libinput: configuring device "QEMU Virtio Keyboard".
[05:58:27.172] libinput: configuring device "QEMU Virtio Mouse".
[05:58:27.190] DRM: head 'Virtual-1' found, connector 48 is connected, EDID make 'unknown', model 'unknown', serial ''
               Supported EOTF modes: SDR
               Supported colorimetry modes: default
[05:58:27.200] Registered plugin API 'weston_drm_output_api_v1' of size 40
[05:58:27.200] Registered plugin API 'weston_drm_virtual_output_api_v2' of size 48
[05:58:27.207] Color manager: no-op
                 protocol support: no
[05:58:27.241] Output 'Virtual-1' attempts EOTF mode SDR and colorimetry mode default.
[05:58:27.242] Output 'Virtual-1' using color profile: stock sRGB color profile
[05:58:27.290] DRM: output Virtual-1 uses shadow framebuffer.
[05:58:27.290] Output Virtual-1 (crtc 16) video modes:
               current@60.0, current, 70.6 MHz
[05:58:27.297] associating input device event0 with output Virtual-1 (none by udev)
[05:58:27.297] associating input device event1 with output Virtual-1 (none by udev)
[05:58:27.299] Output 'Virtual-1' enabled with head(s) Virtual-1
[05:58:27.299] Compositor capabilities:
               arbitrary surface rotation: yes
               screen capture uses y-flip: no
               cursor planes: yes
               arbitrary resolutions: no
               view mask clipping: yes
               explicit sync: no
               color operations: no
               presentation clock: CLOCK_MONOTONIC, id 1
               presentation clock resolution: 0.000001000 s
[05:58:27.318] Loading module '/usr/lib/weston/desktop-shell.so'
[05:58:27.372] launching '/usr/libexec/weston-keyboard'
[05:58:27.448] launching '/usr/libexec/weston-desktop-shell'
