starting version 3.2.14
 does not exist, please run udevadm hwdb --update
Load module index
timestamp of '/etc/udev/rules.d' changed
Reading rules file: /usr/lib/udev/rules.d/50-udev-default.rules
Reading rules file: /usr/lib/udev/rules.d/60-autosuspend.rules
Reading rules file: /usr/lib/udev/rules.d/60-block.rules
Reading rules file: /usr/lib/udev/rules.d/60-cdrom_id.rules
Reading rules file: /usr/lib/udev/rules.d/60-drm.rules
Reading rules file: /usr/lib/udev/rules.d/60-evdev.rules
Reading rules file: /usr/lib/udev/rules.d/60-fido-id.rules
Reading rules file: /usr/lib/udev/rules.d/60-input-id.rules
Reading rules file: /usr/lib/udev/rules.d/60-persistent-alsa.rules
Reading rules file: /usr/lib/udev/rules.d/60-persistent-input.rules
Reading rules file: /usr/lib/udev/rules.d/60-persistent-storage-tape.rules
Reading rules file: /usr/lib/udev/rules.d/60-persistent-storage.rules
Reading rules file: /usr/lib/udev/rules.d/60-persistent-v4l.rules
Reading rules file: /usr/lib/udev/rules.d/60-sensor.rules
Reading rules file: /usr/lib/udev/rules.d/60-serial.rules
Reading rules file: /usr/lib/udev/rules.d/64-btrfs.rules
Reading rules file: /usr/lib/udev/rules.d/70-camera.rules
Reading rules file: /usr/lib/udev/rules.d/70-joystick.rules
Reading rules file: /usr/lib/udev/rules.d/70-memory.rules
Reading rules file: /usr/lib/udev/rules.d/70-mouse.rules
Reading rules file: /usr/lib/udev/rules.d/70-touchpad.rules
Reading rules file: /usr/lib/udev/rules.d/75-net-description.rules
Reading rules file: /usr/lib/udev/rules.d/75-probe_mtd.rules
Reading rules file: /usr/lib/udev/rules.d/78-sound-card.rules
Reading rules file: /usr/lib/udev/rules.d/80-drivers.rules
Reading rules file: /usr/lib/udev/rules.d/81-net-dhcp.rules
Reading rules file: /etc/udev/rules.d/99-xkernel-seat0.rules
rules contain 24576 bytes tokens (2048 * 12 bytes), 9963 bytes strings
1280 strings (16955 bytes), 808 de-duplicated (7465 bytes), 473 trie nodes used
set children_max to 16
timestamp of '/run/udev/rules.d' changed
Validate module index
Unload module index
seq 1 queued, 'add' 'input'
 does not exist, please run udevadm hwdb --update
Load module index
timestamp of '/etc/udev/rules.d' changed
timestamp of '/run/udev/rules.d' changed
Reading rules file: /usr/lib/udev/rules.d/50-udev-default.rules
Reading rules file: /usr/lib/udev/rules.d/60-autosuspend.rules
Reading rules file: /usr/lib/udev/rules.d/60-block.rules
Reading rules file: /usr/lib/udev/rules.d/60-cdrom_id.rules
Reading rules file: /usr/lib/udev/rules.d/60-drm.rules
Reading rules file: /usr/lib/udev/rules.d/60-evdev.rules
Reading rules file: /usr/lib/udev/rules.d/60-fido-id.rules
Reading rules file: /usr/lib/udev/rules.d/60-input-id.rules
Reading rules file: /usr/lib/udev/rules.d/60-persistent-alsa.rules
Reading rules file: /usr/lib/udev/rules.d/60-persistent-input.rules
Reading rules file: /usr/lib/udev/rules.d/60-persistent-storage-tape.rules
Reading rules file: /usr/lib/udev/rules.d/60-persistent-storage.rules
Reading rules file: /usr/lib/udev/rules.d/60-persistent-v4l.rules
Reading rules file: /usr/lib/udev/rules.d/60-sensor.rules
Reading rules file: /usr/lib/udev/rules.d/60-serial.rules
Reading rules file: /usr/lib/udev/rules.d/64-btrfs.rules
Reading rules file: /usr/lib/udev/rules.d/70-camera.rules
Reading rules file: /usr/lib/udev/rules.d/70-joystick.rules
Reading rules file: /usr/lib/udev/rules.d/70-memory.rules
Reading rules file: /usr/lib/udev/rules.d/70-mouse.rules
Reading rules file: /usr/lib/udev/rules.d/70-touchpad.rules
Reading rules file: /usr/lib/udev/rules.d/75-net-description.rules
Reading rules file: /usr/lib/udev/rules.d/75-probe_mtd.rules
Reading rules file: /usr/lib/udev/rules.d/78-sound-card.rules
Reading rules file: /usr/lib/udev/rules.d/80-drivers.rules
Reading rules file: /usr/lib/udev/rules.d/81-net-dhcp.rules
Reading rules file: /etc/udev/rules.d/99-xkernel-seat0.rules
rules contain 24576 bytes tokens (2048 * 12 bytes), 9963 bytes strings
1280 strings (16955 bytes), 808 de-duplicated (7465 bytes), 473 trie nodes used
seq 1 forked new worker [66]
seq 1 running
seq 2 queued, 'add' 'input'
no db file to read /run/udev/data/c13:64: No such file or directory
GROUP 23 /usr/lib/udev/rules.d/50-udev-default.rules:29
IMPORT builtin 'hwdb' /usr/lib/udev/rules.d/60-evdev.rules:8
IMPORT builtin 'hwdb' returned non-zero
IMPORT builtin 'hwdb' /usr/lib/udev/rules.d/60-evdev.rules:18
IMPORT builtin 'hwdb' returned non-zero
IMPORT builtin 'hwdb' /usr/lib/udev/rules.d/60-evdev.rules:23
IMPORT builtin 'hwdb' returned non-zero
IMPORT builtin 'input_id' /usr/lib/udev/rules.d/60-input-id.rules:5
seq 2 forked new worker [67]
capabilities/ev raw kernel attribute: 20003
capabilities/abs raw kernel attribute: 
capabilities/rel raw kernel attribute: 
capabilities/key raw kernel attribute: 400000007 ff803078f800dfff febeffff7bcfffff fffffffffffffffe
seq 2 running
properties raw kernel attribute: 0
test_key: checking bit block 0 for any keys; found=1
test_key: checking bit block 64 for any keys; found=1
test_key: checking bit block 128 for any keys; found=1
test_key: checking bit block 192 for any keys; found=1
no db file to read /run/udev/data/c13:65: No such file or directory
IMPORT builtin 'hwdb' /usr/lib/udev/rules.d/60-input-id.rules:6
IMPORT builtin 'hwdb' returned non-zero
IMPORT builtin 'path_id' /usr/lib/udev/rules.d/60-persistent-input.rules:35
LINK 'input/by-path/pci-0000:00:05.0-event-kbd' /usr/lib/udev/rules.d/60-persistent-input.rules:37
GROUP 23 /usr/lib/udev/rules.d/50-udev-default.rules:29
IMPORT builtin 'hwdb' /usr/lib/udev/rules.d/60-evdev.rules:8
IMPORT builtin 'hwdb' returned non-zero
handling device node '/dev/input/event0', devnum=c13:64, mode=0660, uid=0, gid=23
set permissions /dev/input/event0, 020660, uid=0, gid=23
creating symlink '/dev/char/13:64' to '../input/event0'
atomically replace '/dev/char/13:64'
symlink '../input/event0' '/dev/char/13:64.tmp-c13:64' failed: Operation not permitted
creating link '/dev/input/by-path/pci-0000:00:05.0-event-kbd' to '/dev/input/event0'
creating symlink '/dev/input/by-path/pci-0000:00:05.0-event-kbd' to '../event0'
atomically replace '/dev/input/by-path/pci-0000:00:05.0-event-kbd'
symlink '../event0' '/dev/input/by-path/pci-0000:00:05.0-event-kbd.tmp-c13:64' failed: Operation not permitted
IMPORT builtin 'hwdb' /usr/lib/udev/rules.d/60-evdev.rules:18
IMPORT builtin 'hwdb' returned non-zero
IMPORT builtin 'hwdb' /usr/lib/udev/rules.d/60-evdev.rules:23
IMPORT builtin 'hwdb' returned non-zero
IMPORT builtin 'input_id' /usr/lib/udev/rules.d/60-input-id.rules:5
capabilities/ev raw kernel attribute: 7
capabilities/abs raw kernel attribute: 
capabilities/rel raw kernel attribute: 103
capabilities/key raw kernel attribute: 30400 00000000001f0000 0000000000000000 0000000000000000 0000000000000000 0000000000000000
properties raw kernel attribute: 0
test_key: checking bit block 0 for any keys; found=0
test_key: checking bit block 64 for any keys; found=0
test_key: checking bit block 128 for any keys; found=0
test_key: checking bit block 192 for any keys; found=0
IMPORT builtin 'hwdb' /usr/lib/udev/rules.d/60-input-id.rules:6
IMPORT builtin 'hwdb' returned non-zero
IMPORT builtin 'path_id' /usr/lib/udev/rules.d/60-persistent-input.rules:35
LINK 'input/by-path/pci-0000:00:06.0-event-mouse' /usr/lib/udev/rules.d/60-persistent-input.rules:37
handling device node '/dev/input/event1', devnum=c13:65, mode=0660, uid=0, gid=23
set permissions /dev/input/event1, 020660, uid=0, gid=23
created db file '/run/udev/data/c13:64' for '/devices/pci0000:00/0000:00:05.0/input/input0/event0'
creating symlink '/dev/char/13:65' to '../input/event1'
atomically replace '/dev/char/13:65'
symlink '../input/event1' '/dev/char/13:65.tmp-c13:65' failed: Operation not permitted
creating link '/dev/input/by-path/pci-0000:00:06.0-event-mouse' to '/dev/input/event1'
creating symlink '/dev/input/by-path/pci-0000:00:06.0-event-mouse' to '../event1'
passed 587 byte device to netlink monitor 0xc3080
seq 1 processed
atomically replace '/dev/input/by-path/pci-0000:00:06.0-event-mouse'
symlink '../event1' '/dev/input/by-path/pci-0000:00:06.0-event-mouse.tmp-c13:65' failed: Operation not permitted
created db file '/run/udev/data/c13:65' for '/devices/pci0000:00/0000:00:06.0/input/input1/event1'
passed 596 byte device to netlink monitor 0xc080
seq 2 processed
no sender credentials received, message ignored
Validate module index
Validate module index
Validate module index
Validate module index
Validate module index
Validate module index
Validate module index
Validate module index
Validate module index
Validate module index
Validate module index
Validate module index
Validate module index
Validate module index
Validate module index
Validate module index
Validate module index
Validate module index
Validate module index
worker [66] /devices/pci0000:00/0000:00:05.0/input/input0/event0 is taking a long time
worker [67] /devices/pci0000:00/0000:00:06.0/input/input1/event1 is taking a long time
Validate module index
Validate module index
Validate module index
Validate module index
Validate module index
Validate module index
Validate module index
Validate module index
Validate module index
Validate module index
Validate module index
Validate module index
Validate module index
Validate module index
Validate module index
Validate module index
Validate module index
Validate module index
Validate module index
Validate module index
Validate module index
Validate module index
Validate module index
Validate module index
Validate module index
Validate module index
Validate module index
Validate module index
Validate module index
Validate module index
Validate module index
Validate module index
Validate module index
Validate module index
Validate module index
Validate module index
Validate module index
Validate module index
Validate module index
Validate module index
worker [66] /devices/pci0000:00/0000:00:05.0/input/input0/event0 timeout; kill it
seq 1 '/devices/pci0000:00/0000:00:05.0/input/input0/event0' killed
worker [67] /devices/pci0000:00/0000:00:06.0/input/input1/event1 timeout; kill it
seq 2 '/devices/pci0000:00/0000:00:06.0/input/input1/event1' killed
Validate module index
Validate module index
Validate module index
Validate module index
Validate module index
Validate module index
Validate module index
Validate module index
Validate module index
Validate module index
Validate module index
Validate module index
Validate module index
Validate module index
Validate module index
Validate module index
Validate module index
Validate module index
Validate module index
Validate module index
Validate module index
Validate module index
Validate module index
Validate module index
Validate module index
Validate module index
Validate module index
Validate module index
Validate module index
Validate module index
Validate module index
Validate module index
Validate module index
Validate module index
Validate module index
Validate module index
Validate module index
Validate module index
Validate module index
Validate module index
Validate module index
Validate module index
Validate module index
Validate module index
Validate module index
Validate module index
Validate module index
Validate module index
Validate module index
Validate module index
Validate module index
Validate module index
Validate module index
Validate module index
Validate module index
Validate module index
Validate module index
Validate module index
Validate module index
Validate module index
Validate module index
Validate module index
Validate module index
Validate module index
Validate module index
Validate module index
Validate module index
Validate module index
Validate module index
Validate module index
Validate module index
Validate module index
Validate module index
Validate module index
Validate module index
Validate module index
Validate module index
Validate module index
Validate module index
Validate module index
Validate module index
Validate module index
Validate module index
Validate module index
Validate module index
Validate module index
Validate module index
Validate module index
Validate module index
Validate module index
Validate module index
