Wed Sep 23 08:33:47 UTC 2026 ===== A. official page set and unshimmed environment =====
Wed Sep 23 08:33:47 UTC 2026 kernel: Linux 10.0.0 aarch64
Wed Sep 23 08:33:47 UTC 2026 LD_PRELOAD=<unset>
Wed Sep 23 08:33:47 UTC 2026 pages: 831cf28f3748940b450d1da325aa39a2dcaea2fee15b0532bf4111144d176b38  /usr/share/html-test/index.html;58130daa4a2f426fd16b8bde93d964713f20e147da8af1537ab2d8b506d2fd58  /usr/share/html-test/interaction.html;a1b04f9aba81b4b7818be2e7a858d482d471bd0d625dee257f605b2129b8fc4c  /usr/share/html-test/layout.html;
Wed Sep 23 08:33:52 UTC 2026 runtime overlay extraction complete
fddbdf48c58ef774bfefa6ad47882a2803cf0046c83375566ad3f746704bb846  /root/chromium-swiftshader.apk
e015bef72f2950c15b4861d6c22530269d404d499fa7c4611cf4c27d8fed648c  /usr/lib/chromium/libvk_swiftshader.so
c9eef28b6b984fec220ef0abfecc40b502d46946706e47bfe97707027cb818bd  /usr/lib/chromium/vk_swiftshader_icd.json
Wed Sep 23 08:33:53 UTC 2026 [SWIFTSHADER_PAYLOAD] official apk and extracted files present
{"file_format_version": "1.0.0", "ICD": {"library_path": "./libvk_swiftshader.so", "api_version": "1.0.5"}}[PI_MUTEX_PROBE] protocol_rc=95 enotsup=95 mutex_init=0 lock=0 unlock=0 verdict=OK
Wed Sep 23 08:33:53 UTC 2026 [PTHREAD_PI_PROBE_EXIT] rc=0
Wed Sep 23 08:33:53 UTC 2026 ===== B. pathname AF_UNIX SOCK_SEQPACKET control probe =====
[SEQPACKET] socket/bind/listen/connect/accept + one control roundtrip PASS
[SEQPACKET_EXIT] 0 verdict=PATH_SOCKET_OK
Wed Sep 23 08:33:54 UTC 2026 [SEQPACKETPROBE_EXIT] rc=0
Wed Sep 23 08:33:54 UTC 2026 ===== B2. AF_UNIX automatic SO_PASSCRED probe =====
[PASSCRED] received pid=31 uid=0 gid=0 expected_pid=31
[PASSCRED_EXIT] 0 verdict=AUTO_CREDENTIALS_OK
Wed Sep 23 08:33:54 UTC 2026 [PASSCREDPROBE_EXIT] rc=0
Wed Sep 23 08:33:54 UTC 2026 ===== C. standard eudev service and coldplug =====
Wed Sep 23 08:33:56 UTC 2026 udevd_foreground_pid=38 alive=yes
starting version 3.2.14
 does not exist, please run udevadm hwdb --update
Load module index
timestamp of '/etc/udev/rules.d' changed
Reading rules file: /usr/lib/udev/rules.d/50-udev-default.rules
Reading rules file: /usr/lib/udev/rules.d/60-autosuspend.rules
Reading rules file: /usr/lib/udev/rules.d/60-block.rules
Reading rules file: /usr/lib/udev/rules.d/60-cdrom_id.rules
Reading rules file: /usr/lib/udev/rules.d/60-drm.rules
Reading rules file: /usr/lib/udev/rules.d/60-evdev.rules
Reading rules file: /usr/lib/udev/rules.d/60-fido-id.rules
Reading rules file: /usr/lib/udev/rules.d/60-input-id.rules
Reading rules file: /usr/lib/udev/rules.d/60-persistent-alsa.rules
Reading rules file: /usr/lib/udev/rules.d/60-persistent-input.rules
Reading rules file: /usr/lib/udev/rules.d/60-persistent-storage-tape.rules
Reading rules file: /usr/lib/udev/rules.d/60-persistent-storage.rules
Reading rules file: /usr/lib/udev/rules.d/60-persistent-v4l.rules
Reading rules file: /usr/lib/udev/rules.d/60-sensor.rules
Reading rules file: /usr/lib/udev/rules.d/60-serial.rules
Reading rules file: /usr/lib/udev/rules.d/64-btrfs.rules
Reading rules file: /usr/lib/udev/rules.d/70-camera.rules
Reading rules file: /usr/lib/udev/rules.d/70-joystick.rules
Reading rules file: /usr/lib/udev/rules.d/70-memory.rules
Reading rules file: /usr/lib/udev/rules.d/70-mouse.rules
Reading rules file: /usr/lib/udev/rules.d/70-touchpad.rules
Reading rules file: /usr/lib/udev/rules.d/75-net-description.rules
Reading rules file: /usr/lib/udev/rules.d/75-probe_mtd.rules
Reading rules file: /usr/lib/udev/rules.d/78-sound-card.rules
Reading rules file: /usr/lib/udev/rules.d/80-drivers.rules
Reading rules file: /usr/lib/udev/rules.d/81-net-dhcp.rules
Reading rules file: /etc/udev/rules.d/99-xkernel-seat0.rules
rules contain 24576 bytes tokens (2048 * 12 bytes), 9963 bytes strings
1280 strings (16955 bytes), 808 de-duplicated (7465 bytes), 473 trie nodes used
set children_max to 16
Wed Sep 23 08:33:56 UTC 2026 udevd_start_pid=38
Wed Sep 23 08:33:57 UTC 2026 ===== probe kernel KOBJECT_UEVENT delivery to NETLINK group 1 =====
[UEVENT_PROBE] write action=add rc=4 errno=0
[UEVENT_PROBE] poll(15s) rc=0 errno=0 (No error information)
Wed Sep 23 08:34:12 UTC 2026 [UEVENTPROBE_EXIT] rc=6
Wed Sep 23 08:34:14 UTC 2026 udevadm_trigger_rc=0
Wed Sep 23 08:34:22 UTC 2026 udevadm_settle_rc=1
Wed Sep 23 08:34:23 UTC 2026 udevd processes:
   38 root      0:00 udevd --debug
   66 root      0:00 udevd --debug
   67 root      0:00 udevd --debug
Wed Sep 23 08:34:23 UTC 2026 udevd debug tail:
Reading rules file: /usr/lib/udev/rules.d/60-fido-id.rules
Reading rules file: /usr/lib/udev/rules.d/60-input-id.rules
Reading rules file: /usr/lib/udev/rules.d/60-persistent-alsa.rules
Reading rules file: /usr/lib/udev/rules.d/60-persistent-input.rules
Reading rules file: /usr/lib/udev/rules.d/60-persistent-storage-tape.rules
Reading rules file: /usr/lib/udev/rules.d/60-persistent-storage.rules
Reading rules file: /usr/lib/udev/rules.d/60-persistent-v4l.rules
Reading rules file: /usr/lib/udev/rules.d/60-sensor.rules
Reading rules file: /usr/lib/udev/rules.d/60-serial.rules
Reading rules file: /usr/lib/udev/rules.d/64-btrfs.rules
Reading rules file: /usr/lib/udev/rules.d/70-camera.rules
Reading rules file: /usr/lib/udev/rules.d/70-joystick.rules
Reading rules file: /usr/lib/udev/rules.d/70-memory.rules
Reading rules file: /usr/lib/udev/rules.d/70-mouse.rules
Reading rules file: /usr/lib/udev/rules.d/70-touchpad.rules
Reading rules file: /usr/lib/udev/rules.d/75-net-description.rules
Reading rules file: /usr/lib/udev/rules.d/75-probe_mtd.rules
Reading rules file: /usr/lib/udev/rules.d/78-sound-card.rules
Reading rules file: /usr/lib/udev/rules.d/80-drivers.rules
Reading rules file: /usr/lib/udev/rules.d/81-net-dhcp.rules
Reading rules file: /etc/udev/rules.d/99-xkernel-seat0.rules
rules contain 24576 bytes tokens (2048 * 12 bytes), 9963 bytes strings
1280 strings (16955 bytes), 808 de-duplicated (7465 bytes), 473 trie nodes used
seq 1 forked new worker [66]
seq 1 running
seq 2 queued, 'add' 'input'
no db file to read /run/udev/data/c13:64: No such file or directory
GROUP 23 /usr/lib/udev/rules.d/50-udev-default.rules:29
IMPORT builtin 'hwdb' /usr/lib/udev/rules.d/60-evdev.rules:8
IMPORT builtin 'hwdb' returned non-zero
IMPORT builtin 'hwdb' /usr/lib/udev/rules.d/60-evdev.rules:18
IMPORT builtin 'hwdb' returned non-zero
IMPORT builtin 'hwdb' /usr/lib/udev/rules.d/60-evdev.rules:23
IMPORT builtin 'hwdb' returned non-zero
IMPORT builtin 'input_id' /usr/lib/udev/rules.d/60-input-id.rules:5
seq 2 forked new worker [67]
capabilities/ev raw kernel attribute: 20003
capabilities/abs raw kernel attribute: 
capabilities/rel raw kernel attribute: 
capabilities/key raw kernel attribute: 400000007 ff803078f800dfff febeffff7bcfffff fffffffffffffffe
seq 2 running
properties raw kernel attribute: 0
test_key: checking bit block 0 for any keys; found=1
test_key: checking bit block 64 for any keys; found=1
test_key: checking bit block 128 for any keys; found=1
test_key: checking bit block 192 for any keys; found=1
no db file to read /run/udev/data/c13:65: No such file or directory
IMPORT builtin 'hwdb' /usr/lib/udev/rules.d/60-input-id.rules:6
IMPORT builtin 'hwdb' returned non-zero
IMPORT builtin 'path_id' /usr/lib/udev/rules.d/60-persistent-input.rules:35
LINK 'input/by-path/pci-0000:00:05.0-event-kbd' /usr/lib/udev/rules.d/60-persistent-input.rules:37
GROUP 23 /usr/lib/udev/rules.d/50-udev-default.rules:29
IMPORT builtin 'hwdb' /usr/lib/udev/rules.d/60-evdev.rules:8
IMPORT builtin 'hwdb' returned non-zero
handling device node '/dev/input/event0', devnum=c13:64, mode=0660, uid=0, gid=23
set permissions /dev/input/event0, 020660, uid=0, gid=23
creating symlink '/dev/char/13:64' to '../input/event0'
atomically replace '/dev/char/13:64'
symlink '../input/event0' '/dev/char/13:64.tmp-c13:64' failed: Operation not permitted
creating link '/dev/input/by-path/pci-0000:00:05.0-event-kbd' to '/dev/input/event0'
creating symlink '/dev/input/by-path/pci-0000:00:05.0-event-kbd' to '../event0'
atomically replace '/dev/input/by-path/pci-0000:00:05.0-event-kbd'
symlink '../event0' '/dev/input/by-path/pci-0000:00:05.0-event-kbd.tmp-c13:64' failed: Operation not permitted
IMPORT builtin 'hwdb' /usr/lib/udev/rules.d/60-evdev.rules:18
IMPORT builtin 'hwdb' returned non-zero
IMPORT builtin 'hwdb' /usr/lib/udev/rules.d/60-evdev.rules:23
IMPORT builtin 'hwdb' returned non-zero
IMPORT builtin 'input_id' /usr/lib/udev/rules.d/60-input-id.rules:5
capabilities/ev raw kernel attribute: 7
capabilities/abs raw kernel attribute: 
capabilities/rel raw kernel attribute: 103
capabilities/key raw kernel attribute: 30400 00000000001f0000 0000000000000000 0000000000000000 0000000000000000 0000000000000000
properties raw kernel attribute: 0
test_key: checking bit block 0 for any keys; found=0
test_key: checking bit block 64 for any keys; found=0
test_key: checking bit block 128 for any keys; found=0
test_key: checking bit block 192 for any keys; found=0
IMPORT builtin 'hwdb' /usr/lib/udev/rules.d/60-input-id.rules:6
IMPORT builtin 'hwdb' returned non-zero
IMPORT builtin 'path_id' /usr/lib/udev/rules.d/60-persistent-input.rules:35
LINK 'input/by-path/pci-0000:00:06.0-event-mouse' /usr/lib/udev/rules.d/60-persistent-input.rules:37
handling device node '/dev/input/event1', devnum=c13:65, mode=0660, uid=0, gid=23
set permissions /dev/input/event1, 020660, uid=0, gid=23
created db file '/run/udev/data/c13:64' for '/devices/pci0000:00/0000:00:05.0/input/input0/event0'
creating symlink '/dev/char/13:65' to '../input/event1'
atomically replace '/dev/char/13:65'
symlink '../input/event1' '/dev/char/13:65.tmp-c13:65' failed: Operation not permitted
creating link '/dev/input/by-path/pci-0000:00:06.0-event-mouse' to '/dev/input/event1'
creating symlink '/dev/input/by-path/pci-0000:00:06.0-event-mouse' to '../event1'
passed 587 byte device to netlink monitor 0xc3080
seq 1 processed
atomically replace '/dev/input/by-path/pci-0000:00:06.0-event-mouse'
symlink '../event1' '/dev/input/by-path/pci-0000:00:06.0-event-mouse.tmp-c13:65' failed: Operation not permitted
created db file '/run/udev/data/c13:65' for '/devices/pci0000:00/0000:00:06.0/input/input1/event1'
passed 596 byte device to netlink monitor 0xc080
seq 2 processed
no sender credentials received, message ignored
Validate module index
Validate module index
Validate module index
[UDEVINIT] stat path=/dev/input/event0 rc=0 mode=020660 rdev=13:64
[UDEVINIT] by-name want=event0 sysname=event0 init=1 devnode=/dev/input/event0 devnum=13:64 syspath=/sys/devices/pci0000:00/0000:00:05.0/input/input0/event0 ID_INPUT=1 ID_SEAT=seat0
[UDEVINIT] by-devnum want=event0 sysname=event0 init=1 devnode=/dev/input/event0 devnum=13:64 syspath=/sys/devices/pci0000:00/0000:00:05.0/input/input0/event0 ID_INPUT=1 ID_SEAT=seat0
[UDEVINIT] stat path=/dev/input/event1 rc=0 mode=020660 rdev=13:65
[UDEVINIT] by-name want=event1 sysname=event1 init=1 devnode=/dev/input/event1 devnum=13:65 syspath=/sys/devices/pci0000:00/0000:00:06.0/input/input1/event1 ID_INPUT=1 ID_SEAT=seat0
[UDEVINIT] by-devnum want=event1 sysname=event1 init=1 devnode=/dev/input/event1 devnum=13:65 syspath=/sys/devices/pci0000:00/0000:00:06.0/input/input1/event1 ID_INPUT=1 ID_SEAT=seat0
[UDEVINIT_EXIT] done
Wed Sep 23 08:34:24 UTC 2026 [UDEVINITPROBE_EXIT] rc=0
[STATPROBE] path=/dev/input/event0 mode=020660 rdev=13:64
[STATPROBE] attr=/sys/class/input/event0/dev value=13:64
[STATPROBE] path=/dev/input/event1 mode=020660 rdev=13:65
[STATPROBE] attr=/sys/class/input/event1/dev value=13:65
[STATPROBE_EXIT] done
Wed Sep 23 08:34:24 UTC 2026 [STATPROBE_EXIT] rc=0
Wed Sep 23 08:34:24 UTC 2026 sysfs dev/char links:
Wed Sep 23 08:34:24 UTC 2026 /sys/dev/char/13:64 -> ../../devices/pci0000:00/0000:00:05.0/input/input0/event0 dev=13:64
Wed Sep 23 08:34:25 UTC 2026 /sys/dev/char/13:65 -> ../../devices/pci0000:00/0000:00:06.0/input/input1/event1 dev=13:65
Wed Sep 23 08:34:25 UTC 2026 c13:64: S:input/by-path/pci-0000:00:05.0-event-kbd;I:27447127;E:ID_INPUT=1;E:ID_INPUT_KEY=1;E:ID_INPUT_KEYBOARD=1;E:ID_PATH=pci-0000:00:05.0;E:ID_PATH_TAG=pci-0000_00_05_0;E:ID_SEAT=seat0;E:ID_SERIAL=noserial;G:seat;
Wed Sep 23 08:34:25 UTC 2026 c13:65: S:input/by-path/pci-0000:00:06.0-event-mouse;I:27486611;E:ID_INPUT=1;E:ID_INPUT_MOUSE=1;E:ID_PATH=pci-0000:00:06.0;E:ID_PATH_TAG=pci-0000_00_06_0;E:ID_SEAT=seat0;E:ID_SERIAL=noserial;G:seat;
Wed Sep 23 08:34:25 UTC 2026 sysfs class/input entries:
total 0
drwxr-xr-x    4 root     root             0 Jan  1  1970 .
drwxr-xr-x    5 root     root             0 Jan  1  1970 ..
drwxr-xr-x    2 root     root             0 Jan  1  1970 event0
drwxr-xr-x    2 root     root             0 Jan  1  1970 event1
lrwxrwxrwx    1 root     root            50 Jan  1  1970 input0 -> ../../devices/pci0000:00/0000:00:05.0/input/input0
lrwxrwxrwx    1 root     root            50 Jan  1  1970 input1 -> ../../devices/pci0000:00/0000:00:06.0/input/input1
Wed Sep 23 08:34:25 UTC 2026 sysfs bus/input devices:
total 0
drwxr-xr-x    2 root     root             0 Jan  1  1970 .
drwxr-xr-x    4 root     root             0 Jan  1  1970 ..
lrwxrwxrwx    1 root     root            60 Jan  1  1970 event0 -> ../../../devices/pci0000:00/0000:00:05.0/input/input0/event0
lrwxrwxrwx    1 root     root            60 Jan  1  1970 event1 -> ../../../devices/pci0000:00/0000:00:06.0/input/input1/event1
lrwxrwxrwx    1 root     root            53 Jan  1  1970 input0 -> ../../../devices/pci0000:00/0000:00:05.0/input/input0
lrwxrwxrwx    1 root     root            53 Jan  1  1970 input1 -> ../../../devices/pci0000:00/0000:00:06.0/input/input1
Wed Sep 23 08:34:26 UTC 2026 subsystem/input -> ../bus/input
Wed Sep 23 08:34:26 UTC 2026 ===== D. libudev input enumeration =====
==== inputudevprobe: guest libudev input coldplug view ====
[INPUT_UDEV] enumerate input subsystem match_rc=0 scan_rc=0
[INPUT_UDEV] by-name sysname=event0 devnode=/dev/input/event0 devnum=13:64 ID_INPUT=1 ID_SEAT=seat0 KEYBOARD=1 MOUSE=(null)
[INPUT_UDEV] by-name sysname=event1 devnode=/dev/input/event1 devnum=13:65 ID_INPUT=1 ID_SEAT=seat0 KEYBOARD=(null) MOUSE=1
[INPUT_UDEV] list syspath=/sys/devices/pci0000:00/0000:00:05.0/input/input0 sysname=input0
[INPUT_UDEV] list syspath=/sys/devices/pci0000:00/0000:00:05.0/input/input0 sysname=input0
[INPUT_UDEV] list syspath=/sys/devices/pci0000:00/0000:00:05.0/input/input0/event0 sysname=event0
[INPUT_UDEV] list syspath=/sys/devices/pci0000:00/0000:00:05.0/input/input0/event0 sysname=event0
[INPUT_UDEV] sysname=event0 syspath=/sys/devices/pci0000:00/0000:00:05.0/input/input0/event0 devnode=/dev/input/event0 devnum=13:64 ID_INPUT=1 KEYBOARD=1 MOUSE=(null)
[INPUT_UDEV] list syspath=/sys/devices/pci0000:00/0000:00:06.0/input/input1 sysname=input1
[INPUT_UDEV] list syspath=/sys/devices/pci0000:00/0000:00:06.0/input/input1 sysname=input1
[INPUT_UDEV] list syspath=/sys/devices/pci0000:00/0000:00:06.0/input/input1/event1 sysname=event1
[INPUT_UDEV] list syspath=/sys/devices/pci0000:00/0000:00:06.0/input/input1/event1 sysname=event1
[INPUT_UDEV] sysname=event1 syspath=/sys/devices/pci0000:00/0000:00:06.0/input/input1/event1 devnode=/dev/input/event1 devnum=13:65 ID_INPUT=1 KEYBOARD=(null) MOUSE=1
[INPUT_UDEV] by_name_count=2 event_count=2
[INPUT_UDEV_EXIT] 0 verdict=INPUT_UDEV_OK
Wed Sep 23 08:34:27 UTC 2026 [INPUT_UDEVPROBE_EXIT] rc=0
Wed Sep 23 08:34:27 UTC 2026 ===== E. actual evdev node capabilities =====
total 0
crw-rw----    1 root     input      13,  64 Sep 23 08:34 event0
crw-rw----    1 root     input      13,  65 Sep 23 08:34 event1
=== evprobe: evdev 输入设备枚举 ===
[EV] /dev/input/event0
[EV]   EVIOCGNAME  rc=21 name="QEMU Virtio Keyboard"
[EV]   EVIOCGID    bustype=BUS_VIRTUAL(0x0006) vendor=0x0627 product=0x0001 version=0x0001
[EV]   EV  types:  SYN=0 KEY=1 REL=0 ABS=0 MSC=0 SW=0 REP=0
[EV]   key bits:  BTN_LEFT=0 BTN_RIGHT=0 BTN_MIDDLE=0 BTN_TOUCH=0 KEY_A=1 KEY_Z=1 KEY_SPACE=1
[EVSUM] node=/dev/input/event0 minor=1 class=KEYBOARD (rel=0 abs=0 btn=0 kbdkeys=1)
[EV] /dev/input/event1
[EV]   EVIOCGNAME  rc=18 name="QEMU Virtio Mouse"
[EV]   EVIOCGID    bustype=BUS_VIRTUAL(0x0006) vendor=0x0627 product=0x0002 version=0x0002
[EV]   EV  types:  SYN=0 KEY=1 REL=1 ABS=0 MSC=0 SW=0 REP=0
[EV]   key bits:  BTN_LEFT=1 BTN_RIGHT=1 BTN_MIDDLE=1 BTN_TOUCH=1 KEY_A=0 KEY_Z=0 KEY_SPACE=0
[EVSUM] node=/dev/input/event1 minor=2 class=MOUSE (rel=1 abs=0 btn=1 kbdkeys=0)
[EV] /dev/input/event2 open -> -1 errno=2 (No such file or directory)
[EV] /dev/input/event3 open -> -1 errno=2 (No such file or directory)
[EV] /dev/input/event4 open -> -1 errno=2 (No such file or directory)
[EV] /dev/input/event5 open -> -1 errno=2 (No such file or directory)
[EV] /dev/input/event6 open -> -1 errno=2 (No such file or directory)
[EV] /dev/input/event7 open -> -1 errno=2 (No such file or directory)
[EV] /dev/input/event8 open -> -1 errno=2 (No such file or directory)
[EV] /dev/input/event9 open -> -1 errno=2 (No such file or directory)
[EV] /dev/input/event10 open -> -1 errno=2 (No such file or directory)
[EV] /dev/input/event11 open -> -1 errno=2 (No such file or directory)
[EV] /dev/input/event12 open -> -1 errno=2 (No such file or directory)
[EV] /dev/input/event13 open -> -1 errno=2 (No such file or directory)
[EV] /dev/input/event14 open -> -1 errno=2 (No such file or directory)
[EV] /dev/input/event15 open -> -1 errno=2 (No such file or directory)

[EV] 共找到 2 个 evdev 节点
[EVMAP] 建议的 udev 伪造（可用次设备号）：keyboard=c13:1  pointer=c13:2
Wed Sep 23 08:34:29 UTC 2026 [EVPROBE_EXIT] rc=0
Wed Sep 23 08:34:29 UTC 2026 ===== F. Weston DRM + libinput; input is required =====
00:00:00.010 [INFO] [libseat/libseat.c:73] Seat opened with backend 'seatd'
[SEATPROBE] device_id=1 fd=4 id_rc=0 name_rc=21 name=QEMU Virtio Keyboard dev=0006:0001
[SEATPROBE] close_device rc=0 errno=11 (Resource temporarily unavailable)
00:00:00.027 [INFO] [libseat/backend/seatd.c:212] Enabling seat
[SEATPROBE] seat enabled
[SEATPROBE] close_seat rc=0 errno=11 (Resource temporarily unavailable)
[SEATPROBE_EXIT] 0 verdict=LIBSEAT_DEVICE_FD_OK
Wed Sep 23 08:34:31 UTC 2026 [SEATPROBE_EXIT] rc=0
[LIBINPUT_PROBE] open_restricted path=/dev/input/event0 flags=0x80802 fd=5 errno=2 (No such file or directory)
libinput info: event0  - QEMU Virtio Keyboard: is tagged by udev as: Keyboard
libinput info: event0  - QEMU Virtio Keyboard: device is a keyboard
[LIBINPUT_PROBE] add_device path=/dev/input/event0 result=ok errno=2 (No such file or directory)
libinput info: event0  - QEMU Virtio Keyboard: device removed
[LIBINPUT_PROBE] close_restricted fd=5 rc=0 errno=2 (No such file or directory)
[LIBINPUT_PROBE] open_restricted path=/dev/input/event1 flags=0x80802 fd=5 errno=0 (No error information)
libinput info: event1  - QEMU Virtio Mouse: is tagged by udev as: Mouse
libinput info: event1  - QEMU Virtio Mouse: device is a pointer
[LIBINPUT_PROBE] add_device path=/dev/input/event1 result=ok errno=2 (No such file or directory)
libinput info: event1  - QEMU Virtio Mouse: device removed
[LIBINPUT_PROBE] close_restricted fd=5 rc=0 errno=2 (No such file or directory)
[LIBINPUT_PROBE_EXIT] 0 devices_added=2 verdict=LIBINPUT_OK
Wed Sep 23 08:34:31 UTC 2026 [LIBINPUTPROBE_EXIT] rc=0
Wed Sep 23 08:34:42 UTC 2026 weston_alive=yes socket=[/run/user/0/wayland-1]
[08:34:32.372] Command line: weston --backend=drm-backend.so --renderer=pixman --drm-device=card0 --seat=seat0 --idle-time=0 --debug --log=/root/input35-weston.log
[08:34:32.522] using /dev/dri/card0
[08:34:32.954] libinput: configuring device "QEMU Virtio Keyboard".
[08:34:32.956] libinput: configuring device "QEMU Virtio Mouse".
[08:34:33.017] DRM: output Virtual-1 uses shadow framebuffer.
[08:34:33.021] associating input device event0 with output Virtual-1 (none by udev)
[08:34:33.021] associating input device event1 with output Virtual-1 (none by udev)
[08:34:33.023] Output 'Virtual-1' enabled with head(s) Virtual-1
Wed Sep 23 08:34:43 UTC 2026 ===== F.1 standard Wayland shared-memory client =====
Wed Sep 23 08:36:12 UTC 2026 [WESTON_SIMPLE_SHM_EXIT] rc=124
Wed Sep 23 08:36:15 UTC 2026 [WESTON_SIMPLE_SHM_SYNCED]
Wed Sep 23 08:36:15 UTC 2026 ===== G. Chromium normal renderer mode =====
Wed Sep 23 08:36:15 UTC 2026 chromium pid=242
Wed Sep 23 08:36:15 UTC 2026 chromium_alive elapsed=0s
Wed Sep 23 08:36:16 UTC 2026 PROC pid=242 cmd=/usr/lib/chromium/chromium --ozone-platform=wayland --use-gl=angle --use-angle=swiftshader --in-process-gpu --no-sandbox --disable-dev-shm-usage --disable-crash-reporter --disable-breakpad --no-first-run --no-default-browser-check --disable-sync --disable-component-update --disable-background-networking --window-size=1280,800 --start-fullscreen --kiosk --disable-features=SegmentationPlatform,OptimizationGuideModelDownloading,OptimizationHints,WebAppProvider,InterestFeedContentSuggestions --enable-logging=stderr --v=1 --vmodule=*wayland*=2,*ozone*=2,*navigation*=2,*render_process*=2 --user-data-dir=/root/input35-chromium-profile file:///usr/share/html-test/index.html 
Wed Sep 23 08:36:33 UTC 2026 chromium_alive elapsed=15s
Wed Sep 23 08:36:34 UTC 2026 PROC pid=242 cmd=/usr/lib/chromium/chromium --ozone-platform=wayland --use-gl=angle --use-angle=swiftshader --in-process-gpu --no-sandbox --disable-dev-shm-usage --disable-crash-reporter --disable-breakpad --no-first-run --no-default-browser-check --disable-sync --disable-component-update --disable-background-networking --window-size=1280,800 --start-fullscreen --kiosk --disable-features=SegmentationPlatform,OptimizationGuideModelDownloading,OptimizationHints,WebAppProvider,InterestFeedContentSuggestions --enable-logging=stderr --v=1 --vmodule=*wayland*=2,*ozone*=2,*navigation*=2,*render_process*=2 --user-data-dir=/root/input35-chromium-profile file:///usr/share/html-test/index.html 
Wed Sep 23 08:36:51 UTC 2026 chromium_alive elapsed=30s
Wed Sep 23 08:36:52 UTC 2026 PROC pid=242 cmd=/usr/lib/chromium/chromium --ozone-platform=wayland --use-gl=angle --use-angle=swiftshader --in-process-gpu --no-sandbox --disable-dev-shm-usage --disable-crash-reporter --disable-breakpad --no-first-run --no-default-browser-check --disable-sync --disable-component-update --disable-background-networking --window-size=1280,800 --start-fullscreen --kiosk --disable-features=SegmentationPlatform,OptimizationGuideModelDownloading,OptimizationHints,WebAppProvider,InterestFeedContentSuggestions --enable-logging=stderr --v=1 --vmodule=*wayland*=2,*ozone*=2,*navigation*=2,*render_process*=2 --user-data-dir=/root/input35-chromium-profile file:///usr/share/html-test/index.html 
Wed Sep 23 08:36:53 UTC 2026 PROC pid=312 cmd=/proc/self/exe --type=utility --utility-sub-type=network.mojom.NetworkService --lang=en-US --service-sandbox-type=none --no-sandbox --disable-dev-shm-usage --use-angle=swiftshader --use-gl=angle --crashpad-handler-pid=0 --enable-crash-reporter=, --user-data-dir=/root/input35-chromium-profile --change-stack-guard-on-fork=enable --shared-files=v8_context_snapshot_data:100 --metrics-shmem-handle=4,i,11329831458138556511,14551871640732869585,524288 --field-trial-handle=3,i,13248160166557720258,1511381731613362643,262144 --disable-features=InterestFeedContentSuggestions,OptimizationGuideModelDownloading,OptimizationHints,SegmentationPlatform,WebAppProvider --variations-seed-version --trace-process-track-uuid=3190708989122997041 --enable-logging=stderr --v=1 --vmodule=*wayland*=2,*ozone*=2,*navigation*=2,*render_process*=2 
Wed Sep 23 08:37:10 UTC 2026 chromium_alive elapsed=45s
Wed Sep 23 08:37:11 UTC 2026 PROC pid=242 cmd=/usr/lib/chromium/chromium --ozone-platform=wayland --use-gl=angle --use-angle=swiftshader --in-process-gpu --no-sandbox --disable-dev-shm-usage --disable-crash-reporter --disable-breakpad --no-first-run --no-default-browser-check --disable-sync --disable-component-update --disable-background-networking --window-size=1280,800 --start-fullscreen --kiosk --disable-features=SegmentationPlatform,OptimizationGuideModelDownloading,OptimizationHints,WebAppProvider,InterestFeedContentSuggestions --enable-logging=stderr --v=1 --vmodule=*wayland*=2,*ozone*=2,*navigation*=2,*render_process*=2 --user-data-dir=/root/input35-chromium-profile file:///usr/share/html-test/index.html 
Wed Sep 23 08:37:12 UTC 2026 PROC pid=312 cmd=/proc/self/exe --type=utility --utility-sub-type=network.mojom.NetworkService --lang=en-US --service-sandbox-type=none --no-sandbox --disable-dev-shm-usage --use-angle=swiftshader --use-gl=angle --crashpad-handler-pid=0 --enable-crash-reporter=, --user-data-dir=/root/input35-chromium-profile --change-stack-guard-on-fork=enable --shared-files=v8_context_snapshot_data:100 --metrics-shmem-handle=4,i,11329831458138556511,14551871640732869585,524288 --field-trial-handle=3,i,13248160166557720258,1511381731613362643,262144 --disable-features=InterestFeedContentSuggestions,OptimizationGuideModelDownloading,OptimizationHints,SegmentationPlatform,WebAppProvider --variations-seed-version --trace-process-track-uuid=3190708989122997041 --enable-logging=stderr --v=1 --vmodule=*wayland*=2,*ozone*=2,*navigation*=2,*render_process*=2 
Wed Sep 23 08:37:29 UTC 2026 chromium_alive elapsed=60s
Wed Sep 23 08:37:30 UTC 2026 PROC pid=242 cmd=/usr/lib/chromium/chromium --ozone-platform=wayland --use-gl=angle --use-angle=swiftshader --in-process-gpu --no-sandbox --disable-dev-shm-usage --disable-crash-reporter --disable-breakpad --no-first-run --no-default-browser-check --disable-sync --disable-component-update --disable-background-networking --window-size=1280,800 --start-fullscreen --kiosk --disable-features=SegmentationPlatform,OptimizationGuideModelDownloading,OptimizationHints,WebAppProvider,InterestFeedContentSuggestions --enable-logging=stderr --v=1 --vmodule=*wayland*=2,*ozone*=2,*navigation*=2,*render_process*=2 --user-data-dir=/root/input35-chromium-profile file:///usr/share/html-test/index.html 
Wed Sep 23 08:37:31 UTC 2026 PROC pid=312 cmd=/proc/self/exe --type=utility --utility-sub-type=network.mojom.NetworkService --lang=en-US --service-sandbox-type=none --no-sandbox --disable-dev-shm-usage --use-angle=swiftshader --use-gl=angle --crashpad-handler-pid=0 --enable-crash-reporter=, --user-data-dir=/root/input35-chromium-profile --change-stack-guard-on-fork=enable --shared-files=v8_context_snapshot_data:100 --metrics-shmem-handle=4,i,11329831458138556511,14551871640732869585,524288 --field-trial-handle=3,i,13248160166557720258,1511381731613362643,262144 --disable-features=InterestFeedContentSuggestions,OptimizationGuideModelDownloading,OptimizationHints,SegmentationPlatform,WebAppProvider --variations-seed-version --trace-process-track-uuid=3190708989122997041 --enable-logging=stderr --v=1 --vmodule=*wayland*=2,*ozone*=2,*navigation*=2,*render_process*=2 
Wed Sep 23 08:37:47 UTC 2026 chromium_alive elapsed=75s
Wed Sep 23 08:37:49 UTC 2026 PROC pid=242 cmd=/usr/lib/chromium/chromium --ozone-platform=wayland --use-gl=angle --use-angle=swiftshader --in-process-gpu --no-sandbox --disable-dev-shm-usage --disable-crash-reporter --disable-breakpad --no-first-run --no-default-browser-check --disable-sync --disable-component-update --disable-background-networking --window-size=1280,800 --start-fullscreen --kiosk --disable-features=SegmentationPlatform,OptimizationGuideModelDownloading,OptimizationHints,WebAppProvider,InterestFeedContentSuggestions --enable-logging=stderr --v=1 --vmodule=*wayland*=2,*ozone*=2,*navigation*=2,*render_process*=2 --user-data-dir=/root/input35-chromium-profile file:///usr/share/html-test/index.html 
Wed Sep 23 08:37:50 UTC 2026 PROC pid=312 cmd=/proc/self/exe --type=utility --utility-sub-type=network.mojom.NetworkService --lang=en-US --service-sandbox-type=none --no-sandbox --disable-dev-shm-usage --use-angle=swiftshader --use-gl=angle --crashpad-handler-pid=0 --enable-crash-reporter=, --user-data-dir=/root/input35-chromium-profile --change-stack-guard-on-fork=enable --shared-files=v8_context_snapshot_data:100 --metrics-shmem-handle=4,i,11329831458138556511,14551871640732869585,524288 --field-trial-handle=3,i,13248160166557720258,1511381731613362643,262144 --disable-features=InterestFeedContentSuggestions,OptimizationGuideModelDownloading,OptimizationHints,SegmentationPlatform,WebAppProvider --variations-seed-version --trace-process-track-uuid=3190708989122997041 --enable-logging=stderr --v=1 --vmodule=*wayland*=2,*ozone*=2,*navigation*=2,*render_process*=2 
Wed Sep 23 08:38:06 UTC 2026 chromium_alive elapsed=90s
Wed Sep 23 08:38:07 UTC 2026 PROC pid=242 cmd=/usr/lib/chromium/chromium --ozone-platform=wayland --use-gl=angle --use-angle=swiftshader --in-process-gpu --no-sandbox --disable-dev-shm-usage --disable-crash-reporter --disable-breakpad --no-first-run --no-default-browser-check --disable-sync --disable-component-update --disable-background-networking --window-size=1280,800 --start-fullscreen --kiosk --disable-features=SegmentationPlatform,OptimizationGuideModelDownloading,OptimizationHints,WebAppProvider,InterestFeedContentSuggestions --enable-logging=stderr --v=1 --vmodule=*wayland*=2,*ozone*=2,*navigation*=2,*render_process*=2 --user-data-dir=/root/input35-chromium-profile file:///usr/share/html-test/index.html 
Wed Sep 23 08:38:08 UTC 2026 PROC pid=312 cmd=/proc/self/exe --type=utility --utility-sub-type=network.mojom.NetworkService --lang=en-US --service-sandbox-type=none --no-sandbox --disable-dev-shm-usage --use-angle=swiftshader --use-gl=angle --crashpad-handler-pid=0 --enable-crash-reporter=, --user-data-dir=/root/input35-chromium-profile --change-stack-guard-on-fork=enable --shared-files=v8_context_snapshot_data:100 --metrics-shmem-handle=4,i,11329831458138556511,14551871640732869585,524288 --field-trial-handle=3,i,13248160166557720258,1511381731613362643,262144 --disable-features=InterestFeedContentSuggestions,OptimizationGuideModelDownloading,OptimizationHints,SegmentationPlatform,WebAppProvider --variations-seed-version --trace-process-track-uuid=3190708989122997041 --enable-logging=stderr --v=1 --vmodule=*wayland*=2,*ozone*=2,*navigation*=2,*render_process*=2 
Wed Sep 23 08:38:25 UTC 2026 chromium_alive elapsed=105s
Wed Sep 23 08:38:26 UTC 2026 PROC pid=242 cmd=/usr/lib/chromium/chromium --ozone-platform=wayland --use-gl=angle --use-angle=swiftshader --in-process-gpu --no-sandbox --disable-dev-shm-usage --disable-crash-reporter --disable-breakpad --no-first-run --no-default-browser-check --disable-sync --disable-component-update --disable-background-networking --window-size=1280,800 --start-fullscreen --kiosk --disable-features=SegmentationPlatform,OptimizationGuideModelDownloading,OptimizationHints,WebAppProvider,InterestFeedContentSuggestions --enable-logging=stderr --v=1 --vmodule=*wayland*=2,*ozone*=2,*navigation*=2,*render_process*=2 --user-data-dir=/root/input35-chromium-profile file:///usr/share/html-test/index.html 
Wed Sep 23 08:38:27 UTC 2026 PROC pid=312 cmd=/proc/self/exe --type=utility --utility-sub-type=network.mojom.NetworkService --lang=en-US --service-sandbox-type=none --no-sandbox --disable-dev-shm-usage --use-angle=swiftshader --use-gl=angle --crashpad-handler-pid=0 --enable-crash-reporter=, --user-data-dir=/root/input35-chromium-profile --change-stack-guard-on-fork=enable --shared-files=v8_context_snapshot_data:100 --metrics-shmem-handle=4,i,11329831458138556511,14551871640732869585,524288 --field-trial-handle=3,i,13248160166557720258,1511381731613362643,262144 --disable-features=InterestFeedContentSuggestions,OptimizationGuideModelDownloading,OptimizationHints,SegmentationPlatform,WebAppProvider --variations-seed-version --trace-process-track-uuid=3190708989122997041 --enable-logging=stderr --v=1 --vmodule=*wayland*=2,*ozone*=2,*navigation*=2,*render_process*=2 
Wed Sep 23 08:38:43 UTC 2026 chromium_alive elapsed=120s
Wed Sep 23 08:38:45 UTC 2026 PROC pid=242 cmd=/usr/lib/chromium/chromium --ozone-platform=wayland --use-gl=angle --use-angle=swiftshader --in-process-gpu --no-sandbox --disable-dev-shm-usage --disable-crash-reporter --disable-breakpad --no-first-run --no-default-browser-check --disable-sync --disable-component-update --disable-background-networking --window-size=1280,800 --start-fullscreen --kiosk --disable-features=SegmentationPlatform,OptimizationGuideModelDownloading,OptimizationHints,WebAppProvider,InterestFeedContentSuggestions --enable-logging=stderr --v=1 --vmodule=*wayland*=2,*ozone*=2,*navigation*=2,*render_process*=2 --user-data-dir=/root/input35-chromium-profile file:///usr/share/html-test/index.html 
Wed Sep 23 08:38:45 UTC 2026 PROC pid=312 cmd=/proc/self/exe --type=utility --utility-sub-type=network.mojom.NetworkService --lang=en-US --service-sandbox-type=none --no-sandbox --disable-dev-shm-usage --use-angle=swiftshader --use-gl=angle --crashpad-handler-pid=0 --enable-crash-reporter=, --user-data-dir=/root/input35-chromium-profile --change-stack-guard-on-fork=enable --shared-files=v8_context_snapshot_data:100 --metrics-shmem-handle=4,i,11329831458138556511,14551871640732869585,524288 --field-trial-handle=3,i,13248160166557720258,1511381731613362643,262144 --disable-features=InterestFeedContentSuggestions,OptimizationGuideModelDownloading,OptimizationHints,SegmentationPlatform,WebAppProvider --variations-seed-version --trace-process-track-uuid=3190708989122997041 --enable-logging=stderr --v=1 --vmodule=*wayland*=2,*ozone*=2,*navigation*=2,*render_process*=2 
Wed Sep 23 08:39:02 UTC 2026 chromium_alive elapsed=135s
Wed Sep 23 08:39:03 UTC 2026 PROC pid=242 cmd=/usr/lib/chromium/chromium --ozone-platform=wayland --use-gl=angle --use-angle=swiftshader --in-process-gpu --no-sandbox --disable-dev-shm-usage --disable-crash-reporter --disable-breakpad --no-first-run --no-default-browser-check --disable-sync --disable-component-update --disable-background-networking --window-size=1280,800 --start-fullscreen --kiosk --disable-features=SegmentationPlatform,OptimizationGuideModelDownloading,OptimizationHints,WebAppProvider,InterestFeedContentSuggestions --enable-logging=stderr --v=1 --vmodule=*wayland*=2,*ozone*=2,*navigation*=2,*render_process*=2 --user-data-dir=/root/input35-chromium-profile file:///usr/share/html-test/index.html 
Wed Sep 23 08:39:04 UTC 2026 PROC pid=312 cmd=/proc/self/exe --type=utility --utility-sub-type=network.mojom.NetworkService --lang=en-US --service-sandbox-type=none --no-sandbox --disable-dev-shm-usage --use-angle=swiftshader --use-gl=angle --crashpad-handler-pid=0 --enable-crash-reporter=, --user-data-dir=/root/input35-chromium-profile --change-stack-guard-on-fork=enable --shared-files=v8_context_snapshot_data:100 --metrics-shmem-handle=4,i,11329831458138556511,14551871640732869585,524288 --field-trial-handle=3,i,13248160166557720258,1511381731613362643,262144 --disable-features=InterestFeedContentSuggestions,OptimizationGuideModelDownloading,OptimizationHints,SegmentationPlatform,WebAppProvider --variations-seed-version --trace-process-track-uuid=3190708989122997041 --enable-logging=stderr --v=1 --vmodule=*wayland*=2,*ozone*=2,*navigation*=2,*render_process*=2 
Wed Sep 23 08:39:20 UTC 2026 chromium_alive elapsed=150s
Wed Sep 23 08:39:21 UTC 2026 PROC pid=242 cmd=/usr/lib/chromium/chromium --ozone-platform=wayland --use-gl=angle --use-angle=swiftshader --in-process-gpu --no-sandbox --disable-dev-shm-usage --disable-crash-reporter --disable-breakpad --no-first-run --no-default-browser-check --disable-sync --disable-component-update --disable-background-networking --window-size=1280,800 --start-fullscreen --kiosk --disable-features=SegmentationPlatform,OptimizationGuideModelDownloading,OptimizationHints,WebAppProvider,InterestFeedContentSuggestions --enable-logging=stderr --v=1 --vmodule=*wayland*=2,*ozone*=2,*navigation*=2,*render_process*=2 --user-data-dir=/root/input35-chromium-profile file:///usr/share/html-test/index.html 
Wed Sep 23 08:39:23 UTC 2026 PROC pid=312 cmd=/proc/self/exe --type=utility --utility-sub-type=network.mojom.NetworkService --lang=en-US --service-sandbox-type=none --no-sandbox --disable-dev-shm-usage --use-angle=swiftshader --use-gl=angle --crashpad-handler-pid=0 --enable-crash-reporter=, --user-data-dir=/root/input35-chromium-profile --change-stack-guard-on-fork=enable --shared-files=v8_context_snapshot_data:100 --metrics-shmem-handle=4,i,11329831458138556511,14551871640732869585,524288 --field-trial-handle=3,i,13248160166557720258,1511381731613362643,262144 --disable-features=InterestFeedContentSuggestions,OptimizationGuideModelDownloading,OptimizationHints,SegmentationPlatform,WebAppProvider --variations-seed-version --trace-process-track-uuid=3190708989122997041 --enable-logging=stderr --v=1 --vmodule=*wayland*=2,*ozone*=2,*navigation*=2,*render_process*=2 
Wed Sep 23 08:39:39 UTC 2026 chromium_alive elapsed=165s
Wed Sep 23 08:39:40 UTC 2026 PROC pid=242 cmd=/usr/lib/chromium/chromium --ozone-platform=wayland --use-gl=angle --use-angle=swiftshader --in-process-gpu --no-sandbox --disable-dev-shm-usage --disable-crash-reporter --disable-breakpad --no-first-run --no-default-browser-check --disable-sync --disable-component-update --disable-background-networking --window-size=1280,800 --start-fullscreen --kiosk --disable-features=SegmentationPlatform,OptimizationGuideModelDownloading,OptimizationHints,WebAppProvider,InterestFeedContentSuggestions --enable-logging=stderr --v=1 --vmodule=*wayland*=2,*ozone*=2,*navigation*=2,*render_process*=2 --user-data-dir=/root/input35-chromium-profile file:///usr/share/html-test/index.html 
Wed Sep 23 08:39:41 UTC 2026 PROC pid=312 cmd=/proc/self/exe --type=utility --utility-sub-type=network.mojom.NetworkService --lang=en-US --service-sandbox-type=none --no-sandbox --disable-dev-shm-usage --use-angle=swiftshader --use-gl=angle --crashpad-handler-pid=0 --enable-crash-reporter=, --user-data-dir=/root/input35-chromium-profile --change-stack-guard-on-fork=enable --shared-files=v8_context_snapshot_data:100 --metrics-shmem-handle=4,i,11329831458138556511,14551871640732869585,524288 --field-trial-handle=3,i,13248160166557720258,1511381731613362643,262144 --disable-features=InterestFeedContentSuggestions,OptimizationGuideModelDownloading,OptimizationHints,SegmentationPlatform,WebAppProvider --variations-seed-version --trace-process-track-uuid=3190708989122997041 --enable-logging=stderr --v=1 --vmodule=*wayland*=2,*ozone*=2,*navigation*=2,*render_process*=2 
Wed Sep 23 08:39:57 UTC 2026 chromium watchdog timeout=180s; sending SIGTERM
Wed Sep 23 08:41:39 UTC 2026 [INPUT35_CHROMIUM_EXIT] wait_rc=0
Wed Sep 23 08:41:41 UTC 2026 [CHROMIUM_LOG_TAIL_BEGIN]
[242:242:0923/083657.391539:VERBOSE1:chrome/browser/signin/account_consistency_mode_manager.cc:207] Desktop Identity Consistency disabled as sign-in to Chrome is not allowed
[242:242:0923/083657.642270:VERBOSE1:extensions/browser/api/bluetooth_low_energy/bluetooth_low_energy_event_router.cc:291] Initializing BluetoothLowEnergyEventRouter.
[242:242:0923/083657.855790:VERBOSE1:chrome/browser/permissions/prediction_service/prediction_model_handler_provider_factory.cc:58] [PermissionsAI]: PredictionModelHandlerProviderFactory::BuildServiceInstanceForBrowserContext
[242:242:0923/083657.856295:VERBOSE1:chrome/browser/permissions/prediction_service/prediction_model_handler_provider_factory.cc:66] [PermissionsAI]: OptimizationGuideKeyedService not available.
[242:242:0923/083659.150282:VERBOSE1:extensions/browser/extension_registrar.cc:521] AddComponentExtension Web Store
[242:242:0923/083659.151808:VERBOSE1:extensions/browser/extension_registrar.cc:523] Component extension Web Store (ahfgeienlihckogmohjhadlkjgocpleb) installing/upgrading from '' to 0.2
[242:242:0923/083659.478715:VERBOSE1:extensions/browser/extension_registrar.cc:521] AddComponentExtension Chromium PDF Viewer
[242:242:0923/083659.486230:VERBOSE1:extensions/browser/extension_registrar.cc:523] Component extension Chromium PDF Viewer (mhjfbmdgcfjbbpaeojofohoefgiehjai) installing/upgrading from '' to 1
[242:242:0923/083659.536225:VERBOSE1:extensions/browser/extension_registrar.cc:521] AddComponentExtension Google Hangouts
[242:242:0923/083659.536582:VERBOSE1:extensions/browser/extension_registrar.cc:523] Component extension Google Hangouts (nkeimhogjdpnpccoofpliimaahmaaome) installing/upgrading from '' to 1.3.26
[242:242:0923/083659.578744:VERBOSE1:components/signin/internal/identity_manager/mutable_profile_oauth2_token_service_delegate.cc:408] MutablePO2TS::RefreshTokenIsAvailable
[242:242:0923/083659.585660:VERBOSE1:components/signin/internal/identity_manager/mutable_profile_oauth2_token_service_delegate.cc:408] MutablePO2TS::RefreshTokenIsAvailable
[242:242:0923/083659.592254:VERBOSE1:chrome/browser/signin/account_consistency_mode_manager.cc:207] Desktop Identity Consistency disabled as sign-in to Chrome is not allowed
[242:242:0923/083659.594190:VERBOSE1:components/signin/core/browser/account_reconcilor.cc:165] AccountReconcilor::AccountReconcilor
[242:242:0923/083659.594559:VERBOSE1:components/signin/core/browser/account_reconcilor.cc:203] AccountReconcilor::Initialize
[242:288:0923/083659.689636:VERBOSE1:base/files/file_util_posix.cc:317] Cannot stat "/root/input35-chromium-profile/Default/Policy/User Policy": No such file or directory (2)
[242:288:0923/083659.690690:VERBOSE1:base/files/file_util_posix.cc:317] Cannot stat "/root/input35-chromium-profile/Default/Policy/Signing Key": No such file or directory (2)
[242:242:0923/083659.931273:VERBOSE1:chrome/browser/profiles/profile_manager.cc:1277] AddKeepAlive(Default, kBrowserWindow). keep_alives=[kWaitingForFirstBrowserWindow (1), kBrowserWindow (1)]
[242:242:0923/083659.932157:VERBOSE1:chrome/browser/profiles/profile_manager.cc:1359] ClearFirstBrowserWindowKeepAlive(Default). keep_alives=[kBrowserWindow (1)]
[242:290:0923/083701.550361:ERROR:dbus/bus.cc:408] Failed to connect to the bus: Could not parse server address: Unknown address type (examples of valid types are "tcp" and on UNIX "unix")
[242:290:0923/083701.556018:ERROR:dbus/bus.cc:408] Failed to connect to the bus: Could not parse server address: Unknown address type (examples of valid types are "tcp" and on UNIX "unix")
[242:242:0923/083701.932752:WARNING:ui/ozone/platform/wayland/host/wayland_surface.cc:170] Server doesn't support zcr_alpha_compositing_v1.
[242:242:0923/083701.933211:WARNING:ui/ozone/platform/wayland/host/wayland_surface.cc:185] Server doesn't support overlay_prioritizer.
[242:242:0923/083701.933435:WARNING:ui/ozone/platform/wayland/host/wayland_surface.cc:200] Server doesn't support wp_content_type_v1
[242:242:0923/083701.933644:WARNING:ui/ozone/platform/wayland/host/wayland_surface.cc:214] Server doesn't support wp_color_management_surface_v1.
[242:242:0923/083702.162844:WARNING:ui/ozone/platform/wayland/host/wayland_connection.cc:408] text-input-v3 not available.
[242:242:0923/083702.689672:VERBOSE1:chrome/browser/signin/account_consistency_mode_manager.cc:207] Desktop Identity Consistency disabled as sign-in to Chrome is not allowed
[242:242:0923/083704.507377:VERBOSE1:google_apis/gaia/gaia_auth_util.cc:54] Canonicalized @gmail.com to @gmail.com
[242:242:0923/083704.507905:VERBOSE1:google_apis/gaia/gaia_auth_util.cc:54] Canonicalized @gmail.com to @gmail.com
[242:242:0923/083705.546317:VERBOSE1:chrome/browser/enterprise/data_protection/data_protection_navigation_observer.cc:216] enterprise.data_protection: same document navigation: 0
[242:242:0923/083705.547077:VERBOSE1:chrome/browser/enterprise/data_protection/data_protection_navigation_observer.cc:218] enterprise.data_protection: URL to scan: file:///usr/share/html-test/index.html
[242:242:0923/083705.961276:VERBOSE1:components/signin/internal/identity_manager/mutable_profile_oauth2_token_service_delegate.cc:408] MutablePO2TS::RefreshTokenIsAvailable
[242:242:0923/083705.961785:VERBOSE1:chrome/browser/signin/account_consistency_mode_manager.cc:207] Desktop Identity Consistency disabled as sign-in to Chrome is not allowed
[242:242:0923/083706.777061:ERROR:dbus/object_proxy.cc:573] Failed to call method: org.freedesktop.DBus.NameHasOwner: object_path= /org/freedesktop/DBus: unknown error type: 
[242:290:0923/083706.780395:ERROR:dbus/bus.cc:408] Failed to connect to the bus: Could not parse server address: Unknown address type (examples of valid types are "tcp" and on UNIX "unix")
[242:290:0923/083706.782465:ERROR:dbus/bus.cc:408] Failed to connect to the bus: Could not parse server address: Unknown address type (examples of valid types are "tcp" and on UNIX "unix")
[242:290:0923/083706.784189:ERROR:dbus/bus.cc:408] Failed to connect to the bus: Could not parse server address: Unknown address type (examples of valid types are "tcp" and on UNIX "unix")
[242:290:0923/083706.784737:ERROR:dbus/bus.cc:408] Failed to connect to the bus: Could not parse server address: Unknown address type (examples of valid types are "tcp" and on UNIX "unix")
[242:290:0923/083706.785125:ERROR:dbus/bus.cc:408] Failed to connect to the bus: Could not parse server address: Unknown address type (examples of valid types are "tcp" and on UNIX "unix")
[242:290:0923/083706.785512:ERROR:dbus/bus.cc:408] Failed to connect to the bus: Could not parse server address: Unknown address type (examples of valid types are "tcp" and on UNIX "unix")
[242:242:0923/083706.787854:WARNING:device/bluetooth/dbus/bluez_dbus_manager.cc:209] Floss manager service not available, cannot set Floss enable/disable.
[242:242:0923/083707.147950:ERROR:dbus/object_proxy.cc:573] Failed to call method: org.freedesktop.DBus.NameHasOwner: object_path= /org/freedesktop/DBus: unknown error type: 
[242:242:0923/083708.007256:VERBOSE1:components/signin/internal/identity_manager/mutable_profile_oauth2_token_service_delegate.cc:408] MutablePO2TS::RefreshTokenIsAvailable
[242:242:0923/083708.008009:VERBOSE1:chrome/browser/signin/account_consistency_mode_manager.cc:207] Desktop Identity Consistency disabled as sign-in to Chrome is not allowed
[312:343:0923/083708.036719:VERBOSE1:net/base/network_delegate.cc:37] NetworkDelegate::NotifyBeforeURLRequest: http://clients2.google.com/time/1/current?cup2key=9:A3uIX76LxQRTPIkpcxMMfAElif0cDUh6May6YgyyyzM&cup2hreq=e3b0c44298fc1c149afbf4c8996fb92427ae41e4649b934ca495991b7852b855
[242:242:0923/083708.094138:ERROR:dbus/object_proxy.cc:573] Failed to call method: org.freedesktop.DBus.NameHasOwner: object_path= /org/freedesktop/DBus: unknown error type: 
[242:242:0923/083708.094759:VERBOSE1:ui/base/idle/idle_linux.cc:117] org.freedesktop.ScreenSaver D-Bus service does not exist
[242:290:0923/083708.098233:ERROR:dbus/bus.cc:408] Failed to connect to the bus: Could not parse server address: Unknown address type (examples of valid types are "tcp" and on UNIX "unix")
[242:242:0923/083708.098426:ERROR:dbus/object_proxy.cc:573] Failed to call method: org.freedesktop.DBus.NameHasOwner: object_path= /org/freedesktop/DBus: unknown error type: 
[242:242:0923/083708.100820:WARNING:ui/ozone/platform/wayland/host/org_gnome_mutter_idle_monitor.cc:87] org.gnome.Mutter.IdleMonitor D-Bus service does not exist
[242:288:0923/083708.409062:VERBOSE1:content/browser/loader/file_url_loader_factory.cc:474] FileURLLoader::Start: file:///usr/share/html-test/index.html
[242:290:0923/083708.560251:ERROR:dbus/bus.cc:408] Failed to connect to the bus: Failed to connect to socket /run/dbus/system_bus_socket: No such file or directory
[242:290:0923/083708.583133:ERROR:dbus/bus.cc:408] Failed to connect to the bus: Failed to connect to socket /run/dbus/system_bus_socket: No such file or directory
[242:242:0923/083708.701007:ERROR:dbus/object_proxy.cc:573] Failed to call method: org.freedesktop.DBus.NameHasOwner: object_path= /org/freedesktop/DBus: unknown error type: 
[242:242:0923/083708.708550:ERROR:dbus/object_proxy.cc:573] Failed to call method: org.freedesktop.DBus.NameHasOwner: object_path= /org/freedesktop/DBus: unknown error type: 
[242:290:0923/083708.717925:ERROR:dbus/bus.cc:408] Failed to connect to the bus: Could not parse server address: Unknown address type (examples of valid types are "tcp" and on UNIX "unix")
[242:242:0923/083708.726427:ERROR:dbus/object_proxy.cc:573] Failed to call method: org.freedesktop.DBus.NameHasOwner: object_path= /org/freedesktop/DBus: unknown error type: 
[312:348:0923/083708.980219:VERBOSE1:net/disk_cache/simple/simple_index_file.cc:607] Simple Cache Index is being restored from disk.
[312:348:0923/083708.996866:VERBOSE1:base/files/file_util_posix.cc:317] Cannot stat "/root/input35-chromium-profile/Default/Shared Dictionary/cache/index-dir/the-real-index": No such file or directory (2)
[312:343:0923/083709.324189:ERROR:net/socket/tcp_socket_posix.cc:88] Failed to set TCP_KEEPIDLE on fd: 30: Protocol not available (92)
[312:343:0923/083709.600958:ERROR:net/socket/tcp_socket_posix.cc:88] Failed to set TCP_KEEPIDLE on fd: 34: Protocol not available (92)
[242:242:0923/083709.677867:ERROR:dbus/object_proxy.cc:573] Failed to call method: org.freedesktop.DBus.NameHasOwner: object_path= /org/freedesktop/DBus: unknown error type: 
[242:242:0923/083709.678785:VERBOSE1:ui/base/idle/idle_linux.cc:117] org.cinnamon.ScreenSaver D-Bus service does not exist
[242:290:0923/083709.683068:ERROR:dbus/bus.cc:408] Failed to connect to the bus: Could not parse server address: Unknown address type (examples of valid types are "tcp" and on UNIX "unix")
[242:242:0923/083710.010693:WARNING:dbus/property.cc:94] Failed to connect to PropertiesChangedsignal.
[242:242:0923/083710.013373:ERROR:dbus/object_proxy.cc:573] Failed to call method: org.freedesktop.DBus.Properties.GetAll: object_path= /org/freedesktop/UPower/devices/DisplayDevice: unknown error type: 
[242:242:0923/083710.013885:WARNING:dbus/property.cc:174] GetAll request failed for: org.freedesktop.UPower.Device
[242:242:0923/083710.017475:ERROR:dbus/object_proxy.cc:573] Failed to call method: org.freedesktop.DBus.NameHasOwner: object_path= /org/freedesktop/DBus: unknown error type: 
[242:242:0923/083710.745966:VERBOSE1:chrome/browser/web_applications/locks/partitioned_lock_manager.cc:211] Acquiring <PartitionedLockId>{id: 0x31, partition: 0} for Start@chrome/browser/web_applications/generated_icon_fix_manager.cc:60
[242:242:0923/083710.761077:VERBOSE1:chrome/browser/web_applications/locks/partitioned_lock_manager.cc:193] All locks acquired for Start@chrome/browser/web_applications/generated_icon_fix_manager.cc:60
[242:289:0923/083712.286177:VERBOSE1:components/signin/public/webdata/token_service_table.cc:237] Loaded tokens: result = 3 ; number of tokens loaded = 0
[242:242:0923/083712.732032:VERBOSE1:components/signin/internal/identity_manager/mutable_profile_oauth2_token_service_delegate.cc:408] MutablePO2TS::RefreshTokenIsAvailable
[242:242:0923/083713.191467:ERROR:dbus/object_proxy.cc:573] Failed to call method: org.freedesktop.DBus.NameHasOwner: object_path= /org/freedesktop/DBus: unknown error type: 
[242:242:0923/083713.192027:VERBOSE1:ui/base/idle/idle_linux.cc:117] org.gnome.ScreenSaver D-Bus service does not exist
[242:290:0923/083713.193749:ERROR:dbus/bus.cc:408] Failed to connect to the bus: Could not parse server address: Unknown address type (examples of valid types are "tcp" and on UNIX "unix")
[242:242:0923/083713.312254:VERBOSE1:chrome/browser/web_applications/locks/partitioned_lock_manager.cc:235] Releasing <PartitionedLockId>{id: 0x31, partition: 0} requested by Start@chrome/browser/web_applications/generated_icon_fix_manager.cc:60
[242:242:0923/083713.910633:VERBOSE1:components/signin/internal/identity_manager/mutable_profile_oauth2_token_service_delegate.cc:535] MutablePO2TS::OnWebDataServiceRequestDone. Result type: 5
[242:242:0923/083713.911356:VERBOSE1:components/signin/internal/identity_manager/mutable_profile_oauth2_token_service_delegate.cc:592] MutablePO2TS::LoadAllCredentialsIntoMemory; 0 credential(s).
[312:343:0923/083714.318588:VERBOSE1:net/base/network_delegate.cc:37] NetworkDelegate::NotifyBeforeURLRequest: https://www.google.com/async/folae?async=_fmt:pb
[242:242:0923/083714.348969:VERBOSE1:extensions/browser/extension_registrar.cc:521] AddComponentExtension Google Hangouts
[242:242:0923/083714.407471:ERROR:dbus/object_proxy.cc:573] Failed to call method: org.freedesktop.DBus.NameHasOwner: object_path= /org/freedesktop/DBus: unknown error type: 
[242:242:0923/083714.410438:VERBOSE1:ui/base/idle/idle_linux.cc:117] org.mate.ScreenSaver D-Bus service does not exist
[242:290:0923/083714.415667:ERROR:dbus/bus.cc:408] Failed to connect to the bus: Could not parse server address: Unknown address type (examples of valid types are "tcp" and on UNIX "unix")
[312:342:0923/083714.449334:VERBOSE1:net/disk_cache/simple/simple_index_file.cc:607] Simple Cache Index is being restored from disk.
[312:342:0923/083714.455683:VERBOSE1:base/files/file_util_posix.cc:317] Cannot stat "/root/input35-chromium-profile/Default/Cache/Cache_Data/index-dir/the-real-index": No such file or directory (2)
[242:289:0923/083714.484945:VERBOSE1:base/files/file_util_posix.cc:317] Cannot stat "/root/input35-chromium-profile/DeferredBrowserMetrics": No such file or directory (2)
[242:289:0923/083714.510750:VERBOSE1:base/files/file_util_posix.cc:317] Cannot stat "/root/input35-chromium-profile/CrashpadMetrics.pma": No such file or directory (2)
[242:288:0923/083714.524531:VERBOSE1:base/files/file_util_posix.cc:317] Cannot stat "/root/input35-chromium-profile/Breadcrumbs": No such file or directory (2)
[312:342:0923/083714.524887:VERBOSE1:base/files/file_util_posix.cc:317] Cannot stat "/root/input35-chromium-profile/Default/Cache/No_Vary_Search/snapshot-new.baf": No such file or directory (2)
[242:288:0923/083714.526884:VERBOSE1:base/files/file_util_posix.cc:317] Cannot stat "/root/input35-chromium-profile/Default/Media Cache": No such file or directory (2)
[312:342:0923/083714.555459:VERBOSE1:base/files/file_util_posix.cc:317] Cannot stat "/root/input35-chromium-profile/Default/Cache/No_Vary_Search/journal.baj": No such file or directory (2)
[242:289:0923/083714.594189:VERBOSE1:base/files/file_util_posix.cc:317] Cannot stat "/root/input35-chromium-profile/Default/webrtc_event_logs": No such file or directory (2)
[242:289:0923/083714.596517:VERBOSE1:base/files/file_util_posix.cc:317] Cannot stat "/root/input35-chromium-profile/Default/databases": No such file or directory (2)
[242:242:0923/083714.902439:ERROR:dbus/object_proxy.cc:573] Failed to call method: org.freedesktop.DBus.NameHasOwner: object_path= /org/freedesktop/DBus: unknown error type: 
[242:242:0923/083714.910361:VERBOSE1:ui/base/idle/idle_linux.cc:117] org.xfce.ScreenSaver D-Bus service does not exist
[242:242:0923/083714.916125:WARNING:ui/base/idle/idle_linux.cc:98] None of the known D-Bus ScreenSaver services could be used.
[312:343:0923/083714.996209:ERROR:net/socket/tcp_socket_posix.cc:88] Failed to set TCP_KEEPIDLE on fd: 35: Protocol not available (92)
[312:343:0923/083715.036078:ERROR:net/socket/tcp_socket_posix.cc:88] Failed to set TCP_KEEPIDLE on fd: 35: Protocol not available (92)
[312:343:0923/083716.531685:VERBOSE1:net/base/network_delegate.cc:37] NetworkDelegate::NotifyBeforeURLRequest: https://android.clients.google.com/checkin
[312:343:0923/083716.578446:ERROR:net/socket/tcp_socket_posix.cc:88] Failed to set TCP_KEEPIDLE on fd: 30: Protocol not available (92)
[242:242:0923/083716.796681:VERBOSE1:chrome/browser/web_applications/locks/partitioned_lock_manager.cc:211] Acquiring <PartitionedLockId>{id: 0x31, partition: 0} for SynchronizeInstalledApps@chrome/browser/web_applications/externally_managed_app_manager.cc:186
[242:242:0923/083716.797394:VERBOSE1:chrome/browser/web_applications/locks/partitioned_lock_manager.cc:193] All locks acquired for SynchronizeInstalledApps@chrome/browser/web_applications/externally_managed_app_manager.cc:186
[312:343:0923/083716.851548:ERROR:net/socket/tcp_socket_posix.cc:88] Failed to set TCP_KEEPIDLE on fd: 34: Protocol not available (92)
[242:242:0923/083716.881969:VERBOSE1:chrome/browser/web_applications/locks/partitioned_lock_manager.cc:235] Releasing <PartitionedLockId>{id: 0x31, partition: 0} requested by SynchronizeInstalledApps@chrome/browser/web_applications/externally_managed_app_manager.cc:186
[242:242:0923/083717.562694:VERBOSE1:chrome/browser/profiles/profile_manager.cc:1277] AddKeepAlive(Default, kExtensionUpdater). keep_alives=[kBrowserWindow (1), kExtensionUpdater (1)]
[242:288:0923/083717.632049:VERBOSE1:base/files/file_util_posix.cc:317] Cannot stat "/root/input35-chromium-profile/extensions_crx_cache/metadata.json": No such file or directory (2)
[242:242:0923/083717.635115:VERBOSE1:chrome/browser/profiles/profile_manager.cc:1338] RemoveKeepAlive(Default, kExtensionUpdater). keep_alives=[kBrowserWindow (1)]
[242:242:0923/083717.807903:VERBOSE1:chrome/browser/web_applications/locks/partitioned_lock_manager.cc:211] Acquiring <PartitionedLockId>{id: 0x31, partition: 0} for SynchronizeInstalledApps@chrome/browser/web_applications/externally_managed_app_manager.cc:186
[242:242:0923/083717.808644:VERBOSE1:chrome/browser/web_applications/locks/partitioned_lock_manager.cc:193] All locks acquired for SynchronizeInstalledApps@chrome/browser/web_applications/externally_managed_app_manager.cc:186
[242:242:0923/083717.839945:VERBOSE1:chrome/browser/web_applications/locks/partitioned_lock_manager.cc:235] Releasing <PartitionedLockId>{id: 0x31, partition: 0} requested by SynchronizeInstalledApps@chrome/browser/web_applications/externally_managed_app_manager.cc:186
[312:343:0923/083830.178567:ERROR:net/socket/ssl_client_socket_impl.cc:916] handshake failed; returned -1, SSL error code 1, net_error -101
[312:343:0923/083830.208557:ERROR:net/socket/tcp_socket_posix.cc:88] Failed to set TCP_KEEPIDLE on fd: 35: Protocol not available (92)
[312:343:0923/083831.516725:ERROR:net/socket/ssl_client_socket_impl.cc:916] handshake failed; returned -1, SSL error code 1, net_error -101
[312:343:0923/083831.527243:ERROR:net/socket/ssl_client_socket_impl.cc:916] handshake failed; returned -1, SSL error code 1, net_error -101
[312:343:0923/083831.535246:ERROR:net/socket/tcp_socket_posix.cc:88] Failed to set TCP_KEEPIDLE on fd: 30: Protocol not available (92)
[312:343:0923/083831.545491:ERROR:net/socket/tcp_socket_posix.cc:88] Failed to set TCP_KEEPIDLE on fd: 34: Protocol not available (92)
[312:343:0923/083945.159101:ERROR:net/socket/ssl_client_socket_impl.cc:916] handshake failed; returned -1, SSL error code 1, net_error -101
[312:343:0923/083946.654623:ERROR:net/socket/ssl_client_socket_impl.cc:916] handshake failed; returned -1, SSL error code 1, net_error -101
[312:343:0923/083946.663328:ERROR:net/socket/ssl_client_socket_impl.cc:916] handshake failed; returned -1, SSL error code 1, net_error -101
[242:300:0923/083957.971060:VERBOSE1:chrome/browser/shutdown_signal_handlers_posix.cc:131] Handling shutdown for signal 15.
Wed Sep 23 08:41:44 UTC 2026 [CHROMIUM_LOG_TAIL_END]
