[242:242:0923/083624.493529:VERBOSE1:chrome/app/chrome_crash_reporter_client.cc:199] GetCollectStatsConsent(): is_official_chrome_build is false so returning false
[242:242:0923/083626.614466:VERBOSE1:chrome/app/chrome_crash_reporter_client.cc:199] GetCollectStatsConsent(): is_official_chrome_build is false so returning false
[266:266:0923/083632.758129:INFO:third_party/webrtc/rtc_base/cpu_info.cc:75] Available number of cores: 4
[265:265:0923/083632.812744:INFO:third_party/webrtc/rtc_base/cpu_info.cc:75] Available number of cores: 4
[266:266:0923/083632.859199:VERBOSE1:content/zygote/zygote_main_linux.cc:201] ZygoteMain: initializing 0 fork delegates
[265:265:0923/083632.882532:VERBOSE1:content/zygote/zygote_main_linux.cc:201] ZygoteMain: initializing 0 fork delegates
[242:242:0923/083639.224467:VERBOSE1:components/policy/core/common/config_dir_policy_loader.cc:116] Found mandatory policy file: /etc/chromium/policies/managed/kiosk.json
[242:242:0923/083639.279712:VERBOSE1:components/policy/core/common/config_dir_policy_loader.cc:121] Skipping recommended platform policies because no policy file was found at: /etc/chromium/policies/recommended
[242:242:0923/083639.764322:VERBOSE1:components/variations/service/variations_field_trial_creator.cc:80] VariationsSeedUsage:2
[242:242:0923/083639.780354:VERBOSE1:components/variations/service/variations_field_trial_creator.cc:353] VariationsSetupComplete
[242:242:0923/083639.803557:ERROR:ui/ozone/platform/wayland/common/drm_render_node_path_finder.cc:45] drmGetDevices2() has not found any devices: No such file or directory (2)
[242:288:0923/083640.096693:VERBOSE1:base/files/file_util_posix.cc:317] Cannot stat "/root/input35-chromium-profile/VariationsSeedV1": No such file or directory (2)
[242:290:0923/083640.210404:ERROR:dbus/bus.cc:408] Failed to connect to the bus: Failed to connect to socket /run/dbus/system_bus_socket: No such file or directory
[242:242:0923/083640.510896:WARNING:ui/ozone/platform/wayland/ozone_platform_wayland.cc:272] Failed to initialize drm render node handle.
[242:242:0923/083640.575580:WARNING:ui/ozone/platform/wayland/common/wayland_object.cc:119] Binding to wl_shm version 1 but version 2 is available.
[242:242:0923/083645.209496:VERBOSE1:chrome/browser/media/webrtc/webrtc_event_log_manager.cc:122] WebRTC remote-bound event logging enabled.
[242:242:0923/083645.411221:VERBOSE1:components/proxy_config/pref_proxy_config_tracker_impl.cc:199] 0x34000a0300: set chrome proxy config service to 0x340008abe0
[242:242:0923/083645.490863:VERBOSE1:google_apis/api_key_cache.cc:99] Using default value "497550622367-ubtkmd3b2pp5gulba5n6ha6sq4n35ehj.apps.googleusercontent.com" for API key GOOGLE_CLIENT_ID_MAIN
[242:242:0923/083645.492275:VERBOSE1:google_apis/api_key_cache.cc:99] Using default value "NaCX8tIIAphrjs56n3TpHx_e" for API key GOOGLE_CLIENT_SECRET_MAIN
[242:242:0923/083645.496210:VERBOSE1:google_apis/api_key_cache.cc:99] Using default value "497550622367-ubtkmd3b2pp5gulba5n6ha6sq4n35ehj.apps.googleusercontent.com" for API key GOOGLE_CLIENT_ID_REMOTING
[242:242:0923/083645.496627:VERBOSE1:google_apis/api_key_cache.cc:99] Using default value "NaCX8tIIAphrjs56n3TpHx_e" for API key GOOGLE_CLIENT_SECRET_REMOTING
[242:242:0923/083645.496854:VERBOSE1:google_apis/api_key_cache.cc:99] Using default value "497550622367-ubtkmd3b2pp5gulba5n6ha6sq4n35ehj.apps.googleusercontent.com" for API key GOOGLE_CLIENT_ID_REMOTING_HOST
[242:242:0923/083645.499470:VERBOSE1:google_apis/api_key_cache.cc:99] Using default value "NaCX8tIIAphrjs56n3TpHx_e" for API key GOOGLE_CLIENT_SECRET_REMOTING_HOST
[242:242:0923/083646.403388:VERBOSE1:components/device_event_log/device_event_log_impl.cc:200] [08:36:45.920] Display: EVENT: wayland_screen.cc:144 Displays updated, count: 1
[242:242:0923/083646.415810:VERBOSE1:components/device_event_log/device_event_log_impl.cc:200] [08:36:46.414] Display: EVENT: wayland_screen.cc:147 Display[16] bounds=[0,0 1280x800], workarea=[0,0 1280x800], scale=1, rotation=0, panel_rotation=0 external detected
[242:290:0923/083646.587724:ERROR:dbus/bus.cc:408] Failed to connect to the bus: Could not parse server address: Unknown address type (examples of valid types are "tcp" and on UNIX "unix")
[242:290:0923/083646.615977:ERROR:dbus/bus.cc:408] Failed to connect to the bus: Failed to connect to socket /run/dbus/system_bus_socket: No such file or directory
[242:290:0923/083646.653016:ERROR:dbus/bus.cc:408] Failed to connect to the bus: Failed to connect to socket /run/dbus/system_bus_socket: No such file or directory
[242:289:0923/083646.734402:VERBOSE1:base/files/file_util_posix.cc:317] Cannot stat "/root/input35-chromium-profile/component_crx_cache/metadata.json": No such file or directory (2)
[242:306:0923/083647.119917:WARNING:ui/ozone/platform/wayland/ozone_platform_wayland.cc:325] Failed to find drm render node path.
[242:306:0923/083647.130708:WARNING:ui/ozone/platform/wayland/gpu/wayland_buffer_manager_gpu.cc:458] Failed to initialize drm render node handle.
[242:293:0923/083647.508318:VERBOSE1:content/browser/renderer_host/media/media_stream_manager.cc:1555] MSM::InitializeMaybeAsync([this=0x340016f980])
[242:293:0923/083647.562710:VERBOSE1:content/browser/renderer_host/media/media_stream_manager.cc:1555] MDM::MediaDevicesManager()
[242:293:0923/083647.578154:VERBOSE1:content/browser/renderer_host/media/media_stream_manager.cc:1555] MSM::MediaStreamManager([this=0x340016f980]))
[242:288:0923/083647.784079:VERBOSE1:base/files/file_util_posix.cc:317] Cannot stat "/root/input35-chromium-profile/Consent To Send Stats": No such file or directory (2)
[242:242:0923/083648.934407:VERBOSE1:components/os_crypt/sync/key_storage_util_linux.cc:46] Password storage detected desktop environment: (unknown)
[242:242:0923/083648.936428:VERBOSE1:components/os_crypt/sync/key_storage_linux.cc:116] Selected backend for OSCrypt: BASIC_TEXT
[242:242:0923/083648.937652:VERBOSE1:components/os_crypt/sync/key_storage_linux.cc:135] OSCrypt did not initialize a backend.
[242:242:0923/083648.989089:VERBOSE1:components/enterprise/browser/controller/chrome_browser_cloud_management_controller.cc:171] Cloud management controller initialization aborted as CBCM is not enabled. Please use the `--enable-chrome-browser-cloud-management` command line flag to enable it if you are not using the official Google Chrome build.
[242:242:0923/083653.548215:VERBOSE1:chrome/browser/signin/account_consistency_mode_manager.cc:207] Desktop Identity Consistency disabled as sign-in to Chrome is not allowed
[242:242:0923/083653.910224:VERBOSE1:components/device_event_log/device_event_log_impl.cc:200] [08:36:53.874] Bluetooth: EVENT: bluetooth_api.cc:82 BluetoothAPI: 0x34004bf080
[242:306:0923/083654.572889:VERBOSE1:media/gpu/vaapi/vaapi_wrapper.cc:1585] GetHandle(): Either VADisplayStateSingleton::PreSandboxInitialization() hasn't been called or that method failed to find a suitable render node
[242:306:0923/083654.730397:VERBOSE1:components/viz/service/main/viz_main_impl.cc:86] VizNullHypothesis is disabled (not a warning)
[242:288:0923/083654.839082:VERBOSE1:base/files/file_util_posix.cc:317] Cannot stat "/root/input35-chromium-profile/Default/Web Applications/Logs/WebAppInstallManager.log": No such file or directory (2)
[242:290:0923/083655.241091:ERROR:dbus/bus.cc:408] Failed to connect to the bus: Could not parse server address: Unknown address type (examples of valid types are "tcp" and on UNIX "unix")
[242:242:0923/083655.803392:VERBOSE1:components/proxy_config/pref_proxy_config_tracker_impl.cc:199] 0x34000a3000: set chrome proxy config service to 0x340008e320
[242:242:0923/083655.862525:VERBOSE1:chrome/browser/signin/account_consistency_mode_manager.cc:207] Desktop Identity Consistency disabled as sign-in to Chrome is not allowed
[242:242:0923/083655.993752:VERBOSE1:components/signin/internal/identity_manager/mutable_profile_oauth2_token_service_delegate.cc:318] MutablePO2TS::MutablePO2TS
[242:289:0923/083656.703653:VERBOSE1:net/disk_cache/simple/simple_index_file.cc:607] Simple Cache Index is being restored from disk.
[242:288:0923/083656.703672:VERBOSE1:net/disk_cache/simple/simple_index_file.cc:607] Simple Cache Index is being restored from disk.
[242:289:0923/083656.709713:VERBOSE1:base/files/file_util_posix.cc:317] Cannot stat "/root/input35-chromium-profile/Default/Code Cache/wasm/index-dir/the-real-index": No such file or directory (2)
[242:288:0923/083656.710162:VERBOSE1:base/files/file_util_posix.cc:317] Cannot stat "/root/input35-chromium-profile/Default/Code Cache/js/index-dir/the-real-index": No such file or directory (2)
[242:242:0923/083656.812220:VERBOSE1:components/proxy_config/pref_proxy_config_tracker_impl.cc:199] 0x34000a4200: set chrome proxy config service to 0x3400091c00
[242:242:0923/083657.391539:VERBOSE1:chrome/browser/signin/account_consistency_mode_manager.cc:207] Desktop Identity Consistency disabled as sign-in to Chrome is not allowed
[242:242:0923/083657.642270:VERBOSE1:extensions/browser/api/bluetooth_low_energy/bluetooth_low_energy_event_router.cc:291] Initializing BluetoothLowEnergyEventRouter.
[242:242:0923/083657.855790:VERBOSE1:chrome/browser/permissions/prediction_service/prediction_model_handler_provider_factory.cc:58] [PermissionsAI]: PredictionModelHandlerProviderFactory::BuildServiceInstanceForBrowserContext
[242:242:0923/083657.856295:VERBOSE1:chrome/browser/permissions/prediction_service/prediction_model_handler_provider_factory.cc:66] [PermissionsAI]: OptimizationGuideKeyedService not available.
[242:242:0923/083659.150282:VERBOSE1:extensions/browser/extension_registrar.cc:521] AddComponentExtension Web Store
[242:242:0923/083659.151808:VERBOSE1:extensions/browser/extension_registrar.cc:523] Component extension Web Store (ahfgeienlihckogmohjhadlkjgocpleb) installing/upgrading from '' to 0.2
[242:242:0923/083659.478715:VERBOSE1:extensions/browser/extension_registrar.cc:521] AddComponentExtension Chromium PDF Viewer
[242:242:0923/083659.486230:VERBOSE1:extensions/browser/extension_registrar.cc:523] Component extension Chromium PDF Viewer (mhjfbmdgcfjbbpaeojofohoefgiehjai) installing/upgrading from '' to 1
[242:242:0923/083659.536225:VERBOSE1:extensions/browser/extension_registrar.cc:521] AddComponentExtension Google Hangouts
[242:242:0923/083659.536582:VERBOSE1:extensions/browser/extension_registrar.cc:523] Component extension Google Hangouts (nkeimhogjdpnpccoofpliimaahmaaome) installing/upgrading from '' to 1.3.26
[242:242:0923/083659.578744:VERBOSE1:components/signin/internal/identity_manager/mutable_profile_oauth2_token_service_delegate.cc:408] MutablePO2TS::RefreshTokenIsAvailable
[242:242:0923/083659.585660:VERBOSE1:components/signin/internal/identity_manager/mutable_profile_oauth2_token_service_delegate.cc:408] MutablePO2TS::RefreshTokenIsAvailable
[242:242:0923/083659.592254:VERBOSE1:chrome/browser/signin/account_consistency_mode_manager.cc:207] Desktop Identity Consistency disabled as sign-in to Chrome is not allowed
[242:242:0923/083659.594190:VERBOSE1:components/signin/core/browser/account_reconcilor.cc:165] AccountReconcilor::AccountReconcilor
[242:242:0923/083659.594559:VERBOSE1:components/signin/core/browser/account_reconcilor.cc:203] AccountReconcilor::Initialize
[242:288:0923/083659.689636:VERBOSE1:base/files/file_util_posix.cc:317] Cannot stat "/root/input35-chromium-profile/Default/Policy/User Policy": No such file or directory (2)
[242:288:0923/083659.690690:VERBOSE1:base/files/file_util_posix.cc:317] Cannot stat "/root/input35-chromium-profile/Default/Policy/Signing Key": No such file or directory (2)
[242:242:0923/083659.931273:VERBOSE1:chrome/browser/profiles/profile_manager.cc:1277] AddKeepAlive(Default, kBrowserWindow). keep_alives=[kWaitingForFirstBrowserWindow (1), kBrowserWindow (1)]
[242:242:0923/083659.932157:VERBOSE1:chrome/browser/profiles/profile_manager.cc:1359] ClearFirstBrowserWindowKeepAlive(Default). keep_alives=[kBrowserWindow (1)]
[242:290:0923/083701.550361:ERROR:dbus/bus.cc:408] Failed to connect to the bus: Could not parse server address: Unknown address type (examples of valid types are "tcp" and on UNIX "unix")
[242:290:0923/083701.556018:ERROR:dbus/bus.cc:408] Failed to connect to the bus: Could not parse server address: Unknown address type (examples of valid types are "tcp" and on UNIX "unix")
[242:242:0923/083701.932752:WARNING:ui/ozone/platform/wayland/host/wayland_surface.cc:170] Server doesn't support zcr_alpha_compositing_v1.
[242:242:0923/083701.933211:WARNING:ui/ozone/platform/wayland/host/wayland_surface.cc:185] Server doesn't support overlay_prioritizer.
[242:242:0923/083701.933435:WARNING:ui/ozone/platform/wayland/host/wayland_surface.cc:200] Server doesn't support wp_content_type_v1
[242:242:0923/083701.933644:WARNING:ui/ozone/platform/wayland/host/wayland_surface.cc:214] Server doesn't support wp_color_management_surface_v1.
[242:242:0923/083702.162844:WARNING:ui/ozone/platform/wayland/host/wayland_connection.cc:408] text-input-v3 not available.
[242:242:0923/083702.689672:VERBOSE1:chrome/browser/signin/account_consistency_mode_manager.cc:207] Desktop Identity Consistency disabled as sign-in to Chrome is not allowed
[242:242:0923/083704.507377:VERBOSE1:google_apis/gaia/gaia_auth_util.cc:54] Canonicalized @gmail.com to @gmail.com
[242:242:0923/083704.507905:VERBOSE1:google_apis/gaia/gaia_auth_util.cc:54] Canonicalized @gmail.com to @gmail.com
[242:242:0923/083705.546317:VERBOSE1:chrome/browser/enterprise/data_protection/data_protection_navigation_observer.cc:216] enterprise.data_protection: same document navigation: 0
[242:242:0923/083705.547077:VERBOSE1:chrome/browser/enterprise/data_protection/data_protection_navigation_observer.cc:218] enterprise.data_protection: URL to scan: file:///usr/share/html-test/index.html
[242:242:0923/083705.961276:VERBOSE1:components/signin/internal/identity_manager/mutable_profile_oauth2_token_service_delegate.cc:408] MutablePO2TS::RefreshTokenIsAvailable
[242:242:0923/083705.961785:VERBOSE1:chrome/browser/signin/account_consistency_mode_manager.cc:207] Desktop Identity Consistency disabled as sign-in to Chrome is not allowed
[242:242:0923/083706.777061:ERROR:dbus/object_proxy.cc:573] Failed to call method: org.freedesktop.DBus.NameHasOwner: object_path= /org/freedesktop/DBus: unknown error type: 
[242:290:0923/083706.780395:ERROR:dbus/bus.cc:408] Failed to connect to the bus: Could not parse server address: Unknown address type (examples of valid types are "tcp" and on UNIX "unix")
[242:290:0923/083706.782465:ERROR:dbus/bus.cc:408] Failed to connect to the bus: Could not parse server address: Unknown address type (examples of valid types are "tcp" and on UNIX "unix")
[242:290:0923/083706.784189:ERROR:dbus/bus.cc:408] Failed to connect to the bus: Could not parse server address: Unknown address type (examples of valid types are "tcp" and on UNIX "unix")
[242:290:0923/083706.784737:ERROR:dbus/bus.cc:408] Failed to connect to the bus: Could not parse server address: Unknown address type (examples of valid types are "tcp" and on UNIX "unix")
[242:290:0923/083706.785125:ERROR:dbus/bus.cc:408] Failed to connect to the bus: Could not parse server address: Unknown address type (examples of valid types are "tcp" and on UNIX "unix")
[242:290:0923/083706.785512:ERROR:dbus/bus.cc:408] Failed to connect to the bus: Could not parse server address: Unknown address type (examples of valid types are "tcp" and on UNIX "unix")
[242:242:0923/083706.787854:WARNING:device/bluetooth/dbus/bluez_dbus_manager.cc:209] Floss manager service not available, cannot set Floss enable/disable.
[242:242:0923/083707.147950:ERROR:dbus/object_proxy.cc:573] Failed to call method: org.freedesktop.DBus.NameHasOwner: object_path= /org/freedesktop/DBus: unknown error type: 
[242:242:0923/083708.007256:VERBOSE1:components/signin/internal/identity_manager/mutable_profile_oauth2_token_service_delegate.cc:408] MutablePO2TS::RefreshTokenIsAvailable
[242:242:0923/083708.008009:VERBOSE1:chrome/browser/signin/account_consistency_mode_manager.cc:207] Desktop Identity Consistency disabled as sign-in to Chrome is not allowed
[312:343:0923/083708.036719:VERBOSE1:net/base/network_delegate.cc:37] NetworkDelegate::NotifyBeforeURLRequest: http://clients2.google.com/time/1/current?cup2key=9:A3uIX76LxQRTPIkpcxMMfAElif0cDUh6May6YgyyyzM&cup2hreq=e3b0c44298fc1c149afbf4c8996fb92427ae41e4649b934ca495991b7852b855
[242:242:0923/083708.094138:ERROR:dbus/object_proxy.cc:573] Failed to call method: org.freedesktop.DBus.NameHasOwner: object_path= /org/freedesktop/DBus: unknown error type: 
[242:242:0923/083708.094759:VERBOSE1:ui/base/idle/idle_linux.cc:117] org.freedesktop.ScreenSaver D-Bus service does not exist
[242:290:0923/083708.098233:ERROR:dbus/bus.cc:408] Failed to connect to the bus: Could not parse server address: Unknown address type (examples of valid types are "tcp" and on UNIX "unix")
[242:242:0923/083708.098426:ERROR:dbus/object_proxy.cc:573] Failed to call method: org.freedesktop.DBus.NameHasOwner: object_path= /org/freedesktop/DBus: unknown error type: 
[242:242:0923/083708.100820:WARNING:ui/ozone/platform/wayland/host/org_gnome_mutter_idle_monitor.cc:87] org.gnome.Mutter.IdleMonitor D-Bus service does not exist
[242:288:0923/083708.409062:VERBOSE1:content/browser/loader/file_url_loader_factory.cc:474] FileURLLoader::Start: file:///usr/share/html-test/index.html
[242:290:0923/083708.560251:ERROR:dbus/bus.cc:408] Failed to connect to the bus: Failed to connect to socket /run/dbus/system_bus_socket: No such file or directory
[242:290:0923/083708.583133:ERROR:dbus/bus.cc:408] Failed to connect to the bus: Failed to connect to socket /run/dbus/system_bus_socket: No such file or directory
[242:242:0923/083708.701007:ERROR:dbus/object_proxy.cc:573] Failed to call method: org.freedesktop.DBus.NameHasOwner: object_path= /org/freedesktop/DBus: unknown error type: 
[242:242:0923/083708.708550:ERROR:dbus/object_proxy.cc:573] Failed to call method: org.freedesktop.DBus.NameHasOwner: object_path= /org/freedesktop/DBus: unknown error type: 
[242:290:0923/083708.717925:ERROR:dbus/bus.cc:408] Failed to connect to the bus: Could not parse server address: Unknown address type (examples of valid types are "tcp" and on UNIX "unix")
[242:242:0923/083708.726427:ERROR:dbus/object_proxy.cc:573] Failed to call method: org.freedesktop.DBus.NameHasOwner: object_path= /org/freedesktop/DBus: unknown error type: 
[312:348:0923/083708.980219:VERBOSE1:net/disk_cache/simple/simple_index_file.cc:607] Simple Cache Index is being restored from disk.
[312:348:0923/083708.996866:VERBOSE1:base/files/file_util_posix.cc:317] Cannot stat "/root/input35-chromium-profile/Default/Shared Dictionary/cache/index-dir/the-real-index": No such file or directory (2)
[312:343:0923/083709.324189:ERROR:net/socket/tcp_socket_posix.cc:88] Failed to set TCP_KEEPIDLE on fd: 30: Protocol not available (92)
[312:343:0923/083709.600958:ERROR:net/socket/tcp_socket_posix.cc:88] Failed to set TCP_KEEPIDLE on fd: 34: Protocol not available (92)
[242:242:0923/083709.677867:ERROR:dbus/object_proxy.cc:573] Failed to call method: org.freedesktop.DBus.NameHasOwner: object_path= /org/freedesktop/DBus: unknown error type: 
[242:242:0923/083709.678785:VERBOSE1:ui/base/idle/idle_linux.cc:117] org.cinnamon.ScreenSaver D-Bus service does not exist
[242:290:0923/083709.683068:ERROR:dbus/bus.cc:408] Failed to connect to the bus: Could not parse server address: Unknown address type (examples of valid types are "tcp" and on UNIX "unix")
[242:242:0923/083710.010693:WARNING:dbus/property.cc:94] Failed to connect to PropertiesChangedsignal.
[242:242:0923/083710.013373:ERROR:dbus/object_proxy.cc:573] Failed to call method: org.freedesktop.DBus.Properties.GetAll: object_path= /org/freedesktop/UPower/devices/DisplayDevice: unknown error type: 
[242:242:0923/083710.013885:WARNING:dbus/property.cc:174] GetAll request failed for: org.freedesktop.UPower.Device
[242:242:0923/083710.017475:ERROR:dbus/object_proxy.cc:573] Failed to call method: org.freedesktop.DBus.NameHasOwner: object_path= /org/freedesktop/DBus: unknown error type: 
[242:242:0923/083710.745966:VERBOSE1:chrome/browser/web_applications/locks/partitioned_lock_manager.cc:211] Acquiring <PartitionedLockId>{id: 0x31, partition: 0} for Start@chrome/browser/web_applications/generated_icon_fix_manager.cc:60
[242:242:0923/083710.761077:VERBOSE1:chrome/browser/web_applications/locks/partitioned_lock_manager.cc:193] All locks acquired for Start@chrome/browser/web_applications/generated_icon_fix_manager.cc:60
[242:289:0923/083712.286177:VERBOSE1:components/signin/public/webdata/token_service_table.cc:237] Loaded tokens: result = 3 ; number of tokens loaded = 0
[242:242:0923/083712.732032:VERBOSE1:components/signin/internal/identity_manager/mutable_profile_oauth2_token_service_delegate.cc:408] MutablePO2TS::RefreshTokenIsAvailable
[242:242:0923/083713.191467:ERROR:dbus/object_proxy.cc:573] Failed to call method: org.freedesktop.DBus.NameHasOwner: object_path= /org/freedesktop/DBus: unknown error type: 
[242:242:0923/083713.192027:VERBOSE1:ui/base/idle/idle_linux.cc:117] org.gnome.ScreenSaver D-Bus service does not exist
[242:290:0923/083713.193749:ERROR:dbus/bus.cc:408] Failed to connect to the bus: Could not parse server address: Unknown address type (examples of valid types are "tcp" and on UNIX "unix")
[242:242:0923/083713.312254:VERBOSE1:chrome/browser/web_applications/locks/partitioned_lock_manager.cc:235] Releasing <PartitionedLockId>{id: 0x31, partition: 0} requested by Start@chrome/browser/web_applications/generated_icon_fix_manager.cc:60
[242:242:0923/083713.910633:VERBOSE1:components/signin/internal/identity_manager/mutable_profile_oauth2_token_service_delegate.cc:535] MutablePO2TS::OnWebDataServiceRequestDone. Result type: 5
[242:242:0923/083713.911356:VERBOSE1:components/signin/internal/identity_manager/mutable_profile_oauth2_token_service_delegate.cc:592] MutablePO2TS::LoadAllCredentialsIntoMemory; 0 credential(s).
[312:343:0923/083714.318588:VERBOSE1:net/base/network_delegate.cc:37] NetworkDelegate::NotifyBeforeURLRequest: https://www.google.com/async/folae?async=_fmt:pb
[242:242:0923/083714.348969:VERBOSE1:extensions/browser/extension_registrar.cc:521] AddComponentExtension Google Hangouts
[242:242:0923/083714.407471:ERROR:dbus/object_proxy.cc:573] Failed to call method: org.freedesktop.DBus.NameHasOwner: object_path= /org/freedesktop/DBus: unknown error type: 
[242:242:0923/083714.410438:VERBOSE1:ui/base/idle/idle_linux.cc:117] org.mate.ScreenSaver D-Bus service does not exist
[242:290:0923/083714.415667:ERROR:dbus/bus.cc:408] Failed to connect to the bus: Could not parse server address: Unknown address type (examples of valid types are "tcp" and on UNIX "unix")
[312:342:0923/083714.449334:VERBOSE1:net/disk_cache/simple/simple_index_file.cc:607] Simple Cache Index is being restored from disk.
[312:342:0923/083714.455683:VERBOSE1:base/files/file_util_posix.cc:317] Cannot stat "/root/input35-chromium-profile/Default/Cache/Cache_Data/index-dir/the-real-index": No such file or directory (2)
[242:289:0923/083714.484945:VERBOSE1:base/files/file_util_posix.cc:317] Cannot stat "/root/input35-chromium-profile/DeferredBrowserMetrics": No such file or directory (2)
[242:289:0923/083714.510750:VERBOSE1:base/files/file_util_posix.cc:317] Cannot stat "/root/input35-chromium-profile/CrashpadMetrics.pma": No such file or directory (2)
[242:288:0923/083714.524531:VERBOSE1:base/files/file_util_posix.cc:317] Cannot stat "/root/input35-chromium-profile/Breadcrumbs": No such file or directory (2)
[312:342:0923/083714.524887:VERBOSE1:base/files/file_util_posix.cc:317] Cannot stat "/root/input35-chromium-profile/Default/Cache/No_Vary_Search/snapshot-new.baf": No such file or directory (2)
[242:288:0923/083714.526884:VERBOSE1:base/files/file_util_posix.cc:317] Cannot stat "/root/input35-chromium-profile/Default/Media Cache": No such file or directory (2)
[312:342:0923/083714.555459:VERBOSE1:base/files/file_util_posix.cc:317] Cannot stat "/root/input35-chromium-profile/Default/Cache/No_Vary_Search/journal.baj": No such file or directory (2)
[242:289:0923/083714.594189:VERBOSE1:base/files/file_util_posix.cc:317] Cannot stat "/root/input35-chromium-profile/Default/webrtc_event_logs": No such file or directory (2)
[242:289:0923/083714.596517:VERBOSE1:base/files/file_util_posix.cc:317] Cannot stat "/root/input35-chromium-profile/Default/databases": No such file or directory (2)
[242:242:0923/083714.902439:ERROR:dbus/object_proxy.cc:573] Failed to call method: org.freedesktop.DBus.NameHasOwner: object_path= /org/freedesktop/DBus: unknown error type: 
[242:242:0923/083714.910361:VERBOSE1:ui/base/idle/idle_linux.cc:117] org.xfce.ScreenSaver D-Bus service does not exist
[242:242:0923/083714.916125:WARNING:ui/base/idle/idle_linux.cc:98] None of the known D-Bus ScreenSaver services could be used.
[312:343:0923/083714.996209:ERROR:net/socket/tcp_socket_posix.cc:88] Failed to set TCP_KEEPIDLE on fd: 35: Protocol not available (92)
[312:343:0923/083715.036078:ERROR:net/socket/tcp_socket_posix.cc:88] Failed to set TCP_KEEPIDLE on fd: 35: Protocol not available (92)
[312:343:0923/083716.531685:VERBOSE1:net/base/network_delegate.cc:37] NetworkDelegate::NotifyBeforeURLRequest: https://android.clients.google.com/checkin
[312:343:0923/083716.578446:ERROR:net/socket/tcp_socket_posix.cc:88] Failed to set TCP_KEEPIDLE on fd: 30: Protocol not available (92)
[242:242:0923/083716.796681:VERBOSE1:chrome/browser/web_applications/locks/partitioned_lock_manager.cc:211] Acquiring <PartitionedLockId>{id: 0x31, partition: 0} for SynchronizeInstalledApps@chrome/browser/web_applications/externally_managed_app_manager.cc:186
[242:242:0923/083716.797394:VERBOSE1:chrome/browser/web_applications/locks/partitioned_lock_manager.cc:193] All locks acquired for SynchronizeInstalledApps@chrome/browser/web_applications/externally_managed_app_manager.cc:186
[312:343:0923/083716.851548:ERROR:net/socket/tcp_socket_posix.cc:88] Failed to set TCP_KEEPIDLE on fd: 34: Protocol not available (92)
[242:242:0923/083716.881969:VERBOSE1:chrome/browser/web_applications/locks/partitioned_lock_manager.cc:235] Releasing <PartitionedLockId>{id: 0x31, partition: 0} requested by SynchronizeInstalledApps@chrome/browser/web_applications/externally_managed_app_manager.cc:186
[242:242:0923/083717.562694:VERBOSE1:chrome/browser/profiles/profile_manager.cc:1277] AddKeepAlive(Default, kExtensionUpdater). keep_alives=[kBrowserWindow (1), kExtensionUpdater (1)]
[242:288:0923/083717.632049:VERBOSE1:base/files/file_util_posix.cc:317] Cannot stat "/root/input35-chromium-profile/extensions_crx_cache/metadata.json": No such file or directory (2)
[242:242:0923/083717.635115:VERBOSE1:chrome/browser/profiles/profile_manager.cc:1338] RemoveKeepAlive(Default, kExtensionUpdater). keep_alives=[kBrowserWindow (1)]
[242:242:0923/083717.807903:VERBOSE1:chrome/browser/web_applications/locks/partitioned_lock_manager.cc:211] Acquiring <PartitionedLockId>{id: 0x31, partition: 0} for SynchronizeInstalledApps@chrome/browser/web_applications/externally_managed_app_manager.cc:186
[242:242:0923/083717.808644:VERBOSE1:chrome/browser/web_applications/locks/partitioned_lock_manager.cc:193] All locks acquired for SynchronizeInstalledApps@chrome/browser/web_applications/externally_managed_app_manager.cc:186
[242:242:0923/083717.839945:VERBOSE1:chrome/browser/web_applications/locks/partitioned_lock_manager.cc:235] Releasing <PartitionedLockId>{id: 0x31, partition: 0} requested by SynchronizeInstalledApps@chrome/browser/web_applications/externally_managed_app_manager.cc:186
[312:343:0923/083830.178567:ERROR:net/socket/ssl_client_socket_impl.cc:916] handshake failed; returned -1, SSL error code 1, net_error -101
[312:343:0923/083830.208557:ERROR:net/socket/tcp_socket_posix.cc:88] Failed to set TCP_KEEPIDLE on fd: 35: Protocol not available (92)
[312:343:0923/083831.516725:ERROR:net/socket/ssl_client_socket_impl.cc:916] handshake failed; returned -1, SSL error code 1, net_error -101
[312:343:0923/083831.527243:ERROR:net/socket/ssl_client_socket_impl.cc:916] handshake failed; returned -1, SSL error code 1, net_error -101
[312:343:0923/083831.535246:ERROR:net/socket/tcp_socket_posix.cc:88] Failed to set TCP_KEEPIDLE on fd: 30: Protocol not available (92)
[312:343:0923/083831.545491:ERROR:net/socket/tcp_socket_posix.cc:88] Failed to set TCP_KEEPIDLE on fd: 34: Protocol not available (92)
[312:343:0923/083945.159101:ERROR:net/socket/ssl_client_socket_impl.cc:916] handshake failed; returned -1, SSL error code 1, net_error -101
[312:343:0923/083946.654623:ERROR:net/socket/ssl_client_socket_impl.cc:916] handshake failed; returned -1, SSL error code 1, net_error -101
[312:343:0923/083946.663328:ERROR:net/socket/ssl_client_socket_impl.cc:916] handshake failed; returned -1, SSL error code 1, net_error -101
[242:300:0923/083957.971060:VERBOSE1:chrome/browser/shutdown_signal_handlers_posix.cc:131] Handling shutdown for signal 15.
