Date: 2026-09-23 UTC
[08:34:32.368] weston 14.0.2
               https://wayland.freedesktop.org
               Bug reports to: https://gitlab.freedesktop.org/wayland/weston/issues/
               Build: 14.0.2
[08:34:32.372] Command line: weston --backend=drm-backend.so --renderer=pixman --drm-device=card0 --seat=seat0 --idle-time=0 --debug --log=/root/input35-weston.log
[08:34:32.373] OS: Linux, 10.0.0, 10.0.0, aarch64
[08:34:32.373] Flight recorder: enabled
[08:34:32.386] Starting with no config file.
[08:34:32.410] Output repaint window is 7 ms maximum.
[08:34:32.418] Loading module '/usr/lib/libweston-14/drm-backend.so'
[08:34:32.491] initializing drm backend
[08:34:32.495] Trying libseat launcher...
[08:34:32.505] [libseat/libseat.c:62] Seat opened with backend 'seatd'
[08:34:32.506] [libseat/backend/seatd.c:212] Enabling seat
[08:34:32.506] libseat: session control granted
[08:34:32.522] using /dev/dri/card0
[08:34:32.525] DRM: does not support atomic modesetting
[08:34:32.525] DRM: supports GBM modifiers
[08:34:32.525] DRM: does not support Atomic async page flip
[08:34:32.526] DRM: supports picture aspect ratio
[08:34:32.530] Using Pixman renderer
[08:34:32.647] event0  - QEMU Virtio Keyboard: is tagged by udev as: Keyboard
[08:34:32.649] event0  - QEMU Virtio Keyboard: device is a keyboard
[08:34:32.672] event1  - QEMU Virtio Mouse: is tagged by udev as: Mouse
[08:34:32.673] event1  - QEMU Virtio Mouse: device is a pointer
[08:34:32.954] libinput: configuring device "QEMU Virtio Keyboard".
[08:34:32.956] libinput: configuring device "QEMU Virtio Mouse".
[08:34:32.965] DRM: head 'Virtual-1' found, connector 48 is connected, EDID make 'unknown', model 'unknown', serial ''
               Supported EOTF modes: SDR
               Supported colorimetry modes: default
[08:34:32.970] Registered plugin API 'weston_drm_output_api_v1' of size 40
[08:34:32.970] Registered plugin API 'weston_drm_virtual_output_api_v2' of size 48
[08:34:32.973] Color manager: no-op
                 protocol support: no
[08:34:32.988] Output 'Virtual-1' attempts EOTF mode SDR and colorimetry mode default.
[08:34:32.988] Output 'Virtual-1' using color profile: stock sRGB color profile
[08:34:33.017] DRM: output Virtual-1 uses shadow framebuffer.
[08:34:33.018] Output Virtual-1 (crtc 16) video modes:
               current@60.0, current, 70.6 MHz
[08:34:33.021] associating input device event0 with output Virtual-1 (none by udev)
[08:34:33.021] associating input device event1 with output Virtual-1 (none by udev)
[08:34:33.023] Output 'Virtual-1' enabled with head(s) Virtual-1
[08:34:33.023] Compositor capabilities:
               arbitrary surface rotation: yes
               screen capture uses y-flip: no
               cursor planes: yes
               arbitrary resolutions: no
               view mask clipping: yes
               explicit sync: no
               color operations: no
               presentation clock: CLOCK_MONOTONIC, id 1
               presentation clock resolution: 0.000001000 s
[08:34:33.034] Loading module '/usr/lib/weston/desktop-shell.so'
[08:34:33.062] launching '/usr/libexec/weston-keyboard'
[08:34:33.104] launching '/usr/libexec/weston-desktop-shell'
