[48:48:0930/002838.308234:VERBOSE1:chrome/app/chrome_crash_reporter_client.cc:199] GetCollectStatsConsent(): is_official_chrome_build is false so returning false
[48:48:0930/002841.686167:VERBOSE1:chrome/app/chrome_crash_reporter_client.cc:199] GetCollectStatsConsent(): is_official_chrome_build is false so returning false
[136:136:0930/002851.105072:INFO:third_party/webrtc/rtc_base/cpu_info.cc:75] Available number of cores: 4
[137:137:0930/002851.139131:INFO:third_party/webrtc/rtc_base/cpu_info.cc:75] Available number of cores: 4
[136:136:0930/002851.306317:VERBOSE1:content/zygote/zygote_main_linux.cc:201] ZygoteMain: initializing 0 fork delegates
[137:137:0930/002851.306163:VERBOSE1:content/zygote/zygote_main_linux.cc:201] ZygoteMain: initializing 0 fork delegates
[48:48:0930/002852.727259:VERBOSE1:components/policy/core/common/config_dir_policy_loader.cc:116] Found mandatory policy file: /etc/chromium/policies/managed/kiosk.json
[48:48:0930/002852.820794:VERBOSE1:components/policy/core/common/config_dir_policy_loader.cc:121] Skipping recommended platform policies because no policy file was found at: /etc/chromium/policies/recommended
[48:48:0930/002853.224049:VERBOSE1:components/variations/service/variations_field_trial_creator.cc:80] VariationsSeedUsage:2
[48:48:0930/002853.237269:VERBOSE1:components/variations/service/variations_field_trial_creator.cc:353] VariationsSetupComplete
[48:178:0930/002853.626990:VERBOSE1:base/files/file_util_posix.cc:317] Cannot stat "/root/mp-chromium-profile/VariationsSeedV1": No such file or directory (2)
[48:180:0930/002853.732787:ERROR:dbus/bus.cc:408] Failed to connect to the bus: Failed to connect to socket /run/dbus/system_bus_socket: No such file or directory
[48:48:0930/002854.031325:WARNING:ui/ozone/platform/wayland/ozone_platform_wayland.cc:272] Failed to initialize drm render node handle.
[1649523.336]  -> wl_display#1.get_registry(new id wl_registry#2)
[1649540.024]  -> wl_display#1.sync(new id wl_callback#3)
[1649545.151] {Display Queue} wl_display#1.delete_id(3)
[1649547.016] wl_registry#2.global(1, "wl_compositor", 5)
[1649550.207]  -> wl_registry#2.bind(1, "wl_compositor", 4, new id [unknown]#4)
[1649551.224] wl_registry#2.global(2, "wl_subcompositor", 1)
[1649551.479]  -> wl_registry#2.bind(2, "wl_subcompositor", 1, new id [unknown]#5)
[1649551.836] wl_registry#2.global(3, "wp_viewporter", 1)
[1649552.147]  -> wl_registry#2.bind(3, "wp_viewporter", 1, new id [unknown]#6)
[1649552.601] wl_registry#2.global(4, "zxdg_output_manager_v1", 2)
[1649552.933]  -> wl_registry#2.bind(4, "zxdg_output_manager_v1", 2, new id [unknown]#7)
[1649553.447] wl_registry#2.global(5, "wp_presentation", 1)
[1649553.659]  -> wl_registry#2.bind(5, "wp_presentation", 1, new id [unknown]#8)
[1649554.024] wl_registry#2.global(6, "wp_single_pixel_buffer_manager_v1", 1)
[1649557.077]  -> wl_registry#2.bind(6, "wp_single_pixel_buffer_manager_v1", 1, new id [unknown]#9)
[1649557.772] wl_registry#2.global(7, "wp_tearing_control_manager_v1", 1)
[1649558.005] wl_registry#2.global(8, "zwp_relative_pointer_manager_v1", 1)
[1649559.569]  -> wl_registry#2.bind(8, "zwp_relative_pointer_manager_v1", 1, new id [unknown]#10)
[1649560.427] wl_registry#2.global(9, "zwp_pointer_constraints_v1", 1)
[1649562.274]  -> wl_registry#2.bind(9, "zwp_pointer_constraints_v1", 1, new id [unknown]#11)
[1649563.090] wl_registry#2.global(10, "zwp_input_timestamps_manager_v1", 1)
[1649563.317] wl_registry#2.global(11, "weston_capture_v1", 1)
[1649563.504] wl_registry#2.global(12, "wl_data_device_manager", 3)
[1649565.176]  -> wl_registry#2.bind(12, "wl_data_device_manager", 3, new id [unknown]#12)
[1649567.149] wl_registry#2.global(13, "wl_shm", 2)
[48:48:0930/002854.092656:WARNING:ui/ozone/platform/wayland/common/wayland_object.cc:119] Binding to wl_shm version 1 but version 2 is available.
[1649568.185]  -> wl_registry#2.bind(13, "wl_shm", 1, new id [unknown]#13)
[1649568.641] wl_registry#2.global(14, "weston_debug_v1", 1)
[1649568.928] wl_registry#2.global(15, "wl_seat", 7)
[1649570.900]  -> wl_registry#2.bind(15, "wl_seat", 7, new id [unknown]#14)
[1649571.621]  -> wl_data_device_manager#12.get_data_device(new id wl_data_device#15, wl_seat#14)
[1649575.302] wl_registry#2.global(16, "wl_output", 4)
[1649577.072]  -> wl_registry#2.bind(16, "wl_output", 4, new id [unknown]#16)
[1649577.677]  -> zxdg_output_manager_v1#7.get_xdg_output(new id zxdg_output_v1#17, wl_output#16)
[1649582.473] wl_registry#2.global(17, "zwp_input_panel_v1", 1)
[1649582.790] wl_registry#2.global(18, "zwp_input_method_v1", 1)
[1649582.986] wl_registry#2.global(19, "zwp_text_input_manager_v1", 1)
[1649583.180]  -> wl_registry#2.bind(19, "zwp_text_input_manager_v1", 1, new id [unknown]#18)
[1649583.527] wl_registry#2.global(20, "xdg_wm_base", 5)
[1649583.750]  -> wl_registry#2.bind(20, "xdg_wm_base", 5, new id [unknown]#19)
[1649584.131] wl_registry#2.global(21, "weston_desktop_shell", 1)
[1649584.311] wl_callback#3.done(1)
[1649584.809]  -> wl_display#1.sync(new id wl_callback#3)
[1649585.969] wp_presentation#8.clock_id(1)
[1649586.187] discarded wl_shm#13.format(0)
[1649586.349] discarded wl_shm#13.format(1)
[1649586.490] discarded wl_shm#13.format(909199186)
[1649586.624] discarded wl_shm#13.format(875709016)
[1649586.756] discarded wl_shm#13.format(875708993)
[1649586.889] discarded wl_shm#13.format(875714642)
[1649587.021] discarded wl_shm#13.format(875708754)
[1649587.154] discarded wl_shm#13.format(875714626)
[1649587.285] discarded wl_shm#13.format(875708738)
[1649587.422] discarded wl_shm#13.format(808669784)
[1649587.555] discarded wl_shm#13.format(808669761)
[1649587.686] discarded wl_shm#13.format(808665688)
[1649587.820] discarded wl_shm#13.format(808665665)
[1649587.952] wl_seat#14.name("default")
[1649588.162] wl_seat#14.capabilities(2)
[1649588.400]  -> wl_seat#14.get_keyboard(new id wl_keyboard#20)
[1649597.687] wl_output#16.geometry(0, 0, 1280, 800, 0, "unknown", "unknown", 0)
[1649598.207] wl_output#16.scale(1)
[1649598.393] wl_output#16.mode(1, 1280, 800, 59999)
[1649598.573] wl_output#16.name("Virtual-1")
[1649598.849] wl_output#16.description("unknown")
[1649599.116] wl_output#16.done()
[1649599.555] zxdg_output_v1#17.logical_position(0, 0)
[1649599.727] zxdg_output_v1#17.logical_size(1280, 800)
[1649599.893] zxdg_output_v1#17.name("Virtual-1")
[1649600.168] zxdg_output_v1#17.done()
[1649600.935] {Display Queue} wl_display#1.delete_id(3)
[1649601.098] wl_callback#3.done(1)
[1649601.247] wl_keyboard#20.repeat_info(40, 400)
[1649602.961] wl_keyboard#20.keymap(1, fd 28, 65134)
[1651164.544] {Default Queue}  -> wl_display#1.get_registry(new id wl_registry#2)
[1651169.141] {Default Queue}  -> wl_display#1.sync(new id wl_callback#3)
[1651173.698] {Display Queue} wl_display#1.delete_id(3)
[1651174.432] {Default Queue} wl_registry#2.global(1, "wl_compositor", 5)
[1651174.778] {Default Queue}  -> wl_registry#2.bind(1, "wl_compositor", 3, new id [unknown]#4)
[1651175.177] {Default Queue} wl_registry#2.global(2, "wl_subcompositor", 1)
[1651175.434] {Default Queue}  -> wl_registry#2.bind(2, "wl_subcompositor", 1, new id [unknown]#5)
[1651175.643] {Default Queue} wl_registry#2.global(3, "wp_viewporter", 1)
[1651175.910] {Default Queue} wl_registry#2.global(4, "zxdg_output_manager_v1", 2)
[1651176.119] {Default Queue}  -> wl_registry#2.bind(4, "zxdg_output_manager_v1", 2, new id [unknown]#6)
[1651176.382] {Default Queue}  -> wl_display#1.sync(new id wl_callback#7)
[1651176.602] {Default Queue} wl_registry#2.global(5, "wp_presentation", 1)
[1651176.761] {Default Queue} wl_registry#2.global(6, "wp_single_pixel_buffer_manager_v1", 1)
[1651176.912] {Default Queue} wl_registry#2.global(7, "wp_tearing_control_manager_v1", 1)
[1651177.075] {Default Queue} wl_registry#2.global(8, "zwp_relative_pointer_manager_v1", 1)
[1651177.244] {Default Queue} wl_registry#2.global(9, "zwp_pointer_constraints_v1", 1)
[1651177.402] {Default Queue} wl_registry#2.global(10, "zwp_input_timestamps_manager_v1", 1)
[1651177.548] {Default Queue} wl_registry#2.global(11, "weston_capture_v1", 1)
[1651177.695] {Default Queue} wl_registry#2.global(12, "wl_data_device_manager", 3)
[1651177.874] {Default Queue}  -> wl_registry#2.bind(12, "wl_data_device_manager", 3, new id [unknown]#8)
[1651178.171] {Default Queue} wl_registry#2.global(13, "wl_shm", 2)
[1651178.337] {Default Queue}  -> wl_registry#2.bind(13, "wl_shm", 1, new id [unknown]#9)
[1651178.535] {Default Queue} wl_registry#2.global(14, "weston_debug_v1", 1)
[1651178.880] {Default Queue} wl_registry#2.global(15, "wl_seat", 7)
[1651179.241] {Default Queue} wl_registry#2.global(16, "wl_output", 4)
[1651179.427] {Default Queue}  -> wl_registry#2.bind(16, "wl_output", 2, new id [unknown]#10)
[1651184.857] {Default Queue}  -> zxdg_output_manager_v1#6.get_xdg_output(new id zxdg_output_v1#11, wl_output#10)
[1651185.259] {Default Queue}  -> wl_display#1.sync(new id wl_callback#12)
[1651185.452] {Default Queue} wl_registry#2.global(17, "zwp_input_panel_v1", 1)
[1651185.610] {Default Queue} wl_registry#2.global(18, "zwp_input_method_v1", 1)
[1651185.755] {Default Queue} wl_registry#2.global(19, "zwp_text_input_manager_v1", 1)
[1651185.896] {Default Queue} wl_registry#2.global(20, "xdg_wm_base", 5)
[1651186.049] {Default Queue} wl_registry#2.global(21, "weston_desktop_shell", 1)
[1651186.192] {Default Queue} wl_callback#3.done(1)
[1651190.245] {Default Queue}  -> wl_shm#9.create_pool(new id wl_shm_pool#3, fd 32, 2304)
[1651196.570] {Default Queue}  -> wl_shm_pool#3.resize(5568)
[1651197.977] {Default Queue}  -> wl_shm_pool#3.resize(12096)
[1651199.363] {Default Queue}  -> wl_shm_pool#3.resize(25216)
[1651201.401] {Default Queue}  -> wl_registry#2.bind(15, "wl_seat", 5, new id [unknown]#13)
[1651331.797] {Default Queue}  -> wl_compositor#4.create_surface(new id wl_surface#14)
[1651335.901] {Default Queue}  -> wl_data_device_manager#8.get_data_device(new id wl_data_device#15, wl_seat#13)
[1651345.212] {Default Queue}  -> wl_compositor#4.create_surface(new id wl_surface#16)
[1651345.867] {Default Queue}  -> wl_display#1.sync(new id wl_callback#17)
[1651351.814] {Display Queue} wl_display#1.delete_id(7)
[1651352.050] {Display Queue} wl_display#1.delete_id(12)
[1651352.160] {Display Queue} wl_display#1.delete_id(17)
[1651352.265] {Default Queue} wl_callback#7.done(1)
[1651352.512] {Default Queue} wl_shm#9.format(0)
[1651352.630] {Default Queue} wl_shm#9.format(1)
[1651352.734] {Default Queue} wl_shm#9.format(909199186)
[1651352.837] {Default Queue} wl_shm#9.format(875709016)
[1651352.938] {Default Queue} wl_shm#9.format(875708993)
[1651353.053] {Default Queue} wl_shm#9.format(875714642)
[1651353.158] {Default Queue} wl_shm#9.format(875708754)
[1651353.261] {Default Queue} wl_shm#9.format(875714626)
[1651353.388] {Default Queue} wl_shm#9.format(875708738)
[1651353.508] {Default Queue} wl_shm#9.format(808669784)
[1651353.612] {Default Queue} wl_shm#9.format(808669761)
[1651353.715] {Default Queue} wl_shm#9.format(808665688)
[1651353.820] {Default Queue} wl_shm#9.format(808665665)
[1651353.924] {Default Queue} wl_output#10.geometry(0, 0, 1280, 800, 0, "unknown", "unknown", 0)
[1651354.908] {Default Queue} wl_output#10.scale(1)
[1651355.076] {Default Queue} wl_output#10.mode(1, 1280, 800, 59999)
[1651355.252] {Default Queue} wl_output#10.done()
[1651355.439] {Default Queue} zxdg_output_v1#11.logical_position(0, 0)
[1651355.572] {Default Queue} zxdg_output_v1#11.logical_size(1280, 800)
[1651355.698] {Default Queue} zxdg_output_v1#11.name("Virtual-1")
[1651355.998] {Default Queue} zxdg_output_v1#11.done()
[1651359.164] {Default Queue} wl_callback#12.done(1)
[1651359.411] {Default Queue} wl_seat#13.name("default")
[1651359.551] {Default Queue} wl_seat#13.capabilities(2)
[1651362.132] {Default Queue}  -> wl_seat#13.get_keyboard(new id wl_keyboard#12)
[1651364.288] {Default Queue} wl_callback#17.done(1)
[1651364.607] {Default Queue}  -> wl_registry#2.bind(20, "xdg_wm_base", 5, new id [unknown]#17)
[48:48:0930/002857.953587:VERBOSE1:chrome/browser/media/webrtc/webrtc_event_log_manager.cc:122] WebRTC remote-bound event logging enabled.
[48:48:0930/002858.203429:VERBOSE1:components/proxy_config/pref_proxy_config_tracker_impl.cc:199] 0x1402399500: set chrome proxy config service to 0x1402272be0
[48:48:0930/002858.277329:VERBOSE1:google_apis/api_key_cache.cc:99] Using default value "497550622367-ubtkmd3b2pp5gulba5n6ha6sq4n35ehj.apps.googleusercontent.com" for API key GOOGLE_CLIENT_ID_MAIN
[48:48:0930/002858.278953:VERBOSE1:google_apis/api_key_cache.cc:99] Using default value "NaCX8tIIAphrjs56n3TpHx_e" for API key GOOGLE_CLIENT_SECRET_MAIN
[48:48:0930/002858.283855:VERBOSE1:google_apis/api_key_cache.cc:99] Using default value "497550622367-ubtkmd3b2pp5gulba5n6ha6sq4n35ehj.apps.googleusercontent.com" for API key GOOGLE_CLIENT_ID_REMOTING
[48:48:0930/002858.284241:VERBOSE1:google_apis/api_key_cache.cc:99] Using default value "NaCX8tIIAphrjs56n3TpHx_e" for API key GOOGLE_CLIENT_SECRET_REMOTING
[48:48:0930/002858.284510:VERBOSE1:google_apis/api_key_cache.cc:99] Using default value "497550622367-ubtkmd3b2pp5gulba5n6ha6sq4n35ehj.apps.googleusercontent.com" for API key GOOGLE_CLIENT_ID_REMOTING_HOST
[48:48:0930/002858.285945:VERBOSE1:google_apis/api_key_cache.cc:99] Using default value "NaCX8tIIAphrjs56n3TpHx_e" for API key GOOGLE_CLIENT_SECRET_REMOTING_HOST
[48:48:0930/002900.056448:VERBOSE1:components/device_event_log/device_event_log_impl.cc:200] [00:28:59.033] Display: EVENT: wayland_screen.cc:144 Displays updated, count: 1
[48:48:0930/002900.069823:VERBOSE1:components/device_event_log/device_event_log_impl.cc:200] [00:29:00.067] Display: EVENT: wayland_screen.cc:147 Display[16] bounds=[0,0 1280x800], workarea=[0,0 1280x800], scale=1, rotation=0, panel_rotation=0 external detected
[48:180:0930/002900.325448:ERROR:dbus/bus.cc:408] Failed to connect to the bus: Could not parse server address: Unknown address type (examples of valid types are "tcp" and on UNIX "unix")
[48:180:0930/002900.345616:ERROR:dbus/bus.cc:408] Failed to connect to the bus: Failed to connect to socket /run/dbus/system_bus_socket: No such file or directory
[48:180:0930/002900.370939:ERROR:dbus/bus.cc:408] Failed to connect to the bus: Failed to connect to socket /run/dbus/system_bus_socket: No such file or directory
[48:181:0930/002900.481041:VERBOSE1:base/files/file_util_posix.cc:317] Cannot stat "/root/mp-chromium-profile/component_crx_cache/metadata.json": No such file or directory (2)
[48:183:0930/002901.758897:VERBOSE1:content/browser/renderer_host/media/media_stream_manager.cc:1555] MSM::InitializeMaybeAsync([this=0x140236f980])
[48:183:0930/002901.788748:VERBOSE1:content/browser/renderer_host/media/media_stream_manager.cc:1555] MDM::MediaDevicesManager()
[48:183:0930/002901.794318:VERBOSE1:content/browser/renderer_host/media/media_stream_manager.cc:1555] MSM::MediaStreamManager([this=0x140236f980]))
[48:178:0930/002901.928441:VERBOSE1:base/files/file_util_posix.cc:317] Cannot stat "/root/mp-chromium-profile/Consent To Send Stats": No such file or directory (2)
[230:230:0930/002902.334505:WARNING:ui/ozone/platform/wayland/ozone_platform_wayland.cc:325] Failed to find drm render node path.
[230:230:0930/002902.460550:WARNING:ui/ozone/platform/wayland/gpu/wayland_buffer_manager_gpu.cc:458] Failed to initialize drm render node handle.
[48:48:0930/002902.730238:VERBOSE1:components/os_crypt/sync/key_storage_util_linux.cc:46] Password storage detected desktop environment: (unknown)
[48:48:0930/002902.731946:VERBOSE1:components/os_crypt/sync/key_storage_linux.cc:116] Selected backend for OSCrypt: BASIC_TEXT
[48:48:0930/002902.740267:VERBOSE1:components/os_crypt/sync/key_storage_linux.cc:135] OSCrypt did not initialize a backend.
[48:48:0930/002902.794604:VERBOSE1:components/enterprise/browser/controller/chrome_browser_cloud_management_controller.cc:171] Cloud management controller initialization aborted as CBCM is not enabled. Please use the `--enable-chrome-browser-cloud-management` command line flag to enable it if you are not using the official Google Chrome build.
[230:230:0930/002903.591606:ERROR:ui/gl/angle_platform_impl.cc:42] vk_renderer.cpp:187 (VerifyExtensionsPresent): Extension not supported: VK_EXT_headless_surface
ERR: vk_renderer.cpp:187 (VerifyExtensionsPresent): Extension not supported: VK_EXT_headless_surface
[230:230:0930/002903.600852:ERROR:ui/gl/angle_platform_impl.cc:42] vk_renderer.cpp:187 (VerifyExtensionsPresent): Extension not supported: VK_KHR_surface
ERR: vk_renderer.cpp:187 (VerifyExtensionsPresent): Extension not supported: VK_KHR_surface
[230:230:0930/002903.611967:ERROR:ui/gl/angle_platform_impl.cc:42] Display.cpp:1093 (initialize): ANGLE Display::initialize error 0: Internal Vulkan error (-7): A requested extension is not supported, in ../../third_party/angle/src/libANGLE/renderer/vulkan/vk_renderer.cpp, enableInstanceExtensions:2252.
ERR: Display.cpp:1093 (initialize): ANGLE Display::initialize error 0: Internal Vulkan error (-7): A requested extension is not supported, in ../../third_party/angle/src/libANGLE/renderer/vulkan/vk_renderer.cpp, enableInstanceExtensions:2252.
[230:230:0930/002903.619472:ERROR:ui/gl/egl_util.cc:92] EGL Driver message (Critical) eglInitialize: Internal Vulkan error (-7): A requested extension is not supported, in ../../third_party/angle/src/libANGLE/renderer/vulkan/vk_renderer.cpp, enableInstanceExtensions:2252.
[230:230:0930/002903.625904:ERROR:ui/gl/gl_display.cc:639] eglInitialize SwANGLE failed with error EGL_NOT_INITIALIZED
[230:230:0930/002903.630328:ERROR:ui/gl/gl_display.cc:674] Initialization of all EGL display types failed.
[230:230:0930/002903.634624:ERROR:ui/ozone/common/gl_ozone_egl.cc:26] GLDisplayEGL::Initialize failed.
[230:230:0930/002903.766957:ERROR:ui/gl/angle_platform_impl.cc:42] vk_renderer.cpp:187 (VerifyExtensionsPresent): Extension not supported: VK_EXT_headless_surface
ERR: vk_renderer.cpp:187 (VerifyExtensionsPresent): Extension not supported: VK_EXT_headless_surface
[230:230:0930/002903.772669:ERROR:ui/gl/angle_platform_impl.cc:42] vk_renderer.cpp:187 (VerifyExtensionsPresent): Extension not supported: VK_KHR_surface
ERR: vk_renderer.cpp:187 (VerifyExtensionsPresent): Extension not supported: VK_KHR_surface
[230:230:0930/002903.777838:ERROR:ui/gl/angle_platform_impl.cc:42] Display.cpp:1093 (initialize): ANGLE Display::initialize error 0: Internal Vulkan error (-7): A requested extension is not supported, in ../../third_party/angle/src/libANGLE/renderer/vulkan/vk_renderer.cpp, enableInstanceExtensions:2252.
ERR: Display.cpp:1093 (initialize): ANGLE Display::initialize error 0: Internal Vulkan error (-7): A requested extension is not supported, in ../../third_party/angle/src/libANGLE/renderer/vulkan/vk_renderer.cpp, enableInstanceExtensions:2252.
[230:230:0930/002903.781996:ERROR:ui/gl/egl_util.cc:92] EGL Driver message (Critical) eglInitialize: Internal Vulkan error (-7): A requested extension is not supported, in ../../third_party/angle/src/libANGLE/renderer/vulkan/vk_renderer.cpp, enableInstanceExtensions:2252.
[230:230:0930/002903.786962:ERROR:ui/gl/gl_display.cc:639] eglInitialize SwANGLE failed with error EGL_NOT_INITIALIZED
[230:230:0930/002903.791183:ERROR:ui/gl/gl_display.cc:674] Initialization of all EGL display types failed.
[230:230:0930/002903.795310:ERROR:ui/ozone/common/gl_ozone_egl.cc:26] GLDisplayEGL::Initialize failed.
[230:230:0930/002903.800755:VERBOSE1:gpu/ipc/service/gpu_init.cc:510] gl::init::InitializeGLNoExtensionsOneOff failed
[230:230:0930/002904.225125:VERBOSE1:components/viz/service/main/viz_main_impl.cc:86] VizNullHypothesis is disabled (not a warning)
[230:230:0930/002904.422506:ERROR:components/viz/service/main/viz_main_impl.cc:189] Exiting GPU process due to errors during initialization
[48:48:0930/002906.503124:VERBOSE1:chrome/browser/signin/account_consistency_mode_manager.cc:207] Desktop Identity Consistency disabled as sign-in to Chrome is not allowed
[48:48:0930/002906.612788:VERBOSE1:components/device_event_log/device_event_log_impl.cc:200] [00:29:06.607] Bluetooth: EVENT: bluetooth_api.cc:82 BluetoothAPI: 0x14026ba0c0
[48:48:0930/002906.676294:VERBOSE2:components/content_settings/core/browser/content_settings_policy_provider.cc:452] Skipping unset preference: profile.managed_automatic_fullscreen_allowed_for_urls
[48:48:0930/002906.676875:VERBOSE2:components/content_settings/core/browser/content_settings_policy_provider.cc:452] Skipping unset preference: profile.managed_automatic_fullscreen_blocked_for_urls
[48:48:0930/002906.677376:VERBOSE2:components/content_settings/core/browser/content_settings_policy_provider.cc:452] Skipping unset preference: profile.managed_cookies_allowed_for_urls
[48:48:0930/002906.677801:VERBOSE2:components/content_settings/core/browser/content_settings_policy_provider.cc:452] Skipping unset preference: profile.managed_cookies_blocked_for_urls
[48:48:0930/002906.678041:VERBOSE2:components/content_settings/core/browser/content_settings_policy_provider.cc:452] Skipping unset preference: profile.managed_cookies_sessiononly_for_urls
[48:48:0930/002906.678283:VERBOSE2:components/content_settings/core/browser/content_settings_policy_provider.cc:452] Skipping unset preference: profile.managed_access_to_get_all_screens_media_in_session_allowed_for_urls
[48:48:0930/002906.678543:VERBOSE2:components/content_settings/core/browser/content_settings_policy_provider.cc:452] Skipping unset preference: profile.managed_images_allowed_for_urls
[48:48:0930/002906.678937:VERBOSE2:components/content_settings/core/browser/content_settings_policy_provider.cc:452] Skipping unset preference: profile.managed_images_blocked_for_urls
[48:48:0930/002906.679304:VERBOSE2:components/content_settings/core/browser/content_settings_policy_provider.cc:452] Skipping unset preference: profile.managed_insecure_content_allowed_for_urls
[48:48:0930/002906.679653:VERBOSE2:components/content_settings/core/browser/content_settings_policy_provider.cc:452] Skipping unset preference: profile.managed_insecure_content_blocked_for_urls
[48:48:0930/002906.679974:VERBOSE2:components/content_settings/core/browser/content_settings_policy_provider.cc:452] Skipping unset preference: profile.managed_javascript_allowed_for_urls
[48:48:0930/002906.680316:VERBOSE2:components/content_settings/core/browser/content_settings_policy_provider.cc:452] Skipping unset preference: profile.managed_javascript_blocked_for_urls
[48:48:0930/002906.680637:VERBOSE2:components/content_settings/core/browser/content_settings_policy_provider.cc:452] Skipping unset preference: profile.managed_clipboard_allowed_for_urls
[48:48:0930/002906.680925:VERBOSE2:components/content_settings/core/browser/content_settings_policy_provider.cc:452] Skipping unset preference: profile.managed_clipboard_blocked_for_urls
[48:48:0930/002906.681260:VERBOSE2:components/content_settings/core/browser/content_settings_policy_provider.cc:452] Skipping unset preference: profile.managed_notifications_allowed_for_urls
[48:48:0930/002906.681765:VERBOSE2:components/content_settings/core/browser/content_settings_policy_provider.cc:452] Skipping unset preference: profile.managed_notifications_blocked_for_urls
[48:48:0930/002906.682256:VERBOSE2:components/content_settings/core/browser/content_settings_policy_provider.cc:452] Skipping unset preference: profile.managed_popups_allowed_for_urls
[48:48:0930/002906.682591:VERBOSE2:components/content_settings/core/browser/content_settings_policy_provider.cc:452] Skipping unset preference: profile.managed_popups_blocked_for_urls
[48:48:0930/002906.682886:VERBOSE2:components/content_settings/core/browser/content_settings_policy_provider.cc:452] Skipping unset preference: profile.managed_web_usb_ask_for_urls
[48:48:0930/002906.683221:VERBOSE2:components/content_settings/core/browser/content_settings_policy_provider.cc:452] Skipping unset preference: profile.managed_web_usb_blocked_for_urls
[48:48:0930/002906.683583:VERBOSE2:components/content_settings/core/browser/content_settings_policy_provider.cc:452] Skipping unset preference: profile.managed_file_system_read_ask_for_urls
[48:48:0930/002906.683924:VERBOSE2:components/content_settings/core/browser/content_settings_policy_provider.cc:452] Skipping unset preference: profile.managed_file_system_read_blocked_for_urls
[48:48:0930/002906.684229:VERBOSE2:components/content_settings/core/browser/content_settings_policy_provider.cc:452] Skipping unset preference: profile.managed_file_system_write_ask_for_urls
[48:48:0930/002906.684549:VERBOSE2:components/content_settings/core/browser/content_settings_policy_provider.cc:452] Skipping unset preference: profile.managed_file_system_write_blocked_for_urls
[48:48:0930/002906.685014:VERBOSE2:components/content_settings/core/browser/content_settings_policy_provider.cc:452] Skipping unset preference: profile.managed_legacy_cookie_access_allowed_for_domains
[48:48:0930/002906.685350:VERBOSE2:components/content_settings/core/browser/content_settings_policy_provider.cc:452] Skipping unset preference: profile.managed_default_content_settings.legacy_cookie_scope
[48:48:0930/002906.685865:VERBOSE2:components/content_settings/core/browser/content_settings_policy_provider.cc:452] Skipping unset preference: profile.managed_legacy_cookie_scope_for_domains
[48:48:0930/002906.686212:VERBOSE2:components/content_settings/core/browser/content_settings_policy_provider.cc:452] Skipping unset preference: profile.managed_serial_ask_for_urls
[48:48:0930/002906.686558:VERBOSE2:components/content_settings/core/browser/content_settings_policy_provider.cc:452] Skipping unset preference: profile.managed_serial_blocked_for_urls
[48:48:0930/002906.686884:VERBOSE2:components/content_settings/core/browser/content_settings_policy_provider.cc:452] Skipping unset preference: profile.managed_sensors_allowed_for_urls
[48:48:0930/002906.687273:VERBOSE2:components/content_settings/core/browser/content_settings_policy_provider.cc:452] Skipping unset preference: profile.managed_sensors_blocked_for_urls
[48:48:0930/002906.687675:VERBOSE2:components/content_settings/core/browser/content_settings_policy_provider.cc:452] Skipping unset preference: profile.managed_javascript_jit_allowed_for_sites
[48:48:0930/002906.688002:VERBOSE2:components/content_settings/core/browser/content_settings_policy_provider.cc:452] Skipping unset preference: profile.managed_javascript_jit_blocked_for_sites
[48:48:0930/002906.688339:VERBOSE2:components/content_settings/core/browser/content_settings_policy_provider.cc:452] Skipping unset preference: profile.managed_javascript_optimizer_allowed_for_sites
[48:48:0930/002906.688673:VERBOSE2:components/content_settings/core/browser/content_settings_policy_provider.cc:452] Skipping unset preference: profile.managed_javascript_optimizer_blocked_for_sites
[48:48:0930/002906.689111:VERBOSE2:components/content_settings/core/browser/content_settings_policy_provider.cc:452] Skipping unset preference: profile.managed_web_hid_ask_for_urls
[48:48:0930/002906.689453:VERBOSE2:components/content_settings/core/browser/content_settings_policy_provider.cc:452] Skipping unset preference: profile.managed_web_hid_blocked_for_urls
[48:48:0930/002906.689779:VERBOSE2:components/content_settings/core/browser/content_settings_policy_provider.cc:452] Skipping unset preference: profile.managed_window_management_allowed_for_urls
[48:48:0930/002906.690116:VERBOSE2:components/content_settings/core/browser/content_settings_policy_provider.cc:452] Skipping unset preference: profile.managed_window_management_blocked_for_urls
[48:48:0930/002906.690482:VERBOSE2:components/content_settings/core/browser/content_settings_policy_provider.cc:452] Skipping unset preference: profile.managed_local_fonts_allowed_for_urls
[48:48:0930/002906.690849:VERBOSE2:components/content_settings/core/browser/content_settings_policy_provider.cc:452] Skipping unset preference: profile.managed_local_fonts_blocked_for_urls
[48:48:0930/002906.691124:VERBOSE2:components/content_settings/core/browser/content_settings_policy_provider.cc:452] Skipping unset preference: profile.managed_third_party_storage_partitioning_blocked_for_origins
[48:48:0930/002906.691553:VERBOSE2:components/content_settings/core/browser/content_settings_policy_provider.cc:452] Skipping unset preference: profile.managed_web_printing_allowed_for_urls
[48:48:0930/002906.691803:VERBOSE2:components/content_settings/core/browser/content_settings_policy_provider.cc:452] Skipping unset preference: profile.managed_web_printing_blocked_for_urls
[48:48:0930/002906.692296:VERBOSE2:components/content_settings/core/browser/content_settings_policy_provider.cc:452] Skipping unset preference: profile.managed_direct_sockets_allowed_for_urls
[48:48:0930/002906.692804:VERBOSE2:components/content_settings/core/browser/content_settings_policy_provider.cc:452] Skipping unset preference: profile.managed_direct_sockets_blocked_for_urls
[48:48:0930/002906.693129:VERBOSE2:components/content_settings/core/browser/content_settings_policy_provider.cc:452] Skipping unset preference: profile.managed_direct_sockets_pna_allowed_for_urls
[48:48:0930/002906.693358:VERBOSE2:components/content_settings/core/browser/content_settings_policy_provider.cc:452] Skipping unset preference: profile.managed_direct_sockets_pna_blocked_for_urls
[48:48:0930/002906.693643:VERBOSE2:components/content_settings/core/browser/content_settings_policy_provider.cc:452] Skipping unset preference: profile.managed_controlled_frame_allowed_for_urls
[48:48:0930/002906.694025:VERBOSE2:components/content_settings/core/browser/content_settings_policy_provider.cc:452] Skipping unset preference: profile.managed_controlled_frame_blocked_for_urls
[48:48:0930/002906.694355:VERBOSE2:components/content_settings/core/browser/content_settings_policy_provider.cc:452] Skipping unset preference: profile.managed_local_network_access_allowed_for_urls
[48:48:0930/002906.694696:VERBOSE2:components/content_settings/core/browser/content_settings_policy_provider.cc:452] Skipping unset preference: profile.managed_local_network_access_blocked_for_urls
[48:48:0930/002906.695174:VERBOSE2:components/content_settings/core/browser/content_settings_policy_provider.cc:530] Skipping unset preference: profile.managed_auto_select_certificate_for_urls
[48:178:0930/002907.362006:VERBOSE1:base/files/file_util_posix.cc:317] Cannot stat "/root/mp-chromium-profile/Default/Web Applications/Logs/WebAppInstallManager.log": No such file or directory (2)
[48:180:0930/002908.256102:ERROR:dbus/bus.cc:408] Failed to connect to the bus: Could not parse server address: Unknown address type (examples of valid types are "tcp" and on UNIX "unix")
[48:48:0930/002909.184757:VERBOSE1:components/proxy_config/pref_proxy_config_tracker_impl.cc:199] 0x140239ad00: set chrome proxy config service to 0x1402276800
[48:48:0930/002909.334586:VERBOSE1:chrome/browser/signin/account_consistency_mode_manager.cc:207] Desktop Identity Consistency disabled as sign-in to Chrome is not allowed
[48:48:0930/002909.671440:VERBOSE1:components/signin/internal/identity_manager/mutable_profile_oauth2_token_service_delegate.cc:318] MutablePO2TS::MutablePO2TS
[48:179:0930/002911.033234:VERBOSE1:net/disk_cache/simple/simple_index_file.cc:607] Simple Cache Index is being restored from disk.
[48:178:0930/002911.035714:VERBOSE1:net/disk_cache/simple/simple_index_file.cc:607] Simple Cache Index is being restored from disk.
[48:178:0930/002911.067283:VERBOSE1:base/files/file_util_posix.cc:317] Cannot stat "/root/mp-chromium-profile/Default/Code Cache/wasm/index-dir/the-real-index": No such file or directory (2)
[48:179:0930/002911.070195:VERBOSE1:base/files/file_util_posix.cc:317] Cannot stat "/root/mp-chromium-profile/Default/Code Cache/js/index-dir/the-real-index": No such file or directory (2)
[48:48:0930/002911.404179:VERBOSE1:components/proxy_config/pref_proxy_config_tracker_impl.cc:199] 0x140239c200: set chrome proxy config service to 0x1402278d60
[48:48:0930/002912.687956:VERBOSE1:chrome/browser/signin/account_consistency_mode_manager.cc:207] Desktop Identity Consistency disabled as sign-in to Chrome is not allowed
[48:48:0930/002913.167534:VERBOSE1:extensions/browser/api/bluetooth_low_energy/bluetooth_low_energy_event_router.cc:291] Initializing BluetoothLowEnergyEventRouter.
[48:48:0930/002913.564640:VERBOSE1:chrome/browser/permissions/prediction_service/prediction_model_handler_provider_factory.cc:58] [PermissionsAI]: PredictionModelHandlerProviderFactory::BuildServiceInstanceForBrowserContext
[48:48:0930/002913.565347:VERBOSE1:chrome/browser/permissions/prediction_service/prediction_model_handler_provider_factory.cc:66] [PermissionsAI]: OptimizationGuideKeyedService not available.
[48:48:0930/002914.786677:VERBOSE1:extensions/browser/extension_registrar.cc:521] AddComponentExtension Web Store
[48:48:0930/002914.788815:VERBOSE1:extensions/browser/extension_registrar.cc:523] Component extension Web Store (ahfgeienlihckogmohjhadlkjgocpleb) installing/upgrading from '' to 0.2
[48:48:0930/002915.227497:VERBOSE1:extensions/browser/extension_registrar.cc:521] AddComponentExtension Chromium PDF Viewer
[48:48:0930/002915.227866:VERBOSE1:extensions/browser/extension_registrar.cc:523] Component extension Chromium PDF Viewer (mhjfbmdgcfjbbpaeojofohoefgiehjai) installing/upgrading from '' to 1
[48:48:0930/002915.281361:VERBOSE1:extensions/browser/extension_registrar.cc:521] AddComponentExtension Google Hangouts
[48:48:0930/002915.281723:VERBOSE1:extensions/browser/extension_registrar.cc:523] Component extension Google Hangouts (nkeimhogjdpnpccoofpliimaahmaaome) installing/upgrading from '' to 1.3.26
[48:48:0930/002915.349629:VERBOSE1:components/signin/internal/identity_manager/mutable_profile_oauth2_token_service_delegate.cc:408] MutablePO2TS::RefreshTokenIsAvailable
[48:48:0930/002915.357333:VERBOSE1:components/signin/internal/identity_manager/mutable_profile_oauth2_token_service_delegate.cc:408] MutablePO2TS::RefreshTokenIsAvailable
[48:48:0930/002915.378817:VERBOSE1:chrome/browser/signin/account_consistency_mode_manager.cc:207] Desktop Identity Consistency disabled as sign-in to Chrome is not allowed
[48:48:0930/002915.382029:VERBOSE1:components/signin/core/browser/account_reconcilor.cc:165] AccountReconcilor::AccountReconcilor
[48:48:0930/002915.382716:VERBOSE1:components/signin/core/browser/account_reconcilor.cc:203] AccountReconcilor::Initialize
[48:178:0930/002915.547206:VERBOSE1:base/files/file_util_posix.cc:317] Cannot stat "/root/mp-chromium-profile/Default/Policy/User Policy": No such file or directory (2)
[48:178:0930/002915.548461:VERBOSE1:base/files/file_util_posix.cc:317] Cannot stat "/root/mp-chromium-profile/Default/Policy/Signing Key": No such file or directory (2)
[48:48:0930/002915.795559:VERBOSE1:chrome/browser/profiles/profile_manager.cc:1277] AddKeepAlive(Default, kBrowserWindow). keep_alives=[kWaitingForFirstBrowserWindow (1), kBrowserWindow (1)]
[48:48:0930/002915.796643:VERBOSE1:chrome/browser/profiles/profile_manager.cc:1359] ClearFirstBrowserWindowKeepAlive(Default). keep_alives=[kBrowserWindow (1)]
[48:180:0930/002917.467434:ERROR:dbus/bus.cc:408] Failed to connect to the bus: Could not parse server address: Unknown address type (examples of valid types are "tcp" and on UNIX "unix")
[48:180:0930/002917.472216:ERROR:dbus/bus.cc:408] Failed to connect to the bus: Could not parse server address: Unknown address type (examples of valid types are "tcp" and on UNIX "unix")
[1673323.082]  -> wl_compositor#4.create_surface(new id wl_surface#3)
[1673324.858]  -> wp_viewporter#6.get_viewport(new id wp_viewport#21, wl_surface#3)
[48:48:0930/002917.851335:WARNING:ui/ozone/platform/wayland/host/wayland_surface.cc:170] Server doesn't support zcr_alpha_compositing_v1.
[48:48:0930/002917.851613:WARNING:ui/ozone/platform/wayland/host/wayland_surface.cc:185] Server doesn't support overlay_prioritizer.
[48:48:0930/002917.851819:WARNING:ui/ozone/platform/wayland/host/wayland_surface.cc:200] Server doesn't support wp_content_type_v1
[48:48:0930/002917.852021:WARNING:ui/ozone/platform/wayland/host/wayland_surface.cc:214] Server doesn't support wp_color_management_surface_v1.
[1673338.338]  -> wl_compositor#4.create_region(new id wl_region#22)
[1673341.088]  -> wl_region#22.add(0, 0, 1280, 800)
[1673341.452]  -> wl_surface#3.set_opaque_region(wl_region#22)
[1673341.729]  -> wl_region#22.destroy()
[48:48:0930/002918.059899:WARNING:ui/ozone/platform/wayland/host/wayland_connection.cc:408] text-input-v3 not available.
[48:189:0930/002918.528545:VERBOSE1:chrome/browser/shutdown_signal_handlers_posix.cc:131] Handling shutdown for signal 15.
[48:48:0930/002918.668114:VERBOSE1:chrome/browser/signin/account_consistency_mode_manager.cc:207] Desktop Identity Consistency disabled as sign-in to Chrome is not allowed
[48:48:0930/002920.752332:VERBOSE1:google_apis/gaia/gaia_auth_util.cc:54] Canonicalized @gmail.com to @gmail.com
[48:48:0930/002920.754034:VERBOSE1:google_apis/gaia/gaia_auth_util.cc:54] Canonicalized @gmail.com to @gmail.com
[48:48:0930/002922.256108:VERBOSE1:chrome/browser/enterprise/data_protection/data_protection_navigation_observer.cc:216] enterprise.data_protection: same document navigation: 0
[48:48:0930/002922.258571:VERBOSE1:chrome/browser/enterprise/data_protection/data_protection_navigation_observer.cc:218] enterprise.data_protection: URL to scan: file:///usr/share/html-test/index.html
[48:48:0930/002923.052001:VERBOSE1:components/signin/internal/identity_manager/mutable_profile_oauth2_token_service_delegate.cc:408] MutablePO2TS::RefreshTokenIsAvailable
[48:48:0930/002923.052966:VERBOSE1:chrome/browser/signin/account_consistency_mode_manager.cc:207] Desktop Identity Consistency disabled as sign-in to Chrome is not allowed
[1679698.060]  -> xdg_wm_base#19.get_xdg_surface(new id xdg_surface#23, wl_surface#3)
[1679701.717]  -> xdg_surface#23.get_toplevel(new id xdg_toplevel#24)
[1679702.577]  -> xdg_toplevel#24.set_app_id("chromium-browser")
[1679703.110]  -> xdg_toplevel#24.set_title("Untitled - Chromium")
[1679709.335]  -> xdg_toplevel#24.set_min_size(532, 130)
[1679709.730]  -> xdg_toplevel#24.set_max_size(0, 0)
[1679710.443]  -> xdg_toplevel#24.unset_maximized()
[1679713.911]  -> xdg_toplevel#24.set_min_size(532, 130)
[1679714.221]  -> xdg_toplevel#24.set_max_size(0, 0)
[1679716.701]  -> wl_surface#3.commit()
[1679719.249]  -> xdg_surface#23.set_window_geometry(16, 10, 1248, 758)
[1679802.328]  -> xdg_toplevel#24.set_fullscreen(nil)
[1679803.907]  -> xdg_toplevel#24.set_min_size(500, 0)
[1679804.217]  -> xdg_toplevel#24.set_max_size(0, 0)
[244:244:0930/002924.386992:INFO:content/child/child_thread_impl.cc:909] ChildThreadImpl::EnsureConnected()
[233:233:0930/002930.654883:INFO:content/child/child_thread_impl.cc:909] ChildThreadImpl::EnsureConnected()
