Date: 2026-09-23 UTC
[03:27:56.038] weston 14.0.2
               https://wayland.freedesktop.org
               Bug reports to: https://gitlab.freedesktop.org/wayland/weston/issues/
               Build: 14.0.2
[03:27:56.042] Command line: weston --backend=drm-backend.so --renderer=pixman --drm-device=card0 --seat=seat0 --idle-time=0 --debug --log=/root/input4-weston.log
[03:27:56.043] OS: Linux, 10.0.0, 10.0.0, aarch64
[03:27:56.043] Flight recorder: enabled
[03:27:56.058] Starting with no config file.
[03:27:56.083] Output repaint window is 7 ms maximum.
[03:27:56.091] Loading module '/usr/lib/libweston-14/drm-backend.so'
[03:27:56.185] initializing drm backend
[03:27:56.188] Trying libseat launcher...
[03:27:56.206] [libseat/libseat.c:62] Seat opened with backend 'seatd'
[03:27:56.207] [libseat/backend/seatd.c:212] Enabling seat
[03:27:56.207] libseat: session control granted
[03:27:56.225] using /dev/dri/card0
[03:27:56.228] DRM: does not support atomic modesetting
[03:27:56.228] DRM: supports GBM modifiers
[03:27:56.228] DRM: does not support Atomic async page flip
[03:27:56.228] DRM: supports picture aspect ratio
[03:27:56.233] Using Pixman renderer
[03:27:56.400] warning: no input devices on entering Weston. Possible causes:
	- no permissions to read /dev/input/event*
	- seats misconfigured (Weston backend option 'seat', udev device property ID_SEAT)
[03:27:56.400] failed to create input devices
[03:27:56.406] fatal: failed to create compositor backend
