Date: 2026-09-23 UTC
[07:19:41.212] weston 14.0.2
               https://wayland.freedesktop.org
               Bug reports to: https://gitlab.freedesktop.org/wayland/weston/issues/
               Build: 14.0.2
[07:19:41.216] Command line: weston --backend=drm-backend.so --renderer=pixman --drm-device=card0 --seat=seat0 --idle-time=0 --debug --log=/root/input29-weston.log
[07:19:41.217] OS: Linux, 10.0.0, 10.0.0, aarch64
[07:19:41.217] Flight recorder: enabled
[07:19:41.228] Starting with no config file.
[07:19:41.252] Output repaint window is 7 ms maximum.
[07:19:41.259] Loading module '/usr/lib/libweston-14/drm-backend.so'
[07:19:41.336] initializing drm backend
[07:19:41.339] Trying libseat launcher...
[07:19:41.350] [libseat/libseat.c:62] Seat opened with backend 'seatd'
[07:19:41.351] [libseat/backend/seatd.c:212] Enabling seat
[07:19:41.352] libseat: session control granted
[07:19:41.367] using /dev/dri/card0
[07:19:41.370] DRM: does not support atomic modesetting
[07:19:41.371] DRM: supports GBM modifiers
[07:19:41.371] DRM: does not support Atomic async page flip
[07:19:41.371] DRM: supports picture aspect ratio
[07:19:41.376] Using Pixman renderer
[07:19:41.498] event0  - QEMU Virtio Keyboard: is tagged by udev as: Keyboard
[07:19:41.499] event0  - QEMU Virtio Keyboard: device is a keyboard
[07:19:41.522] event1  - QEMU Virtio Mouse: is tagged by udev as: Mouse
[07:19:41.523] event1  - QEMU Virtio Mouse: device is a pointer
[07:19:41.808] libinput: configuring device "QEMU Virtio Keyboard".
[07:19:41.810] libinput: configuring device "QEMU Virtio Mouse".
[07:19:41.820] DRM: head 'Virtual-1' found, connector 48 is connected, EDID make 'unknown', model 'unknown', serial ''
               Supported EOTF modes: SDR
               Supported colorimetry modes: default
[07:19:41.825] Registered plugin API 'weston_drm_output_api_v1' of size 40
[07:19:41.825] Registered plugin API 'weston_drm_virtual_output_api_v2' of size 48
[07:19:41.828] Color manager: no-op
                 protocol support: no
[07:19:41.844] Output 'Virtual-1' attempts EOTF mode SDR and colorimetry mode default.
[07:19:41.845] Output 'Virtual-1' using color profile: stock sRGB color profile
[07:19:41.874] DRM: output Virtual-1 uses shadow framebuffer.
[07:19:41.874] Output Virtual-1 (crtc 16) video modes:
               current@60.0, current, 70.6 MHz
[07:19:41.878] associating input device event0 with output Virtual-1 (none by udev)
[07:19:41.878] associating input device event1 with output Virtual-1 (none by udev)
[07:19:41.880] Output 'Virtual-1' enabled with head(s) Virtual-1
[07:19:41.880] Compositor capabilities:
               arbitrary surface rotation: yes
               screen capture uses y-flip: no
               cursor planes: yes
               arbitrary resolutions: no
               view mask clipping: yes
               explicit sync: no
               color operations: no
               presentation clock: CLOCK_MONOTONIC, id 1
               presentation clock resolution: 0.000001000 s
[07:19:41.890] Loading module '/usr/lib/weston/desktop-shell.so'
[07:19:41.920] launching '/usr/libexec/weston-keyboard'
[07:19:41.959] launching '/usr/libexec/weston-desktop-shell'
