[150:150:0923/072004.174818:VERBOSE1:chrome/app/chrome_crash_reporter_client.cc:199] GetCollectStatsConsent(): is_official_chrome_build is false so returning false
[150:150:0923/072006.275724:VERBOSE1:chrome/app/chrome_crash_reporter_client.cc:199] GetCollectStatsConsent(): is_official_chrome_build is false so returning false
[174:174:0923/072013.099626:INFO:third_party/webrtc/rtc_base/cpu_info.cc:75] Available number of cores: 4
[175:175:0923/072013.100874:INFO:third_party/webrtc/rtc_base/cpu_info.cc:75] Available number of cores: 4
[175:175:0923/072013.196276:VERBOSE1:content/zygote/zygote_main_linux.cc:201] ZygoteMain: initializing 0 fork delegates
[174:174:0923/072013.199387:VERBOSE1:content/zygote/zygote_main_linux.cc:201] ZygoteMain: initializing 0 fork delegates
[150:150:0923/072017.222718:VERBOSE1:components/policy/core/common/config_dir_policy_loader.cc:116] Found mandatory policy file: /etc/chromium/policies/managed/kiosk.json
[150:150:0923/072017.306146:VERBOSE1:components/policy/core/common/config_dir_policy_loader.cc:121] Skipping recommended platform policies because no policy file was found at: /etc/chromium/policies/recommended
[150:150:0923/072017.747875:VERBOSE1:components/variations/service/variations_field_trial_creator.cc:80] VariationsSeedUsage:2
[150:150:0923/072017.775365:VERBOSE1:components/variations/service/variations_field_trial_creator.cc:353] VariationsSetupComplete
[150:150:0923/072017.812914:ERROR:ui/ozone/platform/wayland/common/drm_render_node_path_finder.cc:45] drmGetDevices2() has not found any devices: No such file or directory (2)
[150:201:0923/072018.169424:VERBOSE1:base/files/file_util_posix.cc:317] Cannot stat "/root/input29-chromium-profile/VariationsSeedV1": No such file or directory (2)
[150:204:0923/072018.294712:ERROR:dbus/bus.cc:408] Failed to connect to the bus: Failed to connect to socket /run/dbus/system_bus_socket: No such file or directory
[150:150:0923/072018.652013:WARNING:ui/ozone/platform/wayland/ozone_platform_wayland.cc:272] Failed to initialize drm render node handle.
[150:150:0923/072018.712468:WARNING:ui/ozone/platform/wayland/common/wayland_object.cc:119] Binding to wl_shm version 1 but version 2 is available.
[150:150:0923/072023.006224:VERBOSE1:chrome/browser/media/webrtc/webrtc_event_log_manager.cc:122] WebRTC remote-bound event logging enabled.
[150:150:0923/072023.123551:VERBOSE1:components/proxy_config/pref_proxy_config_tracker_impl.cc:199] 0x4c0018d500: set chrome proxy config service to 0x4c0007ebe0
[150:150:0923/072023.162138:VERBOSE1:google_apis/api_key_cache.cc:99] Using default value "497550622367-ubtkmd3b2pp5gulba5n6ha6sq4n35ehj.apps.googleusercontent.com" for API key GOOGLE_CLIENT_ID_MAIN
[150:150:0923/072023.163458:VERBOSE1:google_apis/api_key_cache.cc:99] Using default value "NaCX8tIIAphrjs56n3TpHx_e" for API key GOOGLE_CLIENT_SECRET_MAIN
[150:150:0923/072023.164547:VERBOSE1:google_apis/api_key_cache.cc:99] Using default value "497550622367-ubtkmd3b2pp5gulba5n6ha6sq4n35ehj.apps.googleusercontent.com" for API key GOOGLE_CLIENT_ID_REMOTING
[150:150:0923/072023.164841:VERBOSE1:google_apis/api_key_cache.cc:99] Using default value "NaCX8tIIAphrjs56n3TpHx_e" for API key GOOGLE_CLIENT_SECRET_REMOTING
[150:150:0923/072023.165059:VERBOSE1:google_apis/api_key_cache.cc:99] Using default value "497550622367-ubtkmd3b2pp5gulba5n6ha6sq4n35ehj.apps.googleusercontent.com" for API key GOOGLE_CLIENT_ID_REMOTING_HOST
[150:150:0923/072023.166064:VERBOSE1:google_apis/api_key_cache.cc:99] Using default value "NaCX8tIIAphrjs56n3TpHx_e" for API key GOOGLE_CLIENT_SECRET_REMOTING_HOST
[150:150:0923/072023.917076:VERBOSE1:components/device_event_log/device_event_log_impl.cc:200] [07:20:23.499] Display: EVENT: wayland_screen.cc:144 Displays updated, count: 1
[150:150:0923/072023.928829:VERBOSE1:components/device_event_log/device_event_log_impl.cc:200] [07:20:23.923] Display: EVENT: wayland_screen.cc:147 Display[16] bounds=[0,0 1280x800], workarea=[0,0 1280x800], scale=1, rotation=0, panel_rotation=0 external detected
[150:204:0923/072024.072854:ERROR:dbus/bus.cc:408] Failed to connect to the bus: Could not parse server address: Unknown address type (examples of valid types are "tcp" and on UNIX "unix")
[150:204:0923/072024.084294:ERROR:dbus/bus.cc:408] Failed to connect to the bus: Failed to connect to socket /run/dbus/system_bus_socket: No such file or directory
[150:204:0923/072024.089435:ERROR:dbus/bus.cc:408] Failed to connect to the bus: Failed to connect to socket /run/dbus/system_bus_socket: No such file or directory
[150:201:0923/072024.094478:VERBOSE1:base/files/file_util_posix.cc:317] Cannot stat "/root/input29-chromium-profile/component_crx_cache/metadata.json": No such file or directory (2)
[150:207:0923/072024.783285:VERBOSE1:content/browser/renderer_host/media/media_stream_manager.cc:1555] MSM::InitializeMaybeAsync([this=0x4c00163980])
[150:207:0923/072024.808513:VERBOSE1:content/browser/renderer_host/media/media_stream_manager.cc:1555] MDM::MediaDevicesManager()
[150:207:0923/072024.817288:VERBOSE1:content/browser/renderer_host/media/media_stream_manager.cc:1555] MSM::MediaStreamManager([this=0x4c00163980]))
[150:201:0923/072024.909148:VERBOSE1:base/files/file_util_posix.cc:317] Cannot stat "/root/input29-chromium-profile/Consent To Send Stats": No such file or directory (2)
[150:150:0923/072025.477474:VERBOSE1:components/os_crypt/sync/key_storage_util_linux.cc:46] Password storage detected desktop environment: (unknown)
[150:150:0923/072025.478880:VERBOSE1:components/os_crypt/sync/key_storage_linux.cc:116] Selected backend for OSCrypt: BASIC_TEXT
[150:150:0923/072025.481553:VERBOSE1:components/os_crypt/sync/key_storage_linux.cc:135] OSCrypt did not initialize a backend.
[150:150:0923/072025.521125:VERBOSE1:components/enterprise/browser/controller/chrome_browser_cloud_management_controller.cc:171] Cloud management controller initialization aborted as CBCM is not enabled. Please use the `--enable-chrome-browser-cloud-management` command line flag to enable it if you are not using the official Google Chrome build.
[150:150:0923/072028.292502:VERBOSE1:chrome/browser/signin/account_consistency_mode_manager.cc:207] Desktop Identity Consistency disabled as sign-in to Chrome is not allowed
[150:150:0923/072028.472790:VERBOSE1:components/device_event_log/device_event_log_impl.cc:200] [07:20:28.464] Bluetooth: EVENT: bluetooth_api.cc:82 BluetoothAPI: 0x4c004bdc40
[150:201:0923/072029.036865:VERBOSE1:base/files/file_util_posix.cc:317] Cannot stat "/root/input29-chromium-profile/Default/Web Applications/Logs/WebAppInstallManager.log": No such file or directory (2)
[150:204:0923/072029.484651:ERROR:dbus/bus.cc:408] Failed to connect to the bus: Could not parse server address: Unknown address type (examples of valid types are "tcp" and on UNIX "unix")
[150:150:0923/072030.025095:VERBOSE1:components/proxy_config/pref_proxy_config_tracker_impl.cc:199] 0x4c0018ed00: set chrome proxy config service to 0x4c00081480
[150:150:0923/072030.085474:VERBOSE1:chrome/browser/signin/account_consistency_mode_manager.cc:207] Desktop Identity Consistency disabled as sign-in to Chrome is not allowed
[150:150:0923/072030.192018:VERBOSE1:components/signin/internal/identity_manager/mutable_profile_oauth2_token_service_delegate.cc:318] MutablePO2TS::MutablePO2TS
[150:201:0923/072030.879340:VERBOSE1:net/disk_cache/simple/simple_index_file.cc:607] Simple Cache Index is being restored from disk.
[150:201:0923/072030.885862:VERBOSE1:base/files/file_util_posix.cc:317] Cannot stat "/root/input29-chromium-profile/Default/Code Cache/js/index-dir/the-real-index": No such file or directory (2)
[150:202:0923/072030.889374:VERBOSE1:net/disk_cache/simple/simple_index_file.cc:607] Simple Cache Index is being restored from disk.
[150:202:0923/072030.891982:VERBOSE1:base/files/file_util_posix.cc:317] Cannot stat "/root/input29-chromium-profile/Default/Code Cache/wasm/index-dir/the-real-index": No such file or directory (2)
[150:150:0923/072030.962756:VERBOSE1:components/proxy_config/pref_proxy_config_tracker_impl.cc:199] 0x4c0018ff00: set chrome proxy config service to 0x4c00083360
[150:150:0923/072031.807834:VERBOSE1:chrome/browser/signin/account_consistency_mode_manager.cc:207] Desktop Identity Consistency disabled as sign-in to Chrome is not allowed
[150:150:0923/072032.064374:VERBOSE1:extensions/browser/api/bluetooth_low_energy/bluetooth_low_energy_event_router.cc:291] Initializing BluetoothLowEnergyEventRouter.
[150:150:0923/072032.242125:VERBOSE1:chrome/browser/permissions/prediction_service/prediction_model_handler_provider_factory.cc:58] [PermissionsAI]: PredictionModelHandlerProviderFactory::BuildServiceInstanceForBrowserContext
[150:150:0923/072032.242631:VERBOSE1:chrome/browser/permissions/prediction_service/prediction_model_handler_provider_factory.cc:66] [PermissionsAI]: OptimizationGuideKeyedService not available.
[150:150:0923/072033.395244:VERBOSE1:extensions/browser/extension_registrar.cc:521] AddComponentExtension Web Store
[150:150:0923/072033.397447:VERBOSE1:extensions/browser/extension_registrar.cc:523] Component extension Web Store (ahfgeienlihckogmohjhadlkjgocpleb) installing/upgrading from '' to 0.2
[150:150:0923/072033.823406:VERBOSE1:extensions/browser/extension_registrar.cc:521] AddComponentExtension Chromium PDF Viewer
[150:150:0923/072033.825800:VERBOSE1:extensions/browser/extension_registrar.cc:523] Component extension Chromium PDF Viewer (mhjfbmdgcfjbbpaeojofohoefgiehjai) installing/upgrading from '' to 1
[150:150:0923/072033.898050:VERBOSE1:extensions/browser/extension_registrar.cc:521] AddComponentExtension Google Hangouts
[150:150:0923/072033.898444:VERBOSE1:extensions/browser/extension_registrar.cc:523] Component extension Google Hangouts (nkeimhogjdpnpccoofpliimaahmaaome) installing/upgrading from '' to 1.3.26
[150:150:0923/072033.987889:VERBOSE1:components/signin/internal/identity_manager/mutable_profile_oauth2_token_service_delegate.cc:408] MutablePO2TS::RefreshTokenIsAvailable
[150:150:0923/072033.996560:VERBOSE1:components/signin/internal/identity_manager/mutable_profile_oauth2_token_service_delegate.cc:408] MutablePO2TS::RefreshTokenIsAvailable
[150:150:0923/072034.007174:VERBOSE1:chrome/browser/signin/account_consistency_mode_manager.cc:207] Desktop Identity Consistency disabled as sign-in to Chrome is not allowed
[150:150:0923/072034.009887:VERBOSE1:components/signin/core/browser/account_reconcilor.cc:165] AccountReconcilor::AccountReconcilor
[150:150:0923/072034.010592:VERBOSE1:components/signin/core/browser/account_reconcilor.cc:203] AccountReconcilor::Initialize
[150:201:0923/072034.224270:VERBOSE1:base/files/file_util_posix.cc:317] Cannot stat "/root/input29-chromium-profile/Default/Policy/User Policy": No such file or directory (2)
[150:201:0923/072034.226057:VERBOSE1:base/files/file_util_posix.cc:317] Cannot stat "/root/input29-chromium-profile/Default/Policy/Signing Key": No such file or directory (2)
[150:201:0923/072034.349165:VERBOSE1:components/component_updater/component_installer.cc:481] StartRegistration for Subresource Filter Rules
[150:150:0923/072034.357817:VERBOSE1:components/component_updater/installer_policies/on_device_head_suggest_component_installer.cc:59] On Device Head Component will fetch model for locale: ENUS500000
[150:150:0923/072034.368734:VERBOSE1:chrome/browser/component_updater/trust_token_key_commitments_component_installer.cc:21] Registering Trust Token Key Commitments component.
[150:202:0923/072034.366596:VERBOSE1:components/component_updater/component_installer.cc:481] StartRegistration for OnDeviceHeadSuggest
[150:150:0923/072034.382371:VERBOSE1:chrome/browser/component_updater/first_party_sets_component_installer.cc:37] Registering Related Website Sets component.
[150:203:0923/072034.383041:VERBOSE1:components/component_updater/component_installer.cc:481] StartRegistration for Trust Token Key Commitments
[150:150:0923/072034.404714:VERBOSE1:chrome/browser/component_updater/privacy_sandbox_attestations_component_installer.cc:181] Registering Privacy Sandbox Attestations component
[150:201:0923/072034.407554:VERBOSE1:components/component_updater/component_installer.cc:481] StartRegistration for Privacy Sandbox Attestations
[150:150:0923/072034.432490:VERBOSE1:chrome/browser/component_updater/file_type_policies_component_installer.cc:126] Registering File Type Policies component.
[150:201:0923/072034.432988:VERBOSE1:components/component_updater/component_installer.cc:481] StartRegistration for Certificate Error Assistant
[150:202:0923/072034.434715:VERBOSE1:components/component_updater/component_installer.cc:481] StartRegistration for File Type Policies
[150:203:0923/072034.435254:VERBOSE1:components/component_updater/component_installer.cc:481] StartRegistration for CRLSet
[150:205:0923/072034.440781:VERBOSE1:components/component_updater/component_installer.cc:481] StartRegistration for Origin Trials
[150:217:0923/072034.447417:VERBOSE1:components/component_updater/component_installer.cc:481] StartRegistration for MEI Preload
[150:218:0923/072034.460003:VERBOSE1:components/component_updater/component_installer.cc:481] StartRegistration for PKI Metadata
[150:202:0923/072034.466554:VERBOSE1:components/component_updater/component_installer.cc:481] StartRegistration for Safety Tips
[150:150:0923/072034.479035:VERBOSE1:chrome/browser/component_updater/hyphenation_component_installer.cc:149] Registering Hyphenation component.
[150:216:0923/072034.479280:VERBOSE1:components/component_updater/component_installer.cc:481] StartRegistration for Crowd Deny
[150:201:0923/072034.508246:VERBOSE1:components/component_updater/component_installer.cc:481] StartRegistration for Hyphenation
[150:203:0923/072034.516081:VERBOSE1:components/component_updater/component_installer.cc:481] StartRegistration for Zxcvbn Data Dictionaries
[150:217:0923/072034.507026:VERBOSE1:components/component_updater/component_installer.cc:316] Preinstalled component found for MEI Preload at /usr/lib/chromium/MEIPreload with version 1.0.7.1652906823.
[150:205:0923/072034.522857:VERBOSE1:components/component_updater/component_installer.cc:481] StartRegistration for Autofill States Data
[150:150:0923/072034.547836:VERBOSE1:chrome/browser/component_updater/tpcd_metadata_component_installer.cc:23] Third Party Cookie Deprecation Metadata component.
[150:202:0923/072034.554976:VERBOSE1:components/component_updater/component_installer.cc:481] StartRegistration for Third-Party Cookie Deprecation Metadata
[150:150:0923/072034.555786:VERBOSE1:chrome/browser/component_updater/translate_kit_component_installer.cc:163] Registering TranslateKit component.
[150:150:0923/072034.566434:VERBOSE1:chrome/browser/component_updater/open_cookie_database_component_installer.cc:23] Registering Open Cookie Database component.
[150:150:0923/072034.574396:VERBOSE1:chrome/browser/component_updater/cookie_readiness_list_component_installer.cc:24] Registering Cookie Readiness List component.
[150:201:0923/072034.574719:VERBOSE1:components/component_updater/component_installer.cc:481] StartRegistration for Open Cookie Database
[150:203:0923/072034.577014:VERBOSE1:components/component_updater/component_installer.cc:481] StartRegistration for Cookie Readiness List
[150:150:0923/072034.590847:VERBOSE1:chrome/browser/component_updater/wasm_tts_engine_component_installer.cc:272] Registering WASM TTS Engine component.
[150:150:0923/072034.593677:VERBOSE1:chrome/browser/component_updater/probabilistic_reveal_token_component_installer.cc:54] Registering Probabilistic Reveal Token component.
[150:218:0923/072034.594036:VERBOSE1:components/component_updater/component_installer.cc:481] StartRegistration for WASM TTS Engine
[150:202:0923/072034.603064:VERBOSE1:components/component_updater/component_installer.cc:481] StartRegistration for Probabilistic Reveal Tokens
[150:205:0923/072034.580803:VERBOSE1:components/component_updater/component_installer.cc:481] StartRegistration for Amount Extraction Heuristic Regexes
[150:150:0923/072034.801716:VERBOSE1:chrome/browser/profiles/profile_manager.cc:1277] AddKeepAlive(Default, kBrowserWindow). keep_alives=[kWaitingForFirstBrowserWindow (1), kBrowserWindow (1)]
[150:150:0923/072034.802638:VERBOSE1:chrome/browser/profiles/profile_manager.cc:1359] ClearFirstBrowserWindowKeepAlive(Default). keep_alives=[kBrowserWindow (1)]
[150:204:0923/072036.529093:ERROR:dbus/bus.cc:408] Failed to connect to the bus: Could not parse server address: Unknown address type (examples of valid types are "tcp" and on UNIX "unix")
[150:204:0923/072036.539481:ERROR:dbus/bus.cc:408] Failed to connect to the bus: Could not parse server address: Unknown address type (examples of valid types are "tcp" and on UNIX "unix")
[150:150:0923/072036.936988:WARNING:ui/ozone/platform/wayland/host/wayland_surface.cc:170] Server doesn't support zcr_alpha_compositing_v1.
[150:150:0923/072036.937441:WARNING:ui/ozone/platform/wayland/host/wayland_surface.cc:185] Server doesn't support overlay_prioritizer.
[150:150:0923/072036.937708:WARNING:ui/ozone/platform/wayland/host/wayland_surface.cc:200] Server doesn't support wp_content_type_v1
[150:150:0923/072036.937924:WARNING:ui/ozone/platform/wayland/host/wayland_surface.cc:214] Server doesn't support wp_color_management_surface_v1.
[150:150:0923/072037.158703:WARNING:ui/ozone/platform/wayland/host/wayland_connection.cc:408] text-input-v3 not available.
[150:150:0923/072037.687401:VERBOSE1:chrome/browser/signin/account_consistency_mode_manager.cc:207] Desktop Identity Consistency disabled as sign-in to Chrome is not allowed
[150:150:0923/072039.685197:VERBOSE1:google_apis/gaia/gaia_auth_util.cc:54] Canonicalized @gmail.com to @gmail.com
[150:150:0923/072039.685901:VERBOSE1:google_apis/gaia/gaia_auth_util.cc:54] Canonicalized @gmail.com to @gmail.com
[150:150:0923/072040.789247:VERBOSE1:chrome/browser/enterprise/data_protection/data_protection_navigation_observer.cc:216] enterprise.data_protection: same document navigation: 0
[150:150:0923/072040.789798:VERBOSE1:chrome/browser/enterprise/data_protection/data_protection_navigation_observer.cc:218] enterprise.data_protection: URL to scan: file:///usr/share/html-test/index.html
[150:150:0923/072041.166951:VERBOSE1:components/signin/internal/identity_manager/mutable_profile_oauth2_token_service_delegate.cc:408] MutablePO2TS::RefreshTokenIsAvailable
[150:150:0923/072041.167441:VERBOSE1:chrome/browser/signin/account_consistency_mode_manager.cc:207] Desktop Identity Consistency disabled as sign-in to Chrome is not allowed
[150:150:0923/072042.017699:ERROR:dbus/object_proxy.cc:573] Failed to call method: org.freedesktop.DBus.NameHasOwner: object_path= /org/freedesktop/DBus: unknown error type: 
[150:204:0923/072042.021389:ERROR:dbus/bus.cc:408] Failed to connect to the bus: Could not parse server address: Unknown address type (examples of valid types are "tcp" and on UNIX "unix")
[150:204:0923/072042.022375:ERROR:dbus/bus.cc:408] Failed to connect to the bus: Could not parse server address: Unknown address type (examples of valid types are "tcp" and on UNIX "unix")
[150:204:0923/072042.024463:ERROR:dbus/bus.cc:408] Failed to connect to the bus: Could not parse server address: Unknown address type (examples of valid types are "tcp" and on UNIX "unix")
[150:204:0923/072042.025063:ERROR:dbus/bus.cc:408] Failed to connect to the bus: Could not parse server address: Unknown address type (examples of valid types are "tcp" and on UNIX "unix")
[150:204:0923/072042.025472:ERROR:dbus/bus.cc:408] Failed to connect to the bus: Could not parse server address: Unknown address type (examples of valid types are "tcp" and on UNIX "unix")
[150:204:0923/072042.026008:ERROR:dbus/bus.cc:408] Failed to connect to the bus: Could not parse server address: Unknown address type (examples of valid types are "tcp" and on UNIX "unix")
[150:150:0923/072042.027678:WARNING:device/bluetooth/dbus/bluez_dbus_manager.cc:209] Floss manager service not available, cannot set Floss enable/disable.
[150:150:0923/072042.034743:ERROR:content/browser/gpu/gpu_process_host.cc:993] GPU process launch failed: error_code=1002
[150:150:0923/072042.035108:WARNING:content/browser/gpu/gpu_process_host.cc:1441] The GPU process has crashed 1 time(s)
[150:150:0923/072042.393685:ERROR:dbus/object_proxy.cc:573] Failed to call method: org.freedesktop.DBus.NameHasOwner: object_path= /org/freedesktop/DBus: unknown error type: 
[150:150:0923/072043.125515:VERBOSE1:components/signin/internal/identity_manager/mutable_profile_oauth2_token_service_delegate.cc:408] MutablePO2TS::RefreshTokenIsAvailable
[150:150:0923/072043.135786:VERBOSE1:chrome/browser/signin/account_consistency_mode_manager.cc:207] Desktop Identity Consistency disabled as sign-in to Chrome is not allowed
[150:150:0923/072043.245809:VERBOSE1:components/component_updater/component_installer.cc:560] FinishRegistration for Subresource Filter Rules
[222:246:0923/072043.269780:VERBOSE1:net/base/network_delegate.cc:37] NetworkDelegate::NotifyBeforeURLRequest: http://clients2.google.com/time/1/current?cup2key=9:3EHJAPHPmfNh415DLfsnHKscgaTCA3loFNkA7CRxrVk&cup2hreq=e3b0c44298fc1c149afbf4c8996fb92427ae41e4649b934ca495991b7852b855
[150:150:0923/072043.270405:VERBOSE1:components/component_updater/component_updater_service.cc:166] CrxUpdateService starting up. First update attempt will take place in 60 s seconds. Next update attempt will take place in 18000 s seconds. 
[150:150:0923/072043.276895:VERBOSE1:components/component_updater/component_installer.cc:560] FinishRegistration for OnDeviceHeadSuggest
[150:150:0923/072043.279705:VERBOSE1:components/component_updater/component_installer.cc:560] FinishRegistration for Trust Token Key Commitments
[150:150:0923/072043.281231:VERBOSE1:components/component_updater/component_installer.cc:560] FinishRegistration for Privacy Sandbox Attestations
[150:150:0923/072043.284382:VERBOSE1:components/component_updater/component_installer.cc:560] FinishRegistration for File Type Policies
[150:150:0923/072043.286524:VERBOSE1:components/component_updater/component_installer.cc:560] FinishRegistration for Certificate Error Assistant
[150:150:0923/072043.288101:VERBOSE1:components/component_updater/component_installer.cc:560] FinishRegistration for CRLSet
[150:150:0923/072043.289496:VERBOSE1:components/component_updater/component_installer.cc:560] FinishRegistration for Origin Trials
[150:150:0923/072043.290593:VERBOSE1:components/component_updater/component_installer.cc:560] FinishRegistration for PKI Metadata
[150:150:0923/072043.291420:VERBOSE1:components/component_updater/component_installer.cc:560] FinishRegistration for Safety Tips
[150:150:0923/072043.292261:VERBOSE1:components/component_updater/component_installer.cc:560] FinishRegistration for Zxcvbn Data Dictionaries
[150:150:0923/072043.293826:VERBOSE1:components/component_updater/component_installer.cc:560] FinishRegistration for Hyphenation
[150:150:0923/072043.295199:VERBOSE1:components/component_updater/component_installer.cc:560] FinishRegistration for Autofill States Data
[150:150:0923/072043.296404:VERBOSE1:components/component_updater/component_installer.cc:560] FinishRegistration for Crowd Deny
[150:150:0923/072043.297311:VERBOSE1:components/component_updater/component_installer.cc:560] FinishRegistration for Third-Party Cookie Deprecation Metadata
[150:150:0923/072043.298438:VERBOSE1:components/component_updater/component_installer.cc:560] FinishRegistration for Cookie Readiness List
[150:150:0923/072043.299203:VERBOSE1:components/component_updater/component_installer.cc:560] FinishRegistration for MEI Preload
[150:150:0923/072043.299949:VERBOSE1:components/component_updater/component_installer.cc:601] Component ready, version 1.0.7.1652906823 in /usr/lib/chromium/MEIPreload
[150:150:0923/072043.301728:VERBOSE1:components/component_updater/component_installer.cc:560] FinishRegistration for Probabilistic Reveal Tokens
[150:150:0923/072043.302606:VERBOSE1:components/component_updater/component_installer.cc:560] FinishRegistration for Open Cookie Database
[150:150:0923/072043.303540:VERBOSE1:components/component_updater/component_installer.cc:560] FinishRegistration for WASM TTS Engine
[150:150:0923/072043.304459:VERBOSE1:components/component_updater/component_installer.cc:560] FinishRegistration for Amount Extraction Heuristic Regexes
[150:150:0923/072043.348870:ERROR:dbus/object_proxy.cc:573] Failed to call method: org.freedesktop.DBus.NameHasOwner: object_path= /org/freedesktop/DBus: unknown error type: 
[150:150:0923/072043.349508:VERBOSE1:ui/base/idle/idle_linux.cc:117] org.freedesktop.ScreenSaver D-Bus service does not exist
[150:150:0923/072043.352308:ERROR:dbus/object_proxy.cc:573] Failed to call method: org.freedesktop.DBus.NameHasOwner: object_path= /org/freedesktop/DBus: unknown error type: 
[150:204:0923/072043.352571:ERROR:dbus/bus.cc:408] Failed to connect to the bus: Could not parse server address: Unknown address type (examples of valid types are "tcp" and on UNIX "unix")
[150:150:0923/072043.355331:WARNING:ui/ozone/platform/wayland/host/org_gnome_mutter_idle_monitor.cc:87] org.gnome.Mutter.IdleMonitor D-Bus service does not exist
[150:201:0923/072043.894474:VERBOSE1:content/browser/loader/file_url_loader_factory.cc:474] FileURLLoader::Start: file:///usr/share/html-test/index.html
[222:252:0923/072043.987305:VERBOSE1:net/disk_cache/simple/simple_index_file.cc:607] Simple Cache Index is being restored from disk.
[222:252:0923/072044.032423:VERBOSE1:base/files/file_util_posix.cc:317] Cannot stat "/root/input29-chromium-profile/Default/Shared Dictionary/cache/index-dir/the-real-index": No such file or directory (2)
[150:204:0923/072044.104717:ERROR:dbus/bus.cc:408] Failed to connect to the bus: Failed to connect to socket /run/dbus/system_bus_socket: No such file or directory
[150:204:0923/072044.109893:ERROR:dbus/bus.cc:408] Failed to connect to the bus: Failed to connect to socket /run/dbus/system_bus_socket: No such file or directory
[150:150:0923/072044.169594:ERROR:dbus/object_proxy.cc:573] Failed to call method: org.freedesktop.DBus.NameHasOwner: object_path= /org/freedesktop/DBus: unknown error type: 
[150:150:0923/072044.184558:ERROR:dbus/object_proxy.cc:573] Failed to call method: org.freedesktop.DBus.NameHasOwner: object_path= /org/freedesktop/DBus: unknown error type: 
[150:204:0923/072044.221264:ERROR:dbus/bus.cc:408] Failed to connect to the bus: Could not parse server address: Unknown address type (examples of valid types are "tcp" and on UNIX "unix")
[150:150:0923/072044.222236:ERROR:dbus/object_proxy.cc:573] Failed to call method: org.freedesktop.DBus.NameHasOwner: object_path= /org/freedesktop/DBus: unknown error type: 
[150:150:0923/072044.251285:ERROR:content/browser/gpu/gpu_process_host.cc:993] GPU process launch failed: error_code=1002
[150:150:0923/072044.251884:WARNING:content/browser/gpu/gpu_process_host.cc:1441] The GPU process has crashed 2 time(s)
[222:246:0923/072044.335808:ERROR:net/socket/tcp_socket_posix.cc:88] Failed to set TCP_KEEPIDLE on fd: 30: Protocol not available (92)
[222:246:0923/072044.393088:ERROR:net/socket/tcp_socket_posix.cc:88] Failed to set TCP_KEEPIDLE on fd: 31: Protocol not available (92)
[150:150:0923/072045.093942:ERROR:dbus/object_proxy.cc:573] Failed to call method: org.freedesktop.DBus.NameHasOwner: object_path= /org/freedesktop/DBus: unknown error type: 
[150:150:0923/072045.094624:VERBOSE1:ui/base/idle/idle_linux.cc:117] org.cinnamon.ScreenSaver D-Bus service does not exist
[150:204:0923/072045.097273:ERROR:dbus/bus.cc:408] Failed to connect to the bus: Could not parse server address: Unknown address type (examples of valid types are "tcp" and on UNIX "unix")
[150:150:0923/072045.173998:WARNING:dbus/property.cc:94] Failed to connect to PropertiesChangedsignal.
[150:150:0923/072045.176933:ERROR:dbus/object_proxy.cc:573] Failed to call method: org.freedesktop.DBus.Properties.GetAll: object_path= /org/freedesktop/UPower/devices/DisplayDevice: unknown error type: 
[150:150:0923/072045.177289:WARNING:dbus/property.cc:174] GetAll request failed for: org.freedesktop.UPower.Device
[150:150:0923/072045.185355:ERROR:dbus/object_proxy.cc:573] Failed to call method: org.freedesktop.DBus.NameHasOwner: object_path= /org/freedesktop/DBus: unknown error type: 
[150:150:0923/072045.267837:ERROR:content/browser/gpu/gpu_process_host.cc:993] GPU process launch failed: error_code=1002
[150:150:0923/072045.268344:WARNING:content/browser/gpu/gpu_process_host.cc:1441] The GPU process has crashed 3 time(s)
[150:150:0923/072046.429768:VERBOSE1:components/signin/internal/identity_manager/mutable_profile_oauth2_token_service_delegate.cc:408] MutablePO2TS::RefreshTokenIsAvailable
[150:201:0923/072046.700561:VERBOSE1:components/signin/public/webdata/token_service_table.cc:237] Loaded tokens: result = 3 ; number of tokens loaded = 0
[150:150:0923/072047.031116:VERBOSE1:chrome/browser/web_applications/locks/partitioned_lock_manager.cc:211] Acquiring <PartitionedLockId>{id: 0x31, partition: 0} for Start@chrome/browser/web_applications/generated_icon_fix_manager.cc:60
[150:150:0923/072047.035421:VERBOSE1:chrome/browser/web_applications/locks/partitioned_lock_manager.cc:193] All locks acquired for Start@chrome/browser/web_applications/generated_icon_fix_manager.cc:60
[150:150:0923/072047.358941:ERROR:dbus/object_proxy.cc:573] Failed to call method: org.freedesktop.DBus.NameHasOwner: object_path= /org/freedesktop/DBus: unknown error type: 
[150:150:0923/072047.359527:VERBOSE1:ui/base/idle/idle_linux.cc:117] org.gnome.ScreenSaver D-Bus service does not exist
[150:204:0923/072047.362117:ERROR:dbus/bus.cc:408] Failed to connect to the bus: Could not parse server address: Unknown address type (examples of valid types are "tcp" and on UNIX "unix")
[150:150:0923/072047.413516:ERROR:content/browser/gpu/gpu_process_host.cc:993] GPU process launch failed: error_code=1002
[150:150:0923/072047.413986:WARNING:content/browser/gpu/gpu_process_host.cc:1441] The GPU process has crashed 4 time(s)
[150:150:0923/072047.707825:VERBOSE1:components/signin/internal/identity_manager/mutable_profile_oauth2_token_service_delegate.cc:535] MutablePO2TS::OnWebDataServiceRequestDone. Result type: 5
[150:150:0923/072047.711844:VERBOSE1:components/signin/internal/identity_manager/mutable_profile_oauth2_token_service_delegate.cc:592] MutablePO2TS::LoadAllCredentialsIntoMemory; 0 credential(s).
[222:246:0923/072047.921303:VERBOSE1:net/base/network_delegate.cc:37] NetworkDelegate::NotifyBeforeURLRequest: https://www.google.com/async/folae?async=_fmt:pb
[150:150:0923/072048.005185:VERBOSE1:chrome/browser/web_applications/locks/partitioned_lock_manager.cc:235] Releasing <PartitionedLockId>{id: 0x31, partition: 0} requested by Start@chrome/browser/web_applications/generated_icon_fix_manager.cc:60
[222:245:0923/072048.041293:VERBOSE1:net/disk_cache/simple/simple_index_file.cc:607] Simple Cache Index is being restored from disk.
[222:245:0923/072048.046880:VERBOSE1:base/files/file_util_posix.cc:317] Cannot stat "/root/input29-chromium-profile/Default/Cache/Cache_Data/index-dir/the-real-index": No such file or directory (2)
[222:247:0923/072048.080877:VERBOSE1:base/files/file_util_posix.cc:317] Cannot stat "/root/input29-chromium-profile/Default/Cache/No_Vary_Search/snapshot-new.baf": No such file or directory (2)
[222:247:0923/072048.093872:VERBOSE1:base/files/file_util_posix.cc:317] Cannot stat "/root/input29-chromium-profile/Default/Cache/No_Vary_Search/journal.baj": No such file or directory (2)
[150:150:0923/072048.106611:ERROR:dbus/object_proxy.cc:573] Failed to call method: org.freedesktop.DBus.NameHasOwner: object_path= /org/freedesktop/DBus: unknown error type: 
[150:150:0923/072048.107186:VERBOSE1:ui/base/idle/idle_linux.cc:117] org.mate.ScreenSaver D-Bus service does not exist
[150:204:0923/072048.111153:ERROR:dbus/bus.cc:408] Failed to connect to the bus: Could not parse server address: Unknown address type (examples of valid types are "tcp" and on UNIX "unix")
[150:150:0923/072048.138202:ERROR:content/browser/gpu/gpu_process_host.cc:993] GPU process launch failed: error_code=1002
[150:150:0923/072048.139080:WARNING:content/browser/gpu/gpu_process_host.cc:1441] The GPU process has crashed 5 time(s)
[222:245:0923/072048.143094:VERBOSE1:base/files/file_util_posix.cc:317] Cannot stat "/root/input29-chromium-profile/Default/Cache/Cache_Data/70d96111b776ba72_0": No such file or directory (2)
[222:245:0923/072048.150701:VERBOSE1:base/files/file_util_posix.cc:317] Cannot stat "/root/input29-chromium-profile/Default/Cache/Cache_Data/70d96111b776ba72_1": No such file or directory (2)
[222:245:0923/072048.154236:VERBOSE1:base/files/file_util_posix.cc:317] Cannot stat "/root/input29-chromium-profile/Default/Cache/Cache_Data/70d96111b776ba72_s": No such file or directory (2)
[150:202:0923/072048.294194:VERBOSE1:base/files/file_util_posix.cc:317] Cannot stat "/root/input29-chromium-profile/DeferredBrowserMetrics": No such file or directory (2)
[150:202:0923/072048.301683:VERBOSE1:base/files/file_util_posix.cc:317] Cannot stat "/root/input29-chromium-profile/CrashpadMetrics.pma": No such file or directory (2)
[150:201:0923/072048.335158:VERBOSE1:base/files/file_util_posix.cc:317] Cannot stat "/root/input29-chromium-profile/Breadcrumbs": No such file or directory (2)
[150:203:0923/072048.354556:VERBOSE1:base/files/file_util_posix.cc:317] Cannot stat "/root/input29-chromium-profile/Default/Media Cache": No such file or directory (2)
[222:246:0923/072048.394307:ERROR:net/socket/tcp_socket_posix.cc:88] Failed to set TCP_KEEPIDLE on fd: 35: Protocol not available (92)
[150:201:0923/072048.405668:VERBOSE1:base/files/file_util_posix.cc:317] Cannot stat "/root/input29-chromium-profile/Default/webrtc_event_logs": No such file or directory (2)
[150:201:0923/072048.408265:VERBOSE1:base/files/file_util_posix.cc:317] Cannot stat "/root/input29-chromium-profile/Default/databases": No such file or directory (2)
[150:203:0923/072048.415300:VERBOSE1:components/component_updater/component_installer.cc:481] StartRegistration for Related Website Sets
[150:203:0923/072048.438018:VERBOSE1:base/files/file_util_posix.cc:317] Cannot stat "/root/input29-chromium-profile/DesktopSharingHub": No such file or directory (2)
[150:203:0923/072048.439576:VERBOSE1:base/files/file_util_posix.cc:317] Cannot stat "/root/input29-chromium-profile/HistorySearch": No such file or directory (2)
[150:203:0923/072048.440870:VERBOSE1:base/files/file_util_posix.cc:317] Cannot stat "/root/input29-chromium-profile/pnacl": No such file or directory (2)
[150:150:0923/072048.442761:VERBOSE1:extensions/browser/extension_registrar.cc:521] AddComponentExtension Google Hangouts
[150:150:0923/072048.492407:ERROR:dbus/object_proxy.cc:573] Failed to call method: org.freedesktop.DBus.NameHasOwner: object_path= /org/freedesktop/DBus: unknown error type: 
[150:150:0923/072048.492860:VERBOSE1:ui/base/idle/idle_linux.cc:117] org.xfce.ScreenSaver D-Bus service does not exist
[150:150:0923/072048.493231:WARNING:ui/base/idle/idle_linux.cc:98] None of the known D-Bus ScreenSaver services could be used.
[222:246:0923/072048.550668:ERROR:net/socket/tcp_socket_posix.cc:88] Failed to set TCP_KEEPIDLE on fd: 30: Protocol not available (92)
[150:150:0923/072048.620368:VERBOSE1:components/component_updater/component_installer.cc:560] FinishRegistration for Related Website Sets
[150:150:0923/072048.623278:VERBOSE1:chrome/browser/component_updater/first_party_sets_component_installer.cc:42] Received Related Website Sets
[150:150:0923/072048.695781:ERROR:content/browser/gpu/gpu_process_host.cc:993] GPU process launch failed: error_code=1002
[150:150:0923/072048.696369:WARNING:content/browser/gpu/gpu_process_host.cc:1441] The GPU process has crashed 6 time(s)
[150:150:0923/072048.696790:FATAL:content/browser/gpu/gpu_data_manager_impl_private.cc:415] GPU process isn't usable. Goodbye.
[0923/072048.726125:ERROR:third_party/crashpad/crashpad/util/linux/scoped_ptrace_attach.cc:27] ptrace: Function not implemented (38)
