Wed Sep 23 07:19:01 UTC 2026 ===== A. official page set and unshimmed environment =====
Wed Sep 23 07:19:01 UTC 2026 kernel: Linux 10.0.0 aarch64
Wed Sep 23 07:19:01 UTC 2026 LD_PRELOAD=<unset>
Wed Sep 23 07:19:01 UTC 2026 pages: 831cf28f3748940b450d1da325aa39a2dcaea2fee15b0532bf4111144d176b38  /usr/share/html-test/index.html;58130daa4a2f426fd16b8bde93d964713f20e147da8af1537ab2d8b506d2fd58  /usr/share/html-test/interaction.html;a1b04f9aba81b4b7818be2e7a858d482d471bd0d625dee257f605b2129b8fc4c  /usr/share/html-test/layout.html;
Wed Sep 23 07:19:02 UTC 2026 eudev overlay extraction complete
Wed Sep 23 07:19:02 UTC 2026 ===== B. pathname AF_UNIX SOCK_SEQPACKET control probe =====
[SEQPACKET] socket/bind/listen/connect/accept + one control roundtrip PASS
[SEQPACKET_EXIT] 0 verdict=PATH_SOCKET_OK
Wed Sep 23 07:19:02 UTC 2026 [SEQPACKETPROBE_EXIT] rc=0
Wed Sep 23 07:19:03 UTC 2026 ===== B2. AF_UNIX automatic SO_PASSCRED probe =====
[PASSCRED] received pid=22 uid=0 gid=0 expected_pid=22
[PASSCRED_EXIT] 0 verdict=AUTO_CREDENTIALS_OK
Wed Sep 23 07:19:03 UTC 2026 [PASSCREDPROBE_EXIT] rc=0
Wed Sep 23 07:19:03 UTC 2026 ===== C. standard eudev service and coldplug =====
Wed Sep 23 07:19:04 UTC 2026 udevd_foreground_pid=29 alive=yes
starting version 3.2.14
 does not exist, please run udevadm hwdb --update
Load module index
timestamp of '/etc/udev/rules.d' changed
Reading rules file: /usr/lib/udev/rules.d/50-udev-default.rules
Reading rules file: /usr/lib/udev/rules.d/60-autosuspend.rules
Reading rules file: /usr/lib/udev/rules.d/60-block.rules
Reading rules file: /usr/lib/udev/rules.d/60-cdrom_id.rules
Reading rules file: /usr/lib/udev/rules.d/60-drm.rules
Reading rules file: /usr/lib/udev/rules.d/60-evdev.rules
Reading rules file: /usr/lib/udev/rules.d/60-fido-id.rules
Reading rules file: /usr/lib/udev/rules.d/60-input-id.rules
Reading rules file: /usr/lib/udev/rules.d/60-persistent-alsa.rules
Reading rules file: /usr/lib/udev/rules.d/60-persistent-input.rules
Reading rules file: /usr/lib/udev/rules.d/60-persistent-storage-tape.rules
Reading rules file: /usr/lib/udev/rules.d/60-persistent-storage.rules
Reading rules file: /usr/lib/udev/rules.d/60-persistent-v4l.rules
Reading rules file: /usr/lib/udev/rules.d/60-sensor.rules
Reading rules file: /usr/lib/udev/rules.d/60-serial.rules
Reading rules file: /usr/lib/udev/rules.d/64-btrfs.rules
Reading rules file: /usr/lib/udev/rules.d/70-camera.rules
Reading rules file: /usr/lib/udev/rules.d/70-joystick.rules
Reading rules file: /usr/lib/udev/rules.d/70-memory.rules
Reading rules file: /usr/lib/udev/rules.d/70-mouse.rules
Reading rules file: /usr/lib/udev/rules.d/70-touchpad.rules
Reading rules file: /usr/lib/udev/rules.d/75-net-description.rules
Reading rules file: /usr/lib/udev/rules.d/75-probe_mtd.rules
Reading rules file: /usr/lib/udev/rules.d/78-sound-card.rules
Reading rules file: /usr/lib/udev/rules.d/80-drivers.rules
Reading rules file: /usr/lib/udev/rules.d/81-net-dhcp.rules
Reading rules file: /etc/udev/rules.d/99-xkernel-seat0.rules
rules contain 24576 bytes tokens (2048 * 12 bytes), 9963 bytes strings
1280 strings (16955 bytes), 808 de-duplicated (7465 bytes), 473 trie nodes used
set children_max to 16
Wed Sep 23 07:19:05 UTC 2026 udevd_start_pid=29
Wed Sep 23 07:19:06 UTC 2026 ===== probe kernel KOBJECT_UEVENT delivery to NETLINK group 1 =====
[UEVENT_PROBE] write action=add rc=4 errno=0
[UEVENT_PROBE] poll(15s) rc=0 errno=0 (No error information)
Wed Sep 23 07:19:21 UTC 2026 [UEVENTPROBE_EXIT] rc=6
Wed Sep 23 07:19:22 UTC 2026 udevadm_trigger_rc=0
Wed Sep 23 07:19:31 UTC 2026 udevadm_settle_rc=1
Wed Sep 23 07:19:31 UTC 2026 udevd processes:
   29 root      0:00 udevd --debug
   57 root      0:00 udevd --debug
   58 root      0:00 udevd --debug
Wed Sep 23 07:19:32 UTC 2026 udevd debug tail:
Reading rules file: /usr/lib/udev/rules.d/60-fido-id.rules
Reading rules file: /usr/lib/udev/rules.d/60-input-id.rules
Reading rules file: /usr/lib/udev/rules.d/60-persistent-alsa.rules
Reading rules file: /usr/lib/udev/rules.d/60-persistent-input.rules
Reading rules file: /usr/lib/udev/rules.d/60-persistent-storage-tape.rules
Reading rules file: /usr/lib/udev/rules.d/60-persistent-storage.rules
Reading rules file: /usr/lib/udev/rules.d/60-persistent-v4l.rules
Reading rules file: /usr/lib/udev/rules.d/60-sensor.rules
Reading rules file: /usr/lib/udev/rules.d/60-serial.rules
Reading rules file: /usr/lib/udev/rules.d/64-btrfs.rules
Reading rules file: /usr/lib/udev/rules.d/70-camera.rules
Reading rules file: /usr/lib/udev/rules.d/70-joystick.rules
Reading rules file: /usr/lib/udev/rules.d/70-memory.rules
Reading rules file: /usr/lib/udev/rules.d/70-mouse.rules
Reading rules file: /usr/lib/udev/rules.d/70-touchpad.rules
Reading rules file: /usr/lib/udev/rules.d/75-net-description.rules
Reading rules file: /usr/lib/udev/rules.d/75-probe_mtd.rules
Reading rules file: /usr/lib/udev/rules.d/78-sound-card.rules
Reading rules file: /usr/lib/udev/rules.d/80-drivers.rules
Reading rules file: /usr/lib/udev/rules.d/81-net-dhcp.rules
Reading rules file: /etc/udev/rules.d/99-xkernel-seat0.rules
rules contain 24576 bytes tokens (2048 * 12 bytes), 9963 bytes strings
1280 strings (16955 bytes), 808 de-duplicated (7465 bytes), 473 trie nodes used
seq 1 forked new worker [57]
seq 1 running
no db file to read /run/udev/data/c13:64: No such file or directory
seq 2 queued, 'add' 'input'
GROUP 23 /usr/lib/udev/rules.d/50-udev-default.rules:29
IMPORT builtin 'hwdb' /usr/lib/udev/rules.d/60-evdev.rules:8
IMPORT builtin 'hwdb' returned non-zero
IMPORT builtin 'hwdb' /usr/lib/udev/rules.d/60-evdev.rules:18
IMPORT builtin 'hwdb' returned non-zero
IMPORT builtin 'hwdb' /usr/lib/udev/rules.d/60-evdev.rules:23
IMPORT builtin 'hwdb' returned non-zero
IMPORT builtin 'input_id' /usr/lib/udev/rules.d/60-input-id.rules:5
capabilities/ev raw kernel attribute: 20003
seq 2 forked new worker [58]
capabilities/abs raw kernel attribute: 
capabilities/rel raw kernel attribute: 
capabilities/key raw kernel attribute: 400000007 ff803078f800dfff febeffff7bcfffff fffffffffffffffe
properties raw kernel attribute: 0
test_key: checking bit block 0 for any keys; found=1
test_key: checking bit block 64 for any keys; found=1
test_key: checking bit block 128 for any keys; found=1
test_key: checking bit block 192 for any keys; found=1
IMPORT builtin 'hwdb' /usr/lib/udev/rules.d/60-input-id.rules:6
IMPORT builtin 'hwdb' returned non-zero
seq 2 running
IMPORT builtin 'path_id' /usr/lib/udev/rules.d/60-persistent-input.rules:35
no db file to read /run/udev/data/c13:65: No such file or directory
LINK 'input/by-path/pci-0000:00:05.0-event-kbd' /usr/lib/udev/rules.d/60-persistent-input.rules:37
handling device node '/dev/input/event0', devnum=c13:64, mode=0660, uid=0, gid=23
set permissions /dev/input/event0, 020660, uid=0, gid=23
creating symlink '/dev/char/13:64' to '../input/event0'
atomically replace '/dev/char/13:64'
GROUP 23 /usr/lib/udev/rules.d/50-udev-default.rules:29
symlink '../input/event0' '/dev/char/13:64.tmp-c13:64' failed: Operation not permitted
IMPORT builtin 'hwdb' /usr/lib/udev/rules.d/60-evdev.rules:8
IMPORT builtin 'hwdb' returned non-zero
creating link '/dev/input/by-path/pci-0000:00:05.0-event-kbd' to '/dev/input/event0'
creating symlink '/dev/input/by-path/pci-0000:00:05.0-event-kbd' to '../event0'
atomically replace '/dev/input/by-path/pci-0000:00:05.0-event-kbd'
symlink '../event0' '/dev/input/by-path/pci-0000:00:05.0-event-kbd.tmp-c13:64' failed: Operation not permitted
IMPORT builtin 'hwdb' /usr/lib/udev/rules.d/60-evdev.rules:18
IMPORT builtin 'hwdb' returned non-zero
IMPORT builtin 'hwdb' /usr/lib/udev/rules.d/60-evdev.rules:23
IMPORT builtin 'hwdb' returned non-zero
IMPORT builtin 'input_id' /usr/lib/udev/rules.d/60-input-id.rules:5
capabilities/ev raw kernel attribute: 7
capabilities/abs raw kernel attribute: 
capabilities/rel raw kernel attribute: 103
capabilities/key raw kernel attribute: 30400 00000000001f0000 0000000000000000 0000000000000000 0000000000000000 0000000000000000
properties raw kernel attribute: 0
test_key: checking bit block 0 for any keys; found=0
test_key: checking bit block 64 for any keys; found=0
test_key: checking bit block 128 for any keys; found=0
test_key: checking bit block 192 for any keys; found=0
IMPORT builtin 'hwdb' /usr/lib/udev/rules.d/60-input-id.rules:6
IMPORT builtin 'hwdb' returned non-zero
created db file '/run/udev/data/c13:64' for '/devices/pci0000:00/0000:00:05.0/input/input0/event0'
IMPORT builtin 'path_id' /usr/lib/udev/rules.d/60-persistent-input.rules:35
LINK 'input/by-path/pci-0000:00:06.0-event-mouse' /usr/lib/udev/rules.d/60-persistent-input.rules:37
handling device node '/dev/input/event1', devnum=c13:65, mode=0660, uid=0, gid=23
passed 587 byte device to netlink monitor 0xc3080
set permissions /dev/input/event1, 020660, uid=0, gid=23
seq 1 processed
creating symlink '/dev/char/13:65' to '../input/event1'
atomically replace '/dev/char/13:65'
symlink '../input/event1' '/dev/char/13:65.tmp-c13:65' failed: Operation not permitted
creating link '/dev/input/by-path/pci-0000:00:06.0-event-mouse' to '/dev/input/event1'
creating symlink '/dev/input/by-path/pci-0000:00:06.0-event-mouse' to '../event1'
atomically replace '/dev/input/by-path/pci-0000:00:06.0-event-mouse'
symlink '../event1' '/dev/input/by-path/pci-0000:00:06.0-event-mouse.tmp-c13:65' failed: Operation not permitted
created db file '/run/udev/data/c13:65' for '/devices/pci0000:00/0000:00:06.0/input/input1/event1'
passed 596 byte device to netlink monitor 0xc080
seq 2 processed
no sender credentials received, message ignored
Validate module index
Validate module index
Validate module index
[UDEVINIT] stat path=/dev/input/event0 rc=0 mode=020660 rdev=13:64
[UDEVINIT] by-name want=event0 sysname=event0 init=1 devnode=/dev/input/event0 devnum=13:64 syspath=/sys/devices/pci0000:00/0000:00:05.0/input/input0/event0 ID_INPUT=1 ID_SEAT=seat0
[UDEVINIT] by-devnum want=event0 sysname=event0 init=1 devnode=/dev/input/event0 devnum=13:64 syspath=/sys/devices/pci0000:00/0000:00:05.0/input/input0/event0 ID_INPUT=1 ID_SEAT=seat0
[UDEVINIT] stat path=/dev/input/event1 rc=0 mode=020660 rdev=13:65
[UDEVINIT] by-name want=event1 sysname=event1 init=1 devnode=/dev/input/event1 devnum=13:65 syspath=/sys/devices/pci0000:00/0000:00:06.0/input/input1/event1 ID_INPUT=1 ID_SEAT=seat0
[UDEVINIT] by-devnum want=event1 sysname=event1 init=1 devnode=/dev/input/event1 devnum=13:65 syspath=/sys/devices/pci0000:00/0000:00:06.0/input/input1/event1 ID_INPUT=1 ID_SEAT=seat0
[UDEVINIT_EXIT] done
Wed Sep 23 07:19:32 UTC 2026 [UDEVINITPROBE_EXIT] rc=0
[STATPROBE] path=/dev/input/event0 mode=020660 rdev=13:64
[STATPROBE] attr=/sys/class/input/event0/dev value=13:64
[STATPROBE] path=/dev/input/event1 mode=020660 rdev=13:65
[STATPROBE] attr=/sys/class/input/event1/dev value=13:65
[STATPROBE_EXIT] done
Wed Sep 23 07:19:33 UTC 2026 [STATPROBE_EXIT] rc=0
Wed Sep 23 07:19:33 UTC 2026 sysfs dev/char links:
Wed Sep 23 07:19:33 UTC 2026 /sys/dev/char/13:64 -> ../../devices/pci0000:00/0000:00:05.0/input/input0/event0 dev=13:64
Wed Sep 23 07:19:33 UTC 2026 /sys/dev/char/13:65 -> ../../devices/pci0000:00/0000:00:06.0/input/input1/event1 dev=13:65
Wed Sep 23 07:19:34 UTC 2026 c13:64: S:input/by-path/pci-0000:00:05.0-event-kbd;I:22227446;E:ID_INPUT=1;E:ID_INPUT_KEY=1;E:ID_INPUT_KEYBOARD=1;E:ID_PATH=pci-0000:00:05.0;E:ID_PATH_TAG=pci-0000_00_05_0;E:ID_SEAT=seat0;E:ID_SERIAL=noserial;G:seat;
Wed Sep 23 07:19:34 UTC 2026 c13:65: S:input/by-path/pci-0000:00:06.0-event-mouse;I:22266660;E:ID_INPUT=1;E:ID_INPUT_MOUSE=1;E:ID_PATH=pci-0000:00:06.0;E:ID_PATH_TAG=pci-0000_00_06_0;E:ID_SEAT=seat0;E:ID_SERIAL=noserial;G:seat;
Wed Sep 23 07:19:34 UTC 2026 sysfs class/input entries:
total 0
drwxr-xr-x    4 root     root             0 Jan  1  1970 .
drwxr-xr-x    5 root     root             0 Jan  1  1970 ..
drwxr-xr-x    2 root     root             0 Jan  1  1970 event0
drwxr-xr-x    2 root     root             0 Jan  1  1970 event1
lrwxrwxrwx    1 root     root            50 Jan  1  1970 input0 -> ../../devices/pci0000:00/0000:00:05.0/input/input0
lrwxrwxrwx    1 root     root            50 Jan  1  1970 input1 -> ../../devices/pci0000:00/0000:00:06.0/input/input1
Wed Sep 23 07:19:34 UTC 2026 sysfs bus/input devices:
total 0
drwxr-xr-x    2 root     root             0 Jan  1  1970 .
drwxr-xr-x    4 root     root             0 Jan  1  1970 ..
lrwxrwxrwx    1 root     root            60 Jan  1  1970 event0 -> ../../../devices/pci0000:00/0000:00:05.0/input/input0/event0
lrwxrwxrwx    1 root     root            60 Jan  1  1970 event1 -> ../../../devices/pci0000:00/0000:00:06.0/input/input1/event1
lrwxrwxrwx    1 root     root            53 Jan  1  1970 input0 -> ../../../devices/pci0000:00/0000:00:05.0/input/input0
lrwxrwxrwx    1 root     root            53 Jan  1  1970 input1 -> ../../../devices/pci0000:00/0000:00:06.0/input/input1
Wed Sep 23 07:19:35 UTC 2026 subsystem/input -> ../bus/input
Wed Sep 23 07:19:35 UTC 2026 ===== D. libudev input enumeration =====
==== inputudevprobe: guest libudev input coldplug view ====
[INPUT_UDEV] enumerate input subsystem match_rc=0 scan_rc=0
[INPUT_UDEV] by-name sysname=event0 devnode=/dev/input/event0 devnum=13:64 ID_INPUT=1 ID_SEAT=seat0 KEYBOARD=1 MOUSE=(null)
[INPUT_UDEV] by-name sysname=event1 devnode=/dev/input/event1 devnum=13:65 ID_INPUT=1 ID_SEAT=seat0 KEYBOARD=(null) MOUSE=1
[INPUT_UDEV] list syspath=/sys/devices/pci0000:00/0000:00:05.0/input/input0 sysname=input0
[INPUT_UDEV] list syspath=/sys/devices/pci0000:00/0000:00:05.0/input/input0 sysname=input0
[INPUT_UDEV] list syspath=/sys/devices/pci0000:00/0000:00:05.0/input/input0/event0 sysname=event0
[INPUT_UDEV] list syspath=/sys/devices/pci0000:00/0000:00:05.0/input/input0/event0 sysname=event0
[INPUT_UDEV] sysname=event0 syspath=/sys/devices/pci0000:00/0000:00:05.0/input/input0/event0 devnode=/dev/input/event0 devnum=13:64 ID_INPUT=1 KEYBOARD=1 MOUSE=(null)
[INPUT_UDEV] list syspath=/sys/devices/pci0000:00/0000:00:06.0/input/input1 sysname=input1
[INPUT_UDEV] list syspath=/sys/devices/pci0000:00/0000:00:06.0/input/input1 sysname=input1
[INPUT_UDEV] list syspath=/sys/devices/pci0000:00/0000:00:06.0/input/input1/event1 sysname=event1
[INPUT_UDEV] list syspath=/sys/devices/pci0000:00/0000:00:06.0/input/input1/event1 sysname=event1
[INPUT_UDEV] sysname=event1 syspath=/sys/devices/pci0000:00/0000:00:06.0/input/input1/event1 devnode=/dev/input/event1 devnum=13:65 ID_INPUT=1 KEYBOARD=(null) MOUSE=1
[INPUT_UDEV] by_name_count=2 event_count=2
[INPUT_UDEV_EXIT] 0 verdict=INPUT_UDEV_OK
Wed Sep 23 07:19:36 UTC 2026 [INPUT_UDEVPROBE_EXIT] rc=0
Wed Sep 23 07:19:36 UTC 2026 ===== E. actual evdev node capabilities =====
total 0
crw-rw----    1 root     input      13,  64 Sep 23 07:19 event0
crw-rw----    1 root     input      13,  65 Sep 23 07:19 event1
=== evprobe: evdev 输入设备枚举 ===
[EV] /dev/input/event0
[EV]   EVIOCGNAME  rc=21 name="QEMU Virtio Keyboard"
[EV]   EVIOCGID    bustype=BUS_VIRTUAL(0x0006) vendor=0x0627 product=0x0001 version=0x0001
[EV]   EV  types:  SYN=0 KEY=1 REL=0 ABS=0 MSC=0 SW=0 REP=0
[EV]   key bits:  BTN_LEFT=0 BTN_RIGHT=0 BTN_MIDDLE=0 BTN_TOUCH=0 KEY_A=1 KEY_Z=1 KEY_SPACE=1
[EVSUM] node=/dev/input/event0 minor=1 class=KEYBOARD (rel=0 abs=0 btn=0 kbdkeys=1)
[EV] /dev/input/event1
[EV]   EVIOCGNAME  rc=18 name="QEMU Virtio Mouse"
[EV]   EVIOCGID    bustype=BUS_VIRTUAL(0x0006) vendor=0x0627 product=0x0002 version=0x0002
[EV]   EV  types:  SYN=0 KEY=1 REL=1 ABS=0 MSC=0 SW=0 REP=0
[EV]   key bits:  BTN_LEFT=1 BTN_RIGHT=1 BTN_MIDDLE=1 BTN_TOUCH=1 KEY_A=0 KEY_Z=0 KEY_SPACE=0
[EVSUM] node=/dev/input/event1 minor=2 class=MOUSE (rel=1 abs=0 btn=1 kbdkeys=0)
[EV] /dev/input/event2 open -> -1 errno=2 (No such file or directory)
[EV] /dev/input/event3 open -> -1 errno=2 (No such file or directory)
[EV] /dev/input/event4 open -> -1 errno=2 (No such file or directory)
[EV] /dev/input/event5 open -> -1 errno=2 (No such file or directory)
[EV] /dev/input/event6 open -> -1 errno=2 (No such file or directory)
[EV] /dev/input/event7 open -> -1 errno=2 (No such file or directory)
[EV] /dev/input/event8 open -> -1 errno=2 (No such file or directory)
[EV] /dev/input/event9 open -> -1 errno=2 (No such file or directory)
[EV] /dev/input/event10 open -> -1 errno=2 (No such file or directory)
[EV] /dev/input/event11 open -> -1 errno=2 (No such file or directory)
[EV] /dev/input/event12 open -> -1 errno=2 (No such file or directory)
[EV] /dev/input/event13 open -> -1 errno=2 (No such file or directory)
[EV] /dev/input/event14 open -> -1 errno=2 (No such file or directory)
[EV] /dev/input/event15 open -> -1 errno=2 (No such file or directory)

[EV] 共找到 2 个 evdev 节点
[EVMAP] 建议的 udev 伪造（可用次设备号）：keyboard=c13:1  pointer=c13:2
Wed Sep 23 07:19:38 UTC 2026 [EVPROBE_EXIT] rc=0
Wed Sep 23 07:19:38 UTC 2026 ===== F. Weston DRM + libinput; input is required =====
00:00:00.018 [INFO] [libseat/libseat.c:73] Seat opened with backend 'seatd'
[SEATPROBE] device_id=1 fd=4 id_rc=0 name_rc=21 name=QEMU Virtio Keyboard dev=0006:0001
[SEATPROBE] close_device rc=0 errno=11 (Resource temporarily unavailable)
00:00:00.036 [INFO] [libseat/backend/seatd.c:212] Enabling seat
[SEATPROBE] seat enabled
[SEATPROBE] close_seat rc=0 errno=11 (Resource temporarily unavailable)
[SEATPROBE_EXIT] 0 verdict=LIBSEAT_DEVICE_FD_OK
Wed Sep 23 07:19:40 UTC 2026 [SEATPROBE_EXIT] rc=0
[LIBINPUT_PROBE] open_restricted path=/dev/input/event0 flags=0x80802 fd=5 errno=2 (No such file or directory)
libinput info: event0  - QEMU Virtio Keyboard: is tagged by udev as: Keyboard
libinput info: event0  - QEMU Virtio Keyboard: device is a keyboard
[LIBINPUT_PROBE] add_device path=/dev/input/event0 result=ok errno=2 (No such file or directory)
libinput info: event0  - QEMU Virtio Keyboard: device removed
[LIBINPUT_PROBE] close_restricted fd=5 rc=0 errno=2 (No such file or directory)
[LIBINPUT_PROBE] open_restricted path=/dev/input/event1 flags=0x80802 fd=5 errno=0 (No error information)
libinput info: event1  - QEMU Virtio Mouse: is tagged by udev as: Mouse
libinput info: event1  - QEMU Virtio Mouse: device is a pointer
[LIBINPUT_PROBE] add_device path=/dev/input/event1 result=ok errno=2 (No such file or directory)
libinput info: event1  - QEMU Virtio Mouse: device removed
[LIBINPUT_PROBE] close_restricted fd=5 rc=0 errno=2 (No such file or directory)
[LIBINPUT_PROBE_EXIT] 0 devices_added=2 verdict=LIBINPUT_OK
Wed Sep 23 07:19:40 UTC 2026 [LIBINPUTPROBE_EXIT] rc=0
Wed Sep 23 07:19:51 UTC 2026 weston_alive=yes socket=[/run/user/0/wayland-1]
[07:19:41.216] Command line: weston --backend=drm-backend.so --renderer=pixman --drm-device=card0 --seat=seat0 --idle-time=0 --debug --log=/root/input29-weston.log
[07:19:41.367] using /dev/dri/card0
[07:19:41.808] libinput: configuring device "QEMU Virtio Keyboard".
[07:19:41.810] libinput: configuring device "QEMU Virtio Mouse".
[07:19:41.874] DRM: output Virtual-1 uses shadow framebuffer.
[07:19:41.878] associating input device event0 with output Virtual-1 (none by udev)
[07:19:41.878] associating input device event1 with output Virtual-1 (none by udev)
[07:19:41.880] Output 'Virtual-1' enabled with head(s) Virtual-1
Wed Sep 23 07:19:52 UTC 2026 ===== G. Chromium normal renderer mode =====
Wed Sep 23 07:19:52 UTC 2026 chromium pid=150
Wed Sep 23 07:19:52 UTC 2026 chromium_alive elapsed=0s
Wed Sep 23 07:19:53 UTC 2026 PROC pid=150 cmd=/usr/lib/chromium/chromium --ozone-platform=wayland --disable-gpu --no-sandbox --disable-dev-shm-usage --disable-crash-reporter --disable-breakpad --no-first-run --no-default-browser-check --disable-sync --window-size=1280,800 --start-fullscreen --kiosk --disable-features=SegmentationPlatform,OptimizationGuideModelDownloading,OptimizationHints,WebAppProvider,InterestFeedContentSuggestions --enable-logging=stderr --v=1 --vmodule=*wayland*=2,*ozone*=2,*navigation*=2,*render_process*=2 --user-data-dir=/root/input29-chromium-profile file:///usr/share/html-test/index.html 
Wed Sep 23 07:20:09 UTC 2026 chromium_alive elapsed=15s
Wed Sep 23 07:20:10 UTC 2026 PROC pid=150 cmd=/usr/lib/chromium/chromium --ozone-platform=wayland --disable-gpu --no-sandbox --disable-dev-shm-usage --disable-crash-reporter --disable-breakpad --no-first-run --no-default-browser-check --disable-sync --window-size=1280,800 --start-fullscreen --kiosk --disable-features=SegmentationPlatform,OptimizationGuideModelDownloading,OptimizationHints,WebAppProvider,InterestFeedContentSuggestions --enable-logging=stderr --v=1 --vmodule=*wayland*=2,*ozone*=2,*navigation*=2,*render_process*=2 --user-data-dir=/root/input29-chromium-profile file:///usr/share/html-test/index.html 
Wed Sep 23 07:20:11 UTC 2026 PROC pid=174 cmd=/usr/lib/chromium/chromium --type=zygote --no-zygote-sandbox --no-sandbox --enable-logging=stderr --v=1 --vmodule=*wayland*=2,*ozone*=2,*navigation*=2,*render_process*=2 --crashpad-handler-pid=0 --enable-crash-reporter=, --user-data-dir=/root/input29-chromium-profile --change-stack-guard-on-fork=enable 
Wed Sep 23 07:20:11 UTC 2026 PROC pid=175 cmd=/usr/lib/chromium/chromium --type=zygote --no-sandbox --enable-logging=stderr --v=1 --vmodule=*wayland*=2,*ozone*=2,*navigation*=2,*render_process*=2 --crashpad-handler-pid=0 --enable-crash-reporter=, --user-data-dir=/root/input29-chromium-profile --change-stack-guard-on-fork=enable 
Wed Sep 23 07:20:27 UTC 2026 chromium_alive elapsed=30s
Wed Sep 23 07:20:28 UTC 2026 PROC pid=150 cmd=/usr/lib/chromium/chromium --ozone-platform=wayland --disable-gpu --no-sandbox --disable-dev-shm-usage --disable-crash-reporter --disable-breakpad --no-first-run --no-default-browser-check --disable-sync --window-size=1280,800 --start-fullscreen --kiosk --disable-features=SegmentationPlatform,OptimizationGuideModelDownloading,OptimizationHints,WebAppProvider,InterestFeedContentSuggestions --enable-logging=stderr --v=1 --vmodule=*wayland*=2,*ozone*=2,*navigation*=2,*render_process*=2 --user-data-dir=/root/input29-chromium-profile file:///usr/share/html-test/index.html 
Wed Sep 23 07:20:29 UTC 2026 PROC pid=222 cmd=/proc/self/exe --type=utility --utility-sub-type=network.mojom.NetworkService --lang=en-US --service-sandbox-type=none --no-sandbox --disable-dev-shm-usage --crashpad-handler-pid=0 --enable-crash-reporter=, --user-data-dir=/root/input29-chromium-profile --subproc-heap-profiling --change-stack-guard-on-fork=enable --shared-files=v8_context_snapshot_data:100 --metrics-shmem-handle=4,i,13632309160978911174,12541868843411616359,524288 --field-trial-handle=3,i,14353849206222318163,16037522510320277843,262144 --disable-features=InterestFeedContentSuggestions,OptimizationGuideModelDownloading,OptimizationHints,SegmentationPlatform,WebAppProvider --variations-seed-version --trace-process-track-uuid=3190708989122997041 --enable-logging=stderr --v=1 --vmodule=*wayland*=2,*ozone*=2,*navigation*=2,*render_process*=2 
Wed Sep 23 07:20:45 UTC 2026 chromium_alive elapsed=45s
Wed Sep 23 07:20:46 UTC 2026 PROC pid=150 cmd=/usr/lib/chromium/chromium --ozone-platform=wayland --disable-gpu --no-sandbox --disable-dev-shm-usage --disable-crash-reporter --disable-breakpad --no-first-run --no-default-browser-check --disable-sync --window-size=1280,800 --start-fullscreen --kiosk --disable-features=SegmentationPlatform,OptimizationGuideModelDownloading,OptimizationHints,WebAppProvider,InterestFeedContentSuggestions --enable-logging=stderr --v=1 --vmodule=*wayland*=2,*ozone*=2,*navigation*=2,*render_process*=2 --user-data-dir=/root/input29-chromium-profile file:///usr/share/html-test/index.html 
Wed Sep 23 07:20:47 UTC 2026 PROC pid=222 cmd=/proc/self/exe --type=utility --utility-sub-type=network.mojom.NetworkService --lang=en-US --service-sandbox-type=none --no-sandbox --disable-dev-shm-usage --crashpad-handler-pid=0 --enable-crash-reporter=, --user-data-dir=/root/input29-chromium-profile --subproc-heap-profiling --change-stack-guard-on-fork=enable --shared-files=v8_context_snapshot_data:100 --metrics-shmem-handle=4,i,13632309160978911174,12541868843411616359,524288 --field-trial-handle=3,i,14353849206222318163,16037522510320277843,262144 --disable-features=InterestFeedContentSuggestions,OptimizationGuideModelDownloading,OptimizationHints,SegmentationPlatform,WebAppProvider --variations-seed-version --trace-process-track-uuid=3190708989122997041 --enable-logging=stderr --v=1 --vmodule=*wayland*=2,*ozone*=2,*navigation*=2,*render_process*=2 
Wed Sep 23 07:21:43 UTC 2026 [INPUT29_CHROMIUM_EXIT] wait_rc=133
[150:150:0923/072017.812914:ERROR:ui/ozone/platform/wayland/common/drm_render_node_path_finder.cc:45] drmGetDevices2() has not found any devices: No such file or directory (2)
[150:204:0923/072018.294712:ERROR:dbus/bus.cc:408] Failed to connect to the bus: Failed to connect to socket /run/dbus/system_bus_socket: No such file or directory
[150:204:0923/072024.072854:ERROR:dbus/bus.cc:408] Failed to connect to the bus: Could not parse server address: Unknown address type (examples of valid types are "tcp" and on UNIX "unix")
[150:204:0923/072024.084294:ERROR:dbus/bus.cc:408] Failed to connect to the bus: Failed to connect to socket /run/dbus/system_bus_socket: No such file or directory
[150:204:0923/072024.089435:ERROR:dbus/bus.cc:408] Failed to connect to the bus: Failed to connect to socket /run/dbus/system_bus_socket: No such file or directory
[150:207:0923/072024.783285:VERBOSE1:content/browser/renderer_host/media/media_stream_manager.cc:1555] MSM::InitializeMaybeAsync([this=0x4c00163980])
[150:207:0923/072024.808513:VERBOSE1:content/browser/renderer_host/media/media_stream_manager.cc:1555] MDM::MediaDevicesManager()
[150:207:0923/072024.817288:VERBOSE1:content/browser/renderer_host/media/media_stream_manager.cc:1555] MSM::MediaStreamManager([this=0x4c00163980]))
[150:204:0923/072029.484651:ERROR:dbus/bus.cc:408] Failed to connect to the bus: Could not parse server address: Unknown address type (examples of valid types are "tcp" and on UNIX "unix")
[150:204:0923/072036.529093:ERROR:dbus/bus.cc:408] Failed to connect to the bus: Could not parse server address: Unknown address type (examples of valid types are "tcp" and on UNIX "unix")
[150:204:0923/072036.539481:ERROR:dbus/bus.cc:408] Failed to connect to the bus: Could not parse server address: Unknown address type (examples of valid types are "tcp" and on UNIX "unix")
[150:150:0923/072036.936988:WARNING:ui/ozone/platform/wayland/host/wayland_surface.cc:170] Server doesn't support zcr_alpha_compositing_v1.
[150:150:0923/072036.937441:WARNING:ui/ozone/platform/wayland/host/wayland_surface.cc:185] Server doesn't support overlay_prioritizer.
[150:150:0923/072036.937708:WARNING:ui/ozone/platform/wayland/host/wayland_surface.cc:200] Server doesn't support wp_content_type_v1
[150:150:0923/072036.937924:WARNING:ui/ozone/platform/wayland/host/wayland_surface.cc:214] Server doesn't support wp_color_management_surface_v1.
[150:150:0923/072042.017699:ERROR:dbus/object_proxy.cc:573] Failed to call method: org.freedesktop.DBus.NameHasOwner: object_path= /org/freedesktop/DBus: unknown error type: 
[150:204:0923/072042.021389:ERROR:dbus/bus.cc:408] Failed to connect to the bus: Could not parse server address: Unknown address type (examples of valid types are "tcp" and on UNIX "unix")
[150:204:0923/072042.022375:ERROR:dbus/bus.cc:408] Failed to connect to the bus: Could not parse server address: Unknown address type (examples of valid types are "tcp" and on UNIX "unix")
[150:204:0923/072042.024463:ERROR:dbus/bus.cc:408] Failed to connect to the bus: Could not parse server address: Unknown address type (examples of valid types are "tcp" and on UNIX "unix")
[150:204:0923/072042.025063:ERROR:dbus/bus.cc:408] Failed to connect to the bus: Could not parse server address: Unknown address type (examples of valid types are "tcp" and on UNIX "unix")
[150:204:0923/072042.025472:ERROR:dbus/bus.cc:408] Failed to connect to the bus: Could not parse server address: Unknown address type (examples of valid types are "tcp" and on UNIX "unix")
[150:204:0923/072042.026008:ERROR:dbus/bus.cc:408] Failed to connect to the bus: Could not parse server address: Unknown address type (examples of valid types are "tcp" and on UNIX "unix")
[150:150:0923/072042.034743:ERROR:content/browser/gpu/gpu_process_host.cc:993] GPU process launch failed: error_code=1002
[150:150:0923/072042.393685:ERROR:dbus/object_proxy.cc:573] Failed to call method: org.freedesktop.DBus.NameHasOwner: object_path= /org/freedesktop/DBus: unknown error type: 
[150:150:0923/072043.348870:ERROR:dbus/object_proxy.cc:573] Failed to call method: org.freedesktop.DBus.NameHasOwner: object_path= /org/freedesktop/DBus: unknown error type: 
[150:150:0923/072043.352308:ERROR:dbus/object_proxy.cc:573] Failed to call method: org.freedesktop.DBus.NameHasOwner: object_path= /org/freedesktop/DBus: unknown error type: 
[150:204:0923/072043.352571:ERROR:dbus/bus.cc:408] Failed to connect to the bus: Could not parse server address: Unknown address type (examples of valid types are "tcp" and on UNIX "unix")
[150:201:0923/072043.894474:VERBOSE1:content/browser/loader/file_url_loader_factory.cc:474] FileURLLoader::Start: file:///usr/share/html-test/index.html
[150:204:0923/072044.104717:ERROR:dbus/bus.cc:408] Failed to connect to the bus: Failed to connect to socket /run/dbus/system_bus_socket: No such file or directory
[150:204:0923/072044.109893:ERROR:dbus/bus.cc:408] Failed to connect to the bus: Failed to connect to socket /run/dbus/system_bus_socket: No such file or directory
[150:150:0923/072044.169594:ERROR:dbus/object_proxy.cc:573] Failed to call method: org.freedesktop.DBus.NameHasOwner: object_path= /org/freedesktop/DBus: unknown error type: 
[150:150:0923/072044.184558:ERROR:dbus/object_proxy.cc:573] Failed to call method: org.freedesktop.DBus.NameHasOwner: object_path= /org/freedesktop/DBus: unknown error type: 
[150:204:0923/072044.221264:ERROR:dbus/bus.cc:408] Failed to connect to the bus: Could not parse server address: Unknown address type (examples of valid types are "tcp" and on UNIX "unix")
[150:150:0923/072044.222236:ERROR:dbus/object_proxy.cc:573] Failed to call method: org.freedesktop.DBus.NameHasOwner: object_path= /org/freedesktop/DBus: unknown error type: 
[150:150:0923/072044.251285:ERROR:content/browser/gpu/gpu_process_host.cc:993] GPU process launch failed: error_code=1002
[222:246:0923/072044.335808:ERROR:net/socket/tcp_socket_posix.cc:88] Failed to set TCP_KEEPIDLE on fd: 30: Protocol not available (92)
[222:246:0923/072044.393088:ERROR:net/socket/tcp_socket_posix.cc:88] Failed to set TCP_KEEPIDLE on fd: 31: Protocol not available (92)
[150:150:0923/072045.093942:ERROR:dbus/object_proxy.cc:573] Failed to call method: org.freedesktop.DBus.NameHasOwner: object_path= /org/freedesktop/DBus: unknown error type: 
[150:204:0923/072045.097273:ERROR:dbus/bus.cc:408] Failed to connect to the bus: Could not parse server address: Unknown address type (examples of valid types are "tcp" and on UNIX "unix")
[150:150:0923/072045.176933:ERROR:dbus/object_proxy.cc:573] Failed to call method: org.freedesktop.DBus.Properties.GetAll: object_path= /org/freedesktop/UPower/devices/DisplayDevice: unknown error type: 
[150:150:0923/072045.185355:ERROR:dbus/object_proxy.cc:573] Failed to call method: org.freedesktop.DBus.NameHasOwner: object_path= /org/freedesktop/DBus: unknown error type: 
[150:150:0923/072045.267837:ERROR:content/browser/gpu/gpu_process_host.cc:993] GPU process launch failed: error_code=1002
[150:150:0923/072047.358941:ERROR:dbus/object_proxy.cc:573] Failed to call method: org.freedesktop.DBus.NameHasOwner: object_path= /org/freedesktop/DBus: unknown error type: 
[150:204:0923/072047.362117:ERROR:dbus/bus.cc:408] Failed to connect to the bus: Could not parse server address: Unknown address type (examples of valid types are "tcp" and on UNIX "unix")
[150:150:0923/072047.413516:ERROR:content/browser/gpu/gpu_process_host.cc:993] GPU process launch failed: error_code=1002
[150:150:0923/072048.106611:ERROR:dbus/object_proxy.cc:573] Failed to call method: org.freedesktop.DBus.NameHasOwner: object_path= /org/freedesktop/DBus: unknown error type: 
[150:204:0923/072048.111153:ERROR:dbus/bus.cc:408] Failed to connect to the bus: Could not parse server address: Unknown address type (examples of valid types are "tcp" and on UNIX "unix")
[150:150:0923/072048.138202:ERROR:content/browser/gpu/gpu_process_host.cc:993] GPU process launch failed: error_code=1002
[222:246:0923/072048.394307:ERROR:net/socket/tcp_socket_posix.cc:88] Failed to set TCP_KEEPIDLE on fd: 35: Protocol not available (92)
[150:150:0923/072048.492407:ERROR:dbus/object_proxy.cc:573] Failed to call method: org.freedesktop.DBus.NameHasOwner: object_path= /org/freedesktop/DBus: unknown error type: 
[222:246:0923/072048.550668:ERROR:net/socket/tcp_socket_posix.cc:88] Failed to set TCP_KEEPIDLE on fd: 30: Protocol not available (92)
[150:150:0923/072048.695781:ERROR:content/browser/gpu/gpu_process_host.cc:993] GPU process launch failed: error_code=1002
[150:150:0923/072048.696790:FATAL:content/browser/gpu/gpu_data_manager_impl_private.cc:415] GPU process isn't usable. Goodbye.
[0923/072048.726125:ERROR:third_party/crashpad/crashpad/util/linux/scoped_ptrace_attach.cc:27] ptrace: Function not implemented (38)
Wed Sep 23 07:22:10 UTC 2026 ===== H. Chromium headless page/render diagnostic =====
Wed Sep 23 07:24:21 UTC 2026 [INPUT29_HEADLESS_EXIT] rc=134
[346:370:0923/072317.246319:ERROR:net/socket/tcp_socket_posix.cc:88] Failed to set TCP_KEEPIDLE on fd: 33: Protocol not available (92)
[346:370:0923/072317.381719:ERROR:net/socket/tcp_socket_posix.cc:88] Failed to set TCP_KEEPIDLE on fd: 34: Protocol not available (92)
[288:330:0923/072317.391639:ERROR:dbus/bus.cc:408] Failed to connect to the bus: Failed to connect to socket /run/dbus/system_bus_socket: No such file or directory
[288:330:0923/072317.399404:ERROR:dbus/bus.cc:408] Failed to connect to the bus: Failed to connect to socket /run/dbus/system_bus_socket: No such file or directory
[288:288:0923/072317.675983:ERROR:dbus/object_proxy.cc:573] Failed to call method: org.freedesktop.DBus.NameHasOwner: object_path= /org/freedesktop/DBus: unknown error type: 
[288:288:0923/072317.690292:ERROR:dbus/object_proxy.cc:573] Failed to call method: org.freedesktop.DBus.NameHasOwner: object_path= /org/freedesktop/DBus: unknown error type: 
[288:330:0923/072317.706717:ERROR:dbus/bus.cc:408] Failed to connect to the bus: Could not parse server address: Unknown address type (examples of valid types are "tcp" and on UNIX "unix")
[288:288:0923/072317.707389:ERROR:dbus/object_proxy.cc:573] Failed to call method: org.freedesktop.DBus.NameHasOwner: object_path= /org/freedesktop/DBus: unknown error type: 
[288:288:0923/072317.721213:ERROR:content/browser/gpu/gpu_process_host.cc:993] GPU process launch failed: error_code=1002
[288:288:0923/072318.932340:ERROR:dbus/object_proxy.cc:573] Failed to call method: org.freedesktop.DBus.NameHasOwner: object_path= /org/freedesktop/DBus: unknown error type: 
[288:330:0923/072318.940506:ERROR:dbus/bus.cc:408] Failed to connect to the bus: Could not parse server address: Unknown address type (examples of valid types are "tcp" and on UNIX "unix")
[288:288:0923/072318.959922:ERROR:dbus/object_proxy.cc:573] Failed to call method: org.freedesktop.DBus.Properties.GetAll: object_path= /org/freedesktop/UPower/devices/DisplayDevice: unknown error type: 
[346:370:0923/072319.009331:ERROR:net/socket/tcp_socket_posix.cc:88] Failed to set TCP_KEEPIDLE on fd: 18: Protocol not available (92)
[346:370:0923/072319.031989:ERROR:net/socket/tcp_socket_posix.cc:88] Failed to set TCP_KEEPIDLE on fd: 39: Protocol not available (92)
[288:288:0923/072319.132214:ERROR:dbus/object_proxy.cc:573] Failed to call method: org.freedesktop.DBus.NameHasOwner: object_path= /org/freedesktop/DBus: unknown error type: 
[288:288:0923/072319.184579:ERROR:content/browser/gpu/gpu_process_host.cc:993] GPU process launch failed: error_code=1002
[346:370:0923/072319.661282:ERROR:net/socket/tcp_socket_posix.cc:88] Failed to set TCP_KEEPIDLE on fd: 40: Protocol not available (92)
[346:370:0923/072319.961288:ERROR:net/socket/tcp_socket_posix.cc:88] Failed to set TCP_KEEPIDLE on fd: 39: Protocol not available (92)
[288:288:0923/072320.222900:ERROR:dbus/object_proxy.cc:573] Failed to call method: org.freedesktop.DBus.NameHasOwner: object_path= /org/freedesktop/DBus: unknown error type: 
[288:330:0923/072320.226295:ERROR:dbus/bus.cc:408] Failed to connect to the bus: Could not parse server address: Unknown address type (examples of valid types are "tcp" and on UNIX "unix")
[288:288:0923/072320.635694:ERROR:content/browser/gpu/gpu_process_host.cc:993] GPU process launch failed: error_code=1002
[288:288:0923/072321.064220:ERROR:dbus/object_proxy.cc:573] Failed to call method: org.freedesktop.DBus.NameHasOwner: object_path= /org/freedesktop/DBus: unknown error type: 
[288:330:0923/072321.072196:ERROR:dbus/bus.cc:408] Failed to connect to the bus: Could not parse server address: Unknown address type (examples of valid types are "tcp" and on UNIX "unix")
[288:288:0923/072321.436555:ERROR:content/browser/gpu/gpu_process_host.cc:993] GPU process launch failed: error_code=1002
[346:370:0923/072322.009423:ERROR:net/socket/tcp_socket_posix.cc:88] Failed to set TCP_KEEPIDLE on fd: 18: Protocol not available (92)
[288:288:0923/072322.013908:ERROR:dbus/object_proxy.cc:573] Failed to call method: org.freedesktop.DBus.NameHasOwner: object_path= /org/freedesktop/DBus: unknown error type: 
[346:370:0923/072322.041898:ERROR:net/socket/tcp_socket_posix.cc:88] Failed to set TCP_KEEPIDLE on fd: 33: Protocol not available (92)
[288:288:0923/072322.125368:ERROR:content/browser/gpu/gpu_process_host.cc:993] GPU process launch failed: error_code=1002
[288:288:0923/072322.126645:FATAL:content/browser/gpu/gpu_data_manager_impl_private.cc:415] GPU process isn't usable. Goodbye.
[0923/072322.163347:ERROR:third_party/crashpad/crashpad/util/linux/scoped_ptrace_attach.cc:27] ptrace: Function not implemented (38)
Wed Sep 23 07:24:22 UTC 2026 [INPUT29_SUM] socket=/run/user/0/wayland-1
