Date: 2026-09-29 UTC
[23:24:13.936] weston 14.0.2
               https://wayland.freedesktop.org
               Bug reports to: https://gitlab.freedesktop.org/wayland/weston/issues/
               Build: 14.0.2
[23:24:13.941] Command line: weston --backend=drm-backend.so --renderer=pixman --drm-device=card0 --seat=seat0 --idle-time=0 --debug --log=/root/mp-weston.log
[23:24:13.941] OS: Linux, 10.0.0, 10.0.0, aarch64
[23:24:13.941] Flight recorder: enabled
[23:24:13.954] Starting with no config file.
[23:24:13.980] Output repaint window is 7 ms maximum.
[23:24:13.988] Loading module '/usr/lib/libweston-14/drm-backend.so'
[23:24:14.087] initializing drm backend
[23:24:14.091] Trying libseat launcher...
[23:24:14.106] [libseat/libseat.c:62] Seat opened with backend 'seatd'
[23:24:14.107] [libseat/backend/seatd.c:212] Enabling seat
[23:24:14.107] libseat: session control granted
[23:24:14.129] using /dev/dri/card0
[23:24:14.132] DRM: does not support atomic modesetting
[23:24:14.132] DRM: supports GBM modifiers
[23:24:14.132] DRM: does not support Atomic async page flip
[23:24:14.133] DRM: supports picture aspect ratio
[23:24:14.137] Using Pixman renderer
[23:24:14.349] event0  - QEMU Virtio Keyboard: is tagged by udev as: Keyboard
[23:24:14.353] event0  - QEMU Virtio Keyboard: device is a keyboard
[23:24:14.382] event1  - QEMU Virtio Mouse: is tagged by udev as: Mouse
[23:24:14.383] event1  - QEMU Virtio Mouse: device is a pointer
[23:24:14.661] libinput: configuring device "QEMU Virtio Keyboard".
[23:24:14.663] libinput: configuring device "QEMU Virtio Mouse".
[23:24:14.673] DRM: head 'Virtual-1' found, connector 48 is connected, EDID make 'unknown', model 'unknown', serial ''
               Supported EOTF modes: SDR
               Supported colorimetry modes: default
[23:24:14.677] Registered plugin API 'weston_drm_output_api_v1' of size 40
[23:24:14.677] Registered plugin API 'weston_drm_virtual_output_api_v2' of size 48
[23:24:14.680] Color manager: no-op
                 protocol support: no
[23:24:14.696] Output 'Virtual-1' attempts EOTF mode SDR and colorimetry mode default.
[23:24:14.697] Output 'Virtual-1' using color profile: stock sRGB color profile
[23:24:14.725] DRM: output Virtual-1 uses shadow framebuffer.
[23:24:14.726] Output Virtual-1 (crtc 16) video modes:
               current@60.0, current, 70.6 MHz
[23:24:14.729] associating input device event0 with output Virtual-1 (none by udev)
[23:24:14.729] associating input device event1 with output Virtual-1 (none by udev)
[23:24:14.731] Output 'Virtual-1' enabled with head(s) Virtual-1
[23:24:14.732] Compositor capabilities:
               arbitrary surface rotation: yes
               screen capture uses y-flip: no
               cursor planes: yes
               arbitrary resolutions: no
               view mask clipping: yes
               explicit sync: no
               color operations: no
               presentation clock: CLOCK_MONOTONIC, id 1
               presentation clock resolution: 0.000001000 s
[23:24:14.744] Loading module '/usr/lib/weston/desktop-shell.so'
[23:24:14.795] launching '/usr/libexec/weston-keyboard'
[23:24:14.888] launching '/usr/libexec/weston-desktop-shell'
