Date: 2026-09-28 UTC
[13:49:20.367] weston 14.0.2
               https://wayland.freedesktop.org
               Bug reports to: https://gitlab.freedesktop.org/wayland/weston/issues/
               Build: 14.0.2
[13:49:20.371] Command line: weston --backend=drm-backend.so --renderer=pixman --drm-device=card0 --seat=seat0 --idle-time=0 --debug --log=/root/mp-weston.log
[13:49:20.372] OS: Linux, 10.0.0, 10.0.0, aarch64
[13:49:20.372] Flight recorder: enabled
[13:49:20.386] Starting with no config file.
[13:49:20.416] Output repaint window is 7 ms maximum.
[13:49:20.426] Loading module '/usr/lib/libweston-14/drm-backend.so'
[13:49:20.526] initializing drm backend
[13:49:20.530] Trying libseat launcher...
[13:49:20.545] [libseat/libseat.c:62] Seat opened with backend 'seatd'
[13:49:20.546] [libseat/backend/seatd.c:212] Enabling seat
[13:49:20.546] libseat: session control granted
[13:49:20.568] using /dev/dri/card0
[13:49:20.570] DRM: does not support atomic modesetting
[13:49:20.571] DRM: supports GBM modifiers
[13:49:20.571] DRM: does not support Atomic async page flip
[13:49:20.571] DRM: supports picture aspect ratio
[13:49:20.575] Using Pixman renderer
[13:49:20.783] event0  - QEMU Virtio Keyboard: is tagged by udev as: Keyboard
[13:49:20.787] event0  - QEMU Virtio Keyboard: device is a keyboard
[13:49:20.815] event1  - QEMU Virtio Mouse: is tagged by udev as: Mouse
[13:49:20.816] event1  - QEMU Virtio Mouse: device is a pointer
[13:49:21.093] libinput: configuring device "QEMU Virtio Keyboard".
[13:49:21.095] libinput: configuring device "QEMU Virtio Mouse".
[13:49:21.105] DRM: head 'Virtual-1' found, connector 48 is connected, EDID make 'unknown', model 'unknown', serial ''
               Supported EOTF modes: SDR
               Supported colorimetry modes: default
[13:49:21.110] Registered plugin API 'weston_drm_output_api_v1' of size 40
[13:49:21.110] Registered plugin API 'weston_drm_virtual_output_api_v2' of size 48
[13:49:21.113] Color manager: no-op
                 protocol support: no
[13:49:21.129] Output 'Virtual-1' attempts EOTF mode SDR and colorimetry mode default.
[13:49:21.129] Output 'Virtual-1' using color profile: stock sRGB color profile
[13:49:21.166] DRM: output Virtual-1 uses shadow framebuffer.
[13:49:21.166] Output Virtual-1 (crtc 16) video modes:
               current@60.0, current, 70.6 MHz
[13:49:21.171] associating input device event0 with output Virtual-1 (none by udev)
[13:49:21.172] associating input device event1 with output Virtual-1 (none by udev)
[13:49:21.174] Output 'Virtual-1' enabled with head(s) Virtual-1
[13:49:21.174] Compositor capabilities:
               arbitrary surface rotation: yes
               screen capture uses y-flip: no
               cursor planes: yes
               arbitrary resolutions: no
               view mask clipping: yes
               explicit sync: no
               color operations: no
               presentation clock: CLOCK_MONOTONIC, id 1
               presentation clock resolution: 0.000001000 s
[13:49:21.196] Loading module '/usr/lib/weston/desktop-shell.so'
[13:49:21.255] launching '/usr/libexec/weston-keyboard'
[13:49:21.364] launching '/usr/libexec/weston-desktop-shell'
