Date: 2026-09-22 UTC
[15:32:37.006] weston 14.0.2
               https://wayland.freedesktop.org
               Bug reports to: https://gitlab.freedesktop.org/wayland/weston/issues/
               Build: 14.0.2
[15:32:37.010] Command line: weston --backend=drm-backend.so --renderer=pixman --drm-device=card0 --seat=seat0 --continue-without-input --idle-time=0 --debug --log=/root/cr2-weston.log
[15:32:37.010] OS: Linux, 10.0.0, 10.0.0, aarch64
[15:32:37.010] Flight recorder: enabled
[15:32:37.027] Starting with no config file.
[15:32:37.054] Output repaint window is 7 ms maximum.
[15:32:37.062] Loading module '/usr/lib/libweston-14/drm-backend.so'
[15:32:37.157] initializing drm backend
[15:32:37.161] Trying libseat launcher...
[15:32:37.183] [libseat/libseat.c:62] Seat opened with backend 'seatd'
[15:32:37.184] [libseat/backend/seatd.c:212] Enabling seat
[15:32:37.184] libseat: session control granted
[15:32:37.208] using /dev/dri/card0
[15:32:37.211] DRM: does not support atomic modesetting
[15:32:37.211] DRM: supports GBM modifiers
[15:32:37.211] DRM: does not support Atomic async page flip
[15:32:37.211] DRM: supports picture aspect ratio
[15:32:37.216] Using Pixman renderer
[15:32:37.385] warning: no input devices found, but none required as per configuration.
[15:32:37.391] DRM: head 'Virtual-1' found, connector 48 is connected, EDID make 'unknown', model 'unknown', serial ''
               Supported EOTF modes: SDR
               Supported colorimetry modes: default
[15:32:37.395] Registered plugin API 'weston_drm_output_api_v1' of size 40
[15:32:37.395] Registered plugin API 'weston_drm_virtual_output_api_v2' of size 48
[15:32:37.397] Color manager: no-op
                 protocol support: no
[15:32:37.414] Output 'Virtual-1' attempts EOTF mode SDR and colorimetry mode default.
[15:32:37.414] Output 'Virtual-1' using color profile: stock sRGB color profile
[15:32:37.442] DRM: output Virtual-1 uses shadow framebuffer.
[15:32:37.442] Output Virtual-1 (crtc 16) video modes:
               current@60.0, current, 70.6 MHz
[15:32:37.448] Output 'Virtual-1' enabled with head(s) Virtual-1
[15:32:37.448] Compositor capabilities:
               arbitrary surface rotation: yes
               screen capture uses y-flip: no
               cursor planes: yes
               arbitrary resolutions: no
               view mask clipping: yes
               explicit sync: no
               color operations: no
               presentation clock: CLOCK_MONOTONIC, id 1
               presentation clock resolution: 0.000001000 s
[15:32:37.457] Loading module '/usr/lib/weston/desktop-shell.so'
[15:32:37.485] launching '/usr/libexec/weston-keyboard'
[15:32:37.518] launching '/usr/libexec/weston-desktop-shell'
