[39:39:0922/153304.342118:ERROR:content/app/content_main_runner_impl.cc:429] Failed to initialize cpuinfo
[40:40:0922/153304.342233:ERROR:content/app/content_main_runner_impl.cc:429] Failed to initialize cpuinfo
[25:25:0922/153308.575478:ERROR:ui/ozone/platform/wayland/common/drm_render_node_path_finder.cc:45] drmGetDevices2() has not found any devices: No such file or directory (2)
[25:49:0922/153308.985889:ERROR:base/files/file_path_watcher_inotify.cc:339] inotify_init() failed: Function not implemented (38)
[25:52:0922/153309.183498:ERROR:dbus/bus.cc:408] Failed to connect to the bus: Failed to connect to socket /run/dbus/system_bus_socket: No such file or directory
[25:25:0922/153309.495565:WARNING:ui/ozone/platform/wayland/ozone_platform_wayland.cc:272] Failed to initialize drm render node handle.
[25:25:0922/153309.547434:WARNING:ui/ozone/platform/wayland/common/wayland_object.cc:119] Binding to wl_shm version 1 but version 2 is available.
[25:25:0922/153309.559054:WARNING:ui/ozone/platform/wayland/host/wayland_connection.cc:273] No wl_seat object. The functionality may suffer.
[25:25:0922/153311.114323:ERROR:content/browser/browser_main_loop.cc:288] Gdk: gdk_seat_get_keyboard: assertion 'GDK_IS_SEAT (seat)' failed
[25:52:0922/153314.194708:ERROR:dbus/bus.cc:408] Failed to connect to the bus: Could not parse server address: Unknown address type (examples of valid types are "tcp" and on UNIX "unix")
[25:52:0922/153314.202617:ERROR:dbus/bus.cc:408] Failed to connect to the bus: Failed to connect to socket /run/dbus/system_bus_socket: No such file or directory
[25:52:0922/153314.219551:ERROR:dbus/bus.cc:408] Failed to connect to the bus: Failed to connect to socket /run/dbus/system_bus_socket: No such file or directory
[25:65:0922/153314.677824:WARNING:ui/ozone/platform/wayland/ozone_platform_wayland.cc:325] Failed to find drm render node path.
[25:65:0922/153314.691165:WARNING:ui/ozone/platform/wayland/gpu/wayland_buffer_manager_gpu.cc:458] Failed to initialize drm render node handle.
[25:52:0922/153327.426110:ERROR:dbus/bus.cc:408] Failed to connect to the bus: Could not parse server address: Unknown address type (examples of valid types are "tcp" and on UNIX "unix")
MESA-LOADER: failed to retrieve device information
failed to get driver name for fd 73
MESA-LOADER: failed to retrieve device information
failed to get driver name for fd 73
MESA-LOADER: failed to retrieve device information
failed to get driver name for fd 73
MESA-LOADER: failed to retrieve device information
failed to get driver name for fd 73
MESA-LOADER: failed to retrieve device information
failed to get driver name for fd 73
MESA-LOADER: failed to retrieve device information
failed to get driver name for fd 73
[75:75:0922/153338.027586:INFO:content/child/child_thread_impl.cc:909] ChildThreadImpl::EnsureConnected()
[25:52:0922/153339.443961:ERROR:dbus/bus.cc:408] Failed to connect to the bus: Could not parse server address: Unknown address type (examples of valid types are "tcp" and on UNIX "unix")
[25:52:0922/153339.461220:ERROR:dbus/bus.cc:408] Failed to connect to the bus: Could not parse server address: Unknown address type (examples of valid types are "tcp" and on UNIX "unix")
[25:25:0922/153340.667125:WARNING:ui/ozone/platform/wayland/host/wayland_surface.cc:170] Server doesn't support zcr_alpha_compositing_v1.
[25:25:0922/153340.667797:WARNING:ui/ozone/platform/wayland/host/wayland_surface.cc:185] Server doesn't support overlay_prioritizer.
[25:25:0922/153340.668316:WARNING:ui/ozone/platform/wayland/host/wayland_surface.cc:200] Server doesn't support wp_content_type_v1
[25:25:0922/153340.668554:WARNING:ui/ozone/platform/wayland/host/wayland_surface.cc:214] Server doesn't support wp_color_management_surface_v1.
[25:25:0922/153341.372870:WARNING:ui/ozone/platform/wayland/host/wayland_connection.cc:408] text-input-v3 not available.
[0922/153343.783346:ERROR:third_party/crashpad/crashpad/util/linux/socket.cc:177] missing credentials
[25:25:0922/153348.738462:ERROR:dbus/object_proxy.cc:573] Failed to call method: org.freedesktop.DBus.NameHasOwner: object_path= /org/freedesktop/DBus: unknown error type: 
[25:52:0922/153348.741739:ERROR:dbus/bus.cc:408] Failed to connect to the bus: Could not parse server address: Unknown address type (examples of valid types are "tcp" and on UNIX "unix")
[25:52:0922/153348.743424:ERROR:dbus/bus.cc:408] Failed to connect to the bus: Could not parse server address: Unknown address type (examples of valid types are "tcp" and on UNIX "unix")
[25:52:0922/153348.745584:ERROR:dbus/bus.cc:408] Failed to connect to the bus: Could not parse server address: Unknown address type (examples of valid types are "tcp" and on UNIX "unix")
[25:52:0922/153348.746082:ERROR:dbus/bus.cc:408] Failed to connect to the bus: Could not parse server address: Unknown address type (examples of valid types are "tcp" and on UNIX "unix")
[25:52:0922/153348.746469:ERROR:dbus/bus.cc:408] Failed to connect to the bus: Could not parse server address: Unknown address type (examples of valid types are "tcp" and on UNIX "unix")
[25:52:0922/153348.746951:ERROR:dbus/bus.cc:408] Failed to connect to the bus: Could not parse server address: Unknown address type (examples of valid types are "tcp" and on UNIX "unix")
[25:25:0922/153348.748721:WARNING:device/bluetooth/dbus/bluez_dbus_manager.cc:209] Floss manager service not available, cannot set Floss enable/disable.
