Date: 2026-09-23 UTC
[04:16:47.240] weston 14.0.2
               https://wayland.freedesktop.org
               Bug reports to: https://gitlab.freedesktop.org/wayland/weston/issues/
               Build: 14.0.2
[04:16:47.244] Command line: weston --backend=drm-backend.so --renderer=pixman --drm-device=card0 --seat=seat0 --idle-time=0 --debug --log=/root/input8-weston.log
[04:16:47.244] OS: Linux, 10.0.0, 10.0.0, aarch64
[04:16:47.244] Flight recorder: enabled
[04:16:47.260] Starting with no config file.
[04:16:47.284] Output repaint window is 7 ms maximum.
[04:16:47.292] Loading module '/usr/lib/libweston-14/drm-backend.so'
[04:16:47.390] initializing drm backend
[04:16:47.394] Trying libseat launcher...
[04:16:47.411] [libseat/libseat.c:62] Seat opened with backend 'seatd'
[04:16:47.412] [libseat/backend/seatd.c:212] Enabling seat
[04:16:47.413] libseat: session control granted
[04:16:47.432] using /dev/dri/card0
[04:16:47.434] DRM: does not support atomic modesetting
[04:16:47.434] DRM: supports GBM modifiers
[04:16:47.435] DRM: does not support Atomic async page flip
[04:16:47.435] DRM: supports picture aspect ratio
[04:16:47.439] Using Pixman renderer
[04:16:47.626] warning: no input devices on entering Weston. Possible causes:
	- no permissions to read /dev/input/event*
	- seats misconfigured (Weston backend option 'seat', udev device property ID_SEAT)
[04:16:47.627] failed to create input devices
[04:16:47.633] fatal: failed to create compositor backend
