Date: 2026-09-23 UTC
[02:03:38.657] weston 14.0.2
               https://wayland.freedesktop.org
               Bug reports to: https://gitlab.freedesktop.org/wayland/weston/issues/
               Build: 14.0.2
[02:03:38.661] Command line: weston --backend=drm-backend.so --renderer=pixman --drm-device=card0 --seat=seat0 --continue-without-input --idle-time=0 --debug --log=/root/cr4-weston.log
[02:03:38.661] OS: Linux, 10.0.0, 10.0.0, aarch64
[02:03:38.661] Flight recorder: enabled
[02:03:38.671] Starting with no config file.
[02:03:38.694] Output repaint window is 7 ms maximum.
[02:03:38.702] Loading module '/usr/lib/libweston-14/drm-backend.so'
[02:03:38.791] initializing drm backend
[02:03:38.794] Trying libseat launcher...
[02:03:38.814] [libseat/libseat.c:62] Seat opened with backend 'seatd'
[02:03:38.814] [libseat/backend/seatd.c:212] Enabling seat
[02:03:38.815] libseat: session control granted
[02:03:38.837] using /dev/dri/card0
[02:03:38.840] DRM: does not support atomic modesetting
[02:03:38.840] DRM: supports GBM modifiers
[02:03:38.840] DRM: does not support Atomic async page flip
[02:03:38.840] DRM: supports picture aspect ratio
[02:03:38.845] Using Pixman renderer
[02:03:39.014] warning: no input devices found, but none required as per configuration.
[02:03:39.021] DRM: head 'Virtual-1' found, connector 48 is connected, EDID make 'unknown', model 'unknown', serial ''
               Supported EOTF modes: SDR
               Supported colorimetry modes: default
[02:03:39.024] Registered plugin API 'weston_drm_output_api_v1' of size 40
[02:03:39.024] Registered plugin API 'weston_drm_virtual_output_api_v2' of size 48
[02:03:39.027] Color manager: no-op
                 protocol support: no
[02:03:39.043] Output 'Virtual-1' attempts EOTF mode SDR and colorimetry mode default.
[02:03:39.043] Output 'Virtual-1' using color profile: stock sRGB color profile
[02:03:39.072] DRM: output Virtual-1 uses shadow framebuffer.
[02:03:39.072] Output Virtual-1 (crtc 16) video modes:
               current@60.0, current, 70.6 MHz
[02:03:39.077] Output 'Virtual-1' enabled with head(s) Virtual-1
[02:03:39.078] Compositor capabilities:
               arbitrary surface rotation: yes
               screen capture uses y-flip: no
               cursor planes: yes
               arbitrary resolutions: no
               view mask clipping: yes
               explicit sync: no
               color operations: no
               presentation clock: CLOCK_MONOTONIC, id 1
               presentation clock resolution: 0.000001000 s
[02:03:39.087] Loading module '/usr/lib/weston/desktop-shell.so'
[02:03:39.114] launching '/usr/libexec/weston-keyboard'
[02:03:39.149] launching '/usr/libexec/weston-desktop-shell'
