[205:205:0923/020808.755739:VERBOSE1:chrome/app/chrome_crash_reporter_client.cc:199] GetCollectStatsConsent(): is_official_chrome_build is false so returning false
[205:205:0923/020811.677345:VERBOSE1:chrome/app/chrome_crash_reporter_client.cc:199] GetCollectStatsConsent(): is_official_chrome_build is false so returning false
[205:205:0923/020812.428125:VERBOSE1:components/policy/core/common/config_dir_policy_loader.cc:116] Found mandatory policy file: /etc/chromium/policies/managed/kiosk.json
[205:205:0923/020812.450310:VERBOSE1:components/policy/core/common/config_dir_policy_loader.cc:121] Skipping recommended platform policies because no policy file was found at: /etc/chromium/policies/recommended
[205:205:0923/020812.724274:VERBOSE1:components/variations/service/variations_field_trial_creator.cc:80] VariationsSeedUsage:2
[205:205:0923/020812.732382:VERBOSE1:components/variations/service/variations_field_trial_creator.cc:353] VariationsSetupComplete
[205:205:0923/020812.742294:ERROR:ui/ozone/platform/wayland/common/drm_render_node_path_finder.cc:45] drmGetDevices2() has not found any devices: No such file or directory (2)
[205:233:0923/020813.096735:VERBOSE1:base/files/file_util_posix.cc:317] Cannot stat "/root/cr4-single-profile/VariationsSeedV1": No such file or directory (2)
[205:234:0923/020813.099715:ERROR:base/files/file_path_watcher_inotify.cc:339] inotify_init() failed: Function not implemented (38)
[205:235:0923/020813.265798:ERROR:dbus/bus.cc:408] Failed to connect to the bus: Failed to connect to socket /run/dbus/system_bus_socket: No such file or directory
[205:205:0923/020813.362482:WARNING:ui/ozone/platform/wayland/ozone_platform_wayland.cc:272] Failed to initialize drm render node handle.
[205:205:0923/020813.394704:WARNING:ui/ozone/platform/wayland/common/wayland_object.cc:119] Binding to wl_shm version 1 but version 2 is available.
[205:205:0923/020813.404188:WARNING:ui/ozone/platform/wayland/host/wayland_connection.cc:273] No wl_seat object. The functionality may suffer.
[205:205:0923/020814.795133:ERROR:content/browser/browser_main_loop.cc:288] Gdk: gdk_seat_get_keyboard: assertion 'GDK_IS_SEAT (seat)' failed
[205:205:0923/020818.997139:VERBOSE1:chrome/browser/media/webrtc/webrtc_event_log_manager.cc:122] WebRTC remote-bound event logging enabled.
[205:205:0923/020819.213778:VERBOSE1:components/proxy_config/pref_proxy_config_tracker_impl.cc:199] 0x2c001bd500: set chrome proxy config service to 0x2c00076220
[205:205:0923/020819.253577:VERBOSE1:google_apis/api_key_cache.cc:99] Using default value "497550622367-ubtkmd3b2pp5gulba5n6ha6sq4n35ehj.apps.googleusercontent.com" for API key GOOGLE_CLIENT_ID_MAIN
[205:205:0923/020819.255537:VERBOSE1:google_apis/api_key_cache.cc:99] Using default value "NaCX8tIIAphrjs56n3TpHx_e" for API key GOOGLE_CLIENT_SECRET_MAIN
[205:205:0923/020819.258002:VERBOSE1:google_apis/api_key_cache.cc:99] Using default value "497550622367-ubtkmd3b2pp5gulba5n6ha6sq4n35ehj.apps.googleusercontent.com" for API key GOOGLE_CLIENT_ID_REMOTING
[205:205:0923/020819.258291:VERBOSE1:google_apis/api_key_cache.cc:99] Using default value "NaCX8tIIAphrjs56n3TpHx_e" for API key GOOGLE_CLIENT_SECRET_REMOTING
[205:205:0923/020819.258538:VERBOSE1:google_apis/api_key_cache.cc:99] Using default value "497550622367-ubtkmd3b2pp5gulba5n6ha6sq4n35ehj.apps.googleusercontent.com" for API key GOOGLE_CLIENT_ID_REMOTING_HOST
[205:205:0923/020819.258974:VERBOSE1:google_apis/api_key_cache.cc:99] Using default value "NaCX8tIIAphrjs56n3TpHx_e" for API key GOOGLE_CLIENT_SECRET_REMOTING_HOST
[205:205:0923/020823.051931:VERBOSE1:components/device_event_log/device_event_log_impl.cc:200] [02:08:20.077] Display: EVENT: wayland_screen.cc:144 Displays updated, count: 1
[205:205:0923/020823.067350:VERBOSE1:components/device_event_log/device_event_log_impl.cc:200] [02:08:23.065] Display: EVENT: wayland_screen.cc:147 Display[15] bounds=[0,0 1280x800], workarea=[0,0 1280x800], scale=1, rotation=0, panel_rotation=0 external detected
[205:235:0923/020823.285774:ERROR:dbus/bus.cc:408] Failed to connect to the bus: Could not parse server address: Unknown address type (examples of valid types are "tcp" and on UNIX "unix")
[205:235:0923/020823.305715:ERROR:dbus/bus.cc:408] Failed to connect to the bus: Failed to connect to socket /run/dbus/system_bus_socket: No such file or directory
[205:235:0923/020823.313221:ERROR:dbus/bus.cc:408] Failed to connect to the bus: Failed to connect to socket /run/dbus/system_bus_socket: No such file or directory
[205:248:0923/020823.734280:VERBOSE1:base/files/file_util_posix.cc:317] Cannot stat "/root/cr4-single-profile/component_crx_cache/metadata.json": No such file or directory (2)
[205:254:0923/020824.848010:WARNING:ui/ozone/platform/wayland/ozone_platform_wayland.cc:325] Failed to find drm render node path.
[205:254:0923/020824.861867:WARNING:ui/ozone/platform/wayland/gpu/wayland_buffer_manager_gpu.cc:458] Failed to initialize drm render node handle.
Assertion 'r == 0 || r == 95' failed at ../src/pulsecore/mutex-posix.c:57, function pa_mutex_new(). Aborting.
[0923/020826.715294:ERROR:third_party/crashpad/crashpad/util/linux/socket.cc:177] missing credentials
