[46:46:0923/020357.546117:VERBOSE1:chrome/app/chrome_crash_reporter_client.cc:199] GetCollectStatsConsent(): is_official_chrome_build is false so returning false
[46:46:0923/020359.570501:VERBOSE1:chrome/app/chrome_crash_reporter_client.cc:199] GetCollectStatsConsent(): is_official_chrome_build is false so returning false
[46:46:0923/020400.348971:VERBOSE1:components/policy/core/common/config_dir_policy_loader.cc:116] Found mandatory policy file: /etc/chromium/policies/managed/kiosk.json
[46:46:0923/020400.388599:VERBOSE1:components/policy/core/common/config_dir_policy_loader.cc:121] Skipping recommended platform policies because no policy file was found at: /etc/chromium/policies/recommended
[46:46:0923/020400.796972:VERBOSE1:components/variations/service/variations_field_trial_creator.cc:80] VariationsSeedUsage:2
[46:46:0923/020400.809619:VERBOSE1:components/variations/service/variations_field_trial_creator.cc:353] VariationsSetupComplete
[46:46:0923/020400.828010:ERROR:ui/ozone/platform/wayland/common/drm_render_node_path_finder.cc:45] drmGetDevices2() has not found any devices: No such file or directory (2)
[46:75:0923/020401.126271:VERBOSE1:base/files/file_util_posix.cc:317] Cannot stat "/root/cr4-nozygote-profile/VariationsSeedV1": No such file or directory (2)
[46:74:0923/020401.132538:ERROR:base/files/file_path_watcher_inotify.cc:339] inotify_init() failed: Function not implemented (38)
[46:76:0923/020401.204839:ERROR:dbus/bus.cc:408] Failed to connect to the bus: Failed to connect to socket /run/dbus/system_bus_socket: No such file or directory
[46:46:0923/020401.434750:WARNING:ui/ozone/platform/wayland/ozone_platform_wayland.cc:272] Failed to initialize drm render node handle.
[46:46:0923/020401.481834:WARNING:ui/ozone/platform/wayland/common/wayland_object.cc:119] Binding to wl_shm version 1 but version 2 is available.
[46:46:0923/020401.493239:WARNING:ui/ozone/platform/wayland/host/wayland_connection.cc:273] No wl_seat object. The functionality may suffer.
[46:46:0923/020403.518974:ERROR:content/browser/browser_main_loop.cc:288] Gdk: gdk_seat_get_keyboard: assertion 'GDK_IS_SEAT (seat)' failed
[46:46:0923/020405.556789:VERBOSE1:chrome/browser/media/webrtc/webrtc_event_log_manager.cc:122] WebRTC remote-bound event logging enabled.
[46:46:0923/020405.676443:VERBOSE1:components/proxy_config/pref_proxy_config_tracker_impl.cc:199] 0x2c001bd500: set chrome proxy config service to 0x2c0008a220
[46:46:0923/020405.714059:VERBOSE1:google_apis/api_key_cache.cc:99] Using default value "497550622367-ubtkmd3b2pp5gulba5n6ha6sq4n35ehj.apps.googleusercontent.com" for API key GOOGLE_CLIENT_ID_MAIN
[46:46:0923/020405.715417:VERBOSE1:google_apis/api_key_cache.cc:99] Using default value "NaCX8tIIAphrjs56n3TpHx_e" for API key GOOGLE_CLIENT_SECRET_MAIN
[46:46:0923/020405.716509:VERBOSE1:google_apis/api_key_cache.cc:99] Using default value "497550622367-ubtkmd3b2pp5gulba5n6ha6sq4n35ehj.apps.googleusercontent.com" for API key GOOGLE_CLIENT_ID_REMOTING
[46:46:0923/020405.716785:VERBOSE1:google_apis/api_key_cache.cc:99] Using default value "NaCX8tIIAphrjs56n3TpHx_e" for API key GOOGLE_CLIENT_SECRET_REMOTING
[46:46:0923/020405.716988:VERBOSE1:google_apis/api_key_cache.cc:99] Using default value "497550622367-ubtkmd3b2pp5gulba5n6ha6sq4n35ehj.apps.googleusercontent.com" for API key GOOGLE_CLIENT_ID_REMOTING_HOST
[46:46:0923/020405.718014:VERBOSE1:google_apis/api_key_cache.cc:99] Using default value "NaCX8tIIAphrjs56n3TpHx_e" for API key GOOGLE_CLIENT_SECRET_REMOTING_HOST
[46:46:0923/020406.412198:VERBOSE1:components/device_event_log/device_event_log_impl.cc:200] [02:04:06.044] Display: EVENT: wayland_screen.cc:144 Displays updated, count: 1
[46:46:0923/020406.420504:VERBOSE1:components/device_event_log/device_event_log_impl.cc:200] [02:04:06.419] Display: EVENT: wayland_screen.cc:147 Display[15] bounds=[0,0 1280x800], workarea=[0,0 1280x800], scale=1, rotation=0, panel_rotation=0 external detected
[46:76:0923/020406.540901:ERROR:dbus/bus.cc:408] Failed to connect to the bus: Could not parse server address: Unknown address type (examples of valid types are "tcp" and on UNIX "unix")
[46:76:0923/020406.549374:ERROR:dbus/bus.cc:408] Failed to connect to the bus: Failed to connect to socket /run/dbus/system_bus_socket: No such file or directory
[46:76:0923/020406.570562:ERROR:dbus/bus.cc:408] Failed to connect to the bus: Failed to connect to socket /run/dbus/system_bus_socket: No such file or directory
[46:98:0923/020406.664732:VERBOSE1:base/files/file_util_posix.cc:317] Cannot stat "/root/cr4-nozygote-profile/component_crx_cache/metadata.json": No such file or directory (2)
[46:102:0923/020407.018308:WARNING:ui/ozone/platform/wayland/ozone_platform_wayland.cc:325] Failed to find drm render node path.
[46:102:0923/020407.032332:WARNING:ui/ozone/platform/wayland/gpu/wayland_buffer_manager_gpu.cc:458] Failed to initialize drm render node handle.
[46:78:0923/020407.434259:VERBOSE1:content/browser/renderer_host/media/media_stream_manager.cc:1555] MSM::InitializeMaybeAsync([this=0x2c000eb480])
[46:78:0923/020407.453700:VERBOSE1:content/browser/renderer_host/media/media_stream_manager.cc:1555] MDM::MediaDevicesManager()
[46:78:0923/020407.457162:VERBOSE1:content/browser/renderer_host/media/media_stream_manager.cc:1555] MSM::MediaStreamManager([this=0x2c000eb480]))
[46:74:0923/020407.677052:VERBOSE1:base/files/file_util_posix.cc:317] Cannot stat "/root/cr4-nozygote-profile/Consent To Send Stats": No such file or directory (2)
[46:46:0923/020408.433968:VERBOSE1:components/os_crypt/sync/key_storage_util_linux.cc:46] Password storage detected desktop environment: (unknown)
[46:46:0923/020408.435500:VERBOSE1:components/os_crypt/sync/key_storage_linux.cc:116] Selected backend for OSCrypt: BASIC_TEXT
[46:46:0923/020408.436618:VERBOSE1:components/os_crypt/sync/key_storage_linux.cc:135] OSCrypt did not initialize a backend.
[46:46:0923/020408.496936:VERBOSE1:components/enterprise/browser/controller/chrome_browser_cloud_management_controller.cc:171] Cloud management controller initialization aborted as CBCM is not enabled. Please use the `--enable-chrome-browser-cloud-management` command line flag to enable it if you are not using the official Google Chrome build.
[46:46:0923/020413.813093:VERBOSE1:chrome/browser/signin/account_consistency_mode_manager.cc:207] Desktop Identity Consistency disabled as sign-in to Chrome is not allowed
[46:46:0923/020413.995499:VERBOSE1:components/device_event_log/device_event_log_impl.cc:200] [02:04:13.985] Bluetooth: EVENT: bluetooth_api.cc:82 BluetoothAPI: 0x2c0044ee40
[46:74:0923/020419.548886:VERBOSE1:base/files/file_util_posix.cc:317] Cannot stat "/root/cr4-nozygote-profile/Default/Web Applications/Logs/WebAppInstallManager.log": No such file or directory (2)
[46:76:0923/020420.434610:ERROR:dbus/bus.cc:408] Failed to connect to the bus: Could not parse server address: Unknown address type (examples of valid types are "tcp" and on UNIX "unix")
[46:46:0923/020421.178198:VERBOSE1:components/proxy_config/pref_proxy_config_tracker_impl.cc:199] 0x2c001bed00: set chrome proxy config service to 0x2c0008e660
[46:46:0923/020421.286173:VERBOSE1:chrome/browser/signin/account_consistency_mode_manager.cc:207] Desktop Identity Consistency disabled as sign-in to Chrome is not allowed
[46:46:0923/020421.493532:VERBOSE1:components/signin/internal/identity_manager/mutable_profile_oauth2_token_service_delegate.cc:318] MutablePO2TS::MutablePO2TS
[46:75:0923/020422.682798:VERBOSE1:net/disk_cache/simple/simple_index_file.cc:607] Simple Cache Index is being restored from disk.
[46:74:0923/020422.683119:VERBOSE1:net/disk_cache/simple/simple_index_file.cc:607] Simple Cache Index is being restored from disk.
[46:75:0923/020422.689097:VERBOSE1:base/files/file_util_posix.cc:317] Cannot stat "/root/cr4-nozygote-profile/Default/Code Cache/js/index-dir/the-real-index": No such file or directory (2)
[46:74:0923/020422.693037:VERBOSE1:base/files/file_util_posix.cc:317] Cannot stat "/root/cr4-nozygote-profile/Default/Code Cache/wasm/index-dir/the-real-index": No such file or directory (2)
[46:46:0923/020422.779506:VERBOSE1:components/proxy_config/pref_proxy_config_tracker_impl.cc:199] 0x2c001c0200: set chrome proxy config service to 0x2c0008fec0
[46:46:0923/020423.636242:VERBOSE1:chrome/browser/signin/account_consistency_mode_manager.cc:207] Desktop Identity Consistency disabled as sign-in to Chrome is not allowed
[46:46:0923/020423.964886:VERBOSE1:extensions/browser/api/bluetooth_low_energy/bluetooth_low_energy_event_router.cc:291] Initializing BluetoothLowEnergyEventRouter.
[46:46:0923/020424.369551:VERBOSE1:chrome/browser/permissions/prediction_service/prediction_model_handler_provider_factory.cc:58] [PermissionsAI]: PredictionModelHandlerProviderFactory::BuildServiceInstanceForBrowserContext
[46:46:0923/020424.370108:VERBOSE1:chrome/browser/permissions/prediction_service/prediction_model_handler_provider_factory.cc:66] [PermissionsAI]: OptimizationGuideKeyedService not available.
MESA-LOADER: failed to retrieve device information
failed to get driver name for fd 73
MESA-LOADER: failed to retrieve device information
failed to get driver name for fd 73
MESA-LOADER: failed to retrieve device information
failed to get driver name for fd 73
MESA-LOADER: failed to retrieve device information
failed to get driver name for fd 73
MESA-LOADER: failed to retrieve device information
failed to get driver name for fd 73
MESA-LOADER: failed to retrieve device information
failed to get driver name for fd 73
[46:46:0923/020427.182426:VERBOSE1:extensions/browser/extension_registrar.cc:521] AddComponentExtension Web Store
[46:46:0923/020427.184472:VERBOSE1:extensions/browser/extension_registrar.cc:523] Component extension Web Store (ahfgeienlihckogmohjhadlkjgocpleb) installing/upgrading from '' to 0.2
[46:46:0923/020427.726915:VERBOSE1:extensions/browser/extension_registrar.cc:521] AddComponentExtension Chromium PDF Viewer
[46:46:0923/020427.727217:VERBOSE1:extensions/browser/extension_registrar.cc:523] Component extension Chromium PDF Viewer (mhjfbmdgcfjbbpaeojofohoefgiehjai) installing/upgrading from '' to 1
[46:46:0923/020427.771219:VERBOSE1:extensions/browser/extension_registrar.cc:521] AddComponentExtension Google Hangouts
[46:46:0923/020427.771663:VERBOSE1:extensions/browser/extension_registrar.cc:523] Component extension Google Hangouts (nkeimhogjdpnpccoofpliimaahmaaome) installing/upgrading from '' to 1.3.26
[46:46:0923/020427.854862:VERBOSE1:components/signin/internal/identity_manager/mutable_profile_oauth2_token_service_delegate.cc:408] MutablePO2TS::RefreshTokenIsAvailable
[46:46:0923/020427.862008:VERBOSE1:components/signin/internal/identity_manager/mutable_profile_oauth2_token_service_delegate.cc:408] MutablePO2TS::RefreshTokenIsAvailable
[46:46:0923/020427.873604:VERBOSE1:chrome/browser/signin/account_consistency_mode_manager.cc:207] Desktop Identity Consistency disabled as sign-in to Chrome is not allowed
[46:46:0923/020427.876036:VERBOSE1:components/signin/core/browser/account_reconcilor.cc:165] AccountReconcilor::AccountReconcilor
[46:46:0923/020427.876448:VERBOSE1:components/signin/core/browser/account_reconcilor.cc:203] AccountReconcilor::Initialize
[46:74:0923/020428.048363:VERBOSE1:base/files/file_util_posix.cc:317] Cannot stat "/root/cr4-nozygote-profile/Default/Policy/User Policy": No such file or directory (2)
[46:74:0923/020428.049537:VERBOSE1:base/files/file_util_posix.cc:317] Cannot stat "/root/cr4-nozygote-profile/Default/Policy/Signing Key": No such file or directory (2)
[46:74:0923/020428.187986:VERBOSE1:components/component_updater/component_installer.cc:481] StartRegistration for Subresource Filter Rules
[46:46:0923/020428.199289:VERBOSE1:components/component_updater/installer_policies/on_device_head_suggest_component_installer.cc:59] On Device Head Component will fetch model for locale: ENUS500000
[46:46:0923/020428.208072:VERBOSE1:chrome/browser/component_updater/trust_token_key_commitments_component_installer.cc:21] Registering Trust Token Key Commitments component.
[46:75:0923/020428.205208:VERBOSE1:components/component_updater/component_installer.cc:481] StartRegistration for OnDeviceHeadSuggest
[46:46:0923/020428.213037:VERBOSE1:chrome/browser/component_updater/first_party_sets_component_installer.cc:37] Registering Related Website Sets component.
[46:77:0923/020428.213369:VERBOSE1:components/component_updater/component_installer.cc:481] StartRegistration for Trust Token Key Commitments
[46:46:0923/020428.228654:VERBOSE1:chrome/browser/component_updater/privacy_sandbox_attestations_component_installer.cc:181] Registering Privacy Sandbox Attestations component
[46:100:0923/020428.238325:VERBOSE1:components/component_updater/component_installer.cc:481] StartRegistration for Privacy Sandbox Attestations
[46:46:0923/020428.262445:VERBOSE1:chrome/browser/component_updater/file_type_policies_component_installer.cc:126] Registering File Type Policies component.
[46:74:0923/020428.262734:VERBOSE1:components/component_updater/component_installer.cc:481] StartRegistration for Certificate Error Assistant
[46:75:0923/020428.269073:VERBOSE1:components/component_updater/component_installer.cc:481] StartRegistration for File Type Policies
[46:77:0923/020428.270373:VERBOSE1:components/component_updater/component_installer.cc:481] StartRegistration for CRLSet
[46:98:0923/020428.273109:VERBOSE1:components/component_updater/component_installer.cc:481] StartRegistration for Origin Trials
[46:101:0923/020428.274796:VERBOSE1:components/component_updater/component_installer.cc:481] StartRegistration for MEI Preload
[46:100:0923/020428.284287:VERBOSE1:components/component_updater/component_installer.cc:481] StartRegistration for PKI Metadata
[46:46:0923/020428.300825:VERBOSE1:chrome/browser/component_updater/hyphenation_component_installer.cc:149] Registering Hyphenation component.
[46:99:0923/020428.303304:VERBOSE1:components/component_updater/component_installer.cc:481] StartRegistration for Safety Tips
[46:152:0923/020428.310638:VERBOSE1:components/component_updater/component_installer.cc:481] StartRegistration for Crowd Deny
[46:75:0923/020428.331493:VERBOSE1:components/component_updater/component_installer.cc:481] StartRegistration for Zxcvbn Data Dictionaries
[46:98:0923/020428.341477:VERBOSE1:components/component_updater/component_installer.cc:481] StartRegistration for Autofill States Data
[46:101:0923/020428.328899:VERBOSE1:components/component_updater/component_installer.cc:316] Preinstalled component found for MEI Preload at /usr/lib/chromium/MEIPreload with version 1.0.7.1652906823.
[46:153:0923/020428.344458:VERBOSE1:components/component_updater/component_installer.cc:481] StartRegistration for Hyphenation
[46:46:0923/020428.367773:VERBOSE1:chrome/browser/component_updater/tpcd_metadata_component_installer.cc:23] Third Party Cookie Deprecation Metadata component.
[46:46:0923/020428.368842:VERBOSE1:chrome/browser/component_updater/translate_kit_component_installer.cc:163] Registering TranslateKit component.
[46:46:0923/020428.371451:VERBOSE1:chrome/browser/component_updater/open_cookie_database_component_installer.cc:23] Registering Open Cookie Database component.
[46:46:0923/020428.374148:VERBOSE1:chrome/browser/component_updater/cookie_readiness_list_component_installer.cc:24] Registering Cookie Readiness List component.
[46:77:0923/020428.374316:VERBOSE1:components/component_updater/component_installer.cc:481] StartRegistration for Third-Party Cookie Deprecation Metadata
[46:74:0923/020428.382637:VERBOSE1:components/component_updater/component_installer.cc:481] StartRegistration for Cookie Readiness List
[46:75:0923/020428.374802:VERBOSE1:components/component_updater/component_installer.cc:481] StartRegistration for Open Cookie Database
[46:46:0923/020428.393815:VERBOSE1:chrome/browser/component_updater/wasm_tts_engine_component_installer.cc:272] Registering WASM TTS Engine component.
[46:101:0923/020428.384331:VERBOSE1:components/component_updater/component_installer.cc:481] StartRegistration for Amount Extraction Heuristic Regexes
[46:46:0923/020428.400439:VERBOSE1:chrome/browser/component_updater/probabilistic_reveal_token_component_installer.cc:54] Registering Probabilistic Reveal Token component.
[46:154:0923/020428.402123:VERBOSE1:components/component_updater/component_installer.cc:481] StartRegistration for WASM TTS Engine
[46:155:0923/020428.422645:VERBOSE1:components/component_updater/component_installer.cc:481] StartRegistration for Probabilistic Reveal Tokens
[46:46:0923/020428.661566:VERBOSE1:chrome/browser/profiles/profile_manager.cc:1277] AddKeepAlive(Default, kBrowserWindow). keep_alives=[kWaitingForFirstBrowserWindow (1), kBrowserWindow (1)]
[46:46:0923/020428.663934:VERBOSE1:chrome/browser/profiles/profile_manager.cc:1359] ClearFirstBrowserWindowKeepAlive(Default). keep_alives=[kBrowserWindow (1)]
[108:108:0923/020429.709972:INFO:content/child/child_thread_impl.cc:909] ChildThreadImpl::EnsureConnected()
[46:76:0923/020432.842965:ERROR:dbus/bus.cc:408] Failed to connect to the bus: Could not parse server address: Unknown address type (examples of valid types are "tcp" and on UNIX "unix")
[46:76:0923/020432.851969:ERROR:dbus/bus.cc:408] Failed to connect to the bus: Could not parse server address: Unknown address type (examples of valid types are "tcp" and on UNIX "unix")
[46:46:0923/020433.789391:WARNING:ui/ozone/platform/wayland/host/wayland_surface.cc:170] Server doesn't support zcr_alpha_compositing_v1.
[46:46:0923/020433.789783:WARNING:ui/ozone/platform/wayland/host/wayland_surface.cc:185] Server doesn't support overlay_prioritizer.
[46:46:0923/020433.790031:WARNING:ui/ozone/platform/wayland/host/wayland_surface.cc:200] Server doesn't support wp_content_type_v1
[46:46:0923/020433.790324:WARNING:ui/ozone/platform/wayland/host/wayland_surface.cc:214] Server doesn't support wp_color_management_surface_v1.
[46:46:0923/020434.250173:WARNING:ui/ozone/platform/wayland/host/wayland_connection.cc:408] text-input-v3 not available.
[46:46:0923/020435.624662:VERBOSE1:chrome/browser/signin/account_consistency_mode_manager.cc:207] Desktop Identity Consistency disabled as sign-in to Chrome is not allowed
[0923/020437.840195:ERROR:third_party/crashpad/crashpad/util/linux/socket.cc:177] missing credentials
[46:46:0923/020439.486853:VERBOSE1:google_apis/gaia/gaia_auth_util.cc:54] Canonicalized @gmail.com to @gmail.com
[46:46:0923/020439.487647:VERBOSE1:google_apis/gaia/gaia_auth_util.cc:54] Canonicalized @gmail.com to @gmail.com
[116:116:0923/020439.493890:INFO:content/child/child_thread_impl.cc:909] ChildThreadImpl::EnsureConnected()
[174:174:0923/020501.589264:WARNING:chrome/app/chrome_main_delegate.cc:285] process type 'renderer' should be created through the zygote.
[174:174:0923/020503.299506:INFO:third_party/webrtc/rtc_base/cpu_info.cc:75] Available number of cores: 4
[175:175:0923/020504.272299:WARNING:chrome/app/chrome_main_delegate.cc:285] process type 'renderer' should be created through the zygote.
[175:175:0923/020506.082543:INFO:third_party/webrtc/rtc_base/cpu_info.cc:75] Available number of cores: 4
[174:174:0923/020559.758289:INFO:content/child/child_thread_impl.cc:909] ChildThreadImpl::EnsureConnected()
[175:175:0923/020559.834726:INFO:content/child/child_thread_impl.cc:909] ChildThreadImpl::EnsureConnected()
