Date: 2026-09-30 UTC
[03:54:55.934] weston 14.0.2
               https://wayland.freedesktop.org
               Bug reports to: https://gitlab.freedesktop.org/wayland/weston/issues/
               Build: 14.0.2
[03:54:55.939] Command line: weston --backend=drm-backend.so --renderer=pixman --drm-device=card0 --seat=seat0 --idle-time=0 --debug --log=/root/mp-weston.log
[03:54:55.939] OS: Linux, 10.0.0, 10.0.0, aarch64
[03:54:55.939] Flight recorder: enabled
[03:54:55.952] Starting with no config file.
[03:54:55.979] Output repaint window is 7 ms maximum.
[03:54:55.988] Loading module '/usr/lib/libweston-14/drm-backend.so'
[03:54:56.085] initializing drm backend
[03:54:56.089] Trying libseat launcher...
[03:54:56.104] [libseat/libseat.c:62] Seat opened with backend 'seatd'
[03:54:56.105] [libseat/backend/seatd.c:212] Enabling seat
[03:54:56.106] libseat: session control granted
[03:54:56.128] using /dev/dri/card0
[03:54:56.131] DRM: does not support atomic modesetting
[03:54:56.131] DRM: supports GBM modifiers
[03:54:56.131] DRM: does not support Atomic async page flip
[03:54:56.131] DRM: supports picture aspect ratio
[03:54:56.135] Using Pixman renderer
[03:54:56.335] event0  - QEMU Virtio Keyboard: is tagged by udev as: Keyboard
[03:54:56.339] event0  - QEMU Virtio Keyboard: device is a keyboard
[03:54:56.367] event1  - QEMU Virtio Mouse: is tagged by udev as: Mouse
[03:54:56.368] event1  - QEMU Virtio Mouse: device is a pointer
[03:54:56.634] libinput: configuring device "QEMU Virtio Keyboard".
[03:54:56.636] libinput: configuring device "QEMU Virtio Mouse".
[03:54:56.646] DRM: head 'Virtual-1' found, connector 48 is connected, EDID make 'unknown', model 'unknown', serial ''
               Supported EOTF modes: SDR
               Supported colorimetry modes: default
[03:54:56.650] Registered plugin API 'weston_drm_output_api_v1' of size 40
[03:54:56.650] Registered plugin API 'weston_drm_virtual_output_api_v2' of size 48
[03:54:56.653] Color manager: no-op
                 protocol support: no
[03:54:56.667] Output 'Virtual-1' attempts EOTF mode SDR and colorimetry mode default.
[03:54:56.667] Output 'Virtual-1' using color profile: stock sRGB color profile
[03:54:56.695] DRM: output Virtual-1 uses shadow framebuffer.
[03:54:56.696] Output Virtual-1 (crtc 16) video modes:
               current@60.0, current, 70.6 MHz
[03:54:56.698] associating input device event0 with output Virtual-1 (none by udev)
[03:54:56.698] associating input device event1 with output Virtual-1 (none by udev)
[03:54:56.700] Output 'Virtual-1' enabled with head(s) Virtual-1
[03:54:56.700] Compositor capabilities:
               arbitrary surface rotation: yes
               screen capture uses y-flip: no
               cursor planes: yes
               arbitrary resolutions: no
               view mask clipping: yes
               explicit sync: no
               color operations: no
               presentation clock: CLOCK_MONOTONIC, id 1
               presentation clock resolution: 0.000001000 s
[03:54:56.710] Loading module '/usr/lib/weston/desktop-shell.so'
[03:54:56.761] launching '/usr/libexec/weston-keyboard'
[03:54:56.880] launching '/usr/libexec/weston-desktop-shell'
