Date: 2026-09-28 UTC
[17:13:19.773] weston 14.0.2
               https://wayland.freedesktop.org
               Bug reports to: https://gitlab.freedesktop.org/wayland/weston/issues/
               Build: 14.0.2
[17:13:19.777] Command line: weston --backend=drm-backend.so --renderer=pixman --drm-device=card0 --seat=seat0 --idle-time=0 --debug --log=/root/mp-weston.log
[17:13:19.778] OS: Linux, 10.0.0, 10.0.0, aarch64
[17:13:19.778] Flight recorder: enabled
[17:13:19.790] Starting with no config file.
[17:13:19.816] Output repaint window is 7 ms maximum.
[17:13:19.825] Loading module '/usr/lib/libweston-14/drm-backend.so'
[17:13:19.921] initializing drm backend
[17:13:19.925] Trying libseat launcher...
[17:13:19.942] [libseat/libseat.c:62] Seat opened with backend 'seatd'
[17:13:19.943] [libseat/backend/seatd.c:212] Enabling seat
[17:13:19.943] libseat: session control granted
[17:13:19.965] using /dev/dri/card0
[17:13:19.967] DRM: does not support atomic modesetting
[17:13:19.968] DRM: supports GBM modifiers
[17:13:19.968] DRM: does not support Atomic async page flip
[17:13:19.968] DRM: supports picture aspect ratio
[17:13:19.972] Using Pixman renderer
[17:13:20.183] event0  - QEMU Virtio Keyboard: is tagged by udev as: Keyboard
[17:13:20.190] event0  - QEMU Virtio Keyboard: device is a keyboard
[17:13:20.219] event1  - QEMU Virtio Mouse: is tagged by udev as: Mouse
[17:13:20.220] event1  - QEMU Virtio Mouse: device is a pointer
[17:13:20.486] libinput: configuring device "QEMU Virtio Keyboard".
[17:13:20.488] libinput: configuring device "QEMU Virtio Mouse".
[17:13:20.497] DRM: head 'Virtual-1' found, connector 48 is connected, EDID make 'unknown', model 'unknown', serial ''
               Supported EOTF modes: SDR
               Supported colorimetry modes: default
[17:13:20.502] Registered plugin API 'weston_drm_output_api_v1' of size 40
[17:13:20.502] Registered plugin API 'weston_drm_virtual_output_api_v2' of size 48
[17:13:20.505] Color manager: no-op
                 protocol support: no
[17:13:20.519] Output 'Virtual-1' attempts EOTF mode SDR and colorimetry mode default.
[17:13:20.520] Output 'Virtual-1' using color profile: stock sRGB color profile
[17:13:20.552] DRM: output Virtual-1 uses shadow framebuffer.
[17:13:20.553] Output Virtual-1 (crtc 16) video modes:
               current@60.0, current, 70.6 MHz
[17:13:20.561] associating input device event0 with output Virtual-1 (none by udev)
[17:13:20.561] associating input device event1 with output Virtual-1 (none by udev)
[17:13:20.564] Output 'Virtual-1' enabled with head(s) Virtual-1
[17:13:20.565] Compositor capabilities:
               arbitrary surface rotation: yes
               screen capture uses y-flip: no
               cursor planes: yes
               arbitrary resolutions: no
               view mask clipping: yes
               explicit sync: no
               color operations: no
               presentation clock: CLOCK_MONOTONIC, id 1
               presentation clock resolution: 0.000001000 s
[17:13:20.587] Loading module '/usr/lib/weston/desktop-shell.so'
[17:13:20.644] launching '/usr/libexec/weston-keyboard'
[17:13:20.728] launching '/usr/libexec/weston-desktop-shell'
