Date: 2026-09-29 UTC
[03:59:27.673] weston 14.0.2
               https://wayland.freedesktop.org
               Bug reports to: https://gitlab.freedesktop.org/wayland/weston/issues/
               Build: 14.0.2
[03:59:27.677] Command line: weston --backend=drm-backend.so --renderer=pixman --drm-device=card0 --seat=seat0 --idle-time=0 --debug --log=/root/mp-weston.log
[03:59:27.678] OS: Linux, 10.0.0, 10.0.0, aarch64
[03:59:27.678] Flight recorder: enabled
[03:59:27.691] Starting with no config file.
[03:59:27.717] Output repaint window is 7 ms maximum.
[03:59:27.725] Loading module '/usr/lib/libweston-14/drm-backend.so'
[03:59:27.824] initializing drm backend
[03:59:27.827] Trying libseat launcher...
[03:59:27.843] [libseat/libseat.c:62] Seat opened with backend 'seatd'
[03:59:27.844] [libseat/backend/seatd.c:212] Enabling seat
[03:59:27.844] libseat: session control granted
[03:59:27.866] using /dev/dri/card0
[03:59:27.869] DRM: does not support atomic modesetting
[03:59:27.869] DRM: supports GBM modifiers
[03:59:27.870] DRM: does not support Atomic async page flip
[03:59:27.870] DRM: supports picture aspect ratio
[03:59:27.874] Using Pixman renderer
[03:59:28.103] event0  - QEMU Virtio Keyboard: is tagged by udev as: Keyboard
[03:59:28.108] event0  - QEMU Virtio Keyboard: device is a keyboard
[03:59:28.137] event1  - QEMU Virtio Mouse: is tagged by udev as: Mouse
[03:59:28.138] event1  - QEMU Virtio Mouse: device is a pointer
[03:59:28.416] libinput: configuring device "QEMU Virtio Keyboard".
[03:59:28.419] libinput: configuring device "QEMU Virtio Mouse".
[03:59:28.429] DRM: head 'Virtual-1' found, connector 48 is connected, EDID make 'unknown', model 'unknown', serial ''
               Supported EOTF modes: SDR
               Supported colorimetry modes: default
[03:59:28.434] Registered plugin API 'weston_drm_output_api_v1' of size 40
[03:59:28.435] Registered plugin API 'weston_drm_virtual_output_api_v2' of size 48
[03:59:28.439] Color manager: no-op
                 protocol support: no
[03:59:28.462] Output 'Virtual-1' attempts EOTF mode SDR and colorimetry mode default.
[03:59:28.462] Output 'Virtual-1' using color profile: stock sRGB color profile
[03:59:28.502] DRM: output Virtual-1 uses shadow framebuffer.
[03:59:28.503] Output Virtual-1 (crtc 16) video modes:
               current@60.0, current, 70.6 MHz
[03:59:28.508] associating input device event0 with output Virtual-1 (none by udev)
[03:59:28.508] associating input device event1 with output Virtual-1 (none by udev)
[03:59:28.511] Output 'Virtual-1' enabled with head(s) Virtual-1
[03:59:28.512] Compositor capabilities:
               arbitrary surface rotation: yes
               screen capture uses y-flip: no
               cursor planes: yes
               arbitrary resolutions: no
               view mask clipping: yes
               explicit sync: no
               color operations: no
               presentation clock: CLOCK_MONOTONIC, id 1
               presentation clock resolution: 0.000001000 s
[03:59:28.531] Loading module '/usr/lib/weston/desktop-shell.so'
[03:59:28.576] launching '/usr/libexec/weston-keyboard'
[03:59:28.652] launching '/usr/libexec/weston-desktop-shell'
