==== drmplaneprobe: plane 属性面（Weston 'Failed to find primary plane' 根因定位）====
sizeof: plane_res=16 plane=32 obj_props=32 get_property=64 get_blob=16
[PROBE_ABI] plane=32(ex 32) plane_res=16(ex 16) get_property=64(ex 64) obj_props=32(ex 32)
[PROBE_ABI] OK —— 与标准 uapi 一致（GETPLANE 请求值应为 0xC02064B6）
[SELF] VERSION rc=0 errno=0 driver='simpledrm' 1.0.0
[CAP] ADDFB2_MODIFIERS rc=0 errno=0 value=1  => Weston 会解析 IN_FORMATS blob
[PRES] 第一段 count_planes=1 rc=0 errno=0
[PRES] 第二段 rc=0 errno=0 count_planes=1 ids=64 
[PRES] 两段式判定: OK

---- plane[0] id=64 ----
[PLANE] GETPLANE rc=0 errno=0 crtc_id=16 fb_id=0 possible_crtcs=0x1 gamma_size=0 count_formats=2
[PLANE] formats: 0x34325258('XR24') 0x34325241('AR24')
[PLANE] weston 判据复现: possible_crtcs&1=1  crtc_id(非0)=16
[PLANE] OBJ_GETPROPERTIES 第一段 count_props=12 rc=0 errno=0
[PLANE] OBJ_GETPROPERTIES 第二段 rc=0 errno=0 count_props=12
[PLANE] ---- 逐属性解析（Weston 就是靠 name 匹配 'type'）----
[PROP] i= 0 prop_id=0x100 val=1    rc=0 errno=0 name="type" flags=0xc[IMMUTABLE|ENUM]
[PROP] i= 1 prop_id=0x101 val=0    rc=0 errno=0 name="FB_ID" flags=0x80000040[OBJECT|ATOMIC]
[PROP] i= 2 prop_id=0x102 val=0    rc=0 errno=0 name="CRTC_ID" flags=0x80000040[OBJECT|ATOMIC]
[PROP] i= 3 prop_id=0x103 val=0    rc=0 errno=0 name="SRC_X" flags=0x80000002[RANGE|ATOMIC]
[PROP] i= 4 prop_id=0x104 val=0    rc=0 errno=0 name="SRC_Y" flags=0x80000002[RANGE|ATOMIC]
[PROP] i= 5 prop_id=0x105 val=0    rc=0 errno=0 name="SRC_W" flags=0x80000002[RANGE|ATOMIC]
[PROP] i= 6 prop_id=0x106 val=0    rc=0 errno=0 name="SRC_H" flags=0x80000002[RANGE|ATOMIC]
[PROP] i= 7 prop_id=0x107 val=0    rc=0 errno=0 name="CRTC_X" flags=0x80000002[RANGE|ATOMIC]
[PROP] i= 8 prop_id=0x108 val=0    rc=0 errno=0 name="CRTC_Y" flags=0x80000002[RANGE|ATOMIC]
[PROP] i= 9 prop_id=0x109 val=0    rc=0 errno=0 name="CRTC_W" flags=0x80000002[RANGE|ATOMIC]
[PROP] i=10 prop_id=0x10a val=0    rc=0 errno=0 name="CRTC_H" flags=0x80000002[RANGE|ATOMIC]
[PROP] i=11 prop_id=0x10b val=4096 rc=0 errno=0 name="IN_FORMATS" flags=0x14[IMMUTABLE|BLOB]

[BLOB] IN_FORMATS blob_id=4096 rc=0 errno=0 length=56
[BLOB] header: version=1 flags=0 count_formats=2 formats_off=24 count_mods=1 mods_off=32
[BLOB] formats 区: 0x34325258 0x34325241 
[BLOB] modifier 区前 24 字节（mainline: formats u64, modifier u64, offset u32, pad u32）:
        03 00 00 00 00 00 00 00 00 00 00 00 00 00 00 00 00 00 00 00 00 00 00 00 
[ITER] ---- 复现 libdrm 迭代器输出（fmt × modifier 组合）----
[ITER] fmt_idx=0 fmt=0x34325258('XR24') | mod_idx=0 mask=0x3 hit=1 mod=0x0
[ITER] fmt_idx=1 fmt=0x34325241('AR24') | mod_idx=0 mask=0x3 hit=1 mod=0x0
[ITER] 判定：若某个 (fmt) 的 mod 值重复出现，libdrm 侧会把它当作重复 modifier ⇒ Weston 的 add_modifier 返回 -1 ⇒ plane 创建失败

[PLANESUM] planes=1 pres_ok=1 getplane_ok=1 getplane_fail=0 objprops_fail=0 getprop_fail=0 type_attr=FOUND type_is_primary=YES in_formats_blob=4096 verdict=PLANE_OK
[PROBE_EXIT] 0 verdict=PLANE_OK
==== drmplaneprobe done ====
