Date: 2026-09-23 UTC
[07:39:40.754] weston 14.0.2
               https://wayland.freedesktop.org
               Bug reports to: https://gitlab.freedesktop.org/wayland/weston/issues/
               Build: 14.0.2
[07:39:40.759] Command line: weston --backend=drm-backend.so --renderer=pixman --drm-device=card0 --seat=seat0 --idle-time=0 --debug --log=/root/input30-weston.log
[07:39:40.760] OS: Linux, 10.0.0, 10.0.0, aarch64
[07:39:40.760] Flight recorder: enabled
[07:39:40.772] Starting with no config file.
[07:39:40.796] Output repaint window is 7 ms maximum.
[07:39:40.805] Loading module '/usr/lib/libweston-14/drm-backend.so'
[07:39:40.882] initializing drm backend
[07:39:40.887] Trying libseat launcher...
[07:39:40.896] [libseat/libseat.c:62] Seat opened with backend 'seatd'
[07:39:40.897] [libseat/backend/seatd.c:212] Enabling seat
[07:39:40.897] libseat: session control granted
[07:39:40.914] using /dev/dri/card0
[07:39:40.917] DRM: does not support atomic modesetting
[07:39:40.918] DRM: supports GBM modifiers
[07:39:40.918] DRM: does not support Atomic async page flip
[07:39:40.918] DRM: supports picture aspect ratio
[07:39:40.922] Using Pixman renderer
[07:39:41.127] event0  - skip unconfigured input device '/dev/input/event0'
[07:39:41.130] event1  - skip unconfigured input device '/dev/input/event1'
[07:39:41.133] warning: no input devices on entering Weston. Possible causes:
	- no permissions to read /dev/input/event*
	- seats misconfigured (Weston backend option 'seat', udev device property ID_SEAT)
[07:39:41.133] failed to create input devices
[07:39:41.139] fatal: failed to create compositor backend
