Error loading shared library libssl.so.3: Exec format error (needed by /usr/lib/libapk.so.3.0.0)
Error loading shared library libcrypto.so.3: Exec format error (needed by /usr/lib/libapk.so.3.0.0)
Error relocating /usr/lib/libapk.so.3.0.0: SSL_get1_peer_certificate: symbol not found
Error relocating /usr/lib/libapk.so.3.0.0: SSL_CTX_use_certificate_chain_file: symbol not found
Error relocating /usr/lib/libapk.so.3.0.0: SSL_free: symbol not found
Error relocating /usr/lib/libapk.so.3.0.0: SSL_CTX_set_verify: symbol not found
Error relocating /usr/lib/libapk.so.3.0.0: EVP_sha512: symbol not found
Error relocating /usr/lib/libapk.so.3.0.0: SSL_shutdown: symbol not found
Error relocating /usr/lib/libapk.so.3.0.0: X509_check_host: symbol not found
Error relocating /usr/lib/libapk.so.3.0.0: SSL_CTX_set_default_verify_paths: symbol not found
Error relocating /usr/lib/libapk.so.3.0.0: SSL_CTX_free: symbol not found
Error relocating /usr/lib/libapk.so.3.0.0: SSL_new: symbol not found
Error relocating /usr/lib/libapk.so.3.0.0: SSL_set_connect_state: symbol not found
Error relocating /usr/lib/libapk.so.3.0.0: SSL_set_fd: symbol not found
Error relocating /usr/lib/libapk.so.3.0.0: X509_LOOKUP_file: symbol not found
Error relocating /usr/lib/libapk.so.3.0.0: EVP_MD_CTX_new: symbol not found
Error relocating /usr/lib/libapk.so.3.0.0: EVP_PKEY_free: symbol not found
Error relocating /usr/lib/libapk.so.3.0.0: X509_load_crl_file: symbol not found
Error relocating /usr/lib/libapk.so.3.0.0: CRYPTO_free: symbol not found
Error relocating /usr/lib/libapk.so.3.0.0: SSL_ctrl: symbol not found
Error relocating /usr/lib/libapk.so.3.0.0: EVP_DigestVerifyFinal: symbol not found
Error relocating /usr/lib/libapk.so.3.0.0: EVP_MD_free: symbol not found
Error relocating /usr/lib/libapk.so.3.0.0: EVP_MD_fetch: symbol not found
Error relocating /usr/lib/libapk.so.3.0.0: EVP_DigestSignInit: symbol not found
Error relocating /usr/lib/libapk.so.3.0.0: SSL_get_error: symbol not found
Error relocating /usr/lib/libapk.so.3.0.0: EVP_DigestUpdate: symbol not found
Error relocating /usr/lib/libapk.so.3.0.0: EVP_MD_CTX_set_flags: symbol not found
Error relocating /usr/lib/libapk.so.3.0.0: ERR_peek_last_error: symbol not found
Error relocating /usr/lib/libapk.so.3.0.0: EVP_DigestSignFinal: symbol not found
Error relocating /usr/lib/libapk.so.3.0.0: X509_STORE_set_flags: symbol not found
Error relocating /usr/lib/libapk.so.3.0.0: SSL_CTX_new: symbol not found
Error relocating /usr/lib/libapk.so.3.0.0: EVP_MD_CTX_reset: symbol not found
Error relocating /usr/lib/libapk.so.3.0.0: X509_get_subject_name: symbol not found
Error relocating /usr/lib/libapk.so.3.0.0: EVP_MD_CTX_free: symbol not found
Error relocating /usr/lib/libapk.so.3.0.0: ERR_peek_error: symbol not found
Error relocating /usr/lib/libapk.so.3.0.0: PEM_read_bio_PrivateKey: symbol not found
Error relocating /usr/lib/libapk.so.3.0.0: X509_STORE_add_lookup: symbol not found
Error relocating /usr/lib/libapk.so.3.0.0: SSL_CTX_get_cert_store: symbol not found
Error relocating /usr/lib/libapk.so.3.0.0: PEM_read_bio_PUBKEY: symbol not found
Error relocating /usr/lib/libapk.so.3.0.0: SSL_connect: symbol not found
Error relocating /usr/lib/libapk.so.3.0.0: SSL_write: symbol not found
Error relocating /usr/lib/libapk.so.3.0.0: X509_free: symbol not found
Error relocating /usr/lib/libapk.so.3.0.0: SSL_CIPHER_get_name: symbol not found
Error relocating /usr/lib/libapk.so.3.0.0: SSL_CTX_load_verify_locations: symbol not found
Error relocating /usr/lib/libapk.so.3.0.0: X509_NAME_oneline: symbol not found
Error relocating /usr/lib/libapk.so.3.0.0: X509_get_issuer_name: symbol not found
Error relocating /usr/lib/libapk.so.3.0.0: EVP_DigestVerifyInit: symbol not found
Error relocating /usr/lib/libapk.so.3.0.0: EVP_DigestInit_ex: symbol not found
Error relocating /usr/lib/libapk.so.3.0.0: SSL_read: symbol not found
Error relocating /usr/lib/libapk.so.3.0.0: BIO_free: symbol not found
Error relocating /usr/lib/libapk.so.3.0.0: TLS_client_method: symbol not found
Error relocating /usr/lib/libapk.so.3.0.0: SSL_CTX_use_PrivateKey_file: symbol not found
Error relocating /usr/lib/libapk.so.3.0.0: SSL_CTX_ctrl: symbol not found
Error relocating /usr/lib/libapk.so.3.0.0: i2d_PublicKey: symbol not found
Error relocating /usr/lib/libapk.so.3.0.0: EVP_Digest: symbol not found
Error relocating /usr/lib/libapk.so.3.0.0: BIO_new_fp: symbol not found
Error relocating /usr/lib/libapk.so.3.0.0: EVP_DigestFinal_ex: symbol not found
Error relocating /usr/lib/libapk.so.3.0.0: SSL_get_current_cipher: symbol not found
