Wed Sep 23 07:39:01 UTC 2026 ===== A. official page set and unshimmed environment =====
Wed Sep 23 07:39:01 UTC 2026 kernel: Linux 10.0.0 aarch64
Wed Sep 23 07:39:01 UTC 2026 LD_PRELOAD=<unset>
Wed Sep 23 07:39:01 UTC 2026 pages: 831cf28f3748940b450d1da325aa39a2dcaea2fee15b0532bf4111144d176b38  /usr/share/html-test/index.html;58130daa4a2f426fd16b8bde93d964713f20e147da8af1537ab2d8b506d2fd58  /usr/share/html-test/interaction.html;a1b04f9aba81b4b7818be2e7a858d482d471bd0d625dee257f605b2129b8fc4c  /usr/share/html-test/layout.html;
Wed Sep 23 07:39:04 UTC 2026 runtime overlay extraction complete
Error loading shared library libssl.so.3: Exec format error (needed by /usr/lib/libapk.so.3.0.0)
Error loading shared library libcrypto.so.3: Exec format error (needed by /usr/lib/libapk.so.3.0.0)
Error relocating /usr/lib/libapk.so.3.0.0: SSL_get1_peer_certificate: symbol not found
Error relocating /usr/lib/libapk.so.3.0.0: SSL_CTX_use_certificate_chain_file: symbol not found
Error relocating /usr/lib/libapk.so.3.0.0: SSL_free: symbol not found
Error relocating /usr/lib/libapk.so.3.0.0: SSL_CTX_set_verify: symbol not found
Error relocating /usr/lib/libapk.so.3.0.0: EVP_sha512: symbol not found
Error relocating /usr/lib/libapk.so.3.0.0: SSL_shutdown: symbol not found
Error relocating /usr/lib/libapk.so.3.0.0: X509_check_host: symbol not found
Error relocating /usr/lib/libapk.so.3.0.0: SSL_CTX_set_default_verify_paths: symbol not found
Error relocating /usr/lib/libapk.so.3.0.0: SSL_CTX_free: symbol not found
Error relocating /usr/lib/libapk.so.3.0.0: SSL_new: symbol not found
Error relocating /usr/lib/libapk.so.3.0.0: SSL_set_connect_state: symbol not found
Error relocating /usr/lib/libapk.so.3.0.0: SSL_set_fd: symbol not found
Error relocating /usr/lib/libapk.so.3.0.0: X509_LOOKUP_file: symbol not found
Error relocating /usr/lib/libapk.so.3.0.0: EVP_MD_CTX_new: symbol not found
Error relocating /usr/lib/libapk.so.3.0.0: EVP_PKEY_free: symbol not found
Error relocating /usr/lib/libapk.so.3.0.0: X509_load_crl_file: symbol not found
Error relocating /usr/lib/libapk.so.3.0.0: CRYPTO_free: symbol not found
Error relocating /usr/lib/libapk.so.3.0.0: SSL_ctrl: symbol not found
Error relocating /usr/lib/libapk.so.3.0.0: EVP_DigestVerifyFinal: symbol not found
Error relocating /usr/lib/libapk.so.3.0.0: EVP_MD_free: symbol not found
Error relocating /usr/lib/libapk.so.3.0.0: EVP_MD_fetch: symbol not found
Error relocating /usr/lib/libapk.so.3.0.0: EVP_DigestSignInit: symbol not found
Error relocating /usr/lib/libapk.so.3.0.0: SSL_get_error: symbol not found
Error relocating /usr/lib/libapk.so.3.0.0: EVP_DigestUpdate: symbol not found
Error relocating /usr/lib/libapk.so.3.0.0: EVP_MD_CTX_set_flags: symbol not found
Error relocating /usr/lib/libapk.so.3.0.0: ERR_peek_last_error: symbol not found
Error relocating /usr/lib/libapk.so.3.0.0: EVP_DigestSignFinal: symbol not found
Error relocating /usr/lib/libapk.so.3.0.0: X509_STORE_set_flags: symbol not found
Error relocating /usr/lib/libapk.so.3.0.0: SSL_CTX_new: symbol not found
Error relocating /usr/lib/libapk.so.3.0.0: EVP_MD_CTX_reset: symbol not found
Error relocating /usr/lib/libapk.so.3.0.0: X509_get_subject_name: symbol not found
Error relocating /usr/lib/libapk.so.3.0.0: EVP_MD_CTX_free: symbol not found
Error relocating /usr/lib/libapk.so.3.0.0: ERR_peek_error: symbol not found
Error relocating /usr/lib/libapk.so.3.0.0: PEM_read_bio_PrivateKey: symbol not found
Error relocating /usr/lib/libapk.so.3.0.0: X509_STORE_add_lookup: symbol not found
Error relocating /usr/lib/libapk.so.3.0.0: SSL_CTX_get_cert_store: symbol not found
Error relocating /usr/lib/libapk.so.3.0.0: PEM_read_bio_PUBKEY: symbol not found
Error relocating /usr/lib/libapk.so.3.0.0: SSL_connect: symbol not found
Error relocating /usr/lib/libapk.so.3.0.0: SSL_write: symbol not found
Error relocating /usr/lib/libapk.so.3.0.0: X509_free: symbol not found
Error relocating /usr/lib/libapk.so.3.0.0: SSL_CIPHER_get_name: symbol not found
Error relocating /usr/lib/libapk.so.3.0.0: SSL_CTX_load_verify_locations: symbol not found
Error relocating /usr/lib/libapk.so.3.0.0: X509_NAME_oneline: symbol not found
Error relocating /usr/lib/libapk.so.3.0.0: X509_get_issuer_name: symbol not found
Error relocating /usr/lib/libapk.so.3.0.0: EVP_DigestVerifyInit: symbol not found
Error relocating /usr/lib/libapk.so.3.0.0: EVP_DigestInit_ex: symbol not found
Error relocating /usr/lib/libapk.so.3.0.0: SSL_read: symbol not found
Error relocating /usr/lib/libapk.so.3.0.0: BIO_free: symbol not found
Error relocating /usr/lib/libapk.so.3.0.0: TLS_client_method: symbol not found
Error relocating /usr/lib/libapk.so.3.0.0: SSL_CTX_use_PrivateKey_file: symbol not found
Error relocating /usr/lib/libapk.so.3.0.0: SSL_CTX_ctrl: symbol not found
Error relocating /usr/lib/libapk.so.3.0.0: i2d_PublicKey: symbol not found
Error relocating /usr/lib/libapk.so.3.0.0: EVP_Digest: symbol not found
Error relocating /usr/lib/libapk.so.3.0.0: BIO_new_fp: symbol not found
Error relocating /usr/lib/libapk.so.3.0.0: EVP_DigestFinal_ex: symbol not found
Error relocating /usr/lib/libapk.so.3.0.0: SSL_get_current_cipher: symbol not found
Wed Sep 23 07:39:04 UTC 2026 [SWIFTSHADER_APK_EXIT] rc=127
Wed Sep 23 07:39:04 UTC 2026 swiftshader ICD: 
Wed Sep 23 07:39:04 UTC 2026 swiftshader library: -rwxr-xr-x    1 root     root             0 Jun  6 17:35 /usr/lib/chromium/libvk_swiftshader.so
Wed Sep 23 07:39:04 UTC 2026 ===== B. pathname AF_UNIX SOCK_SEQPACKET control probe =====
[SEQPACKET] socket/bind/listen/connect/accept + one control roundtrip PASS
[SEQPACKET_EXIT] 0 verdict=PATH_SOCKET_OK
Wed Sep 23 07:39:05 UTC 2026 [SEQPACKETPROBE_EXIT] rc=0
Wed Sep 23 07:39:05 UTC 2026 ===== B2. AF_UNIX automatic SO_PASSCRED probe =====
[PASSCRED] received pid=30 uid=0 gid=0 expected_pid=30
[PASSCRED_EXIT] 0 verdict=AUTO_CREDENTIALS_OK
Wed Sep 23 07:39:05 UTC 2026 [PASSCREDPROBE_EXIT] rc=0
Wed Sep 23 07:39:05 UTC 2026 ===== C. standard eudev service and coldplug =====
Wed Sep 23 07:39:07 UTC 2026 udevd_foreground_pid=37 alive=no
Error loading shared library libkmod.so.2: No such file or directory (needed by /sbin/udevd)
Error relocating /sbin/udevd: kmod_module_probe_insert_module: symbol not found
Error relocating /sbin/udevd: kmod_validate_resources: symbol not found
Error relocating /sbin/udevd: kmod_list_next: symbol not found
Error relocating /sbin/udevd: kmod_new: symbol not found
Error relocating /sbin/udevd: kmod_set_log_fn: symbol not found
Error relocating /sbin/udevd: kmod_module_get_name: symbol not found
Error relocating /sbin/udevd: kmod_module_unref: symbol not found
Error relocating /sbin/udevd: kmod_unref: symbol not found
Error relocating /sbin/udevd: kmod_module_new_from_lookup: symbol not found
Error relocating /sbin/udevd: kmod_module_unref_list: symbol not found
Error relocating /sbin/udevd: kmod_module_get_module: symbol not found
Error relocating /sbin/udevd: kmod_load_resources: symbol not found
Wed Sep 23 07:39:07 UTC 2026 udevd_start_pid=37
Wed Sep 23 07:39:08 UTC 2026 ===== probe kernel KOBJECT_UEVENT delivery to NETLINK group 1 =====
[UEVENT_PROBE] write action=add rc=4 errno=0
[UEVENT_PROBE] poll(15s) rc=0 errno=0 (No error information)
Wed Sep 23 07:39:23 UTC 2026 [UEVENTPROBE_EXIT] rc=6
Wed Sep 23 07:39:25 UTC 2026 udevadm_trigger_rc=127
Error loading shared library libkmod.so.2: No such file or directory (needed by /sbin/udevadm)
Error relocating /sbin/udevadm: kmod_module_probe_insert_module: symbol not found
Error relocating /sbin/udevadm: kmod_validate_resources: symbol not found
Error relocating /sbin/udevadm: kmod_list_next: symbol not found
Error relocating /sbin/udevadm: kmod_new: symbol not found
Error relocating /sbin/udevadm: kmod_set_log_fn: symbol not found
Error relocating /sbin/udevadm: kmod_module_get_name: symbol not found
Error relocating /sbin/udevadm: kmod_module_unref: symbol not found
Error relocating /sbin/udevadm: kmod_unref: symbol not found
Error relocating /sbin/udevadm: kmod_module_new_from_lookup: symbol not found
Error relocating /sbin/udevadm: kmod_module_unref_list: symbol not found
Error relocating /sbin/udevadm: kmod_module_get_module: symbol not found
Error relocating /sbin/udevadm: kmod_load_resources: symbol not found
Wed Sep 23 07:39:26 UTC 2026 udevadm_settle_rc=127
Error loading shared library libkmod.so.2: No such file or directory (needed by /sbin/udevadm)
Error relocating /sbin/udevadm: kmod_module_probe_insert_module: symbol not found
Error relocating /sbin/udevadm: kmod_validate_resources: symbol not found
Error relocating /sbin/udevadm: kmod_list_next: symbol not found
Error relocating /sbin/udevadm: kmod_new: symbol not found
Error relocating /sbin/udevadm: kmod_set_log_fn: symbol not found
Error relocating /sbin/udevadm: kmod_module_get_name: symbol not found
Error relocating /sbin/udevadm: kmod_module_unref: symbol not found
Error relocating /sbin/udevadm: kmod_unref: symbol not found
Error relocating /sbin/udevadm: kmod_module_new_from_lookup: symbol not found
Error relocating /sbin/udevadm: kmod_module_unref_list: symbol not found
Error relocating /sbin/udevadm: kmod_module_get_module: symbol not found
Error relocating /sbin/udevadm: kmod_load_resources: symbol not found
Wed Sep 23 07:39:26 UTC 2026 udevd processes:
Wed Sep 23 07:39:26 UTC 2026 udevd debug tail:
Error loading shared library libkmod.so.2: No such file or directory (needed by /sbin/udevd)
Error relocating /sbin/udevd: kmod_module_probe_insert_module: symbol not found
Error relocating /sbin/udevd: kmod_validate_resources: symbol not found
Error relocating /sbin/udevd: kmod_list_next: symbol not found
Error relocating /sbin/udevd: kmod_new: symbol not found
Error relocating /sbin/udevd: kmod_set_log_fn: symbol not found
Error relocating /sbin/udevd: kmod_module_get_name: symbol not found
Error relocating /sbin/udevd: kmod_module_unref: symbol not found
Error relocating /sbin/udevd: kmod_unref: symbol not found
Error relocating /sbin/udevd: kmod_module_new_from_lookup: symbol not found
Error relocating /sbin/udevd: kmod_module_unref_list: symbol not found
Error relocating /sbin/udevd: kmod_module_get_module: symbol not found
Error relocating /sbin/udevd: kmod_load_resources: symbol not found
[UDEVINIT] stat path=/dev/input/event0 rc=0 mode=020666 rdev=13:64
[UDEVINIT] by-name want=event0 sysname=event0 init=0 devnode=/dev/input/event0 devnum=13:64 syspath=/sys/devices/pci0000:00/0000:00:05.0/input/input0/event0 ID_INPUT=(null) ID_SEAT=(null)
[UDEVINIT] by-devnum want=event0 sysname=event0 init=0 devnode=/dev/input/event0 devnum=13:64 syspath=/sys/devices/pci0000:00/0000:00:05.0/input/input0/event0 ID_INPUT=(null) ID_SEAT=(null)
[UDEVINIT] stat path=/dev/input/event1 rc=0 mode=020666 rdev=13:65
[UDEVINIT] by-name want=event1 sysname=event1 init=0 devnode=/dev/input/event1 devnum=13:65 syspath=/sys/devices/pci0000:00/0000:00:06.0/input/input1/event1 ID_INPUT=(null) ID_SEAT=(null)
[UDEVINIT] by-devnum want=event1 sysname=event1 init=0 devnode=/dev/input/event1 devnum=13:65 syspath=/sys/devices/pci0000:00/0000:00:06.0/input/input1/event1 ID_INPUT=(null) ID_SEAT=(null)
[UDEVINIT_EXIT] done
Wed Sep 23 07:39:27 UTC 2026 [UDEVINITPROBE_EXIT] rc=0
[STATPROBE] path=/dev/input/event0 mode=020666 rdev=13:64
[STATPROBE] attr=/sys/class/input/event0/dev value=13:64
[STATPROBE] path=/dev/input/event1 mode=020666 rdev=13:65
[STATPROBE] attr=/sys/class/input/event1/dev value=13:65
[STATPROBE_EXIT] done
Wed Sep 23 07:39:27 UTC 2026 [STATPROBE_EXIT] rc=0
Wed Sep 23 07:39:27 UTC 2026 sysfs dev/char links:
Wed Sep 23 07:39:28 UTC 2026 /sys/dev/char/13:64 -> ../../devices/pci0000:00/0000:00:05.0/input/input0/event0 dev=13:64
Wed Sep 23 07:39:28 UTC 2026 /sys/dev/char/13:65 -> ../../devices/pci0000:00/0000:00:06.0/input/input1/event1 dev=13:65
Wed Sep 23 07:39:28 UTC 2026 MISSING_UDEV_DATA /run/udev/data/c13:64
Wed Sep 23 07:39:28 UTC 2026 MISSING_UDEV_DATA /run/udev/data/c13:65
Wed Sep 23 07:39:28 UTC 2026 sysfs class/input entries:
total 0
drwxr-xr-x    4 root     root             0 Jan  1  1970 .
drwxr-xr-x    5 root     root             0 Jan  1  1970 ..
drwxr-xr-x    2 root     root             0 Jan  1  1970 event0
drwxr-xr-x    2 root     root             0 Jan  1  1970 event1
lrwxrwxrwx    1 root     root            50 Jan  1  1970 input0 -> ../../devices/pci0000:00/0000:00:05.0/input/input0
lrwxrwxrwx    1 root     root            50 Jan  1  1970 input1 -> ../../devices/pci0000:00/0000:00:06.0/input/input1
Wed Sep 23 07:39:29 UTC 2026 sysfs bus/input devices:
total 0
drwxr-xr-x    2 root     root             0 Jan  1  1970 .
drwxr-xr-x    4 root     root             0 Jan  1  1970 ..
lrwxrwxrwx    1 root     root            60 Jan  1  1970 event0 -> ../../../devices/pci0000:00/0000:00:05.0/input/input0/event0
lrwxrwxrwx    1 root     root            60 Jan  1  1970 event1 -> ../../../devices/pci0000:00/0000:00:06.0/input/input1/event1
lrwxrwxrwx    1 root     root            53 Jan  1  1970 input0 -> ../../../devices/pci0000:00/0000:00:05.0/input/input0
lrwxrwxrwx    1 root     root            53 Jan  1  1970 input1 -> ../../../devices/pci0000:00/0000:00:06.0/input/input1
Wed Sep 23 07:39:29 UTC 2026 subsystem/input -> ../bus/input
Wed Sep 23 07:39:29 UTC 2026 ===== D. libudev input enumeration =====
==== inputudevprobe: guest libudev input coldplug view ====
[INPUT_UDEV] enumerate input subsystem match_rc=0 scan_rc=0
[INPUT_UDEV] by-name sysname=event0 devnode=/dev/input/event0 devnum=13:64 ID_INPUT=(null) ID_SEAT=(null) KEYBOARD=(null) MOUSE=(null)
[INPUT_UDEV] by-name sysname=event1 devnode=/dev/input/event1 devnum=13:65 ID_INPUT=(null) ID_SEAT=(null) KEYBOARD=(null) MOUSE=(null)
[INPUT_UDEV] list syspath=/sys/devices/pci0000:00/0000:00:05.0/input/input0 sysname=input0
[INPUT_UDEV] list syspath=/sys/devices/pci0000:00/0000:00:05.0/input/input0 sysname=input0
[INPUT_UDEV] list syspath=/sys/devices/pci0000:00/0000:00:05.0/input/input0/event0 sysname=event0
[INPUT_UDEV] list syspath=/sys/devices/pci0000:00/0000:00:05.0/input/input0/event0 sysname=event0
[INPUT_UDEV] sysname=event0 syspath=/sys/devices/pci0000:00/0000:00:05.0/input/input0/event0 devnode=/dev/input/event0 devnum=13:64 ID_INPUT=(null) KEYBOARD=(null) MOUSE=(null)
[INPUT_UDEV] list syspath=/sys/devices/pci0000:00/0000:00:06.0/input/input1 sysname=input1
[INPUT_UDEV] list syspath=/sys/devices/pci0000:00/0000:00:06.0/input/input1 sysname=input1
[INPUT_UDEV] list syspath=/sys/devices/pci0000:00/0000:00:06.0/input/input1/event1 sysname=event1
[INPUT_UDEV] list syspath=/sys/devices/pci0000:00/0000:00:06.0/input/input1/event1 sysname=event1
[INPUT_UDEV] sysname=event1 syspath=/sys/devices/pci0000:00/0000:00:06.0/input/input1/event1 devnode=/dev/input/event1 devnum=13:65 ID_INPUT=(null) KEYBOARD=(null) MOUSE=(null)
[INPUT_UDEV] by_name_count=2 event_count=2
[INPUT_UDEV_EXIT] 3 verdict=INPUT_UDEV_FAIL
Wed Sep 23 07:39:30 UTC 2026 [INPUT_UDEVPROBE_EXIT] rc=3
Wed Sep 23 07:39:31 UTC 2026 ===== E. actual evdev node capabilities =====
total 0
crw-rw-rw-    1 root     root       13,  64 Jan  1  1970 event0
crw-rw-rw-    1 root     root       13,  65 Jan  1  1970 event1
=== evprobe: evdev 输入设备枚举 ===
[EV] /dev/input/event0
[EV]   EVIOCGNAME  rc=21 name="QEMU Virtio Keyboard"
[EV]   EVIOCGID    bustype=BUS_VIRTUAL(0x0006) vendor=0x0627 product=0x0001 version=0x0001
[EV]   EV  types:  SYN=0 KEY=1 REL=0 ABS=0 MSC=0 SW=0 REP=0
[EV]   key bits:  BTN_LEFT=0 BTN_RIGHT=0 BTN_MIDDLE=0 BTN_TOUCH=0 KEY_A=1 KEY_Z=1 KEY_SPACE=1
[EVSUM] node=/dev/input/event0 minor=1 class=KEYBOARD (rel=0 abs=0 btn=0 kbdkeys=1)
[EV] /dev/input/event1
[EV]   EVIOCGNAME  rc=18 name="QEMU Virtio Mouse"
[EV]   EVIOCGID    bustype=BUS_VIRTUAL(0x0006) vendor=0x0627 product=0x0002 version=0x0002
[EV]   EV  types:  SYN=0 KEY=1 REL=1 ABS=0 MSC=0 SW=0 REP=0
[EV]   key bits:  BTN_LEFT=1 BTN_RIGHT=1 BTN_MIDDLE=1 BTN_TOUCH=1 KEY_A=0 KEY_Z=0 KEY_SPACE=0
[EVSUM] node=/dev/input/event1 minor=2 class=MOUSE (rel=1 abs=0 btn=1 kbdkeys=0)
[EV] /dev/input/event2 open -> -1 errno=2 (No such file or directory)
[EV] /dev/input/event3 open -> -1 errno=2 (No such file or directory)
[EV] /dev/input/event4 open -> -1 errno=2 (No such file or directory)
[EV] /dev/input/event5 open -> -1 errno=2 (No such file or directory)
[EV] /dev/input/event6 open -> -1 errno=2 (No such file or directory)
[EV] /dev/input/event7 open -> -1 errno=2 (No such file or directory)
[EV] /dev/input/event8 open -> -1 errno=2 (No such file or directory)
[EV] /dev/input/event9 open -> -1 errno=2 (No such file or directory)
[EV] /dev/input/event10 open -> -1 errno=2 (No such file or directory)
[EV] /dev/input/event11 open -> -1 errno=2 (No such file or directory)
[EV] /dev/input/event12 open -> -1 errno=2 (No such file or directory)
[EV] /dev/input/event13 open -> -1 errno=2 (No such file or directory)
[EV] /dev/input/event14 open -> -1 errno=2 (No such file or directory)
[EV] /dev/input/event15 open -> -1 errno=2 (No such file or directory)

[EV] 共找到 2 个 evdev 节点
[EVMAP] 建议的 udev 伪造（可用次设备号）：keyboard=c13:1  pointer=c13:2
Wed Sep 23 07:39:32 UTC 2026 [EVPROBE_EXIT] rc=0
Wed Sep 23 07:39:32 UTC 2026 ===== F. Weston DRM + libinput; input is required =====
00:00:00.013 [INFO] [libseat/libseat.c:73] Seat opened with backend 'seatd'
[SEATPROBE] device_id=1 fd=4 id_rc=0 name_rc=21 name=QEMU Virtio Keyboard dev=0006:0001
[SEATPROBE] close_device rc=0 errno=11 (Resource temporarily unavailable)
00:00:00.029 [INFO] [libseat/backend/seatd.c:212] Enabling seat
[SEATPROBE] seat enabled
[SEATPROBE] close_seat rc=0 errno=11 (Resource temporarily unavailable)
[SEATPROBE_EXIT] 0 verdict=LIBSEAT_DEVICE_FD_OK
Wed Sep 23 07:39:34 UTC 2026 [SEATPROBE_EXIT] rc=0
libinput error: libinput bug: udev device never initialized (/dev/input/event0)
libinput error: client bug: Invalid path /dev/input/event0
[LIBINPUT_PROBE] add_device path=/dev/input/event0 result=null errno=2 (No such file or directory)
libinput error: libinput bug: udev device never initialized (/dev/input/event1)
libinput error: client bug: Invalid path /dev/input/event1
[LIBINPUT_PROBE] add_device path=/dev/input/event1 result=null errno=2 (No such file or directory)
[LIBINPUT_PROBE_EXIT] 5 devices_added=0 verdict=LIBINPUT_FAILED
Wed Sep 23 07:39:40 UTC 2026 [LIBINPUTPROBE_EXIT] rc=5
Wed Sep 23 07:39:50 UTC 2026 weston_alive=no socket=[missing]
[07:39:40.759] Command line: weston --backend=drm-backend.so --renderer=pixman --drm-device=card0 --seat=seat0 --idle-time=0 --debug --log=/root/input30-weston.log
[07:39:40.914] using /dev/dri/card0
[07:39:41.127] event0  - skip unconfigured input device '/dev/input/event0'
[07:39:41.130] event1  - skip unconfigured input device '/dev/input/event1'
[07:39:41.133] warning: no input devices on entering Weston. Possible causes:
	- no permissions to read /dev/input/event*
[07:39:41.133] failed to create input devices
Wed Sep 23 07:39:51 UTC 2026 [INPUT30_CHROMIUM_SKIP] missing Weston socket or Chromium binary
Wed Sep 23 07:40:06 UTC 2026 ===== H. Chromium headless page/render diagnostic =====
Wed Sep 23 07:40:07 UTC 2026 [INPUT30_HEADLESS_EXIT] rc=126
Wed Sep 23 07:40:07 UTC 2026 [HEADLESS_SCREENSHOT_MISSING] /root/input30-headless.png
Wed Sep 23 07:40:07 UTC 2026 [INPUT30_SUM] socket=missing
