Date: 2026-09-28 UTC
[13:20:26.173] weston 14.0.2
               https://wayland.freedesktop.org
               Bug reports to: https://gitlab.freedesktop.org/wayland/weston/issues/
               Build: 14.0.2
[13:20:26.177] Command line: weston --backend=drm-backend.so --renderer=pixman --drm-device=card0 --seat=seat0 --idle-time=0 --debug --log=/root/mp-weston.log
[13:20:26.178] OS: Linux, 10.0.0, 10.0.0, aarch64
[13:20:26.178] Flight recorder: enabled
[13:20:26.191] Starting with no config file.
[13:20:26.217] Output repaint window is 7 ms maximum.
[13:20:26.225] Loading module '/usr/lib/libweston-14/drm-backend.so'
[13:20:26.321] initializing drm backend
[13:20:26.324] Trying libseat launcher...
[13:20:26.339] [libseat/libseat.c:62] Seat opened with backend 'seatd'
[13:20:26.340] [libseat/backend/seatd.c:212] Enabling seat
[13:20:26.340] libseat: session control granted
[13:20:26.363] using /dev/dri/card0
[13:20:26.365] DRM: does not support atomic modesetting
[13:20:26.366] DRM: supports GBM modifiers
[13:20:26.366] DRM: does not support Atomic async page flip
[13:20:26.366] DRM: supports picture aspect ratio
[13:20:26.371] Using Pixman renderer
[13:20:26.580] event0  - QEMU Virtio Keyboard: is tagged by udev as: Keyboard
[13:20:26.584] event0  - QEMU Virtio Keyboard: device is a keyboard
[13:20:26.611] event1  - QEMU Virtio Mouse: is tagged by udev as: Mouse
[13:20:26.612] event1  - QEMU Virtio Mouse: device is a pointer
[13:20:26.966] libinput: configuring device "QEMU Virtio Keyboard".
[13:20:26.968] libinput: configuring device "QEMU Virtio Mouse".
[13:20:26.980] DRM: head 'Virtual-1' found, connector 48 is connected, EDID make 'unknown', model 'unknown', serial ''
               Supported EOTF modes: SDR
               Supported colorimetry modes: default
[13:20:26.985] Registered plugin API 'weston_drm_output_api_v1' of size 40
[13:20:26.986] Registered plugin API 'weston_drm_virtual_output_api_v2' of size 48
[13:20:26.989] Color manager: no-op
                 protocol support: no
[13:20:27.016] Output 'Virtual-1' attempts EOTF mode SDR and colorimetry mode default.
[13:20:27.017] Output 'Virtual-1' using color profile: stock sRGB color profile
[13:20:27.076] DRM: output Virtual-1 uses shadow framebuffer.
[13:20:27.077] Output Virtual-1 (crtc 16) video modes:
               current@60.0, current, 70.6 MHz
[13:20:27.081] associating input device event0 with output Virtual-1 (none by udev)
[13:20:27.081] associating input device event1 with output Virtual-1 (none by udev)
[13:20:27.083] Output 'Virtual-1' enabled with head(s) Virtual-1
[13:20:27.084] Compositor capabilities:
               arbitrary surface rotation: yes
               screen capture uses y-flip: no
               cursor planes: yes
               arbitrary resolutions: no
               view mask clipping: yes
               explicit sync: no
               color operations: no
               presentation clock: CLOCK_MONOTONIC, id 1
               presentation clock resolution: 0.000001000 s
[13:20:27.099] Loading module '/usr/lib/weston/desktop-shell.so'
[13:20:27.143] launching '/usr/libexec/weston-keyboard'
[13:20:27.225] launching '/usr/libexec/weston-desktop-shell'
