Date: 2026-09-28 UTC
[12:06:41.783] weston 14.0.2
               https://wayland.freedesktop.org
               Bug reports to: https://gitlab.freedesktop.org/wayland/weston/issues/
               Build: 14.0.2
[12:06:41.788] Command line: weston --backend=drm-backend.so --renderer=pixman --drm-device=card0 --seat=seat0 --idle-time=0 --debug --log=/root/mp-weston.log
[12:06:41.788] OS: Linux, 10.0.0, 10.0.0, aarch64
[12:06:41.788] Flight recorder: enabled
[12:06:41.801] Starting with no config file.
[12:06:41.829] Output repaint window is 7 ms maximum.
[12:06:41.839] Loading module '/usr/lib/libweston-14/drm-backend.so'
[12:06:41.939] initializing drm backend
[12:06:41.943] Trying libseat launcher...
[12:06:41.961] [libseat/libseat.c:62] Seat opened with backend 'seatd'
[12:06:41.962] [libseat/backend/seatd.c:212] Enabling seat
[12:06:41.962] libseat: session control granted
[12:06:41.985] using /dev/dri/card0
[12:06:41.988] DRM: does not support atomic modesetting
[12:06:41.989] DRM: supports GBM modifiers
[12:06:41.989] DRM: does not support Atomic async page flip
[12:06:41.989] DRM: supports picture aspect ratio
[12:06:41.994] Using Pixman renderer
[12:06:42.209] event0  - QEMU Virtio Keyboard: is tagged by udev as: Keyboard
[12:06:42.214] event0  - QEMU Virtio Keyboard: device is a keyboard
[12:06:42.241] event1  - QEMU Virtio Mouse: is tagged by udev as: Mouse
[12:06:42.242] event1  - QEMU Virtio Mouse: device is a pointer
[12:06:42.515] libinput: configuring device "QEMU Virtio Keyboard".
[12:06:42.517] libinput: configuring device "QEMU Virtio Mouse".
[12:06:42.527] DRM: head 'Virtual-1' found, connector 48 is connected, EDID make 'unknown', model 'unknown', serial ''
               Supported EOTF modes: SDR
               Supported colorimetry modes: default
[12:06:42.532] Registered plugin API 'weston_drm_output_api_v1' of size 40
[12:06:42.532] Registered plugin API 'weston_drm_virtual_output_api_v2' of size 48
[12:06:42.535] Color manager: no-op
                 protocol support: no
[12:06:42.554] Output 'Virtual-1' attempts EOTF mode SDR and colorimetry mode default.
[12:06:42.554] Output 'Virtual-1' using color profile: stock sRGB color profile
[12:06:42.592] DRM: output Virtual-1 uses shadow framebuffer.
[12:06:42.593] Output Virtual-1 (crtc 16) video modes:
               current@60.0, current, 70.6 MHz
[12:06:42.599] associating input device event0 with output Virtual-1 (none by udev)
[12:06:42.599] associating input device event1 with output Virtual-1 (none by udev)
[12:06:42.604] Output 'Virtual-1' enabled with head(s) Virtual-1
[12:06:42.605] Compositor capabilities:
               arbitrary surface rotation: yes
               screen capture uses y-flip: no
               cursor planes: yes
               arbitrary resolutions: no
               view mask clipping: yes
               explicit sync: no
               color operations: no
               presentation clock: CLOCK_MONOTONIC, id 1
               presentation clock resolution: 0.000001000 s
[12:06:42.634] Loading module '/usr/lib/weston/desktop-shell.so'
[12:06:42.683] launching '/usr/libexec/weston-keyboard'
[12:06:42.743] launching '/usr/libexec/weston-desktop-shell'
