Date: 2026-09-23 UTC
[07:05:36.275] weston 14.0.2
               https://wayland.freedesktop.org
               Bug reports to: https://gitlab.freedesktop.org/wayland/weston/issues/
               Build: 14.0.2
[07:05:36.281] Command line: weston --backend=drm-backend.so --renderer=pixman --drm-device=card0 --seat=seat0 --idle-time=0 --debug --log=/root/input27-weston.log
[07:05:36.282] OS: Linux, 10.0.0, 10.0.0, aarch64
[07:05:36.282] Flight recorder: enabled
[07:05:36.295] Starting with no config file.
[07:05:36.320] Output repaint window is 7 ms maximum.
[07:05:36.328] Loading module '/usr/lib/libweston-14/drm-backend.so'
[07:05:36.398] initializing drm backend
[07:05:36.401] Trying libseat launcher...
[07:05:36.412] [libseat/libseat.c:62] Seat opened with backend 'seatd'
[07:05:36.413] [libseat/backend/seatd.c:212] Enabling seat
[07:05:36.413] libseat: session control granted
[07:05:36.429] using /dev/dri/card0
[07:05:36.432] DRM: does not support atomic modesetting
[07:05:36.432] DRM: supports GBM modifiers
[07:05:36.432] DRM: does not support Atomic async page flip
[07:05:36.433] DRM: supports picture aspect ratio
[07:05:36.437] Using Pixman renderer
[07:05:36.554] event0  - QEMU Virtio Keyboard: is tagged by udev as: Keyboard
[07:05:36.556] event0  - QEMU Virtio Keyboard: device is a keyboard
[07:05:36.578] event1  - QEMU Virtio Mouse: is tagged by udev as: Mouse
[07:05:36.579] event1  - QEMU Virtio Mouse: device is a pointer
[07:05:36.884] libinput: configuring device "QEMU Virtio Keyboard".
[07:05:36.887] libinput: configuring device "QEMU Virtio Mouse".
[07:05:36.896] DRM: head 'Virtual-1' found, connector 48 is connected, EDID make 'unknown', model 'unknown', serial ''
               Supported EOTF modes: SDR
               Supported colorimetry modes: default
[07:05:36.901] Registered plugin API 'weston_drm_output_api_v1' of size 40
[07:05:36.901] Registered plugin API 'weston_drm_virtual_output_api_v2' of size 48
[07:05:36.904] Color manager: no-op
                 protocol support: no
[07:05:36.920] Output 'Virtual-1' attempts EOTF mode SDR and colorimetry mode default.
[07:05:36.921] Output 'Virtual-1' using color profile: stock sRGB color profile
[07:05:36.950] DRM: output Virtual-1 uses shadow framebuffer.
[07:05:36.951] Output Virtual-1 (crtc 16) video modes:
               current@60.0, current, 70.6 MHz
[07:05:36.954] associating input device event0 with output Virtual-1 (none by udev)
[07:05:36.954] associating input device event1 with output Virtual-1 (none by udev)
[07:05:36.956] Output 'Virtual-1' enabled with head(s) Virtual-1
[07:05:36.956] Compositor capabilities:
               arbitrary surface rotation: yes
               screen capture uses y-flip: no
               cursor planes: yes
               arbitrary resolutions: no
               view mask clipping: yes
               explicit sync: no
               color operations: no
               presentation clock: CLOCK_MONOTONIC, id 1
               presentation clock resolution: 0.000001000 s
[07:05:36.967] Loading module '/usr/lib/weston/desktop-shell.so'
[07:05:36.996] launching '/usr/libexec/weston-keyboard'
[07:05:37.039] launching '/usr/libexec/weston-desktop-shell'
