[150:150:0923/070559.148320:VERBOSE1:chrome/app/chrome_crash_reporter_client.cc:199] GetCollectStatsConsent(): is_official_chrome_build is false so returning false
[150:150:0923/070601.348342:VERBOSE1:chrome/app/chrome_crash_reporter_client.cc:199] GetCollectStatsConsent(): is_official_chrome_build is false so returning false
[174:174:0923/070608.072635:INFO:third_party/webrtc/rtc_base/cpu_info.cc:75] Available number of cores: 4
[175:175:0923/070608.073681:INFO:third_party/webrtc/rtc_base/cpu_info.cc:75] Available number of cores: 4
[174:174:0923/070608.170846:VERBOSE1:content/zygote/zygote_main_linux.cc:201] ZygoteMain: initializing 0 fork delegates
[175:175:0923/070608.173004:VERBOSE1:content/zygote/zygote_main_linux.cc:201] ZygoteMain: initializing 0 fork delegates
[150:150:0923/070612.127971:VERBOSE1:components/policy/core/common/config_dir_policy_loader.cc:116] Found mandatory policy file: /etc/chromium/policies/managed/kiosk.json
[150:150:0923/070612.207569:VERBOSE1:components/policy/core/common/config_dir_policy_loader.cc:121] Skipping recommended platform policies because no policy file was found at: /etc/chromium/policies/recommended
[150:150:0923/070612.728158:VERBOSE1:components/variations/service/variations_field_trial_creator.cc:80] VariationsSeedUsage:2
[150:150:0923/070612.751637:VERBOSE1:components/variations/service/variations_field_trial_creator.cc:353] VariationsSetupComplete
[150:150:0923/070612.775680:ERROR:ui/ozone/platform/wayland/common/drm_render_node_path_finder.cc:45] drmGetDevices2() has not found any devices: No such file or directory (2)
[150:201:0923/070613.158716:VERBOSE1:base/files/file_util_posix.cc:317] Cannot stat "/root/input27-chromium-profile/VariationsSeedV1": No such file or directory (2)
[150:203:0923/070613.275951:ERROR:dbus/bus.cc:408] Failed to connect to the bus: Failed to connect to socket /run/dbus/system_bus_socket: No such file or directory
[150:150:0923/070613.631874:WARNING:ui/ozone/platform/wayland/ozone_platform_wayland.cc:272] Failed to initialize drm render node handle.
[150:150:0923/070613.730022:WARNING:ui/ozone/platform/wayland/common/wayland_object.cc:119] Binding to wl_shm version 1 but version 2 is available.
[150:150:0923/070617.870976:VERBOSE1:chrome/browser/media/webrtc/webrtc_event_log_manager.cc:122] WebRTC remote-bound event logging enabled.
[150:150:0923/070618.036871:VERBOSE1:components/proxy_config/pref_proxy_config_tracker_impl.cc:199] 0x1c0018d500: set chrome proxy config service to 0x1c0006ebe0
[150:150:0923/070618.079855:VERBOSE1:google_apis/api_key_cache.cc:99] Using default value "497550622367-ubtkmd3b2pp5gulba5n6ha6sq4n35ehj.apps.googleusercontent.com" for API key GOOGLE_CLIENT_ID_MAIN
[150:150:0923/070618.081215:VERBOSE1:google_apis/api_key_cache.cc:99] Using default value "NaCX8tIIAphrjs56n3TpHx_e" for API key GOOGLE_CLIENT_SECRET_MAIN
[150:150:0923/070618.082303:VERBOSE1:google_apis/api_key_cache.cc:99] Using default value "497550622367-ubtkmd3b2pp5gulba5n6ha6sq4n35ehj.apps.googleusercontent.com" for API key GOOGLE_CLIENT_ID_REMOTING
[150:150:0923/070618.082618:VERBOSE1:google_apis/api_key_cache.cc:99] Using default value "NaCX8tIIAphrjs56n3TpHx_e" for API key GOOGLE_CLIENT_SECRET_REMOTING
[150:150:0923/070618.082838:VERBOSE1:google_apis/api_key_cache.cc:99] Using default value "497550622367-ubtkmd3b2pp5gulba5n6ha6sq4n35ehj.apps.googleusercontent.com" for API key GOOGLE_CLIENT_ID_REMOTING_HOST
[150:150:0923/070618.083994:VERBOSE1:google_apis/api_key_cache.cc:99] Using default value "NaCX8tIIAphrjs56n3TpHx_e" for API key GOOGLE_CLIENT_SECRET_REMOTING_HOST
[150:150:0923/070618.818158:VERBOSE1:components/device_event_log/device_event_log_impl.cc:200] [07:06:18.447] Display: EVENT: wayland_screen.cc:144 Displays updated, count: 1
[150:150:0923/070618.826589:VERBOSE1:components/device_event_log/device_event_log_impl.cc:200] [07:06:18.825] Display: EVENT: wayland_screen.cc:147 Display[16] bounds=[0,0 1280x800], workarea=[0,0 1280x800], scale=1, rotation=0, panel_rotation=0 external detected
[150:203:0923/070618.946787:ERROR:dbus/bus.cc:408] Failed to connect to the bus: Could not parse server address: Unknown address type (examples of valid types are "tcp" and on UNIX "unix")
[150:203:0923/070618.954158:ERROR:dbus/bus.cc:408] Failed to connect to the bus: Failed to connect to socket /run/dbus/system_bus_socket: No such file or directory
[150:203:0923/070618.961003:ERROR:dbus/bus.cc:408] Failed to connect to the bus: Failed to connect to socket /run/dbus/system_bus_socket: No such file or directory
[150:214:0923/070619.069474:VERBOSE1:base/files/file_util_posix.cc:317] Cannot stat "/root/input27-chromium-profile/component_crx_cache/metadata.json": No such file or directory (2)
[150:218:0923/070619.450147:WARNING:ui/ozone/platform/wayland/ozone_platform_wayland.cc:325] Failed to find drm render node path.
[150:218:0923/070619.456152:WARNING:ui/ozone/platform/wayland/gpu/wayland_buffer_manager_gpu.cc:458] Failed to initialize drm render node handle.
[150:206:0923/070619.924997:VERBOSE1:content/browser/renderer_host/media/media_stream_manager.cc:1555] MSM::InitializeMaybeAsync([this=0x1c00163980])
[150:206:0923/070619.953809:VERBOSE1:content/browser/renderer_host/media/media_stream_manager.cc:1555] MDM::MediaDevicesManager()
[150:206:0923/070619.968652:VERBOSE1:content/browser/renderer_host/media/media_stream_manager.cc:1555] MSM::MediaStreamManager([this=0x1c00163980]))
[150:201:0923/070620.167063:VERBOSE1:base/files/file_util_posix.cc:317] Cannot stat "/root/input27-chromium-profile/Consent To Send Stats": No such file or directory (2)
[150:150:0923/070621.002545:VERBOSE1:components/os_crypt/sync/key_storage_util_linux.cc:46] Password storage detected desktop environment: (unknown)
[150:150:0923/070621.004536:VERBOSE1:components/os_crypt/sync/key_storage_linux.cc:116] Selected backend for OSCrypt: BASIC_TEXT
[150:150:0923/070621.005713:VERBOSE1:components/os_crypt/sync/key_storage_linux.cc:135] OSCrypt did not initialize a backend.
[150:150:0923/070621.073430:VERBOSE1:components/enterprise/browser/controller/chrome_browser_cloud_management_controller.cc:171] Cloud management controller initialization aborted as CBCM is not enabled. Please use the `--enable-chrome-browser-cloud-management` command line flag to enable it if you are not using the official Google Chrome build.
[150:150:0923/070627.384293:VERBOSE1:chrome/browser/signin/account_consistency_mode_manager.cc:207] Desktop Identity Consistency disabled as sign-in to Chrome is not allowed
[150:150:0923/070627.569126:VERBOSE1:components/device_event_log/device_event_log_impl.cc:200] [07:06:27.562] Bluetooth: EVENT: bluetooth_api.cc:82 BluetoothAPI: 0x1c004bf080
[150:201:0923/070628.276361:VERBOSE1:base/files/file_util_posix.cc:317] Cannot stat "/root/input27-chromium-profile/Default/Web Applications/Logs/WebAppInstallManager.log": No such file or directory (2)
[150:203:0923/070628.773077:ERROR:dbus/bus.cc:408] Failed to connect to the bus: Could not parse server address: Unknown address type (examples of valid types are "tcp" and on UNIX "unix")
[150:150:0923/070631.165337:VERBOSE1:components/proxy_config/pref_proxy_config_tracker_impl.cc:199] 0x1c0018ed00: set chrome proxy config service to 0x1c00071620
[150:150:0923/070631.946850:VERBOSE1:chrome/browser/signin/account_consistency_mode_manager.cc:207] Desktop Identity Consistency disabled as sign-in to Chrome is not allowed
[150:150:0923/070633.525617:VERBOSE1:components/signin/internal/identity_manager/mutable_profile_oauth2_token_service_delegate.cc:318] MutablePO2TS::MutablePO2TS
[150:201:0923/070634.295732:VERBOSE1:net/disk_cache/simple/simple_index_file.cc:607] Simple Cache Index is being restored from disk.
[150:204:0923/070634.308845:VERBOSE1:net/disk_cache/simple/simple_index_file.cc:607] Simple Cache Index is being restored from disk.
[150:201:0923/070634.309165:VERBOSE1:base/files/file_util_posix.cc:317] Cannot stat "/root/input27-chromium-profile/Default/Code Cache/wasm/index-dir/the-real-index": No such file or directory (2)
[150:204:0923/070634.311464:VERBOSE1:base/files/file_util_posix.cc:317] Cannot stat "/root/input27-chromium-profile/Default/Code Cache/js/index-dir/the-real-index": No such file or directory (2)
[150:150:0923/070634.404099:VERBOSE1:components/proxy_config/pref_proxy_config_tracker_impl.cc:199] 0x1c0018ff00: set chrome proxy config service to 0x1c00075580
[150:150:0923/070635.066197:VERBOSE1:chrome/browser/signin/account_consistency_mode_manager.cc:207] Desktop Identity Consistency disabled as sign-in to Chrome is not allowed
[150:150:0923/070635.346316:VERBOSE1:extensions/browser/api/bluetooth_low_energy/bluetooth_low_energy_event_router.cc:291] Initializing BluetoothLowEnergyEventRouter.
[150:150:0923/070635.760746:VERBOSE1:chrome/browser/permissions/prediction_service/prediction_model_handler_provider_factory.cc:58] [PermissionsAI]: PredictionModelHandlerProviderFactory::BuildServiceInstanceForBrowserContext
[150:150:0923/070635.761260:VERBOSE1:chrome/browser/permissions/prediction_service/prediction_model_handler_provider_factory.cc:66] [PermissionsAI]: OptimizationGuideKeyedService not available.
[150:150:0923/070637.421726:VERBOSE1:extensions/browser/extension_registrar.cc:521] AddComponentExtension Web Store
[150:150:0923/070637.425329:VERBOSE1:extensions/browser/extension_registrar.cc:523] Component extension Web Store (ahfgeienlihckogmohjhadlkjgocpleb) installing/upgrading from '' to 0.2
MESA-LOADER: failed to retrieve device information
failed to get driver name for fd 84
[150:150:0923/070638.562479:VERBOSE1:extensions/browser/extension_registrar.cc:521] AddComponentExtension Chromium PDF Viewer
[150:150:0923/070638.562831:VERBOSE1:extensions/browser/extension_registrar.cc:523] Component extension Chromium PDF Viewer (mhjfbmdgcfjbbpaeojofohoefgiehjai) installing/upgrading from '' to 1
[150:150:0923/070638.600749:VERBOSE1:extensions/browser/extension_registrar.cc:521] AddComponentExtension Google Hangouts
[150:150:0923/070638.601089:VERBOSE1:extensions/browser/extension_registrar.cc:523] Component extension Google Hangouts (nkeimhogjdpnpccoofpliimaahmaaome) installing/upgrading from '' to 1.3.26
MESA-LOADER: failed to retrieve device information
failed to get driver name for fd 84
MESA-LOADER: failed to retrieve device information
failed to get driver name for fd 83
MESA-LOADER: failed to retrieve device information
failed to get driver name for fd 83
MESA-LOADER: failed to retrieve device information
failed to get driver name for fd 83
MESA-LOADER: failed to retrieve device information
[150:150:0923/070638.654555:VERBOSE1:components/signin/internal/identity_manager/mutable_profile_oauth2_token_service_delegate.cc:408] MutablePO2TS::RefreshTokenIsAvailable
failed to get driver name for fd 83
[150:150:0923/070638.662839:VERBOSE1:components/signin/internal/identity_manager/mutable_profile_oauth2_token_service_delegate.cc:408] MutablePO2TS::RefreshTokenIsAvailable
[150:150:0923/070638.676244:VERBOSE1:chrome/browser/signin/account_consistency_mode_manager.cc:207] Desktop Identity Consistency disabled as sign-in to Chrome is not allowed
[150:150:0923/070638.678675:VERBOSE1:components/signin/core/browser/account_reconcilor.cc:165] AccountReconcilor::AccountReconcilor
[150:150:0923/070638.679099:VERBOSE1:components/signin/core/browser/account_reconcilor.cc:203] AccountReconcilor::Initialize
[150:201:0923/070638.830467:VERBOSE1:base/files/file_util_posix.cc:317] Cannot stat "/root/input27-chromium-profile/Default/Policy/User Policy": No such file or directory (2)
[150:201:0923/070638.832878:VERBOSE1:base/files/file_util_posix.cc:317] Cannot stat "/root/input27-chromium-profile/Default/Policy/Signing Key": No such file or directory (2)
[150:201:0923/070638.939906:VERBOSE1:components/component_updater/component_installer.cc:481] StartRegistration for Subresource Filter Rules
[150:150:0923/070638.946263:VERBOSE1:components/component_updater/installer_policies/on_device_head_suggest_component_installer.cc:59] On Device Head Component will fetch model for locale: ENUS500000
[150:150:0923/070638.955443:VERBOSE1:chrome/browser/component_updater/trust_token_key_commitments_component_installer.cc:21] Registering Trust Token Key Commitments component.
[150:150:0923/070638.958945:VERBOSE1:chrome/browser/component_updater/first_party_sets_component_installer.cc:37] Registering Related Website Sets component.
[150:204:0923/070638.959168:VERBOSE1:components/component_updater/component_installer.cc:481] StartRegistration for Trust Token Key Commitments
[150:202:0923/070638.949994:VERBOSE1:components/component_updater/component_installer.cc:481] StartRegistration for OnDeviceHeadSuggest
[150:150:0923/070638.978945:VERBOSE1:chrome/browser/component_updater/privacy_sandbox_attestations_component_installer.cc:181] Registering Privacy Sandbox Attestations component
[150:201:0923/070638.990429:VERBOSE1:components/component_updater/component_installer.cc:481] StartRegistration for Privacy Sandbox Attestations
[150:150:0923/070639.009151:VERBOSE1:chrome/browser/component_updater/file_type_policies_component_installer.cc:126] Registering File Type Policies component.
[150:201:0923/070639.009509:VERBOSE1:components/component_updater/component_installer.cc:481] StartRegistration for Certificate Error Assistant
[150:202:0923/070639.011467:VERBOSE1:components/component_updater/component_installer.cc:481] StartRegistration for File Type Policies
[150:204:0923/070639.011902:VERBOSE1:components/component_updater/component_installer.cc:481] StartRegistration for CRLSet
[150:215:0923/070639.023809:VERBOSE1:components/component_updater/component_installer.cc:481] StartRegistration for Origin Trials
[150:201:0923/070639.028612:VERBOSE1:components/component_updater/component_installer.cc:481] StartRegistration for PKI Metadata
[150:202:0923/070639.067119:VERBOSE1:components/component_updater/component_installer.cc:481] StartRegistration for Safety Tips
[150:216:0923/070639.030925:VERBOSE1:components/component_updater/component_installer.cc:481] StartRegistration for MEI Preload
[150:150:0923/070639.078735:VERBOSE1:chrome/browser/component_updater/hyphenation_component_installer.cc:149] Registering Hyphenation component.
[150:201:0923/070639.079437:VERBOSE1:components/component_updater/component_installer.cc:481] StartRegistration for Crowd Deny
[150:204:0923/070639.093854:VERBOSE1:components/component_updater/component_installer.cc:481] StartRegistration for Hyphenation
[150:204:0923/070639.119205:VERBOSE1:components/component_updater/component_installer.cc:481] StartRegistration for Zxcvbn Data Dictionaries
[150:201:0923/070639.123390:VERBOSE1:components/component_updater/component_installer.cc:481] StartRegistration for Autofill States Data
[150:216:0923/070639.115766:VERBOSE1:components/component_updater/component_installer.cc:316] Preinstalled component found for MEI Preload at /usr/lib/chromium/MEIPreload with version 1.0.7.1652906823.
[150:150:0923/070639.146887:VERBOSE1:chrome/browser/component_updater/tpcd_metadata_component_installer.cc:23] Third Party Cookie Deprecation Metadata component.
[150:150:0923/070639.153515:VERBOSE1:chrome/browser/component_updater/translate_kit_component_installer.cc:163] Registering TranslateKit component.
[150:201:0923/070639.153924:VERBOSE1:components/component_updater/component_installer.cc:481] StartRegistration for Third-Party Cookie Deprecation Metadata
[150:150:0923/070639.158775:VERBOSE1:chrome/browser/component_updater/open_cookie_database_component_installer.cc:23] Registering Open Cookie Database component.
[150:150:0923/070639.160829:VERBOSE1:chrome/browser/component_updater/cookie_readiness_list_component_installer.cc:24] Registering Cookie Readiness List component.
[150:202:0923/070639.161150:VERBOSE1:components/component_updater/component_installer.cc:481] StartRegistration for Open Cookie Database
[150:204:0923/070639.171406:VERBOSE1:components/component_updater/component_installer.cc:481] StartRegistration for Cookie Readiness List
[150:215:0923/070639.173223:VERBOSE1:components/component_updater/component_installer.cc:481] StartRegistration for Amount Extraction Heuristic Regexes
[150:150:0923/070639.185055:VERBOSE1:chrome/browser/component_updater/wasm_tts_engine_component_installer.cc:272] Registering WASM TTS Engine component.
[150:150:0923/070639.186977:VERBOSE1:chrome/browser/component_updater/probabilistic_reveal_token_component_installer.cc:54] Registering Probabilistic Reveal Token component.
[150:201:0923/070639.187418:VERBOSE1:components/component_updater/component_installer.cc:481] StartRegistration for WASM TTS Engine
[150:202:0923/070639.195582:VERBOSE1:components/component_updater/component_installer.cc:481] StartRegistration for Probabilistic Reveal Tokens
[150:150:0923/070639.422499:VERBOSE1:chrome/browser/profiles/profile_manager.cc:1277] AddKeepAlive(Default, kBrowserWindow). keep_alives=[kWaitingForFirstBrowserWindow (1), kBrowserWindow (1)]
[150:150:0923/070639.423666:VERBOSE1:chrome/browser/profiles/profile_manager.cc:1359] ClearFirstBrowserWindowKeepAlive(Default). keep_alives=[kBrowserWindow (1)]
[150:203:0923/070643.342161:ERROR:dbus/bus.cc:408] Failed to connect to the bus: Could not parse server address: Unknown address type (examples of valid types are "tcp" and on UNIX "unix")
[150:203:0923/070643.350563:ERROR:dbus/bus.cc:408] Failed to connect to the bus: Could not parse server address: Unknown address type (examples of valid types are "tcp" and on UNIX "unix")
[224:224:0923/070643.949333:INFO:content/child/child_thread_impl.cc:909] ChildThreadImpl::EnsureConnected()
[150:150:0923/070644.162911:WARNING:ui/ozone/platform/wayland/host/wayland_surface.cc:170] Server doesn't support zcr_alpha_compositing_v1.
[150:150:0923/070644.163401:WARNING:ui/ozone/platform/wayland/host/wayland_surface.cc:185] Server doesn't support overlay_prioritizer.
[150:150:0923/070644.163677:WARNING:ui/ozone/platform/wayland/host/wayland_surface.cc:200] Server doesn't support wp_content_type_v1
[150:150:0923/070644.164047:WARNING:ui/ozone/platform/wayland/host/wayland_surface.cc:214] Server doesn't support wp_color_management_surface_v1.
[150:150:0923/070645.071002:WARNING:ui/ozone/platform/wayland/host/wayland_connection.cc:408] text-input-v3 not available.
[150:150:0923/070646.695172:VERBOSE1:chrome/browser/signin/account_consistency_mode_manager.cc:207] Desktop Identity Consistency disabled as sign-in to Chrome is not allowed
[0923/070649.871668:ERROR:third_party/crashpad/crashpad/util/linux/scoped_ptrace_attach.cc:27] ptrace: Function not implemented (38)
