Date: 2026-09-29 UTC
[06:00:25.795] weston 14.0.2
               https://wayland.freedesktop.org
               Bug reports to: https://gitlab.freedesktop.org/wayland/weston/issues/
               Build: 14.0.2
[06:00:25.799] Command line: weston --backend=drm-backend.so --renderer=pixman --drm-device=card0 --seat=seat0 --idle-time=0 --debug --log=/root/mp-weston.log
[06:00:25.799] OS: Linux, 10.0.0, 10.0.0, aarch64
[06:00:25.800] Flight recorder: enabled
[06:00:25.812] Starting with no config file.
[06:00:25.836] Output repaint window is 7 ms maximum.
[06:00:25.845] Loading module '/usr/lib/libweston-14/drm-backend.so'
[06:00:25.940] initializing drm backend
[06:00:25.943] Trying libseat launcher...
[06:00:25.956] [libseat/libseat.c:62] Seat opened with backend 'seatd'
[06:00:25.957] [libseat/backend/seatd.c:212] Enabling seat
[06:00:25.958] libseat: session control granted
[06:00:25.979] using /dev/dri/card0
[06:00:25.981] DRM: does not support atomic modesetting
[06:00:25.981] DRM: supports GBM modifiers
[06:00:25.982] DRM: does not support Atomic async page flip
[06:00:25.982] DRM: supports picture aspect ratio
[06:00:25.986] Using Pixman renderer
[06:00:26.190] event0  - QEMU Virtio Keyboard: is tagged by udev as: Keyboard
[06:00:26.195] event0  - QEMU Virtio Keyboard: device is a keyboard
[06:00:26.222] event1  - QEMU Virtio Mouse: is tagged by udev as: Mouse
[06:00:26.223] event1  - QEMU Virtio Mouse: device is a pointer
[06:00:26.486] libinput: configuring device "QEMU Virtio Keyboard".
[06:00:26.489] libinput: configuring device "QEMU Virtio Mouse".
[06:00:26.498] DRM: head 'Virtual-1' found, connector 48 is connected, EDID make 'unknown', model 'unknown', serial ''
               Supported EOTF modes: SDR
               Supported colorimetry modes: default
[06:00:26.503] Registered plugin API 'weston_drm_output_api_v1' of size 40
[06:00:26.503] Registered plugin API 'weston_drm_virtual_output_api_v2' of size 48
[06:00:26.506] Color manager: no-op
                 protocol support: no
[06:00:26.521] Output 'Virtual-1' attempts EOTF mode SDR and colorimetry mode default.
[06:00:26.521] Output 'Virtual-1' using color profile: stock sRGB color profile
[06:00:26.548] DRM: output Virtual-1 uses shadow framebuffer.
[06:00:26.549] Output Virtual-1 (crtc 16) video modes:
               current@60.0, current, 70.6 MHz
[06:00:26.552] associating input device event0 with output Virtual-1 (none by udev)
[06:00:26.552] associating input device event1 with output Virtual-1 (none by udev)
[06:00:26.553] Output 'Virtual-1' enabled with head(s) Virtual-1
[06:00:26.554] Compositor capabilities:
               arbitrary surface rotation: yes
               screen capture uses y-flip: no
               cursor planes: yes
               arbitrary resolutions: no
               view mask clipping: yes
               explicit sync: no
               color operations: no
               presentation clock: CLOCK_MONOTONIC, id 1
               presentation clock resolution: 0.000001000 s
[06:00:26.564] Loading module '/usr/lib/weston/desktop-shell.so'
[06:00:26.594] launching '/usr/libexec/weston-keyboard'
[06:00:26.655] launching '/usr/libexec/weston-desktop-shell'
