Date: 2026-09-29 UTC
[23:43:30.894] weston 14.0.2
               https://wayland.freedesktop.org
               Bug reports to: https://gitlab.freedesktop.org/wayland/weston/issues/
               Build: 14.0.2
[23:43:30.898] Command line: weston --backend=drm-backend.so --renderer=pixman --drm-device=card0 --seat=seat0 --idle-time=0 --debug --log=/root/mp-weston.log
[23:43:30.898] OS: Linux, 10.0.0, 10.0.0, aarch64
[23:43:30.899] Flight recorder: enabled
[23:43:30.910] Starting with no config file.
[23:43:30.936] Output repaint window is 7 ms maximum.
[23:43:30.943] Loading module '/usr/lib/libweston-14/drm-backend.so'
[23:43:31.035] initializing drm backend
[23:43:31.038] Trying libseat launcher...
[23:43:31.053] [libseat/libseat.c:62] Seat opened with backend 'seatd'
[23:43:31.054] [libseat/backend/seatd.c:212] Enabling seat
[23:43:31.054] libseat: session control granted
[23:43:31.076] using /dev/dri/card0
[23:43:31.078] DRM: does not support atomic modesetting
[23:43:31.079] DRM: supports GBM modifiers
[23:43:31.079] DRM: does not support Atomic async page flip
[23:43:31.079] DRM: supports picture aspect ratio
[23:43:31.083] Using Pixman renderer
[23:43:31.289] event0  - QEMU Virtio Keyboard: is tagged by udev as: Keyboard
[23:43:31.293] event0  - QEMU Virtio Keyboard: device is a keyboard
[23:43:31.321] event1  - QEMU Virtio Mouse: is tagged by udev as: Mouse
[23:43:31.322] event1  - QEMU Virtio Mouse: device is a pointer
[23:43:31.585] libinput: configuring device "QEMU Virtio Keyboard".
[23:43:31.587] libinput: configuring device "QEMU Virtio Mouse".
[23:43:31.596] DRM: head 'Virtual-1' found, connector 48 is connected, EDID make 'unknown', model 'unknown', serial ''
               Supported EOTF modes: SDR
               Supported colorimetry modes: default
[23:43:31.601] Registered plugin API 'weston_drm_output_api_v1' of size 40
[23:43:31.601] Registered plugin API 'weston_drm_virtual_output_api_v2' of size 48
[23:43:31.604] Color manager: no-op
                 protocol support: no
[23:43:31.618] Output 'Virtual-1' attempts EOTF mode SDR and colorimetry mode default.
[23:43:31.618] Output 'Virtual-1' using color profile: stock sRGB color profile
[23:43:31.645] DRM: output Virtual-1 uses shadow framebuffer.
[23:43:31.646] Output Virtual-1 (crtc 16) video modes:
               current@60.0, current, 70.6 MHz
[23:43:31.648] associating input device event0 with output Virtual-1 (none by udev)
[23:43:31.648] associating input device event1 with output Virtual-1 (none by udev)
[23:43:31.650] Output 'Virtual-1' enabled with head(s) Virtual-1
[23:43:31.650] Compositor capabilities:
               arbitrary surface rotation: yes
               screen capture uses y-flip: no
               cursor planes: yes
               arbitrary resolutions: no
               view mask clipping: yes
               explicit sync: no
               color operations: no
               presentation clock: CLOCK_MONOTONIC, id 1
               presentation clock resolution: 0.000001000 s
[23:43:31.660] Loading module '/usr/lib/weston/desktop-shell.so'
[23:43:31.686] launching '/usr/libexec/weston-keyboard'
[23:43:31.777] launching '/usr/libexec/weston-desktop-shell'
