Tue Sep 22 11:48:29 UTC 2026 start uptime=
Tue Sep 22 11:48:29 UTC 2026 uname: Linux kylin-x 10.0.0 10.0.0 aarch64 Linux
Tue Sep 22 11:48:29 UTC 2026 ===== 探针 A: /drmpropprobe（属性面编号对照）=====
Tue Sep 22 11:48:30 UTC 2026 drmpropprobe 结果=0 输出=2371 字节（等待 1s）
==== drmpropprobe: KMS 属性面 uapi 编号对照 ====
ioctl 编码自证（十六进制，应分别等于 libdrm 编译期常量）：
  VERSION            = 0xc0406400
  GETRESOURCES       = 0xc04064a0
  GETCONNECTOR       = 0xc05064a7
  OBJ_GETPROPERTIES  = 0xc02064b9
  GETPROPERTY mainln = 0xc04064a8   (nr=0xA8 size=64)
  GETPROPBLOB mainln = 0xc01064aa   (nr=0xAA size=16)
  GETPROPERTY xk-old = 0xc04064aa   (nr=0xAA size=64)
  GETPROPBLOB xk-old = 0xc01064ac   (nr=0xAC size=16)
sizeof: version=64 card_res=64 get_connector=80 obj_get_props=32 get_property=64 get_blob=16

open(/dev/dri/card0, O_RDWR) -> 3 errno=0 (No error information)
[SELF] VERSION -> rc=0 errno=0 (No error information)  driver='simpledrm' 1.0.0

---- A 组：mainline 编号（修复后应 HIT）----
[PROP] A1  GETPROPERTY@0xA8/64B               (mainline 语义)              rc=-1 errno=95 (Not supported) NOT-DISPATCHED(errno=95)
[PROP] A2  GETPROPBLOB@0xAA/16B               (mainline 语义)              rc=-1 errno=95 (Not supported) NOT-DISPATCHED(errno=95)

---- B 组：x-kernel 现用编号（证明处理器存在与否）----
[PROP] B1  GETPROPERTY@0xAA/64B               (xk 现用编号)              rc=-1 errno=2 (No such file or directory) HIT(errno!=95)
[PROP] B2  GETPROPBLOB@0xAC/16B               (xk 现用编号)              rc=-1 errno=2 (No such file or directory) HIT(errno!=95)

---- 链式：GETRESOURCES → GETCONNECTOR → OBJ_GETPROPERTIES → GETPROPERTY ----
[CHAIN] step=1 GETRESOURCES(count)      rc=0 errno=0 (No error information)
[CHAIN]      fbs=0 crtcs=1 conns=1 encs=1
[CHAIN] step=2 GETRESOURCES(ids)        rc=0 errno=0 (No error information)
[CHAIN]      connector_id=48 crtc_id=16
[CHAIN] step=3 GETCONNECTOR             rc=0 errno=0 (No error information)
[CHAIN]      connection=1 encoder_id=32 count_props=0 count_modes=1
[CHAIN] step=4 OBJ_GETPROPERTIES        rc=0 errno=0 (No error information)
[CHAIN]      count_props=1 prop_ids[0..3]=768,0,0,0
[CHAIN] step=5 GETPROPERTY@0xA8(prop_id=768) rc=-1 errno=95 (Not supported) name='' flags=0x0 count_values=8
[CHAIN] step=5b GETPROPERTY@0xAA(prop_id=768) rc=0 errno=0 (No error information) [对照：xk 旧编号]

[PROPSUM] mainline_property=NOT-DISPATCHED mainline_blob=NOT-DISPATCHED xkernel_property=HIT xkernel_blob=HIT chain_max_step=4 verdict=BROKEN
==== drmpropprobe done ====
Tue Sep 22 11:48:31 UTC 2026 ----- 判定行 -----
Tue Sep 22 11:48:31 UTC 2026 ===== 探针 B: /drmdumbprobe（bpp 回归，确认既有结论未变）=====
Tue Sep 22 11:48:32 UTC 2026 drmdumbprobe 结果=0 输出=1152 字节（等待 1s）
==== drmdumbprobe: CREATE_DUMB bpp 接受度 ====
ioctl 编码自证（十六进制，应与 libdrm 编译期常量一致）:
  VERSION     = 0xc0406400
  GETRESOURCES= 0xc04064a0
  CREATE_DUMB = 0xc02064b2
sizeof: version=64 card_res=64 create_dumb=32

open(/dev/dri/card0, O_RDWR) -> 3 errno=0 (No error information)
对照1 VERSION -> rc=0 errno=0 (No error information)  driver='simpledrm' 1.0.0
对照2 GETRESOURCES -> rc=0 errno=0 (No error information)  fbs=0 crtcs=1 conns=1 encs=1

---- CREATE_DUMB 矩阵（尺寸取 Xorg 实测 Virtual-1 模式 1280x800）----
CREATE_DUMB 32bpp (XRGB8888)       1280x800 bpp=32 -> rc=0 errno=0 (No error information)  handle=1 pitch=5120 size=4096000
CREATE_DUMB 24bpp (RGB888 前缓冲) 1280x800 bpp=24 -> rc=-1 errno=22 (Invalid argument)
CREATE_DUMB 16bpp (对照)         1280x800 bpp=16 -> rc=-1 errno=22 (Invalid argument)

---- 边界对照（用于确认 EINVAL 语义一致，非 bpp 专有）----
CREATE_DUMB width=0                0x800 bpp=32 -> rc=-1 errno=22 (Invalid argument)
CREATE_DUMB height=0               1280x0 bpp=32 -> rc=-1 errno=22 (Invalid argument)

==== drmdumbprobe done ====
Tue Sep 22 11:48:32 UTC 2026 ===== 网络体检（决定 Weston 装入路径）=====
[NETSUM] net_ok(apk_update_rc=0, weston_candidates=1)
--- 接口 ---
ifconfig: /proc/net/dev: No such file or directory
ifconfig: ioctl 0x8912 failed: Not a tty
--- 路由 ---
127.0.0.1 dev lo scope host  src 127.0.0.1 
10.0.2.15 dev lo scope host  src 10.0.2.15 
10.0.2.0/24 dev eth0 scope link  src 10.0.2.15 
127.0.0.0/8 dev lo scope host  src 127.0.0.1 
default via 10.0.2.2 dev eth0  src 10.0.2.15 
--- DNS ---
nameserver 10.0.2.3
--- apk 源 ---
http://mirrors.tuna.tsinghua.edu.cn/alpine/v3.22/main
http://mirrors.tuna.tsinghua.edu.cn/alpine/v3.22/community
--- 网关 ping (10.0.2.2) ---

--- 10.0.2.2 ping statistics ---
2 packets transmitted, 2 packets received, 0% packet loss
round-trip min/avg/max = 2.655/21.677/40.699 ms
--- DNS 解析 (dl-cdn / tuna) ---
Server:		10.0.2.3
Address:	10.0.2.3:53

Non-authoritative answer:
mirrors.tuna.tsinghua.edu.cn	canonical name = bfdmirrors.s.tuna.tsinghua.edu.cn
Name:	bfdmirrors.s.tuna.tsinghua.edu.cn
Address: 101.6.15.130

--- HTTP 探测（tuna mirror 根）---
wget_main_rc=0
wget_community_rc=0
--- apk update（120s 上限）---
fetch http://mirrors.tuna.tsinghua.edu.cn/alpine/v3.22/main/aarch64/APKINDEX.tar.gz
fetch http://mirrors.tuna.tsinghua.edu.cn/alpine/v3.22/community/aarch64/APKINDEX.tar.gz
v3.22.6-2-gae7e358ab5f [http://mirrors.tuna.tsinghua.edu.cn/alpine/v3.22/main]
v3.22.5-142-g17748e49b18 [http://mirrors.tuna.tsinghua.edu.cn/alpine/v3.22/community]
OK: 26178 distinct packages available
apk_update_rc=0
--- 关键包能否解析（不安装，只看索引）---
weston-14.0.2-r1
apk_search_rc=0
Tue Sep 22 11:49:01 UTC 2026 ===== 汇总（判定行）=====
Tue Sep 22 11:52:34 UTC 2026 autorun_prop done
