Tue Sep 22 04:41:05 UTC 2026 [t0] pid=188 st=S type=(browser/none)
Tue Sep 22 04:41:12 UTC 2026 [t5] pid=188 st=S type=(browser/none)
Tue Sep 22 04:41:12 UTC 2026 [t5] pid=200 st=S type=crashpad-handler
Tue Sep 22 04:41:12 UTC 2026 [t5] pid=202 st=S type=crashpad-handler
Tue Sep 22 04:41:12 UTC 2026 [t5] pid=203 st=R type=crashpad-handler
Tue Sep 22 04:41:19 UTC 2026 [t10] pid=188 st=S type=(browser/none)
Tue Sep 22 04:41:19 UTC 2026 [t10] pid=200 st=S type=crashpad-handler
Tue Sep 22 04:41:19 UTC 2026 [t10] pid=203 st=S type=crashpad-handler
Tue Sep 22 04:41:19 UTC 2026 [t10] pid=208 st=R type=zygote
Tue Sep 22 04:41:28 UTC 2026 [t15] pid=188 st=R type=(browser/none)
Tue Sep 22 04:41:28 UTC 2026 [t15] pid=200 st=S type=crashpad-handler
Tue Sep 22 04:41:28 UTC 2026 [t15] pid=203 st=S type=crashpad-handler
Tue Sep 22 04:41:35 UTC 2026 [t20] pid=188 st=R type=(browser/none)
Tue Sep 22 04:41:35 UTC 2026 [t20] pid=200 st=S type=crashpad-handler
Tue Sep 22 04:41:35 UTC 2026 [t20] pid=203 st=S type=crashpad-handler
Tue Sep 22 04:41:43 UTC 2026 [t25] pid=188 st=R type=(browser/none)
Tue Sep 22 04:41:43 UTC 2026 [t25] pid=200 st=S type=crashpad-handler
Tue Sep 22 04:41:43 UTC 2026 [t25] pid=203 st=S type=crashpad-handler
Tue Sep 22 04:41:43 UTC 2026 [t25] pid=259 st=R type=utility
Tue Sep 22 04:41:51 UTC 2026 [t30] pid=188 st=R type=(browser/none)
Tue Sep 22 04:41:51 UTC 2026 [t30] pid=200 st=S type=crashpad-handler
Tue Sep 22 04:41:51 UTC 2026 [t30] pid=203 st=S type=crashpad-handler
Tue Sep 22 04:41:51 UTC 2026 [t30] pid=259 st=S type=utility
Tue Sep 22 04:41:59 UTC 2026 [t35] pid=188 st=R type=(browser/none)
Tue Sep 22 04:41:59 UTC 2026 [t35] pid=200 st=S type=crashpad-handler
Tue Sep 22 04:41:59 UTC 2026 [t35] pid=203 st=S type=crashpad-handler
Tue Sep 22 04:41:59 UTC 2026 [t35] pid=259 st=S type=utility
Tue Sep 22 04:42:07 UTC 2026 [t40] pid=188 st=R type=(browser/none)
Tue Sep 22 04:42:07 UTC 2026 [t40] pid=200 st=S type=crashpad-handler
Tue Sep 22 04:42:07 UTC 2026 [t40] pid=203 st=S type=crashpad-handler
Tue Sep 22 04:42:07 UTC 2026 [t40] pid=259 st=S type=utility
Tue Sep 22 04:42:16 UTC 2026 [t45] pid=188 st=S type=(browser/none)
Tue Sep 22 04:42:16 UTC 2026 [t45] pid=200 st=S type=crashpad-handler
Tue Sep 22 04:42:16 UTC 2026 [t45] pid=203 st=S type=crashpad-handler
Tue Sep 22 04:42:16 UTC 2026 [t45] pid=259 st=S type=utility
