Date: 2026-09-22 UTC
[14:38:13.742] weston 14.0.2
               https://wayland.freedesktop.org
               Bug reports to: https://gitlab.freedesktop.org/wayland/weston/issues/
               Build: 14.0.2
[14:38:13.746] Command line: weston --backend=drm-backend.so --renderer=pixman --drm-device=card0 --seat=seat0 --continue-without-input --idle-time=0 --debug --log=/root/weston9-weston.log
[14:38:13.746] OS: Linux, 10.0.0, 10.0.0, aarch64
[14:38:13.746] Flight recorder: enabled
[14:38:13.761] Starting with no config file.
[14:38:13.787] Output repaint window is 7 ms maximum.
[14:38:13.795] Loading module '/usr/lib/libweston-14/drm-backend.so'
[14:38:13.888] initializing drm backend
[14:38:13.891] Trying libseat launcher...
[14:38:13.912] [libseat/libseat.c:62] Seat opened with backend 'seatd'
[14:38:13.913] [libseat/backend/seatd.c:212] Enabling seat
[14:38:13.914] libseat: session control granted
[14:38:13.936] using /dev/dri/card0
[14:38:13.940] DRM: does not support atomic modesetting
[14:38:13.940] DRM: supports GBM modifiers
[14:38:13.940] DRM: does not support Atomic async page flip
[14:38:13.940] DRM: supports picture aspect ratio
[14:38:13.947] Using Pixman renderer
[14:38:14.156] warning: no input devices found, but none required as per configuration.
[14:38:14.163] DRM: head 'Virtual-1' found, connector 48 is connected, EDID make 'unknown', model 'unknown', serial ''
               Supported EOTF modes: SDR
               Supported colorimetry modes: default
[14:38:14.167] Registered plugin API 'weston_drm_output_api_v1' of size 40
[14:38:14.167] Registered plugin API 'weston_drm_virtual_output_api_v2' of size 48
[14:38:14.169] Color manager: no-op
                 protocol support: no
[14:38:14.185] Output 'Virtual-1' attempts EOTF mode SDR and colorimetry mode default.
[14:38:14.186] Output 'Virtual-1' using color profile: stock sRGB color profile
[14:38:14.187] Failed to find primary plane for output Virtual-1
[14:38:14.188] Enabling output "Virtual-1" failed.
[14:38:14.191] Error: cannot enable output 'Virtual-1' without heads.
