[63:63:0921/084231.746707:VERBOSE1:chrome/app/chrome_crash_reporter_client.cc:199] GetCollectStatsConsent(): is_official_chrome_build is false so returning false
[63:63:0921/084234.732255:VERBOSE1:chrome/app/chrome_crash_reporter_client.cc:199] GetCollectStatsConsent(): is_official_chrome_build is false so returning false
[63:63:0921/084234.805765:ERROR:ui/ozone/platform/wayland/common/drm_render_node_path_finder.cc:45] drmGetDevices2() has not found any devices: No such file or directory (2)
[91:91:0921/084242.187331:ERROR:base/files/file_path_watcher_inotify.cc:922] Failed to read /proc/sys/fs/inotify/max_user_watches
[91:91:0921/084242.209781:INFO:third_party/webrtc/rtc_base/cpu_info.cc:77] Available number of cores: 4
[91:91:0921/084242.233885:ERROR:content/app/content_main_runner_impl.cc:414] Failed to initialize cpuinfo
[91:91:0921/084242.315954:VERBOSE1:content/zygote/zygote_main_linux.cc:202] ZygoteMain: initializing 0 fork delegates
[90:90:0921/084242.436457:ERROR:base/files/file_path_watcher_inotify.cc:922] Failed to read /proc/sys/fs/inotify/max_user_watches
[90:90:0921/084242.460169:INFO:third_party/webrtc/rtc_base/cpu_info.cc:77] Available number of cores: 4
[90:90:0921/084242.477441:ERROR:content/app/content_main_runner_impl.cc:414] Failed to initialize cpuinfo
[90:90:0921/084242.539205:VERBOSE1:content/zygote/zygote_main_linux.cc:202] ZygoteMain: initializing 0 fork delegates
[63:63:0921/084246.643697:VERBOSE1:components/policy/core/common/config_dir_policy_loader.cc:120] Skipping mandatory platform policies because no policy file was found at: /etc/chromium/policies/managed
[63:63:0921/084246.646869:VERBOSE1:components/policy/core/common/config_dir_policy_loader.cc:120] Skipping recommended platform policies because no policy file was found at: /etc/chromium/policies/recommended
[63:63:0921/084247.223952:VERBOSE1:components/variations/service/variations_field_trial_creator.cc:77] VariationsSeedUsage:2
[63:63:0921/084247.256829:VERBOSE1:components/variations/service/variations_field_trial_creator.cc:374] VariationsSetupComplete
[63:113:0921/084247.801366:VERBOSE1:base/files/file_util_posix.cc:309] Cannot stat "/tmp/chromium-baseline/VariationsSeedV2": No such file or directory (2)
[63:114:0921/084247.828765:ERROR:base/files/file_path_watcher_inotify.cc:338] inotify_init() failed: Function not implemented (38)
[63:113:0921/084247.834925:VERBOSE1:base/files/file_util_posix.cc:309] Cannot stat "/tmp/chromium-baseline/VariationsSeedV2": No such file or directory (2)
[63:115:0921/084247.926527:ERROR:dbus/bus.cc:405] Failed to connect to the bus: Failed to connect to socket /run/dbus/system_bus_socket: No such file or directory
[63:63:0921/084248.317867:WARNING:ui/ozone/platform/wayland/ozone_platform_wayland.cc:278] Failed to initialize drm render node handle.
[63:63:0921/084248.398585:WARNING:ui/ozone/platform/wayland/common/wayland_object.cc:119] Binding to wl_shm version 1 but version 2 is available.
[63:63:0921/084248.414816:WARNING:ui/ozone/platform/wayland/host/wayland_connection.cc:273] No wl_seat object. The functionality may suffer.
[63:63:0921/084250.611279:ERROR:content/browser/browser_main_loop.cc:274] Gdk: gdk_seat_get_keyboard: assertion 'GDK_IS_SEAT (seat)' failed
[63:63:0921/084254.215363:VERBOSE1:chrome/browser/media/webrtc/webrtc_event_log_manager.cc:126] WebRTC remote-bound event logging enabled.
[63:63:0921/084254.428285:VERBOSE1:components/proxy_config/pref_proxy_config_tracker_impl.cc:462] 0x1c0008d040: set chrome proxy config service to 0x1c0018d500
[63:63:0921/084254.482878:VERBOSE1:google_apis/api_key_cache.cc:120] Using default value "497550622367-ubtkmd3b2pp5gulba5n6ha6sq4n35ehj.apps.googleusercontent.com" for API key GOOGLE_CLIENT_ID_MAIN
[63:63:0921/084254.484664:VERBOSE1:google_apis/api_key_cache.cc:120] Using default value "NaCX8tIIAphrjs56n3TpHx_e" for API key GOOGLE_CLIENT_SECRET_MAIN
[63:63:0921/084254.486085:VERBOSE1:google_apis/api_key_cache.cc:120] Using default value "497550622367-ubtkmd3b2pp5gulba5n6ha6sq4n35ehj.apps.googleusercontent.com" for API key GOOGLE_CLIENT_ID_REMOTING
[63:63:0921/084254.487249:VERBOSE1:google_apis/api_key_cache.cc:120] Using default value "NaCX8tIIAphrjs56n3TpHx_e" for API key GOOGLE_CLIENT_SECRET_REMOTING
[63:63:0921/084254.487575:VERBOSE1:google_apis/api_key_cache.cc:120] Using default value "497550622367-ubtkmd3b2pp5gulba5n6ha6sq4n35ehj.apps.googleusercontent.com" for API key GOOGLE_CLIENT_ID_REMOTING_HOST
[63:63:0921/084254.488982:VERBOSE1:google_apis/api_key_cache.cc:120] Using default value "NaCX8tIIAphrjs56n3TpHx_e" for API key GOOGLE_CLIENT_SECRET_REMOTING_HOST
[63:63:0921/084254.696648:VERBOSE1:components/device_event_log/device_event_log_impl.cc:203] [08:42:54.695] Display: EVENT: wayland_screen.cc:146 Displays updated, count: 1
[63:63:0921/084255.191252:VERBOSE1:components/device_event_log/device_event_log_impl.cc:203] [08:42:55.191] Display: EVENT: wayland_screen.cc:149 Display[14] bounds=[0,0 1280x800], workarea=[0,0 1280x800], scale=1, rotation=0, panel_rotation=0 external detected
[63:115:0921/084255.376071:ERROR:dbus/bus.cc:405] Failed to connect to the bus: Could not parse server address: Unknown address type (examples of valid types are "tcp" and on UNIX "unix")
[63:115:0921/084255.383424:ERROR:dbus/bus.cc:405] Failed to connect to the bus: Failed to connect to socket /run/dbus/system_bus_socket: No such file or directory
[63:115:0921/084255.393130:ERROR:dbus/bus.cc:405] Failed to connect to the bus: Failed to connect to socket /run/dbus/system_bus_socket: No such file or directory
[63:115:0921/084255.394118:ERROR:dbus/bus.cc:405] Failed to connect to the bus: Could not parse server address: Unknown address type (examples of valid types are "tcp" and on UNIX "unix")
[63:141:0921/084255.501380:VERBOSE1:base/files/file_util_posix.cc:309] Cannot stat "/tmp/chromium-baseline/component_crx_cache/metadata.json": No such file or directory (2)
[63:147:0921/084256.205092:WARNING:ui/ozone/platform/wayland/ozone_platform_wayland.cc:331] Failed to find drm render node path.
[63:147:0921/084256.213111:WARNING:ui/ozone/platform/wayland/gpu/wayland_buffer_manager_gpu.cc:456] Failed to initialize drm render node handle.
[63:147:0921/084256.692067:WARNING:media/gpu/vaapi/vaapi_wrapper.cc:1643] drmGetDevices2() has not found any devices
[63:147:0921/084256.708353:VERBOSE1:media/gpu/vaapi/vaapi_wrapper.cc:1710] GetHandle(): Either VADisplayStateSingleton::PreSandboxInitialization() hasn't been called or that method failed to find a suitable render node
[63:147:0921/084256.824156:VERBOSE1:components/viz/service/main/viz_main_impl.cc:87] VizNullHypothesis is disabled (not a warning)
[63:115:0921/084256.834064:ERROR:dbus/bus.cc:405] Failed to connect to the bus: Could not parse server address: Unknown address type (examples of valid types are "tcp" and on UNIX "unix")
[63:113:0921/084256.877535:VERBOSE1:base/files/file_util_posix.cc:309] Cannot stat "/tmp/chromium-baseline/Consent To Send Stats": No such file or directory (2)
[63:63:0921/084257.829256:VERBOSE1:components/enterprise/browser/controller/chrome_browser_cloud_management_controller.cc:204] Cloud management controller initialization aborted as CBCM is not enabled. Please use the `--enable-chrome-browser-cloud-management` command line flag to enable it if you are not using the official Google Chrome build.
[63:63:0921/084259.044147:VERBOSE1:components/policy/core/common/cloud/user_cloud_policy_store.cc:130] [policy_type=google/chrome/user] Initiating immediate policy load from disk
[63:63:0921/084259.060368:VERBOSE1:components/policy/core/common/cloud/user_cloud_policy_store.cc:233] [policy_type=google/chrome/user] No policy found on disk
[63:63:0921/084259.061367:VERBOSE1:components/policy/core/common/cloud/user_cloud_policy_store.cc:130] [policy_type=google/extension-install-cloud-policy/chrome/user] Initiating immediate policy load from disk
[63:63:0921/084259.062998:VERBOSE1:components/policy/core/common/cloud/user_cloud_policy_store.cc:233] [policy_type=google/extension-install-cloud-policy/chrome/user] No policy found on disk
[63:113:0921/084301.619646:VERBOSE1:base/files/file_util_posix.cc:309] Cannot stat "/tmp/chromium-baseline/Default/Web Applications/Logs": No such file or directory (2)
[63:115:0921/084301.869648:ERROR:dbus/bus.cc:405] Failed to connect to the bus: Could not parse server address: Unknown address type (examples of valid types are "tcp" and on UNIX "unix")
[63:63:0921/084302.321553:VERBOSE1:components/proxy_config/pref_proxy_config_tracker_impl.cc:462] 0x1c00090780: set chrome proxy config service to 0x1c0018ff00
[63:63:0921/084302.526664:VERBOSE1:components/signin/internal/identity_manager/mutable_profile_oauth2_token_service_delegate.cc:353] MutablePO2TS::MutablePO2TS
[63:113:0921/084303.365091:VERBOSE1:base/files/file_util_posix.cc:309] Cannot stat "/tmp/chromium-baseline/Default/Code Cache/pc": No such file or directory (2)
[63:113:0921/084303.434455:VERBOSE1:net/disk_cache/simple/simple_index_file.cc:625] Simple Cache Index is being restored from disk.
[63:114:0921/084303.440329:VERBOSE1:net/disk_cache/simple/simple_index_file.cc:625] Simple Cache Index is being restored from disk.
[63:114:0921/084303.443166:VERBOSE1:base/files/file_util_posix.cc:309] Cannot stat "/tmp/chromium-baseline/Default/Code Cache/wasm/index-dir/the-real-index": No such file or directory (2)
[63:113:0921/084303.447291:VERBOSE1:base/files/file_util_posix.cc:309] Cannot stat "/tmp/chromium-baseline/Default/Code Cache/js/index-dir/the-real-index": No such file or directory (2)
[63:63:0921/084304.424292:VERBOSE1:components/proxy_config/pref_proxy_config_tracker_impl.cc:462] 0x1c00091480: set chrome proxy config service to 0x1c0018f9c0
[63:63:0921/084304.770740:VERBOSE1:chrome/browser/permissions/prediction_service/prediction_model_handler_provider_factory.cc:61] [PermissionsAI]: PredictionModelHandlerProviderFactory::BuildServiceInstanceForBrowserContext
[63:63:0921/084304.771562:VERBOSE1:chrome/browser/permissions/prediction_service/prediction_model_handler_provider_factory.cc:98] [PermissionsAI]: PredictionModelHandlerProviderFactory::BuildServiceInstanceForBrowserContext PermissionsAIv4 not enabled, passage embedder not setup.
[63:63:0921/084304.775892:VERBOSE1:chrome/browser/permissions/prediction_service/prediction_model_handler_provider.cc:55] [PermissionsAI] PredictionModelHandlerProvider ctor passage_embedder available: false
[63:63:0921/084304.776592:VERBOSE1:chrome/browser/permissions/prediction_service/prediction_model_handler_provider.cc:58] [PermissionsAI] PredictionModelHandlerProvider ctor optimization_guide available: true
[63:63:0921/084305.585179:VERBOSE1:components/signin/internal/identity_manager/mutable_profile_oauth2_token_service_delegate.cc:443] MutablePO2TS::RefreshTokenIsAvailable
[63:63:0921/084306.791091:VERBOSE1:components/signin/internal/identity_manager/mutable_profile_oauth2_token_service_delegate.cc:443] MutablePO2TS::RefreshTokenIsAvailable
[63:63:0921/084308.053567:VERBOSE1:extensions/browser/extension_registrar.cc:547] AddComponentExtension Web Store
[63:63:0921/084308.054333:VERBOSE1:extensions/browser/extension_registrar.cc:549] Component extension Web Store (ahfgeienlihckogmohjhadlkjgocpleb) installing/upgrading from '' to 0.2
[63:63:0921/084308.359741:VERBOSE1:extensions/browser/extension_registrar.cc:547] AddComponentExtension Chromium PDF Viewer
[63:63:0921/084308.360105:VERBOSE1:extensions/browser/extension_registrar.cc:549] Component extension Chromium PDF Viewer (mhjfbmdgcfjbbpaeojofohoefgiehjai) installing/upgrading from '' to 1
[63:63:0921/084308.384599:VERBOSE1:extensions/browser/extension_registrar.cc:547] AddComponentExtension Google Hangouts
[63:63:0921/084308.385113:VERBOSE1:extensions/browser/extension_registrar.cc:549] Component extension Google Hangouts (nkeimhogjdpnpccoofpliimaahmaaome) installing/upgrading from '' to 1.3.26
[63:63:0921/084308.428688:VERBOSE1:components/signin/internal/identity_manager/mutable_profile_oauth2_token_service_delegate.cc:443] MutablePO2TS::RefreshTokenIsAvailable
[63:63:0921/084308.429351:VERBOSE1:components/signin/internal/identity_manager/mutable_profile_oauth2_token_service_delegate.cc:443] MutablePO2TS::RefreshTokenIsAvailable
[63:63:0921/084308.441003:VERBOSE1:components/signin/core/browser/account_reconcilor.cc:150] AccountReconcilor::AccountReconcilor
[63:63:0921/084308.443319:VERBOSE1:components/signin/core/browser/account_reconcilor.cc:180] AccountReconcilor::Initialize
[63:63:0921/084308.443900:VERBOSE1:components/signin/core/browser/account_reconcilor.cc:231] AccountReconcilor::RegisterWithContentSettings
[63:63:0921/084308.444252:VERBOSE1:components/signin/core/browser/account_reconcilor.cc:254] AccountReconcilor::RegisterWithIdentityManager
[63:115:0921/084308.656867:ERROR:dbus/bus.cc:405] Failed to connect to the bus: Could not parse server address: Unknown address type (examples of valid types are "tcp" and on UNIX "unix")
[63:113:0921/084308.742156:VERBOSE1:base/files/file_util_posix.cc:309] Cannot stat "/tmp/chromium-baseline/Default/Policy/User Policy": No such file or directory (2)
[63:113:0921/084308.743743:VERBOSE1:base/files/file_util_posix.cc:309] Cannot stat "/tmp/chromium-baseline/Default/Policy/Signing Key": No such file or directory (2)
[63:113:0921/084308.744779:VERBOSE1:base/files/file_util_posix.cc:309] Cannot stat "/tmp/chromium-baseline/Default/Policy/User Extension Install Policy": No such file or directory (2)
[63:113:0921/084308.745984:VERBOSE1:base/files/file_util_posix.cc:309] Cannot stat "/tmp/chromium-baseline/Default/Policy/User Extension Install Signing Key": No such file or directory (2)
[63:63:0921/084308.936960:VERBOSE1:chrome/browser/profiles/profile_manager.cc:1408] AddKeepAlive(Default, kBrowserWindow). keep_alives=[kWaitingForFirstBrowserWindow (1), kBrowserWindow (1)]
[63:63:0921/084308.941853:VERBOSE1:chrome/browser/profiles/profile_manager.cc:1490] ClearFirstBrowserWindowKeepAlive(Default). keep_alives=[kBrowserWindow (1)]

(chromium:63): GLib-GIO-CRITICAL **: 08:43:09.354: g_settings_schema_source_lookup: assertion 'source != NULL' failed
[63:63:0921/084311.032054:WARNING:ui/ozone/platform/wayland/host/wayland_surface.cc:170] Server doesn't support zcr_alpha_compositing_v1.
[63:63:0921/084311.032497:WARNING:ui/ozone/platform/wayland/host/wayland_surface.cc:185] Server doesn't support overlay_prioritizer.
[63:63:0921/084311.032767:WARNING:ui/ozone/platform/wayland/host/wayland_surface.cc:200] Server doesn't support wp_content_type_v1
[63:63:0921/084311.034514:WARNING:ui/ozone/platform/wayland/host/wayland_surface.cc:214] Server doesn't support wp_color_management_surface_v1.
[63:63:0921/084311.311917:WARNING:ui/ozone/platform/wayland/host/wayland_connection.cc:408] text-input-v3 not available.
[63:63:0921/084313.248425:VERBOSE1:chrome/browser/ui/views/omnibox/omnibox_popup_closer.cc:65] Closing omnibox popup with reason: kRevertAll
[63:63:0921/084314.676723:VERBOSE1:google_apis/gaia/gaia_auth_util.cc:53] Canonicalized @gmail.com to @gmail.com
[63:63:0921/084314.677767:VERBOSE1:google_apis/gaia/gaia_auth_util.cc:53] Canonicalized @gmail.com to @gmail.com
[63:63:0921/084316.386442:VERBOSE1:chrome/browser/enterprise/data_protection/data_protection_navigation_observer.cc:227] enterprise.data_protection: same document navigation: 0
[63:63:0921/084316.388757:VERBOSE1:chrome/browser/enterprise/data_protection/data_protection_navigation_observer.cc:229] enterprise.data_protection: URL to scan: file:///usr/share/html-test/index.html
[63:63:0921/084317.022576:VERBOSE1:components/signin/internal/identity_manager/mutable_profile_oauth2_token_service_delegate.cc:443] MutablePO2TS::RefreshTokenIsAvailable
[63:63:0921/084317.860298:VERBOSE1:chrome/browser/ui/views/omnibox/omnibox_popup_closer.cc:65] Closing omnibox popup with reason: kRevertAll
[63:63:0921/084318.147226:VERBOSE1:components/signin/internal/identity_manager/mutable_profile_oauth2_token_service_delegate.cc:443] MutablePO2TS::RefreshTokenIsAvailable
[63:63:0921/084318.706773:ERROR:dbus/object_proxy.cc:572] Failed to call method: org.freedesktop.DBus.NameHasOwner: object_path= /org/freedesktop/DBus: unknown error type: 
[63:115:0921/084318.710988:ERROR:dbus/bus.cc:405] Failed to connect to the bus: Could not parse server address: Unknown address type (examples of valid types are "tcp" and on UNIX "unix")
[63:63:0921/084318.714755:WARNING:device/bluetooth/dbus/bluez_dbus_manager.cc:209] Floss manager service not available, cannot set Floss enable/disable.
[63:63:0921/084318.718577:ERROR:dbus/object_proxy.cc:572] Failed to call method: org.freedesktop.DBus.NameHasOwner: object_path= /org/freedesktop/DBus: unknown error type: 
[63:63:0921/084318.720220:VERBOSE1:ui/base/idle/idle_linux.cc:130] org.freedesktop.ScreenSaver D-Bus service does not exist
[63:115:0921/084318.724005:ERROR:dbus/bus.cc:405] Failed to connect to the bus: Could not parse server address: Unknown address type (examples of valid types are "tcp" and on UNIX "unix")
[63:63:0921/084318.751802:ERROR:dbus/object_proxy.cc:572] Failed to call method: org.freedesktop.DBus.NameHasOwner: object_path= /org/freedesktop/DBus: unknown error type: 
[63:63:0921/084319.172130:ERROR:dbus/object_proxy.cc:572] Failed to call method: org.freedesktop.DBus.NameHasOwner: object_path= /org/freedesktop/DBus: unknown error type: 
[152:175:0921/084319.985788:VERBOSE1:net/base/network_delegate.cc:38] NetworkDelegate::NotifyBeforeURLRequest: http://clients2.google.com/time/1/current?cup2key=10:U1I_7E6lWVwM_vioy2CoFlhAfSlWR3YxHsNcx65zhCM&cup2hreq=e3b0c44298fc1c149afbf4c8996fb92427ae41e4649b934ca495991b7852b855
[63:63:0921/084320.030062:VERBOSE1:components/signin/internal/identity_manager/mutable_profile_oauth2_token_service_delegate.cc:443] MutablePO2TS::RefreshTokenIsAvailable
[63:63:0921/084320.117740:ERROR:dbus/object_proxy.cc:572] Failed to call method: org.freedesktop.DBus.NameHasOwner: object_path= /org/freedesktop/DBus: unknown error type: 
[63:63:0921/084320.120322:WARNING:ui/ozone/platform/wayland/host/org_gnome_mutter_idle_monitor.cc:87] org.gnome.Mutter.IdleMonitor D-Bus service does not exist
[63:113:0921/084320.801237:VERBOSE1:content/browser/loader/file_url_loader_factory.cc:474] FileURLLoader::Start: file:///usr/share/html-test/index.html
[63:115:0921/084320.982774:ERROR:dbus/bus.cc:405] Failed to connect to the bus: Failed to connect to socket /run/dbus/system_bus_socket: No such file or directory
[63:115:0921/084320.985770:ERROR:dbus/bus.cc:405] Failed to connect to the bus: Failed to connect to socket /run/dbus/system_bus_socket: No such file or directory
[152:174:0921/084321.045474:VERBOSE1:net/disk_cache/simple/simple_index_file.cc:625] Simple Cache Index is being restored from disk.
[152:174:0921/084321.053316:VERBOSE1:base/files/file_util_posix.cc:309] Cannot stat "/tmp/chromium-baseline/Default/Shared Dictionary/cache/index-dir/the-real-index": No such file or directory (2)
[152:175:0921/084321.148631:VERBOSE1:net/base/network_delegate.cc:38] NetworkDelegate::NotifyBeforeURLRequest: https://www.google.com/async/folae?async=_fmt:pb&udm=50&client_locale=en-US
[63:63:0921/084321.288889:ERROR:dbus/object_proxy.cc:572] Failed to call method: org.freedesktop.DBus.NameHasOwner: object_path= /org/freedesktop/DBus: unknown error type: 
[63:63:0921/084321.364290:ERROR:dbus/object_proxy.cc:572] Failed to call method: org.freedesktop.DBus.NameHasOwner: object_path= /org/freedesktop/DBus: unknown error type: 
[63:63:0921/084321.364775:VERBOSE1:ui/base/idle/idle_linux.cc:130] org.cinnamon.ScreenSaver D-Bus service does not exist
[63:115:0921/084321.377524:ERROR:dbus/bus.cc:405] Failed to connect to the bus: Could not parse server address: Unknown address type (examples of valid types are "tcp" and on UNIX "unix")
[152:175:0921/084321.411733:VERBOSE1:net/base/network_delegate.cc:38] NetworkDelegate::NotifyBeforeURLRequest: https://optimizationguide-pa.googleapis.com/v1:GetModels?key=AIzaSyCRI4EGpDu_AAHI8E2yenjVhWQdp4G8igc
[63:63:0921/084322.335905:WARNING:dbus/property.cc:94] Failed to connect to PropertiesChangedsignal.
[63:63:0921/084322.336851:ERROR:dbus/object_proxy.cc:572] Failed to call method: org.freedesktop.DBus.Properties.GetAll: object_path= /org/freedesktop/UPower/devices/DisplayDevice: unknown error type: 
[63:63:0921/084322.337312:WARNING:dbus/property.cc:174] GetAll request failed for: org.freedesktop.UPower.Device
[63:63:0921/084322.408144:ERROR:dbus/object_proxy.cc:572] Failed to call method: org.freedesktop.DBus.NameHasOwner: object_path= /org/freedesktop/DBus: unknown error type: 
[63:63:0921/084322.408726:VERBOSE1:ui/base/idle/idle_linux.cc:130] org.gnome.ScreenSaver D-Bus service does not exist
[63:115:0921/084322.412716:ERROR:dbus/bus.cc:405] Failed to connect to the bus: Could not parse server address: Unknown address type (examples of valid types are "tcp" and on UNIX "unix")
[63:113:0921/084322.417529:VERBOSE1:components/signin/public/webdata/token_service_table.cc:259] Loaded tokens: result = 3 ; number of tokens loaded = 0
[152:174:0921/084322.648003:VERBOSE1:net/disk_cache/simple/simple_index_file.cc:625] Simple Cache Index is being restored from disk.
[152:174:0921/084322.649377:VERBOSE1:base/files/file_util_posix.cc:309] Cannot stat "/tmp/chromium-baseline/Default/Cache/Cache_Data/index-dir/the-real-index": No such file or directory (2)
[152:176:0921/084322.719958:VERBOSE1:base/files/file_util_posix.cc:309] Cannot stat "/tmp/chromium-baseline/Default/Cache/No_Vary_Search/snapshot-new.baf": No such file or directory (2)
[152:176:0921/084322.736122:VERBOSE1:base/files/file_util_posix.cc:309] Cannot stat "/tmp/chromium-baseline/Default/Cache/No_Vary_Search/journal.baj": No such file or directory (2)
[152:176:0921/084322.766776:VERBOSE1:base/files/file_util_posix.cc:309] Cannot stat "/tmp/chromium-baseline/Default/Cache/Cache_Data/cfc3e0bad1972083_0": No such file or directory (2)
[152:176:0921/084322.769631:VERBOSE1:base/files/file_util_posix.cc:309] Cannot stat "/tmp/chromium-baseline/Default/Cache/Cache_Data/cfc3e0bad1972083_1": No such file or directory (2)
[152:176:0921/084322.772512:VERBOSE1:base/files/file_util_posix.cc:309] Cannot stat "/tmp/chromium-baseline/Default/Cache/Cache_Data/cfc3e0bad1972083_s": No such file or directory (2)
[63:63:0921/084322.881822:VERBOSE1:components/signin/internal/identity_manager/mutable_profile_oauth2_token_service_delegate.cc:443] MutablePO2TS::RefreshTokenIsAvailable
[63:113:0921/084323.244828:VERBOSE1:base/files/file_util_posix.cc:309] Cannot stat "/tmp/chromium-baseline/Default/Web Applications/Logs": No such file or directory (2)
[63:63:0921/084323.253813:VERBOSE1:chrome/browser/web_applications/locks/partitioned_lock_manager.cc:262] Acquiring <PartitionedLockId>{id: 0x31, partition: 0} for Start@chrome/browser/web_applications/generated_icon_fix_manager.cc:61
[63:63:0921/084323.259652:VERBOSE1:chrome/browser/web_applications/locks/partitioned_lock_manager.cc:243] All locks acquired for Start@chrome/browser/web_applications/generated_icon_fix_manager.cc:61
[63:63:0921/084323.485682:VERBOSE1:components/segmentation_platform/internal/signals/signal_filter_processor.cc:61] Segmentation platform started observing Session.TotalDuration
[63:63:0921/084323.486947:VERBOSE1:components/segmentation_platform/internal/signals/signal_filter_processor.cc:61] Segmentation platform started observing Commerce.PriceDrops.ActiveTabNavigationComplete.IsProductDetailPage
[63:63:0921/084323.487923:VERBOSE1:components/segmentation_platform/internal/signals/signal_filter_processor.cc:54] Segmentation platform started observing Autofill_PolledCreditCardSuggestions
[63:63:0921/084323.488197:VERBOSE1:components/segmentation_platform/internal/signals/signal_filter_processor.cc:61] Segmentation platform started observing IOS.ParcelTracking.Tracked.AutoTrack
[63:63:0921/084323.488436:VERBOSE1:components/segmentation_platform/internal/signals/signal_filter_processor.cc:61] Segmentation platform started observing Omnibox.SuggestionUsed.ClientSummarizedResultType
[63:63:0921/084323.494380:VERBOSE1:components/segmentation_platform/internal/signals/signal_filter_processor.cc:54] Segmentation platform started observing MetadataWriter
[63:63:0921/084323.494965:VERBOSE1:components/segmentation_platform/internal/signals/signal_filter_processor.cc:61] Segmentation platform started observing Sync.DeviceCount2
[63:63:0921/084323.495189:VERBOSE1:components/segmentation_platform/internal/signals/signal_filter_processor.cc:61] Segmentation platform started observing Sync.DeviceCount2.Phone
[63:63:0921/084323.495557:VERBOSE1:components/segmentation_platform/internal/signals/signal_filter_processor.cc:61] Segmentation platform started observing Sync.DeviceCount2.Desktop
[63:63:0921/084323.495747:VERBOSE1:components/segmentation_platform/internal/signals/signal_filter_processor.cc:61] Segmentation platform started observing Sync.DeviceCount2.Tablet
[63:63:0921/084323.495976:VERBOSE1:components/segmentation_platform/internal/signals/signal_filter_processor.cc:54] Segmentation platform started observing MobileBookmarkManagerOpen
[63:63:0921/084323.496159:VERBOSE1:components/segmentation_platform/internal/signals/signal_filter_processor.cc:54] Segmentation platform started observing NewTabPage.MostVisited.Clicked
[63:63:0921/084323.496357:VERBOSE1:components/segmentation_platform/internal/signals/signal_filter_processor.cc:54] Segmentation platform started observing TabGroup.Created.OpenInNewTab
[63:63:0921/084323.496548:VERBOSE1:components/segmentation_platform/internal/signals/signal_filter_processor.cc:54] Segmentation platform started observing Android.HistoryPage.OpenItem
[63:63:0921/084323.496725:VERBOSE1:components/segmentation_platform/internal/signals/signal_filter_processor.cc:54] Segmentation platform started observing MobileMenuRecentTabs
[63:63:0921/084323.496909:VERBOSE1:components/segmentation_platform/internal/signals/signal_filter_processor.cc:61] Segmentation platform started observing PasswordManager.ManagePasswordsReferrer
[63:63:0921/084323.497119:VERBOSE1:components/segmentation_platform/internal/signals/signal_filter_processor.cc:61] Segmentation platform started observing PasswordManager.ProfileStore.TotalAccountsHiRes3.WithScheme.Https
[63:63:0921/084323.497332:VERBOSE1:components/segmentation_platform/internal/signals/signal_filter_processor.cc:61] Segmentation platform started observing PasswordManager.FillingAssistance
[63:63:0921/084323.497521:VERBOSE1:components/segmentation_platform/internal/signals/signal_filter_processor.cc:61] Segmentation platform started observing PasswordManager.SavedPasswordIsGenerated
[63:63:0921/084323.497720:VERBOSE1:components/segmentation_platform/internal/signals/signal_filter_processor.cc:61] Segmentation platform started observing PasswordManager.SaveUIDismissalReason
[63:63:0921/084323.497937:VERBOSE1:components/segmentation_platform/internal/signals/signal_filter_processor.cc:61] Segmentation platform started observing PasswordManager.SaveUIDismissalReason
[63:63:0921/084323.498169:VERBOSE1:components/segmentation_platform/internal/signals/signal_filter_processor.cc:61] Segmentation platform started observing IOS.CredentialExtension.IsEnabled.Startup
[63:63:0921/084323.500927:VERBOSE1:components/segmentation_platform/internal/signals/signal_filter_processor.cc:61] Segmentation platform started observing Session.TotalDuration
[63:63:0921/084323.750279:ERROR:dbus/object_proxy.cc:572] Failed to call method: org.freedesktop.DBus.NameHasOwner: object_path= /org/freedesktop/DBus: unknown error type: 
[63:63:0921/084323.750621:VERBOSE1:ui/base/idle/idle_linux.cc:130] org.mate.ScreenSaver D-Bus service does not exist
[63:115:0921/084323.752624:ERROR:dbus/bus.cc:405] Failed to connect to the bus: Could not parse server address: Unknown address type (examples of valid types are "tcp" and on UNIX "unix")
[63:63:0921/084323.762548:VERBOSE1:components/signin/internal/identity_manager/mutable_profile_oauth2_token_service_delegate.cc:599] MutablePO2TS::OnWebDataServiceRequestDone. Result type: 5
[63:63:0921/084323.764405:VERBOSE1:components/signin/internal/identity_manager/mutable_profile_oauth2_token_service_delegate.cc:661] MutablePO2TS::LoadAllCredentialsIntoMemory; 0 credential(s).
[63:63:0921/084323.775231:VERBOSE1:components/signin/core/browser/account_reconcilor.cc:339] AccountReconcilor::OnEndBatchOfRefreshTokenStateChanges. Reconcilor state: 1
[63:63:0921/084324.131279:VERBOSE1:chrome/browser/web_applications/locks/partitioned_lock_manager.cc:286] Releasing <PartitionedLockId>{id: 0x31, partition: 0} requested by Start@chrome/browser/web_applications/generated_icon_fix_manager.cc:61
[63:63:0921/084324.462293:ERROR:dbus/object_proxy.cc:572] Failed to call method: org.freedesktop.DBus.NameHasOwner: object_path= /org/freedesktop/DBus: unknown error type: 
[63:63:0921/084324.462693:VERBOSE1:ui/base/idle/idle_linux.cc:130] org.xfce.ScreenSaver D-Bus service does not exist
[63:63:0921/084324.463022:WARNING:ui/base/idle/idle_linux.cc:111] None of the known D-Bus ScreenSaver services could be used.
[63:63:0921/084324.659448:VERBOSE1:components/segmentation_platform/internal/selection/segment_result_provider.cc:136] GetSegmentResult: segment=OPTIMIZATION_TARGET_SEGMENTATION_DEVICE_SWITCHER ignoring DB score, executing model.
[63:63:0921/084324.660051:VERBOSE1:components/segmentation_platform/internal/selection/segment_result_provider.cc:277] ExecuteModelAndGetScore: segment=OPTIMIZATION_TARGET_SEGMENTATION_DEVICE_SWITCHER server segment info not available
[63:63:0921/084324.662966:VERBOSE1:components/segmentation_platform/internal/selection/segment_result_provider.cc:210] OnGotModelScore: segment=OPTIMIZATION_TARGET_SEGMENTATION_DEVICE_SWITCHER failed to get database model score, trying default model.
[63:63:0921/084325.677304:VERBOSE1:extensions/browser/extension_registrar.cc:547] AddComponentExtension Google Hangouts
[63:63:0921/084328.568401:VERBOSE1:components/segmentation_platform/internal/selection/segment_result_provider.cc:226] GetCachedModelScore: segment=OPTIMIZATION_TARGET_SEGMENTATION_CHROME_LOW_USER_ENGAGEMENT does not have a segment info.
[63:63:0921/084328.573422:VERBOSE1:components/segmentation_platform/internal/selection/segment_result_provider.cc:172] OnGotModelScore: segment=OPTIMIZATION_TARGET_SEGMENTATION_CHROME_LOW_USER_ENGAGEMENT failed to get score from database, executing server model.
[63:63:0921/084328.574172:VERBOSE1:components/segmentation_platform/internal/selection/segment_result_provider.cc:277] ExecuteModelAndGetScore: segment=OPTIMIZATION_TARGET_SEGMENTATION_CHROME_LOW_USER_ENGAGEMENT server segment info not available
[63:63:0921/084328.574952:VERBOSE1:components/segmentation_platform/internal/selection/segment_result_provider.cc:201] OnGotModelScore: segment=OPTIMIZATION_TARGET_SEGMENTATION_CHROME_LOW_USER_ENGAGEMENT failed to get score from executing server model, getting score from default model from db.
[63:63:0921/084328.575768:VERBOSE1:components/segmentation_platform/internal/selection/segment_result_provider.cc:240] GetCachedModelScore: segment=OPTIMIZATION_TARGET_SEGMENTATION_CHROME_LOW_USER_ENGAGEMENT has expired or unavailable result.
[63:63:0921/084328.576418:VERBOSE1:components/segmentation_platform/internal/selection/segment_result_provider.cc:210] OnGotModelScore: segment=OPTIMIZATION_TARGET_SEGMENTATION_CHROME_LOW_USER_ENGAGEMENT failed to get database model score, trying default model.
[63:63:0921/084328.577509:VERBOSE1:components/segmentation_platform/internal/selection/segment_result_provider.cc:295] ExecuteModelAndGetScore: segment=OPTIMIZATION_TARGET_SEGMENTATION_CHROME_LOW_USER_ENGAGEMENT signal collection not met
[63:63:0921/084328.578798:VERBOSE1:components/segmentation_platform/internal/selection/segment_result_provider.cc:226] GetCachedModelScore: segment=OPTIMIZATION_TARGET_SEGMENTATION_SEARCH_USER does not have a segment info.
[63:63:0921/084328.579337:VERBOSE1:components/segmentation_platform/internal/selection/segment_result_provider.cc:172] OnGotModelScore: segment=OPTIMIZATION_TARGET_SEGMENTATION_SEARCH_USER failed to get score from database, executing server model.
[63:63:0921/084328.579821:VERBOSE1:components/segmentation_platform/internal/selection/segment_result_provider.cc:277] ExecuteModelAndGetScore: segment=OPTIMIZATION_TARGET_SEGMENTATION_SEARCH_USER server segment info not available
[63:63:0921/084328.580316:VERBOSE1:components/segmentation_platform/internal/selection/segment_result_provider.cc:201] OnGotModelScore: segment=OPTIMIZATION_TARGET_SEGMENTATION_SEARCH_USER failed to get score from executing server model, getting score from default model from db.
[63:63:0921/084328.581242:VERBOSE1:components/segmentation_platform/internal/selection/segment_result_provider.cc:240] GetCachedModelScore: segment=OPTIMIZATION_TARGET_SEGMENTATION_SEARCH_USER has expired or unavailable result.
[63:63:0921/084328.581775:VERBOSE1:components/segmentation_platform/internal/selection/segment_result_provider.cc:210] OnGotModelScore: segment=OPTIMIZATION_TARGET_SEGMENTATION_SEARCH_USER failed to get database model score, trying default model.
[63:63:0921/084328.582437:VERBOSE1:components/segmentation_platform/internal/selection/segment_result_provider.cc:295] ExecuteModelAndGetScore: segment=OPTIMIZATION_TARGET_SEGMENTATION_SEARCH_USER signal collection not met
[63:63:0921/084328.583131:VERBOSE1:components/segmentation_platform/internal/selection/segment_result_provider.cc:226] GetCachedModelScore: segment=OPTIMIZATION_TARGET_SEGMENTATION_SHOPPING_USER does not have a segment info.
[63:63:0921/084328.583740:VERBOSE1:components/segmentation_platform/internal/selection/segment_result_provider.cc:172] OnGotModelScore: segment=OPTIMIZATION_TARGET_SEGMENTATION_SHOPPING_USER failed to get score from database, executing server model.
[63:63:0921/084328.584212:VERBOSE1:components/segmentation_platform/internal/selection/segment_result_provider.cc:277] ExecuteModelAndGetScore: segment=OPTIMIZATION_TARGET_SEGMENTATION_SHOPPING_USER server segment info not available
[63:63:0921/084328.584747:VERBOSE1:components/segmentation_platform/internal/selection/segment_result_provider.cc:201] OnGotModelScore: segment=OPTIMIZATION_TARGET_SEGMENTATION_SHOPPING_USER failed to get score from executing server model, getting score from default model from db.
[63:63:0921/084328.585343:VERBOSE1:components/segmentation_platform/internal/selection/segment_result_provider.cc:240] GetCachedModelScore: segment=OPTIMIZATION_TARGET_SEGMENTATION_SHOPPING_USER has expired or unavailable result.
[63:63:0921/084328.585917:VERBOSE1:components/segmentation_platform/internal/selection/segment_result_provider.cc:210] OnGotModelScore: segment=OPTIMIZATION_TARGET_SEGMENTATION_SHOPPING_USER failed to get database model score, trying default model.
[63:63:0921/084328.624021:VERBOSE1:components/segmentation_platform/internal/selection/segment_result_provider.cc:226] GetCachedModelScore: segment=CROSS_DEVICE_USER_SEGMENT does not have a segment info.
[63:63:0921/084328.626832:VERBOSE1:components/segmentation_platform/internal/selection/segment_result_provider.cc:172] OnGotModelScore: segment=CROSS_DEVICE_USER_SEGMENT failed to get score from database, executing server model.
[63:63:0921/084328.627107:VERBOSE1:components/segmentation_platform/internal/selection/segment_result_provider.cc:277] ExecuteModelAndGetScore: segment=CROSS_DEVICE_USER_SEGMENT server segment info not available
[63:63:0921/084328.627350:VERBOSE1:components/segmentation_platform/internal/selection/segment_result_provider.cc:201] OnGotModelScore: segment=CROSS_DEVICE_USER_SEGMENT failed to get score from executing server model, getting score from default model from db.
[63:63:0921/084328.627603:VERBOSE1:components/segmentation_platform/internal/selection/segment_result_provider.cc:240] GetCachedModelScore: segment=CROSS_DEVICE_USER_SEGMENT has expired or unavailable result.
[63:63:0921/084328.627857:VERBOSE1:components/segmentation_platform/internal/selection/segment_result_provider.cc:210] OnGotModelScore: segment=CROSS_DEVICE_USER_SEGMENT failed to get database model score, trying default model.
[63:63:0921/084328.628505:VERBOSE1:components/segmentation_platform/internal/selection/segment_result_provider.cc:295] ExecuteModelAndGetScore: segment=CROSS_DEVICE_USER_SEGMENT signal collection not met
[63:63:0921/084328.629194:VERBOSE1:components/segmentation_platform/internal/selection/segment_result_provider.cc:226] GetCachedModelScore: segment=RESUME_HEAVY_USER_SEGMENT does not have a segment info.
[63:63:0921/084328.630074:VERBOSE1:components/segmentation_platform/internal/selection/segment_result_provider.cc:172] OnGotModelScore: segment=RESUME_HEAVY_USER_SEGMENT failed to get score from database, executing server model.
[63:63:0921/084328.630799:VERBOSE1:components/segmentation_platform/internal/selection/segment_result_provider.cc:277] ExecuteModelAndGetScore: segment=RESUME_HEAVY_USER_SEGMENT server segment info not available
[63:63:0921/084328.631270:VERBOSE1:components/segmentation_platform/internal/selection/segment_result_provider.cc:201] OnGotModelScore: segment=RESUME_HEAVY_USER_SEGMENT failed to get score from executing server model, getting score from default model from db.
[63:63:0921/084328.632751:VERBOSE1:components/segmentation_platform/internal/selection/segment_result_provider.cc:240] GetCachedModelScore: segment=RESUME_HEAVY_USER_SEGMENT has expired or unavailable result.
[63:63:0921/084328.633341:VERBOSE1:components/segmentation_platform/internal/selection/segment_result_provider.cc:210] OnGotModelScore: segment=RESUME_HEAVY_USER_SEGMENT failed to get database model score, trying default model.
[63:63:0921/084328.634100:VERBOSE1:components/segmentation_platform/internal/selection/segment_result_provider.cc:295] ExecuteModelAndGetScore: segment=RESUME_HEAVY_USER_SEGMENT signal collection not met
[63:63:0921/084328.634683:VERBOSE1:components/segmentation_platform/internal/selection/segment_result_provider.cc:226] GetCachedModelScore: segment=PASSWORD_MANAGER_USER does not have a segment info.
[63:63:0921/084328.635048:VERBOSE1:components/segmentation_platform/internal/selection/segment_result_provider.cc:172] OnGotModelScore: segment=PASSWORD_MANAGER_USER failed to get score from database, executing server model.
[63:63:0921/084328.635503:VERBOSE1:components/segmentation_platform/internal/selection/segment_result_provider.cc:277] ExecuteModelAndGetScore: segment=PASSWORD_MANAGER_USER server segment info not available
[63:63:0921/084328.636039:VERBOSE1:components/segmentation_platform/internal/selection/segment_result_provider.cc:201] OnGotModelScore: segment=PASSWORD_MANAGER_USER failed to get score from executing server model, getting score from default model from db.
[63:63:0921/084328.636639:VERBOSE1:components/segmentation_platform/internal/selection/segment_result_provider.cc:240] GetCachedModelScore: segment=PASSWORD_MANAGER_USER has expired or unavailable result.
[63:63:0921/084328.637058:VERBOSE1:components/segmentation_platform/internal/selection/segment_result_provider.cc:210] OnGotModelScore: segment=PASSWORD_MANAGER_USER failed to get database model score, trying default model.
[63:63:0921/084328.638004:VERBOSE1:components/segmentation_platform/internal/selection/segment_result_provider.cc:295] ExecuteModelAndGetScore: segment=PASSWORD_MANAGER_USER signal collection not met
[63:63:0921/084328.638498:VERBOSE1:components/segmentation_platform/internal/selection/segment_result_provider.cc:226] GetCachedModelScore: segment=CHROME_USER_ENGAGEMENT does not have a segment info.
[63:63:0921/084328.638870:VERBOSE1:components/segmentation_platform/internal/selection/segment_result_provider.cc:172] OnGotModelScore: segment=CHROME_USER_ENGAGEMENT failed to get score from database, executing server model.
[63:63:0921/084328.639229:VERBOSE1:components/segmentation_platform/internal/selection/segment_result_provider.cc:277] ExecuteModelAndGetScore: segment=CHROME_USER_ENGAGEMENT server segment info not available
[63:63:0921/084328.639635:VERBOSE1:components/segmentation_platform/internal/selection/segment_result_provider.cc:201] OnGotModelScore: segment=CHROME_USER_ENGAGEMENT failed to get score from executing server model, getting score from default model from db.
[63:63:0921/084328.640388:VERBOSE1:components/segmentation_platform/internal/selection/segment_result_provider.cc:240] GetCachedModelScore: segment=CHROME_USER_ENGAGEMENT has expired or unavailable result.
[63:63:0921/084328.641154:VERBOSE1:components/segmentation_platform/internal/selection/segment_result_provider.cc:210] OnGotModelScore: segment=CHROME_USER_ENGAGEMENT failed to get database model score, trying default model.
[63:63:0921/084328.641807:VERBOSE1:components/segmentation_platform/internal/selection/segment_result_provider.cc:295] ExecuteModelAndGetScore: segment=CHROME_USER_ENGAGEMENT signal collection not met
[63:113:0921/084328.661417:VERBOSE1:components/segmentation_platform/internal/database/ukm_database_backend.cc:352] Output from SQL query SELECT IFNULL(COUNT(metric_value),0)FROM uma_metrics WHERE metric_hash='1A94D82447638877' AND profile_id=? AND type=? AND metric_value IN(1)AND event_timestamp BETWEEN ? AND ? Bind values: 0:3420764064 1:2 2:2026-09-14 08:43:28.586550 UTC 3:2026-09-21 08:43:28.586550 UTC  Result: 0.000000,
[63:113:0921/084328.665663:VERBOSE1:components/segmentation_platform/internal/database/ukm_database_backend.cc:352] Output from SQL query SELECT IFNULL(COUNT(metric_value),0)FROM uma_metrics WHERE metric_hash='8A5076C9026398BD' AND profile_id=? AND type=? AND event_timestamp BETWEEN ? AND ? Bind values: 0:3420764064 1:1 2:2026-09-14 08:43:28.586550 UTC 3:2026-09-21 08:43:28.586550 UTC  Result: 0.000000,
[63:113:0921/084328.713421:VERBOSE1:components/segmentation_platform/internal/database/ukm_database_backend.cc:352] Output from SQL query SELECT COALESCE((SELECT metric_value FROM uma_metrics WHERE metric_hash='ED7CFEC70BF9942D' AND profile_id=? AND type=? AND event_timestamp BETWEEN ? AND ? ORDER BY event_timestamp DESC,id DESC LIMIT 1),0.000000) Bind values: 0:3420764064 1:3 2:2026-09-14 08:43:28.586550 UTC 3:2026-09-21 08:43:28.586550 UTC  Result: 0.000000,
[63:63:0921/084328.811099:VERBOSE1:components/segmentation_platform/internal/execution/model_executor_impl.cc:189] Segmentation model input:  feature 0: 0 feature 1: 0 feature 2: 0 feature 3: 0 for segment OPTIMIZATION_TARGET_SEGMENTATION_SHOPPING_USER
[63:63:0921/084328.888033:VERBOSE1:components/segmentation_platform/internal/execution/model_executor_impl.cc:218] Segmentation model result:  output 0: 0 for segment OPTIMIZATION_TARGET_SEGMENTATION_SHOPPING_USER
[63:63:0921/084328.896431:VERBOSE1:components/segmentation_platform/internal/execution/model_executor_impl.cc:276] Model: OPTIMIZATION_TARGET_SEGMENTATION_SHOPPING_USER version: 3 execution status: 0, output size: 1
[63:63:0921/084328.926001:VERBOSE1:components/segmentation_platform/internal/selection/segment_result_provider.cc:29] ComputeDiscreteMapping: segment=: result=0, rank=0
[63:63:0921/084328.927004:VERBOSE1:components/segmentation_platform/internal/selection/segment_result_provider.cc:359] OnModelExecuted: Default model executed successfully. Result: PredictionResult: timestamp: 13434453808916694 result 0: 0 for segment OPTIMIZATION_TARGET_SEGMENTATION_SHOPPING_USER
[63:63:0921/084328.931490:VERBOSE1:components/segmentation_platform/internal/database/segment_info_database.cc:208] SaveSegmentResult: saving: PredictionResult: timestamp: 13434453808916694 result 0: 0 for segment id: OPTIMIZATION_TARGET_SEGMENTATION_SHOPPING_USER
[63:63:0921/084328.982331:VERBOSE1:components/segmentation_platform/internal/database/cached_result_writer.cc:30] CachedResultWriter updating prefs with new result: PredictionResult: timestamp: 13434453808916694 result 0: 0 for segmentation key: shopping_user
[152:175:0921/084329.523887:VERBOSE1:net/base/network_delegate.cc:38] NetworkDelegate::NotifyBeforeURLRequest: https://optimizationguide-pa.googleapis.com/v1:GetModels?key=AIzaSyCRI4EGpDu_AAHI8E2yenjVhWQdp4G8igc
[63:63:0921/084424.716431:VERBOSE1:components/segmentation_platform/internal/execution/model_executor_impl.cc:189] Segmentation model input:  feature 0: 1 feature 1: 0 feature 2: 0 feature 3: 0 feature 4: 0 feature 5: 0 feature 6: 0 feature 7: 0 feature 8: 0 feature 9: 0 for segment OPTIMIZATION_TARGET_SEGMENTATION_DEVICE_SWITCHER
[63:63:0921/084424.719444:VERBOSE1:components/segmentation_platform/internal/execution/model_executor_impl.cc:218] Segmentation model result:  output 0: 0 output 1: 0 output 2: 0 output 3: 0 output 4: 0 output 5: 0 output 6: 0 output 7: 1 for segment OPTIMIZATION_TARGET_SEGMENTATION_DEVICE_SWITCHER
[63:63:0921/084424.721838:VERBOSE1:components/segmentation_platform/internal/execution/model_executor_impl.cc:276] Model: OPTIMIZATION_TARGET_SEGMENTATION_DEVICE_SWITCHER version: 1 execution status: 0, output size: 8
[63:63:0921/084424.722883:VERBOSE1:components/segmentation_platform/internal/selection/segment_result_provider.cc:29] ComputeDiscreteMapping: segment=: result=0, rank=0
[63:63:0921/084424.723245:VERBOSE1:components/segmentation_platform/internal/selection/segment_result_provider.cc:359] OnModelExecuted: Default model executed successfully. Result: PredictionResult: timestamp: 13434453864722684 result 0: 0 result 1: 0 result 2: 0 result 3: 0 result 4: 0 result 5: 0 result 6: 0 result 7: 1 for segment OPTIMIZATION_TARGET_SEGMENTATION_DEVICE_SWITCHER
[63:63:0921/084424.757196:VERBOSE1:components/segmentation_platform/internal/selection/request_dispatcher.cc:147] Computed result for device_switcher: Status: Succeeded output 0: NotSynced
[152:175:0921/084600.995246:VERBOSE1:net/base/network_delegate.cc:38] NetworkDelegate::NotifyBeforeURLRequest: https://optimizationguide-pa.googleapis.com/v1:GetModels?key=AIzaSyCRI4EGpDu_AAHI8E2yenjVhWQdp4G8igc
[63:63:0921/084603.879263:ERROR:services/on_device_model/public/cpp/service_client.cc:37] Unexpected on_device_model service disconnect; reason: 0, description: 
[63:114:0921/084618.307646:VERBOSE1:base/files/file_util_posix.cc:309] Cannot stat "/tmp/chromium-baseline/DeferredBrowserMetrics": No such file or directory (2)
[63:114:0921/084618.310108:VERBOSE1:base/files/file_util_posix.cc:309] Cannot stat "/tmp/chromium-baseline/CrashpadMetrics.pma": No such file or directory (2)
[63:114:0921/084618.317860:VERBOSE1:base/files/file_util_posix.cc:309] Cannot stat "/tmp/chromium-baseline/Breadcrumbs": No such file or directory (2)
[63:116:0921/084618.327078:VERBOSE1:base/files/file_util_posix.cc:309] Cannot stat "/tmp/chromium-baseline/Default/Media Cache": No such file or directory (2)
[63:114:0921/084618.351733:VERBOSE1:base/files/file_util_posix.cc:309] Cannot stat "/tmp/chromium-baseline/Default/webrtc_event_logs": No such file or directory (2)
[63:114:0921/084618.354645:VERBOSE1:base/files/file_util_posix.cc:309] Cannot stat "/tmp/chromium-baseline/Default/databases": No such file or directory (2)
[63:63:0921/084618.691706:VERBOSE1:chrome/browser/profiles/profile_manager.cc:1408] AddKeepAlive(Default, kExtensionUpdater). keep_alives=[kBrowserWindow (1), kExtensionUpdater (1)]
[63:113:0921/084618.726855:VERBOSE1:base/files/file_util_posix.cc:309] Cannot stat "/tmp/chromium-baseline/extensions_crx_cache/metadata.json": No such file or directory (2)
[63:63:0921/084618.764761:VERBOSE1:chrome/browser/profiles/profile_manager.cc:1469] RemoveKeepAlive(Default, kExtensionUpdater). keep_alives=[kBrowserWindow (1)]
[152:175:0921/084619.098103:VERBOSE1:net/base/network_delegate.cc:38] NetworkDelegate::NotifyBeforeURLRequest: https://android.clients.google.com/checkin
[63:63:0921/084619.372989:VERBOSE1:chrome/browser/web_applications/locks/partitioned_lock_manager.cc:262] Acquiring <PartitionedLockId>{id: 0x31, partition: 0} for SynchronizeInstalledApps@chrome/browser/web_applications/externally_managed_app_manager.cc:186
[63:63:0921/084619.373404:VERBOSE1:chrome/browser/web_applications/locks/partitioned_lock_manager.cc:243] All locks acquired for SynchronizeInstalledApps@chrome/browser/web_applications/externally_managed_app_manager.cc:186
[63:63:0921/084619.398764:VERBOSE1:chrome/browser/web_applications/locks/partitioned_lock_manager.cc:286] Releasing <PartitionedLockId>{id: 0x31, partition: 0} requested by SynchronizeInstalledApps@chrome/browser/web_applications/externally_managed_app_manager.cc:186
[152:175:0921/084644.120287:VERBOSE1:net/base/network_delegate.cc:38] NetworkDelegate::NotifyBeforeURLRequest: https://android.clients.google.com/checkin
[63:140:0921/084730.413635:VERBOSE1:chrome/browser/shutdown_signal_handlers_posix.cc:131] Handling shutdown for signal 15.
