Date: 2026-09-22 UTC
[15:18:49.053] weston 14.0.2
               https://wayland.freedesktop.org
               Bug reports to: https://gitlab.freedesktop.org/wayland/weston/issues/
               Build: 14.0.2
[15:18:49.057] Command line: weston --backend=drm-backend.so --renderer=pixman --drm-device=card0 --seat=seat0 --continue-without-input --idle-time=0 --debug --log=/root/weston13-weston.log
[15:18:49.057] OS: Linux, 10.0.0, 10.0.0, aarch64
[15:18:49.057] Flight recorder: enabled
[15:18:49.073] Starting with no config file.
[15:18:49.099] Output repaint window is 7 ms maximum.
[15:18:49.108] Loading module '/usr/lib/libweston-14/drm-backend.so'
[15:18:49.197] initializing drm backend
[15:18:49.200] Trying libseat launcher...
[15:18:49.220] [libseat/libseat.c:62] Seat opened with backend 'seatd'
[15:18:49.221] [libseat/backend/seatd.c:212] Enabling seat
[15:18:49.222] libseat: session control granted
[15:18:49.244] using /dev/dri/card0
[15:18:49.246] DRM: does not support atomic modesetting
[15:18:49.247] DRM: supports GBM modifiers
[15:18:49.247] DRM: does not support Atomic async page flip
[15:18:49.247] DRM: supports picture aspect ratio
[15:18:49.252] Using Pixman renderer
[15:18:49.416] warning: no input devices found, but none required as per configuration.
[15:18:49.422] DRM: head 'Virtual-1' found, connector 48 is connected, EDID make 'unknown', model 'unknown', serial ''
               Supported EOTF modes: SDR
               Supported colorimetry modes: default
[15:18:49.425] Registered plugin API 'weston_drm_output_api_v1' of size 40
[15:18:49.425] Registered plugin API 'weston_drm_virtual_output_api_v2' of size 48
[15:18:49.428] Color manager: no-op
                 protocol support: no
[15:18:49.443] Output 'Virtual-1' attempts EOTF mode SDR and colorimetry mode default.
[15:18:49.443] Output 'Virtual-1' using color profile: stock sRGB color profile
[15:18:49.470] DRM: output Virtual-1 uses shadow framebuffer.
[15:18:49.471] Output Virtual-1 (crtc 16) video modes:
               current@60.0, current, 70.6 MHz
[15:18:49.476] Output 'Virtual-1' enabled with head(s) Virtual-1
[15:18:49.477] Compositor capabilities:
               arbitrary surface rotation: yes
               screen capture uses y-flip: no
               cursor planes: yes
               arbitrary resolutions: no
               view mask clipping: yes
               explicit sync: no
               color operations: no
               presentation clock: CLOCK_MONOTONIC, id 1
               presentation clock resolution: 0.000001000 s
[15:18:49.486] Loading module '/usr/lib/weston/desktop-shell.so'
[15:18:49.512] launching '/usr/libexec/weston-keyboard'
[15:18:49.544] launching '/usr/libexec/weston-desktop-shell'
