Date: 2026-10-02 UTC
[07:34:45.687] weston 14.0.2
               https://wayland.freedesktop.org
               Bug reports to: https://gitlab.freedesktop.org/wayland/weston/issues/
               Build: 14.0.2
[07:34:45.692] Command line: weston --backend=drm-backend.so --renderer=pixman --drm-device=card0 --seat=seat0 --idle-time=0 --debug --log=/root/single-weston.log
[07:34:45.693] OS: Linux, 10.0.0, 10.0.0, aarch64
[07:34:45.693] Flight recorder: enabled
[07:34:45.707] Starting with no config file.
[07:34:45.739] Output repaint window is 7 ms maximum.
[07:34:45.749] Loading module '/usr/lib/libweston-14/drm-backend.so'
[07:34:45.841] initializing drm backend
[07:34:45.845] Trying libseat launcher...
[07:34:45.863] [libseat/libseat.c:62] Seat opened with backend 'seatd'
[07:34:45.864] [libseat/backend/seatd.c:212] Enabling seat
[07:34:45.865] libseat: session control granted
[07:34:45.892] using /dev/dri/card0
[07:34:45.896] DRM: does not support atomic modesetting
[07:34:45.896] DRM: supports GBM modifiers
[07:34:45.896] DRM: does not support Atomic async page flip
[07:34:45.896] DRM: supports picture aspect ratio
[07:34:45.902] Using Pixman renderer
[07:34:46.163] event0  - QEMU Virtio Keyboard: is tagged by udev as: Keyboard
[07:34:46.169] event0  - QEMU Virtio Keyboard: device is a keyboard
[07:34:46.202] event1  - QEMU Virtio Mouse: is tagged by udev as: Mouse
[07:34:46.203] event1  - QEMU Virtio Mouse: device is a pointer
[07:34:46.652] libinput: configuring device "QEMU Virtio Keyboard".
[07:34:46.655] libinput: configuring device "QEMU Virtio Mouse".
[07:34:46.675] DRM: head 'Virtual-1' found, connector 48 is connected, EDID make 'unknown', model 'unknown', serial ''
               Supported EOTF modes: SDR
               Supported colorimetry modes: default
[07:34:46.685] Registered plugin API 'weston_drm_output_api_v1' of size 40
[07:34:46.686] Registered plugin API 'weston_drm_virtual_output_api_v2' of size 48
[07:34:46.692] Color manager: no-op
                 protocol support: no
[07:34:46.726] Output 'Virtual-1' attempts EOTF mode SDR and colorimetry mode default.
[07:34:46.726] Output 'Virtual-1' using color profile: stock sRGB color profile
[07:34:46.765] DRM: output Virtual-1 uses shadow framebuffer.
[07:34:46.766] Output Virtual-1 (crtc 16) video modes:
               current@60.0, current, 70.6 MHz
[07:34:46.770] associating input device event0 with output Virtual-1 (none by udev)
[07:34:46.770] associating input device event1 with output Virtual-1 (none by udev)
[07:34:46.773] Output 'Virtual-1' enabled with head(s) Virtual-1
[07:34:46.773] Compositor capabilities:
               arbitrary surface rotation: yes
               screen capture uses y-flip: no
               cursor planes: yes
               arbitrary resolutions: no
               view mask clipping: yes
               explicit sync: no
               color operations: no
               presentation clock: CLOCK_MONOTONIC, id 1
               presentation clock resolution: 0.000001000 s
[07:34:46.787] Loading module '/usr/lib/weston/desktop-shell.so'
[07:34:46.822] launching '/usr/libexec/weston-keyboard'
[07:34:46.872] launching '/usr/libexec/weston-desktop-shell'
