Date: 2026-09-23 UTC
[05:55:29.484] weston 14.0.2
               https://wayland.freedesktop.org
               Bug reports to: https://gitlab.freedesktop.org/wayland/weston/issues/
               Build: 14.0.2
[05:55:29.488] Command line: weston --backend=drm-backend.so --renderer=pixman --drm-device=card0 --seat=seat0 --idle-time=0 --debug --log=/root/input18-weston.log
[05:55:29.489] OS: Linux, 10.0.0, 10.0.0, aarch64
[05:55:29.489] Flight recorder: enabled
[05:55:29.500] Starting with no config file.
[05:55:29.523] Output repaint window is 7 ms maximum.
[05:55:29.530] Loading module '/usr/lib/libweston-14/drm-backend.so'
[05:55:29.596] initializing drm backend
[05:55:29.599] Trying libseat launcher...
[05:55:29.608] [libseat/libseat.c:62] Seat opened with backend 'seatd'
[05:55:29.609] [libseat/backend/seatd.c:212] Enabling seat
[05:55:29.609] libseat: session control granted
[05:55:29.623] using /dev/dri/card0
[05:55:29.626] DRM: does not support atomic modesetting
[05:55:29.626] DRM: supports GBM modifiers
[05:55:29.626] DRM: does not support Atomic async page flip
[05:55:29.626] DRM: supports picture aspect ratio
[05:55:29.630] Using Pixman renderer
[05:55:29.815] event0  - failed to create input device '/dev/input/event0'
[05:55:29.825] event1  - failed to create input device '/dev/input/event1'
[05:55:29.828] warning: no input devices on entering Weston. Possible causes:
	- no permissions to read /dev/input/event*
	- seats misconfigured (Weston backend option 'seat', udev device property ID_SEAT)
[05:55:29.829] failed to create input devices
[05:55:29.835] fatal: failed to create compositor backend
