Date: 2026-09-29 UTC
[20:39:48.819] weston 14.0.2
               https://wayland.freedesktop.org
               Bug reports to: https://gitlab.freedesktop.org/wayland/weston/issues/
               Build: 14.0.2
[20:39:48.823] Command line: weston --backend=drm-backend.so --renderer=pixman --drm-device=card0 --seat=seat0 --idle-time=0 --debug --log=/root/mp-weston.log
[20:39:48.824] OS: Linux, 10.0.0, 10.0.0, aarch64
[20:39:48.824] Flight recorder: enabled
[20:39:48.839] Starting with no config file.
[20:39:48.865] Output repaint window is 7 ms maximum.
[20:39:48.872] Loading module '/usr/lib/libweston-14/drm-backend.so'
[20:39:48.964] initializing drm backend
[20:39:48.967] Trying libseat launcher...
[20:39:48.985] [libseat/libseat.c:62] Seat opened with backend 'seatd'
[20:39:48.986] [libseat/backend/seatd.c:212] Enabling seat
[20:39:48.986] libseat: session control granted
[20:39:49.009] using /dev/dri/card0
[20:39:49.011] DRM: does not support atomic modesetting
[20:39:49.012] DRM: supports GBM modifiers
[20:39:49.012] DRM: does not support Atomic async page flip
[20:39:49.012] DRM: supports picture aspect ratio
[20:39:49.016] Using Pixman renderer
[20:39:49.216] event0  - QEMU Virtio Keyboard: is tagged by udev as: Keyboard
[20:39:49.220] event0  - QEMU Virtio Keyboard: device is a keyboard
[20:39:49.249] event1  - QEMU Virtio Mouse: is tagged by udev as: Mouse
[20:39:49.250] event1  - QEMU Virtio Mouse: device is a pointer
[20:39:49.519] libinput: configuring device "QEMU Virtio Keyboard".
[20:39:49.522] libinput: configuring device "QEMU Virtio Mouse".
[20:39:49.530] DRM: head 'Virtual-1' found, connector 48 is connected, EDID make 'unknown', model 'unknown', serial ''
               Supported EOTF modes: SDR
               Supported colorimetry modes: default
[20:39:49.535] Registered plugin API 'weston_drm_output_api_v1' of size 40
[20:39:49.535] Registered plugin API 'weston_drm_virtual_output_api_v2' of size 48
[20:39:49.538] Color manager: no-op
                 protocol support: no
[20:39:49.554] Output 'Virtual-1' attempts EOTF mode SDR and colorimetry mode default.
[20:39:49.554] Output 'Virtual-1' using color profile: stock sRGB color profile
[20:39:49.581] DRM: output Virtual-1 uses shadow framebuffer.
[20:39:49.581] Output Virtual-1 (crtc 16) video modes:
               current@60.0, current, 70.6 MHz
[20:39:49.584] associating input device event0 with output Virtual-1 (none by udev)
[20:39:49.584] associating input device event1 with output Virtual-1 (none by udev)
[20:39:49.586] Output 'Virtual-1' enabled with head(s) Virtual-1
[20:39:49.586] Compositor capabilities:
               arbitrary surface rotation: yes
               screen capture uses y-flip: no
               cursor planes: yes
               arbitrary resolutions: no
               view mask clipping: yes
               explicit sync: no
               color operations: no
               presentation clock: CLOCK_MONOTONIC, id 1
               presentation clock resolution: 0.000001000 s
[20:39:49.596] Loading module '/usr/lib/weston/desktop-shell.so'
[20:39:49.624] launching '/usr/libexec/weston-keyboard'
[20:39:49.701] launching '/usr/libexec/weston-desktop-shell'
