[48:48:0929/204004.513928:VERBOSE1:chrome/app/chrome_crash_reporter_client.cc:199] GetCollectStatsConsent(): is_official_chrome_build is false so returning false
[48:48:0929/204007.677793:VERBOSE1:chrome/app/chrome_crash_reporter_client.cc:199] GetCollectStatsConsent(): is_official_chrome_build is false so returning false
[136:136:0929/204016.514981:INFO:third_party/webrtc/rtc_base/cpu_info.cc:75] Available number of cores: 4
[135:135:0929/204016.533733:INFO:third_party/webrtc/rtc_base/cpu_info.cc:75] Available number of cores: 4
[136:136:0929/204016.672231:VERBOSE1:content/zygote/zygote_main_linux.cc:201] ZygoteMain: initializing 0 fork delegates
[135:135:0929/204016.673706:VERBOSE1:content/zygote/zygote_main_linux.cc:201] ZygoteMain: initializing 0 fork delegates
[48:48:0929/204017.969751:VERBOSE1:components/policy/core/common/config_dir_policy_loader.cc:116] Found mandatory policy file: /etc/chromium/policies/managed/kiosk.json
[48:48:0929/204018.120940:VERBOSE1:components/policy/core/common/config_dir_policy_loader.cc:121] Skipping recommended platform policies because no policy file was found at: /etc/chromium/policies/recommended
[48:48:0929/204018.914847:VERBOSE1:components/variations/service/variations_field_trial_creator.cc:80] VariationsSeedUsage:2
[48:48:0929/204018.932003:VERBOSE1:components/variations/service/variations_field_trial_creator.cc:353] VariationsSetupComplete
[48:181:0929/204019.304638:VERBOSE1:base/files/file_util_posix.cc:317] Cannot stat "/root/mp-chromium-profile/VariationsSeedV1": No such file or directory (2)
[48:182:0929/204019.405222:ERROR:dbus/bus.cc:408] Failed to connect to the bus: Failed to connect to socket /run/dbus/system_bus_socket: No such file or directory
[48:48:0929/204019.682826:WARNING:ui/ozone/platform/wayland/ozone_platform_wayland.cc:272] Failed to initialize drm render node handle.
[48:48:0929/204019.733038:WARNING:ui/ozone/platform/wayland/common/wayland_object.cc:119] Binding to wl_shm version 1 but version 2 is available.
[48:48:0929/204023.477987:VERBOSE1:chrome/browser/media/webrtc/webrtc_event_log_manager.cc:122] WebRTC remote-bound event logging enabled.
[48:48:0929/204023.607373:VERBOSE1:components/proxy_config/pref_proxy_config_tracker_impl.cc:199] 0x4c00080000: set chrome proxy config service to 0x4c0006abe0
[48:48:0929/204023.648078:VERBOSE1:google_apis/api_key_cache.cc:99] Using default value "497550622367-ubtkmd3b2pp5gulba5n6ha6sq4n35ehj.apps.googleusercontent.com" for API key GOOGLE_CLIENT_ID_MAIN
[48:48:0929/204023.649442:VERBOSE1:google_apis/api_key_cache.cc:99] Using default value "NaCX8tIIAphrjs56n3TpHx_e" for API key GOOGLE_CLIENT_SECRET_MAIN
[48:48:0929/204023.650740:VERBOSE1:google_apis/api_key_cache.cc:99] Using default value "497550622367-ubtkmd3b2pp5gulba5n6ha6sq4n35ehj.apps.googleusercontent.com" for API key GOOGLE_CLIENT_ID_REMOTING
[48:48:0929/204023.651084:VERBOSE1:google_apis/api_key_cache.cc:99] Using default value "NaCX8tIIAphrjs56n3TpHx_e" for API key GOOGLE_CLIENT_SECRET_REMOTING
[48:48:0929/204023.651312:VERBOSE1:google_apis/api_key_cache.cc:99] Using default value "497550622367-ubtkmd3b2pp5gulba5n6ha6sq4n35ehj.apps.googleusercontent.com" for API key GOOGLE_CLIENT_ID_REMOTING_HOST
[48:48:0929/204023.652385:VERBOSE1:google_apis/api_key_cache.cc:99] Using default value "NaCX8tIIAphrjs56n3TpHx_e" for API key GOOGLE_CLIENT_SECRET_REMOTING_HOST
[48:48:0929/204024.946756:VERBOSE1:components/device_event_log/device_event_log_impl.cc:200] [20:40:24.025] Display: EVENT: wayland_screen.cc:144 Displays updated, count: 1
[48:48:0929/204024.957524:VERBOSE1:components/device_event_log/device_event_log_impl.cc:200] [20:40:24.955] Display: EVENT: wayland_screen.cc:147 Display[16] bounds=[0,0 1280x800], workarea=[0,0 1280x800], scale=1, rotation=0, panel_rotation=0 external detected
[48:182:0929/204025.175052:ERROR:dbus/bus.cc:408] Failed to connect to the bus: Could not parse server address: Unknown address type (examples of valid types are "tcp" and on UNIX "unix")
[48:182:0929/204025.185599:ERROR:dbus/bus.cc:408] Failed to connect to the bus: Failed to connect to socket /run/dbus/system_bus_socket: No such file or directory
[48:182:0929/204025.234455:ERROR:dbus/bus.cc:408] Failed to connect to the bus: Failed to connect to socket /run/dbus/system_bus_socket: No such file or directory
[48:206:0929/204025.311578:VERBOSE1:base/files/file_util_posix.cc:317] Cannot stat "/root/mp-chromium-profile/component_crx_cache/metadata.json": No such file or directory (2)
[48:222:0929/204026.215193:WARNING:ui/ozone/platform/wayland/ozone_platform_wayland.cc:325] Failed to find drm render node path.
[48:222:0929/204026.230000:WARNING:ui/ozone/platform/wayland/gpu/wayland_buffer_manager_gpu.cc:458] Failed to initialize drm render node handle.
[48:185:0929/204026.870285:VERBOSE1:content/browser/renderer_host/media/media_stream_manager.cc:1555] MSM::InitializeMaybeAsync([this=0x4c0016f980])
[48:185:0929/204026.964009:VERBOSE1:content/browser/renderer_host/media/media_stream_manager.cc:1555] MDM::MediaDevicesManager()
[48:185:0929/204026.989808:VERBOSE1:content/browser/renderer_host/media/media_stream_manager.cc:1555] MSM::MediaStreamManager([this=0x4c0016f980]))
[48:180:0929/204027.485859:VERBOSE1:base/files/file_util_posix.cc:317] Cannot stat "/root/mp-chromium-profile/Consent To Send Stats": No such file or directory (2)
[48:48:0929/204028.585744:VERBOSE1:components/os_crypt/sync/key_storage_util_linux.cc:46] Password storage detected desktop environment: (unknown)
[48:48:0929/204028.587908:VERBOSE1:components/os_crypt/sync/key_storage_linux.cc:116] Selected backend for OSCrypt: BASIC_TEXT
[48:48:0929/204028.590494:VERBOSE1:components/os_crypt/sync/key_storage_linux.cc:135] OSCrypt did not initialize a backend.
[48:48:0929/204028.651259:VERBOSE1:components/enterprise/browser/controller/chrome_browser_cloud_management_controller.cc:171] Cloud management controller initialization aborted as CBCM is not enabled. Please use the `--enable-chrome-browser-cloud-management` command line flag to enable it if you are not using the official Google Chrome build.
[48:222:0929/204028.945669:ERROR:ui/gl/angle_platform_impl.cc:42] vk_renderer.cpp:187 (VerifyExtensionsPresent): Extension not supported: VK_EXT_headless_surface
ERR: vk_renderer.cpp:187 (VerifyExtensionsPresent): Extension not supported: VK_EXT_headless_surface
[48:222:0929/204028.953259:ERROR:ui/gl/angle_platform_impl.cc:42] vk_renderer.cpp:187 (VerifyExtensionsPresent): Extension not supported: VK_KHR_surface
ERR: vk_renderer.cpp:187 (VerifyExtensionsPresent): Extension not supported: VK_KHR_surface
[48:222:0929/204028.960332:ERROR:ui/gl/angle_platform_impl.cc:42] Display.cpp:1093 (initialize): ANGLE Display::initialize error 0: Internal Vulkan error (-7): A requested extension is not supported, in ../../third_party/angle/src/libANGLE/renderer/vulkan/vk_renderer.cpp, enableInstanceExtensions:2252.
ERR: Display.cpp:1093 (initialize): ANGLE Display::initialize error 0: Internal Vulkan error (-7): A requested extension is not supported, in ../../third_party/angle/src/libANGLE/renderer/vulkan/vk_renderer.cpp, enableInstanceExtensions:2252.
[48:222:0929/204028.965669:ERROR:ui/gl/egl_util.cc:92] EGL Driver message (Critical) eglInitialize: Internal Vulkan error (-7): A requested extension is not supported, in ../../third_party/angle/src/libANGLE/renderer/vulkan/vk_renderer.cpp, enableInstanceExtensions:2252.
[48:222:0929/204028.967519:ERROR:ui/gl/gl_display.cc:639] eglInitialize SwANGLE failed with error EGL_NOT_INITIALIZED
[48:222:0929/204028.968506:ERROR:ui/gl/gl_display.cc:674] Initialization of all EGL display types failed.
[48:222:0929/204028.968948:ERROR:ui/ozone/common/gl_ozone_egl.cc:26] GLDisplayEGL::Initialize failed.
[48:222:0929/204029.177336:ERROR:ui/gl/angle_platform_impl.cc:42] vk_renderer.cpp:187 (VerifyExtensionsPresent): Extension not supported: VK_EXT_headless_surface
ERR: vk_renderer.cpp:187 (VerifyExtensionsPresent): Extension not supported: VK_EXT_headless_surface
[48:222:0929/204029.178147:ERROR:ui/gl/angle_platform_impl.cc:42] vk_renderer.cpp:187 (VerifyExtensionsPresent): Extension not supported: VK_KHR_surface
ERR: vk_renderer.cpp:187 (VerifyExtensionsPresent): Extension not supported: VK_KHR_surface
[48:222:0929/204029.179141:ERROR:ui/gl/angle_platform_impl.cc:42] Display.cpp:1093 (initialize): ANGLE Display::initialize error 0: Internal Vulkan error (-7): A requested extension is not supported, in ../../third_party/angle/src/libANGLE/renderer/vulkan/vk_renderer.cpp, enableInstanceExtensions:2252.
ERR: Display.cpp:1093 (initialize): ANGLE Display::initialize error 0: Internal Vulkan error (-7): A requested extension is not supported, in ../../third_party/angle/src/libANGLE/renderer/vulkan/vk_renderer.cpp, enableInstanceExtensions:2252.
[48:222:0929/204029.179825:ERROR:ui/gl/egl_util.cc:92] EGL Driver message (Critical) eglInitialize: Internal Vulkan error (-7): A requested extension is not supported, in ../../third_party/angle/src/libANGLE/renderer/vulkan/vk_renderer.cpp, enableInstanceExtensions:2252.
[48:222:0929/204029.180030:ERROR:ui/gl/gl_display.cc:639] eglInitialize SwANGLE failed with error EGL_NOT_INITIALIZED
[48:222:0929/204029.180363:ERROR:ui/gl/gl_display.cc:674] Initialization of all EGL display types failed.
[48:222:0929/204029.180584:ERROR:ui/ozone/common/gl_ozone_egl.cc:26] GLDisplayEGL::Initialize failed.
[48:222:0929/204029.184448:VERBOSE1:gpu/ipc/service/gpu_init.cc:1030] gl::init::InitializeGLNoExtensionsOneOff failed
[48:222:0929/204029.212460:ERROR:media/gpu/vaapi/vaapi_wrapper.cc:1622] Could not get a valid VA display
[48:222:0929/204029.297119:VERBOSE1:components/viz/service/main/viz_main_impl.cc:86] VizNullHypothesis is disabled (not a warning)
[48:48:0929/204031.334163:VERBOSE1:chrome/browser/signin/account_consistency_mode_manager.cc:207] Desktop Identity Consistency disabled as sign-in to Chrome is not allowed
[48:48:0929/204031.420679:VERBOSE1:components/device_event_log/device_event_log_impl.cc:200] [20:40:31.416] Bluetooth: EVENT: bluetooth_api.cc:82 BluetoothAPI: 0x4c004bfe00
[48:180:0929/204031.732599:VERBOSE1:base/files/file_util_posix.cc:317] Cannot stat "/root/mp-chromium-profile/Default/Web Applications/Logs/WebAppInstallManager.log": No such file or directory (2)
[48:182:0929/204032.157915:ERROR:dbus/bus.cc:408] Failed to connect to the bus: Could not parse server address: Unknown address type (examples of valid types are "tcp" and on UNIX "unix")
[48:48:0929/204032.607614:VERBOSE1:components/proxy_config/pref_proxy_config_tracker_impl.cc:199] 0x4c00082d00: set chrome proxy config service to 0x4c0006e9a0
[48:48:0929/204032.670769:VERBOSE1:chrome/browser/signin/account_consistency_mode_manager.cc:207] Desktop Identity Consistency disabled as sign-in to Chrome is not allowed
[48:48:0929/204032.817249:VERBOSE1:components/signin/internal/identity_manager/mutable_profile_oauth2_token_service_delegate.cc:318] MutablePO2TS::MutablePO2TS
[48:180:0929/204034.148926:VERBOSE1:net/disk_cache/simple/simple_index_file.cc:607] Simple Cache Index is being restored from disk.
[48:181:0929/204034.150908:VERBOSE1:net/disk_cache/simple/simple_index_file.cc:607] Simple Cache Index is being restored from disk.
[48:180:0929/204034.154254:VERBOSE1:base/files/file_util_posix.cc:317] Cannot stat "/root/mp-chromium-profile/Default/Code Cache/js/index-dir/the-real-index": No such file or directory (2)
[48:181:0929/204034.160537:VERBOSE1:base/files/file_util_posix.cc:317] Cannot stat "/root/mp-chromium-profile/Default/Code Cache/wasm/index-dir/the-real-index": No such file or directory (2)
[48:48:0929/204034.311821:VERBOSE1:components/proxy_config/pref_proxy_config_tracker_impl.cc:199] 0x4c00084200: set chrome proxy config service to 0x4c00072280
[48:48:0929/204035.521409:VERBOSE1:chrome/browser/signin/account_consistency_mode_manager.cc:207] Desktop Identity Consistency disabled as sign-in to Chrome is not allowed
[48:48:0929/204036.060153:VERBOSE1:extensions/browser/api/bluetooth_low_energy/bluetooth_low_energy_event_router.cc:291] Initializing BluetoothLowEnergyEventRouter.
[48:48:0929/204036.554941:VERBOSE1:chrome/browser/permissions/prediction_service/prediction_model_handler_provider_factory.cc:58] [PermissionsAI]: PredictionModelHandlerProviderFactory::BuildServiceInstanceForBrowserContext
[48:48:0929/204036.556077:VERBOSE1:chrome/browser/permissions/prediction_service/prediction_model_handler_provider_factory.cc:66] [PermissionsAI]: OptimizationGuideKeyedService not available.
[48:48:0929/204038.591189:VERBOSE1:extensions/browser/extension_registrar.cc:521] AddComponentExtension Web Store
[48:48:0929/204038.593491:VERBOSE1:extensions/browser/extension_registrar.cc:523] Component extension Web Store (ahfgeienlihckogmohjhadlkjgocpleb) installing/upgrading from '' to 0.2
[48:48:0929/204039.171365:VERBOSE1:extensions/browser/extension_registrar.cc:521] AddComponentExtension Chromium PDF Viewer
[48:48:0929/204039.171922:VERBOSE1:extensions/browser/extension_registrar.cc:523] Component extension Chromium PDF Viewer (mhjfbmdgcfjbbpaeojofohoefgiehjai) installing/upgrading from '' to 1
[48:48:0929/204039.214073:VERBOSE1:extensions/browser/extension_registrar.cc:521] AddComponentExtension Google Hangouts
[48:48:0929/204039.214624:VERBOSE1:extensions/browser/extension_registrar.cc:523] Component extension Google Hangouts (nkeimhogjdpnpccoofpliimaahmaaome) installing/upgrading from '' to 1.3.26
[48:48:0929/204039.273552:VERBOSE1:components/signin/internal/identity_manager/mutable_profile_oauth2_token_service_delegate.cc:408] MutablePO2TS::RefreshTokenIsAvailable
[48:48:0929/204039.282482:VERBOSE1:components/signin/internal/identity_manager/mutable_profile_oauth2_token_service_delegate.cc:408] MutablePO2TS::RefreshTokenIsAvailable
[48:48:0929/204039.292852:VERBOSE1:chrome/browser/signin/account_consistency_mode_manager.cc:207] Desktop Identity Consistency disabled as sign-in to Chrome is not allowed
[48:48:0929/204039.295849:VERBOSE1:components/signin/core/browser/account_reconcilor.cc:165] AccountReconcilor::AccountReconcilor
[48:48:0929/204039.296694:VERBOSE1:components/signin/core/browser/account_reconcilor.cc:203] AccountReconcilor::Initialize
[48:180:0929/204039.454460:VERBOSE1:base/files/file_util_posix.cc:317] Cannot stat "/root/mp-chromium-profile/Default/Policy/User Policy": No such file or directory (2)
[48:180:0929/204039.455514:VERBOSE1:base/files/file_util_posix.cc:317] Cannot stat "/root/mp-chromium-profile/Default/Policy/Signing Key": No such file or directory (2)
[48:48:0929/204039.706853:VERBOSE1:chrome/browser/profiles/profile_manager.cc:1277] AddKeepAlive(Default, kBrowserWindow). keep_alives=[kWaitingForFirstBrowserWindow (1), kBrowserWindow (1)]
[48:48:0929/204039.708357:VERBOSE1:chrome/browser/profiles/profile_manager.cc:1359] ClearFirstBrowserWindowKeepAlive(Default). keep_alives=[kBrowserWindow (1)]
[48:182:0929/204041.157992:ERROR:dbus/bus.cc:408] Failed to connect to the bus: Could not parse server address: Unknown address type (examples of valid types are "tcp" and on UNIX "unix")
[48:182:0929/204041.162399:ERROR:dbus/bus.cc:408] Failed to connect to the bus: Could not parse server address: Unknown address type (examples of valid types are "tcp" and on UNIX "unix")
[48:48:0929/204041.493789:WARNING:ui/ozone/platform/wayland/host/wayland_surface.cc:170] Server doesn't support zcr_alpha_compositing_v1.
[48:48:0929/204041.494172:WARNING:ui/ozone/platform/wayland/host/wayland_surface.cc:185] Server doesn't support overlay_prioritizer.
[48:48:0929/204041.494376:WARNING:ui/ozone/platform/wayland/host/wayland_surface.cc:200] Server doesn't support wp_content_type_v1
[48:48:0929/204041.494576:WARNING:ui/ozone/platform/wayland/host/wayland_surface.cc:214] Server doesn't support wp_color_management_surface_v1.
[48:48:0929/204041.651702:WARNING:ui/ozone/platform/wayland/host/wayland_connection.cc:408] text-input-v3 not available.
[48:48:0929/204042.093769:VERBOSE1:chrome/browser/signin/account_consistency_mode_manager.cc:207] Desktop Identity Consistency disabled as sign-in to Chrome is not allowed
[48:48:0929/204043.801398:VERBOSE1:google_apis/gaia/gaia_auth_util.cc:54] Canonicalized @gmail.com to @gmail.com
[48:48:0929/204043.802052:VERBOSE1:google_apis/gaia/gaia_auth_util.cc:54] Canonicalized @gmail.com to @gmail.com
[48:48:0929/204045.838065:VERBOSE1:chrome/browser/enterprise/data_protection/data_protection_navigation_observer.cc:216] enterprise.data_protection: same document navigation: 0
[48:48:0929/204045.839487:VERBOSE1:chrome/browser/enterprise/data_protection/data_protection_navigation_observer.cc:218] enterprise.data_protection: URL to scan: file:///usr/share/html-test/index.html
[48:48:0929/204047.110806:VERBOSE1:components/signin/internal/identity_manager/mutable_profile_oauth2_token_service_delegate.cc:408] MutablePO2TS::RefreshTokenIsAvailable
[48:48:0929/204047.112491:VERBOSE1:chrome/browser/signin/account_consistency_mode_manager.cc:207] Desktop Identity Consistency disabled as sign-in to Chrome is not allowed
[239:239:0929/204048.632341:INFO:content/child/child_thread_impl.cc:909] ChildThreadImpl::EnsureConnected()
[48:48:0929/204050.275706:ERROR:dbus/object_proxy.cc:573] Failed to call method: org.freedesktop.DBus.NameHasOwner: object_path= /org/freedesktop/DBus: unknown error type: 
[48:182:0929/204050.283539:ERROR:dbus/bus.cc:408] Failed to connect to the bus: Could not parse server address: Unknown address type (examples of valid types are "tcp" and on UNIX "unix")
[48:182:0929/204050.290095:ERROR:dbus/bus.cc:408] Failed to connect to the bus: Could not parse server address: Unknown address type (examples of valid types are "tcp" and on UNIX "unix")
[48:182:0929/204050.296355:ERROR:dbus/bus.cc:408] Failed to connect to the bus: Could not parse server address: Unknown address type (examples of valid types are "tcp" and on UNIX "unix")
[48:182:0929/204050.297061:ERROR:dbus/bus.cc:408] Failed to connect to the bus: Could not parse server address: Unknown address type (examples of valid types are "tcp" and on UNIX "unix")
[48:182:0929/204050.300437:ERROR:dbus/bus.cc:408] Failed to connect to the bus: Could not parse server address: Unknown address type (examples of valid types are "tcp" and on UNIX "unix")
[48:182:0929/204050.301532:ERROR:dbus/bus.cc:408] Failed to connect to the bus: Could not parse server address: Unknown address type (examples of valid types are "tcp" and on UNIX "unix")
[48:48:0929/204050.303102:WARNING:device/bluetooth/dbus/bluez_dbus_manager.cc:209] Floss manager service not available, cannot set Floss enable/disable.
[48:48:0929/204051.002483:ERROR:dbus/object_proxy.cc:573] Failed to call method: org.freedesktop.DBus.NameHasOwner: object_path= /org/freedesktop/DBus: unknown error type: 
[48:48:0929/204052.672830:VERBOSE1:components/signin/internal/identity_manager/mutable_profile_oauth2_token_service_delegate.cc:408] MutablePO2TS::RefreshTokenIsAvailable
[48:48:0929/204052.673417:VERBOSE1:chrome/browser/signin/account_consistency_mode_manager.cc:207] Desktop Identity Consistency disabled as sign-in to Chrome is not allowed
[48:48:0929/204052.879243:ERROR:dbus/object_proxy.cc:573] Failed to call method: org.freedesktop.DBus.NameHasOwner: object_path= /org/freedesktop/DBus: unknown error type: 
[48:48:0929/204052.880423:VERBOSE1:ui/base/idle/idle_linux.cc:117] org.freedesktop.ScreenSaver D-Bus service does not exist
[48:182:0929/204052.886273:ERROR:dbus/bus.cc:408] Failed to connect to the bus: Could not parse server address: Unknown address type (examples of valid types are "tcp" and on UNIX "unix")
[48:48:0929/204052.888339:ERROR:dbus/object_proxy.cc:573] Failed to call method: org.freedesktop.DBus.NameHasOwner: object_path= /org/freedesktop/DBus: unknown error type: 
[48:48:0929/204052.890937:WARNING:ui/ozone/platform/wayland/host/org_gnome_mutter_idle_monitor.cc:87] org.gnome.Mutter.IdleMonitor D-Bus service does not exist
[236:290:0929/204052.968737:VERBOSE1:net/base/network_delegate.cc:37] NetworkDelegate::NotifyBeforeURLRequest: http://clients2.google.com/time/1/current?cup2key=9:bPYHkkrv7CB4cU5UsLrht85mLJj6kPBzs7dSKuk-1S8&cup2hreq=e3b0c44298fc1c149afbf4c8996fb92427ae41e4649b934ca495991b7852b855
[48:181:0929/204053.546153:VERBOSE1:content/browser/loader/file_url_loader_factory.cc:474] FileURLLoader::Start: file:///usr/share/html-test/index.html
[48:182:0929/204054.372354:ERROR:dbus/bus.cc:408] Failed to connect to the bus: Failed to connect to socket /run/dbus/system_bus_socket: No such file or directory
[48:182:0929/204054.380863:ERROR:dbus/bus.cc:408] Failed to connect to the bus: Failed to connect to socket /run/dbus/system_bus_socket: No such file or directory
[236:236:0929/204054.410679:INFO:content/child/child_thread_impl.cc:909] ChildThreadImpl::EnsureConnected()
[48:48:0929/204054.431381:ERROR:dbus/object_proxy.cc:573] Failed to call method: org.freedesktop.DBus.NameHasOwner: object_path= /org/freedesktop/DBus: unknown error type: 
[48:48:0929/204054.456148:ERROR:dbus/object_proxy.cc:573] Failed to call method: org.freedesktop.DBus.NameHasOwner: object_path= /org/freedesktop/DBus: unknown error type: 
[48:182:0929/204054.515019:ERROR:dbus/bus.cc:408] Failed to connect to the bus: Could not parse server address: Unknown address type (examples of valid types are "tcp" and on UNIX "unix")
[48:48:0929/204054.535205:ERROR:dbus/object_proxy.cc:573] Failed to call method: org.freedesktop.DBus.NameHasOwner: object_path= /org/freedesktop/DBus: unknown error type: 
[0929/204056.444979:ERROR:third_party/crashpad/crashpad/util/linux/scoped_ptrace_attach.cc:27] ptrace: Function not implemented (38)
[48:48:0929/204057.342215:ERROR:dbus/object_proxy.cc:573] Failed to call method: org.freedesktop.DBus.NameHasOwner: object_path= /org/freedesktop/DBus: unknown error type: 
[48:48:0929/204057.346117:VERBOSE1:ui/base/idle/idle_linux.cc:117] org.cinnamon.ScreenSaver D-Bus service does not exist
[48:182:0929/204057.357631:ERROR:dbus/bus.cc:408] Failed to connect to the bus: Could not parse server address: Unknown address type (examples of valid types are "tcp" and on UNIX "unix")
[48:48:0929/204058.216109:WARNING:dbus/property.cc:94] Failed to connect to PropertiesChangedsignal.
[48:48:0929/204058.225066:ERROR:dbus/object_proxy.cc:573] Failed to call method: org.freedesktop.DBus.Properties.GetAll: object_path= /org/freedesktop/UPower/devices/DisplayDevice: unknown error type: 
[48:48:0929/204058.225487:WARNING:dbus/property.cc:174] GetAll request failed for: org.freedesktop.UPower.Device
[48:48:0929/204058.389348:ERROR:dbus/object_proxy.cc:573] Failed to call method: org.freedesktop.DBus.NameHasOwner: object_path= /org/freedesktop/DBus: unknown error type: 
[48:206:0929/204059.274999:VERBOSE1:base/files/file_util_posix.cc:317] Cannot stat "/root/mp-chromium-profile/DeferredBrowserMetrics": No such file or directory (2)
[48:206:0929/204059.732207:VERBOSE1:base/files/file_util_posix.cc:317] Cannot stat "/root/mp-chromium-profile/CrashpadMetrics.pma": No such file or directory (2)
[48:211:0929/204059.870597:VERBOSE1:base/files/file_util_posix.cc:317] Cannot stat "/root/mp-chromium-profile/Breadcrumbs": No such file or directory (2)
[48:211:0929/204059.883296:VERBOSE1:base/files/file_util_posix.cc:317] Cannot stat "/root/mp-chromium-profile/Default/Media Cache": No such file or directory (2)
[48:206:0929/204100.138001:VERBOSE1:base/files/file_util_posix.cc:317] Cannot stat "/root/mp-chromium-profile/Default/webrtc_event_logs": No such file or directory (2)
[48:211:0929/204100.269126:VERBOSE1:base/files/file_util_posix.cc:317] Cannot stat "/root/mp-chromium-profile/Default/databases": No such file or directory (2)
[48:48:0929/204101.275454:VERBOSE1:chrome/browser/web_applications/locks/partitioned_lock_manager.cc:211] Acquiring <PartitionedLockId>{id: 0x31, partition: 0} for Start@chrome/browser/web_applications/generated_icon_fix_manager.cc:60
[48:48:0929/204101.288766:VERBOSE1:chrome/browser/web_applications/locks/partitioned_lock_manager.cc:193] All locks acquired for Start@chrome/browser/web_applications/generated_icon_fix_manager.cc:60
