Date: 2026-09-23 UTC
[05:34:54.719] weston 14.0.2
               https://wayland.freedesktop.org
               Bug reports to: https://gitlab.freedesktop.org/wayland/weston/issues/
               Build: 14.0.2
[05:34:54.724] Command line: weston --backend=drm-backend.so --renderer=pixman --drm-device=card0 --seat=seat0 --idle-time=0 --debug --log=/root/input15-weston.log
[05:34:54.724] OS: Linux, 10.0.0, 10.0.0, aarch64
[05:34:54.725] Flight recorder: enabled
[05:34:54.737] Starting with no config file.
[05:34:54.762] Output repaint window is 7 ms maximum.
[05:34:54.770] Loading module '/usr/lib/libweston-14/drm-backend.so'
[05:34:54.871] initializing drm backend
[05:34:54.874] Trying libseat launcher...
[05:34:54.891] [libseat/libseat.c:62] Seat opened with backend 'seatd'
[05:34:54.892] [libseat/backend/seatd.c:212] Enabling seat
[05:34:54.892] libseat: session control granted
[05:34:54.910] using /dev/dri/card0
[05:34:54.913] DRM: does not support atomic modesetting
[05:34:54.914] DRM: supports GBM modifiers
[05:34:54.914] DRM: does not support Atomic async page flip
[05:34:54.914] DRM: supports picture aspect ratio
[05:34:54.919] Using Pixman renderer
[05:34:55.113] event0  - failed to create input device '/dev/input/event0'
[05:34:55.123] event1  - failed to create input device '/dev/input/event1'
[05:34:55.126] warning: no input devices on entering Weston. Possible causes:
	- no permissions to read /dev/input/event*
	- seats misconfigured (Weston backend option 'seat', udev device property ID_SEAT)
[05:34:55.126] failed to create input devices
[05:34:55.132] fatal: failed to create compositor backend
