MP_AUTORUN_START_EPOCH_MS=1790598462
MP_AUTORUN_START_MONO_MS=0
[mpdiag] PAGE_URL=file:///usr/share/html-test/index.html
[mpdiag] TRACE_MODE=0
[mpdiag] GL_MODE=legacy
[mpdiag] NET_MODE=normal
[mpdiag] kernel=Linux 10.0.0 aarch64
[mpdiag] LD_PRELOAD=<unset>
[mpdiag] STRACE_PATH=missing
[mpdiag] STRACE_FILE=/usr/bin/strace
MP_WESTON_SOCKET=wayland-1
[mpdiag] weston_pid=31 alive=yes
/dev/input:
total 0
crw-rw----    1 root     input      13,  64 Sep 28 12:27 event0
crw-rw----    1 root     input      13,  65 Sep 28 12:27 event1

/sys/class/input:
total 0
drwxr-xr-x    2 root     root             0 Jan  1  1970 event0
drwxr-xr-x    2 root     root             0 Jan  1  1970 event1
lrwxrwxrwx    1 root     root            50 Jan  1  1970 input0 -> ../../devices/pci0000:00/0000:00:05.0/input/input0
lrwxrwxrwx    1 root     root            50 Jan  1  1970 input1 -> ../../devices/pci0000:00/0000:00:06.0/input/input1
[mpdiag] CHROME_ARGS=--ozone-platform=wayland --use-gl=swiftshader --in-process-gpu --no-sandbox --disable-dev-shm-usage --disable-crash-reporter --disable-breakpad --no-first-run --no-default-browser-check --disable-sync --disable-component-update --disable-background-networking --window-size=1280,800 --start-fullscreen --kiosk --disable-features=Vulkan,SegmentationPlatform,OptimizationGuideModelDownloading,OptimizationHints,WebAppProvider,InterestFeedContentSuggestions --enable-logging=stderr --v=1 --vmodule=*wayland*=2,*ozone*=2,*navigation*=2,*render_process*=2,*zygote*=2,*mojo*=2 --user-data-dir=/root/mp-chromium-profile
MP_BROWSER_START_EPOCH_MS=1790598482
MP_BROWSER_START_MONO_MS=0
[mpdiag] browser_pid=53
MP_SAMPLE_ELAPSED_SEC=0
MP_RENDERER_COUNT=0
MP_RSS_KB=0
MP_SNAPSHOT=0s
MP_PS_BEGIN=0s
MP_PS    53 root      0:00 /usr/lib/chromium/chromium --ozone-platform=wayland --use-gl=swiftshader --in-process-gpu --no-sandbox --disable-dev-shm-usage --disable-crash-reporter --disable-breakpad --no-first-run --no-default-browser-check --disable-sync --disable-component-update --disable-background-networking --window-size=1280,800 --start-fullscreen --kiosk --disable-features=Vulkan,SegmentationPlatform,OptimizationGuideModelDownloading,OptimizationHints,WebAppProvider,InterestFeedContentSuggestions --enable-logging=stderr --v=1 --vmodule=*wayland*=2,*ozone*=2,*navigation*=2,*render_process*=2,*zygote*=2,*mojo*=2 --user-data-dir=/root/mp-chromium-profile file:///usr/share/html-test/index.html
MP_PS   103 root      0:00 {busybox} grep -E chromium|chrome|type=(renderer|zygote|utility|gpu-process)
MP_PS_END=0s
MP_SAMPLE_ELAPSED_SEC=5
MP_RENDERER_COUNT=0
MP_RSS_KB=0
MP_SNAPSHOT=5s
MP_PS_BEGIN=5s
MP_PS    53 root      0:00 /usr/lib/chromium/chromium --ozone-platform=wayland --use-gl=swiftshader --in-process-gpu --no-sandbox --disable-dev-shm-usage --disable-crash-reporter --disable-breakpad --no-first-run --no-default-browser-check --disable-sync --disable-component-update --disable-background-networking --window-size=1280,800 --start-fullscreen --kiosk --disable-features=Vulkan,SegmentationPlatform,OptimizationGuideModelDownloading,OptimizationHints,WebAppProvider,InterestFeedContentSuggestions --enable-logging=stderr --v=1 --vmodule=*wayland*=2,*ozone*=2,*navigation*=2,*render_process*=2,*zygote*=2,*mojo*=2 --user-data-dir=/root/mp-chromium-profile file:///usr/share/html-test/index.html
MP_PS   175 root      0:00 {busybox} grep -E chromium|chrome|type=(renderer|zygote|utility|gpu-process)
MP_PS_END=5s
MP_SAMPLE_ELAPSED_SEC=10
MP_RENDERER_COUNT=0
MP_RSS_KB=0
MP_SNAPSHOT=10s
MP_PS_BEGIN=10s
MP_PS    53 root      0:00 /usr/lib/chromium/chromium --ozone-platform=wayland --use-gl=swiftshader --in-process-gpu --no-sandbox --disable-dev-shm-usage --disable-crash-reporter --disable-breakpad --no-first-run --no-default-browser-check --disable-sync --disable-component-update --disable-background-networking --window-size=1280,800 --start-fullscreen --kiosk --disable-features=Vulkan,SegmentationPlatform,OptimizationGuideModelDownloading,OptimizationHints,WebAppProvider,InterestFeedContentSuggestions --enable-logging=stderr --v=1 --vmodule=*wayland*=2,*ozone*=2,*navigation*=2,*render_process*=2,*zygote*=2,*mojo*=2 --user-data-dir=/root/mp-chromium-profile file:///usr/share/html-test/index.html
MP_PS   199 root      0:00 /usr/lib/chromium/chrome_crashpad_handler --monitor-self --monitor-self-annotation=ptype=crashpad-handler --database=/root/.config/chromium/Crash Reports --annotation=lsb-release=Alpine Linux v3.22 --annotation=plat=Linux --annotation=prod=Chrome_Linux --annotation=ver=142.0.7444.59 --initial-client-fd=4 --shared-client-connection
MP_PS   201 root      0:00 /usr/lib/chromium/chrome_crashpad_handler --no-periodic-tasks --monitor-self-annotation=ptype=crashpad-handler --database=/root/.config/chromium/Crash Reports --annotation=lsb-release=Alpine Linux v3.22 --annotation=plat=Linux --annotation=prod=Chrome_Linux --annotation=ver=142.0.7444.59 --initial-client-fd=5 --shared-client-connection
MP_PS   279 root      0:00 {busybox} grep -E chromium|chrome|type=(renderer|zygote|utility|gpu-process)
MP_PS_END=10s
MP_SAMPLE_ELAPSED_SEC=15
MP_RENDERER_COUNT=0
MP_RSS_KB=0
MP_SNAPSHOT=15s
MP_PS_BEGIN=15s
MP_PS    53 root      0:00 /usr/lib/chromium/chromium --ozone-platform=wayland --use-gl=swiftshader --in-process-gpu --no-sandbox --disable-dev-shm-usage --disable-crash-reporter --disable-breakpad --no-first-run --no-default-browser-check --disable-sync --disable-component-update --disable-background-networking --window-size=1280,800 --start-fullscreen --kiosk --disable-features=Vulkan,SegmentationPlatform,OptimizationGuideModelDownloading,OptimizationHints,WebAppProvider,InterestFeedContentSuggestions --enable-logging=stderr --v=1 --vmodule=*wayland*=2,*ozone*=2,*navigation*=2,*render_process*=2,*zygote*=2,*mojo*=2 --user-data-dir=/root/mp-chromium-profile file:///usr/share/html-test/index.html
MP_PS   199 root      0:00 /usr/lib/chromium/chrome_crashpad_handler --monitor-self --monitor-self-annotation=ptype=crashpad-handler --database=/root/.config/chromium/Crash Reports --annotation=lsb-release=Alpine Linux v3.22 --annotation=plat=Linux --annotation=prod=Chrome_Linux --annotation=ver=142.0.7444.59 --initial-client-fd=4 --shared-client-connection
MP_PS   201 root      0:00 /usr/lib/chromium/chrome_crashpad_handler --no-periodic-tasks --monitor-self-annotation=ptype=crashpad-handler --database=/root/.config/chromium/Crash Reports --annotation=lsb-release=Alpine Linux v3.22 --annotation=plat=Linux --annotation=prod=Chrome_Linux --annotation=ver=142.0.7444.59 --initial-client-fd=5 --shared-client-connection
MP_PS   381 root      0:00 {busybox} grep -E chromium|chrome|type=(renderer|zygote|utility|gpu-process)
MP_PS_END=15s
MP_SAMPLE_ELAPSED_SEC=20
MP_RENDERER_COUNT=0
MP_RSS_KB=0
MP_SNAPSHOT=20s
MP_PS_BEGIN=20s
MP_PS    53 root      0:00 /usr/lib/chromium/chromium --ozone-platform=wayland --use-gl=swiftshader --in-process-gpu --no-sandbox --disable-dev-shm-usage --disable-crash-reporter --disable-breakpad --no-first-run --no-default-browser-check --disable-sync --disable-component-update --disable-background-networking --window-size=1280,800 --start-fullscreen --kiosk --disable-features=Vulkan,SegmentationPlatform,OptimizationGuideModelDownloading,OptimizationHints,WebAppProvider,InterestFeedContentSuggestions --enable-logging=stderr --v=1 --vmodule=*wayland*=2,*ozone*=2,*navigation*=2,*render_process*=2,*zygote*=2,*mojo*=2 --user-data-dir=/root/mp-chromium-profile file:///usr/share/html-test/index.html
MP_PS   199 root      0:00 /usr/lib/chromium/chrome_crashpad_handler --monitor-self --monitor-self-annotation=ptype=crashpad-handler --database=/root/.config/chromium/Crash Reports --annotation=lsb-release=Alpine Linux v3.22 --annotation=plat=Linux --annotation=prod=Chrome_Linux --annotation=ver=142.0.7444.59 --initial-client-fd=4 --shared-client-connection
MP_PS   201 root      0:00 /usr/lib/chromium/chrome_crashpad_handler --no-periodic-tasks --monitor-self-annotation=ptype=crashpad-handler --database=/root/.config/chromium/Crash Reports --annotation=lsb-release=Alpine Linux v3.22 --annotation=plat=Linux --annotation=prod=Chrome_Linux --annotation=ver=142.0.7444.59 --initial-client-fd=5 --shared-client-connection
MP_PS   420 root      0:00 {chromium} /proc/self/exe --type=utility --utility-sub-type=network.mojom.NetworkService --lang=en-US --service-sandbox-type=none --no-sandbox --disable-dev-shm-usage --use-gl=swiftshader --crashpad-handler-pid=0 --enable-crash-reporter=, --user-data-dir=/root/mp-chromium-profile --change-stack-guard-on-fork=enable --shared-files=v8_context_snapshot_data:100 --metrics-shmem-handle=4,i,18001315787875965127,17968624060105993005,524288 --field-trial-handle=3,i,8623675926917280661,2660054115007175943,262144 --disable-features=InterestFeedContentSuggestions,OptimizationGuideModelDownloading,OptimizationHints,SegmentationPlatform,Vulkan,WebAppProvider --variations-seed-version --trace-process-track-uuid=3190708989122997041 --enable-logging=stderr --v=1 --vmodule=*wayland*=2,*ozone*=2,*navigation*=2,*render_process*=2,*zygote*=2,*mojo*=2
MP_PS   489 root      0:00 {busybox} grep -E chromium|chrome|type=(renderer|zygote|utility|gpu-process)
MP_PS_END=20s
MP_PROC pid=420 state= threads= wchan= maps=592 cmd=/proc/self/exe --type=utility --utility-sub-type=network.mojom.NetworkService --lang=en-US --service-sandbox-type=none --no-sandbox --disable-dev-shm-usage --use-gl=swiftshader --crashpad-handler-pid=0 --enable-crash-reporter=, --user-data-dir=/root/mp-chromium-profile --change-stack-guard-on-fork=enable --shared-files=v8_context_snapshot_data:100 --metrics-shmem-handle=4,i,18001315787875965127,17968624060105993005,524288 --field-trial-handle=3,i,8623675926917280661,2660054115007175943,262144 --disable-features=InterestFeedContentSuggestions,OptimizationGuideModelDownloading,OptimizationHints,SegmentationPlatform,Vulkan,WebAppProvider --variations-seed-version --trace-process-track-uuid=3190708989122997041 --enable-logging=stderr --v=1 --vmodule=*wayland*=2,*ozone*=2,*navigation*=2,*render_process*=2,*zygote*=2,*mojo*=2 
MP_SAMPLE_ELAPSED_SEC=25
MP_RENDERER_COUNT=0
MP_RSS_KB=0
MP_SNAPSHOT=25s
MP_PS_BEGIN=25s
MP_PS    53 root      0:00 /usr/lib/chromium/chromium --ozone-platform=wayland --use-gl=swiftshader --in-process-gpu --no-sandbox --disable-dev-shm-usage --disable-crash-reporter --disable-breakpad --no-first-run --no-default-browser-check --disable-sync --disable-component-update --disable-background-networking --window-size=1280,800 --start-fullscreen --kiosk --disable-features=Vulkan,SegmentationPlatform,OptimizationGuideModelDownloading,OptimizationHints,WebAppProvider,InterestFeedContentSuggestions --enable-logging=stderr --v=1 --vmodule=*wayland*=2,*ozone*=2,*navigation*=2,*render_process*=2,*zygote*=2,*mojo*=2 --user-data-dir=/root/mp-chromium-profile file:///usr/share/html-test/index.html
MP_PS   199 root      0:00 /usr/lib/chromium/chrome_crashpad_handler --monitor-self --monitor-self-annotation=ptype=crashpad-handler --database=/root/.config/chromium/Crash Reports --annotation=lsb-release=Alpine Linux v3.22 --annotation=plat=Linux --annotation=prod=Chrome_Linux --annotation=ver=142.0.7444.59 --initial-client-fd=4 --shared-client-connection
MP_PS   201 root      0:00 /usr/lib/chromium/chrome_crashpad_handler --no-periodic-tasks --monitor-self-annotation=ptype=crashpad-handler --database=/root/.config/chromium/Crash Reports --annotation=lsb-release=Alpine Linux v3.22 --annotation=plat=Linux --annotation=prod=Chrome_Linux --annotation=ver=142.0.7444.59 --initial-client-fd=5 --shared-client-connection
MP_PS   420 root      0:00 {chromium} /proc/self/exe --type=utility --utility-sub-type=network.mojom.NetworkService --lang=en-US --service-sandbox-type=none --no-sandbox --disable-dev-shm-usage --use-gl=swiftshader --crashpad-handler-pid=0 --enable-crash-reporter=, --user-data-dir=/root/mp-chromium-profile --change-stack-guard-on-fork=enable --shared-files=v8_context_snapshot_data:100 --metrics-shmem-handle=4,i,18001315787875965127,17968624060105993005,524288 --field-trial-handle=3,i,8623675926917280661,2660054115007175943,262144 --disable-features=InterestFeedContentSuggestions,OptimizationGuideModelDownloading,OptimizationHints,SegmentationPlatform,Vulkan,WebAppProvider --variations-seed-version --trace-process-track-uuid=3190708989122997041 --enable-logging=stderr --v=1 --vmodule=*wayland*=2,*ozone*=2,*navigation*=2,*render_process*=2,*zygote*=2,*mojo*=2
MP_PS   602 root      0:00 {busybox} grep -E chromium|chrome|type=(renderer|zygote|utility|gpu-process)
MP_PS_END=25s
MP_PROC pid=420 state= threads= wchan= maps=638 cmd=/proc/self/exe --type=utility --utility-sub-type=network.mojom.NetworkService --lang=en-US --service-sandbox-type=none --no-sandbox --disable-dev-shm-usage --use-gl=swiftshader --crashpad-handler-pid=0 --enable-crash-reporter=, --user-data-dir=/root/mp-chromium-profile --change-stack-guard-on-fork=enable --shared-files=v8_context_snapshot_data:100 --metrics-shmem-handle=4,i,18001315787875965127,17968624060105993005,524288 --field-trial-handle=3,i,8623675926917280661,2660054115007175943,262144 --disable-features=InterestFeedContentSuggestions,OptimizationGuideModelDownloading,OptimizationHints,SegmentationPlatform,Vulkan,WebAppProvider --variations-seed-version --trace-process-track-uuid=3190708989122997041 --enable-logging=stderr --v=1 --vmodule=*wayland*=2,*ozone*=2,*navigation*=2,*render_process*=2,*zygote*=2,*mojo*=2 
MP_BROWSER_EXIT_EPOCH_MS=1790598644
MP_BROWSER_EXIT_RC=133
MP_RSS_MAX_KB=0
MP_RENDERER_SEEN=0
MP_RENDERER_MAX_STREAK=0
MP_GATE=0
[mpdiag] CHROMIUM_LOG_BYTES=24401
[53:312:0928/122901.445964:VERBOSE1:base/files/file_util_posix.cc:317] Cannot stat "/root/mp-chromium-profile/component_crx_cache/metadata.json": No such file or directory (2)
[53:413:0928/122901.889974:WARNING:ui/ozone/platform/wayland/ozone_platform_wayland.cc:325] Failed to find drm render node path.
[53:413:0928/122901.903902:WARNING:ui/ozone/platform/wayland/gpu/wayland_buffer_manager_gpu.cc:458] Failed to initialize drm render node handle.
[53:413:0928/122901.970343:ERROR:ui/gl/init/gl_factory.cc:102] Requested GL implementation (gl=none,angle=none) not found in allowed implementations: [(gl=egl-angle,angle=opengl),(gl=egl-angle,angle=opengles),(gl=egl-angle,angle=vulkan),(gl=egl-angle,angle=swiftshader)].
[53:413:0928/122901.975501:VERBOSE1:gpu/ipc/service/gpu_init.cc:1030] gl::init::InitializeGLNoExtensionsOneOff failed
[53:413:0928/122902.011276:VERBOSE1:media/gpu/vaapi/vaapi_wrapper.cc:1585] GetHandle(): Either VADisplayStateSingleton::PreSandboxInitialization() hasn't been called or that method failed to find a suitable render node
[53:413:0928/122902.199146:VERBOSE1:components/viz/service/main/viz_main_impl.cc:86] VizNullHypothesis is disabled (not a warning)
[53:314:0928/122902.300272:VERBOSE1:content/browser/renderer_host/media/media_stream_manager.cc:1555] MSM::InitializeMaybeAsync([this=0x1c000f7980])
[53:314:0928/122902.335487:VERBOSE1:content/browser/renderer_host/media/media_stream_manager.cc:1555] MDM::MediaDevicesManager()
[53:314:0928/122902.341800:VERBOSE1:content/browser/renderer_host/media/media_stream_manager.cc:1555] MSM::MediaStreamManager([this=0x1c000f7980]))
[53:309:0928/122902.441656:VERBOSE1:base/files/file_util_posix.cc:317] Cannot stat "/root/mp-chromium-profile/Consent To Send Stats": No such file or directory (2)
[53:53:0928/122903.102039:VERBOSE1:components/os_crypt/sync/key_storage_util_linux.cc:46] Password storage detected desktop environment: (unknown)
[53:53:0928/122903.105134:VERBOSE1:components/os_crypt/sync/key_storage_linux.cc:116] Selected backend for OSCrypt: BASIC_TEXT
[53:53:0928/122903.108039:VERBOSE1:components/os_crypt/sync/key_storage_linux.cc:135] OSCrypt did not initialize a backend.
[53:53:0928/122903.148632:VERBOSE1:components/enterprise/browser/controller/chrome_browser_cloud_management_controller.cc:171] Cloud management controller initialization aborted as CBCM is not enabled. Please use the `--enable-chrome-browser-cloud-management` command line flag to enable it if you are not using the official Google Chrome build.
[53:53:0928/122906.176706:VERBOSE1:chrome/browser/signin/account_consistency_mode_manager.cc:207] Desktop Identity Consistency disabled as sign-in to Chrome is not allowed
[53:53:0928/122906.316887:VERBOSE1:components/device_event_log/device_event_log_impl.cc:200] [12:29:06.311] Bluetooth: EVENT: bluetooth_api.cc:82 BluetoothAPI: 0x1c00457bc0
[53:309:0928/122906.942893:VERBOSE1:base/files/file_util_posix.cc:317] Cannot stat "/root/mp-chromium-profile/Default/Web Applications/Logs/WebAppInstallManager.log": No such file or directory (2)
[53:311:0928/122907.418405:ERROR:dbus/bus.cc:408] Failed to connect to the bus: Could not parse server address: Unknown address type (examples of valid types are "tcp" and on UNIX "unix")
[53:53:0928/122908.184076:VERBOSE1:components/proxy_config/pref_proxy_config_tracker_impl.cc:199] 0x1c00083000: set chrome proxy config service to 0x1c0006de40
[53:53:0928/122908.283111:VERBOSE1:chrome/browser/signin/account_consistency_mode_manager.cc:207] Desktop Identity Consistency disabled as sign-in to Chrome is not allowed
[53:53:0928/122908.500730:VERBOSE1:components/signin/internal/identity_manager/mutable_profile_oauth2_token_service_delegate.cc:318] MutablePO2TS::MutablePO2TS
[53:312:0928/122909.735724:VERBOSE1:net/disk_cache/simple/simple_index_file.cc:607] Simple Cache Index is being restored from disk.
[53:309:0928/122909.737196:VERBOSE1:net/disk_cache/simple/simple_index_file.cc:607] Simple Cache Index is being restored from disk.
[53:312:0928/122909.749281:VERBOSE1:base/files/file_util_posix.cc:317] Cannot stat "/root/mp-chromium-profile/Default/Code Cache/wasm/index-dir/the-real-index": No such file or directory (2)
[53:309:0928/122909.757014:VERBOSE1:base/files/file_util_posix.cc:317] Cannot stat "/root/mp-chromium-profile/Default/Code Cache/js/index-dir/the-real-index": No such file or directory (2)
[53:53:0928/122909.847188:VERBOSE1:components/proxy_config/pref_proxy_config_tracker_impl.cc:199] 0x1c00084500: set chrome proxy config service to 0x1c0006fd20
[53:53:0928/122910.840368:VERBOSE1:chrome/browser/signin/account_consistency_mode_manager.cc:207] Desktop Identity Consistency disabled as sign-in to Chrome is not allowed
[53:53:0928/122911.213977:VERBOSE1:extensions/browser/api/bluetooth_low_energy/bluetooth_low_energy_event_router.cc:291] Initializing BluetoothLowEnergyEventRouter.
[53:53:0928/122911.579783:VERBOSE1:chrome/browser/permissions/prediction_service/prediction_model_handler_provider_factory.cc:58] [PermissionsAI]: PredictionModelHandlerProviderFactory::BuildServiceInstanceForBrowserContext
[53:53:0928/122911.581190:VERBOSE1:chrome/browser/permissions/prediction_service/prediction_model_handler_provider_factory.cc:66] [PermissionsAI]: OptimizationGuideKeyedService not available.
[53:53:0928/122913.835115:VERBOSE1:extensions/browser/extension_registrar.cc:521] AddComponentExtension Web Store
[53:53:0928/122913.844951:VERBOSE1:extensions/browser/extension_registrar.cc:523] Component extension Web Store (ahfgeienlihckogmohjhadlkjgocpleb) installing/upgrading from '' to 0.2
[53:53:0928/122914.560847:VERBOSE1:extensions/browser/extension_registrar.cc:521] AddComponentExtension Chromium PDF Viewer
[53:53:0928/122914.561635:VERBOSE1:extensions/browser/extension_registrar.cc:523] Component extension Chromium PDF Viewer (mhjfbmdgcfjbbpaeojofohoefgiehjai) installing/upgrading from '' to 1
[53:53:0928/122914.605547:VERBOSE1:extensions/browser/extension_registrar.cc:521] AddComponentExtension Google Hangouts
[53:53:0928/122914.606120:VERBOSE1:extensions/browser/extension_registrar.cc:523] Component extension Google Hangouts (nkeimhogjdpnpccoofpliimaahmaaome) installing/upgrading from '' to 1.3.26
[53:53:0928/122914.687766:VERBOSE1:components/signin/internal/identity_manager/mutable_profile_oauth2_token_service_delegate.cc:408] MutablePO2TS::RefreshTokenIsAvailable
[53:53:0928/122914.703326:VERBOSE1:components/signin/internal/identity_manager/mutable_profile_oauth2_token_service_delegate.cc:408] MutablePO2TS::RefreshTokenIsAvailable
[53:53:0928/122914.716800:VERBOSE1:chrome/browser/signin/account_consistency_mode_manager.cc:207] Desktop Identity Consistency disabled as sign-in to Chrome is not allowed
[53:53:0928/122914.723314:VERBOSE1:components/signin/core/browser/account_reconcilor.cc:165] AccountReconcilor::AccountReconcilor
[53:53:0928/122914.723962:VERBOSE1:components/signin/core/browser/account_reconcilor.cc:203] AccountReconcilor::Initialize
[53:309:0928/122914.931459:VERBOSE1:base/files/file_util_posix.cc:317] Cannot stat "/root/mp-chromium-profile/Default/Policy/User Policy": No such file or directory (2)
[53:309:0928/122914.932558:VERBOSE1:base/files/file_util_posix.cc:317] Cannot stat "/root/mp-chromium-profile/Default/Policy/Signing Key": No such file or directory (2)
[53:53:0928/122915.277491:VERBOSE1:chrome/browser/profiles/profile_manager.cc:1277] AddKeepAlive(Default, kBrowserWindow). keep_alives=[kWaitingForFirstBrowserWindow (1), kBrowserWindow (1)]
[53:53:0928/122915.279615:VERBOSE1:chrome/browser/profiles/profile_manager.cc:1359] ClearFirstBrowserWindowKeepAlive(Default). keep_alives=[kBrowserWindow (1)]
[53:311:0928/122919.135561:ERROR:dbus/bus.cc:408] Failed to connect to the bus: Could not parse server address: Unknown address type (examples of valid types are "tcp" and on UNIX "unix")
[53:311:0928/122919.140335:ERROR:dbus/bus.cc:408] Failed to connect to the bus: Could not parse server address: Unknown address type (examples of valid types are "tcp" and on UNIX "unix")
[53:53:0928/122919.528104:WARNING:ui/ozone/platform/wayland/host/wayland_surface.cc:170] Server doesn't support zcr_alpha_compositing_v1.
[53:53:0928/122919.528514:WARNING:ui/ozone/platform/wayland/host/wayland_surface.cc:185] Server doesn't support overlay_prioritizer.
[53:53:0928/122919.528774:WARNING:ui/ozone/platform/wayland/host/wayland_surface.cc:200] Server doesn't support wp_content_type_v1
[53:53:0928/122919.529024:WARNING:ui/ozone/platform/wayland/host/wayland_surface.cc:214] Server doesn't support wp_color_management_surface_v1.
[53:53:0928/122919.786044:WARNING:ui/ozone/platform/wayland/host/wayland_connection.cc:408] text-input-v3 not available.
[53:53:0928/122920.323526:VERBOSE1:chrome/browser/signin/account_consistency_mode_manager.cc:207] Desktop Identity Consistency disabled as sign-in to Chrome is not allowed
[53:53:0928/122922.325409:VERBOSE1:google_apis/gaia/gaia_auth_util.cc:54] Canonicalized @gmail.com to @gmail.com
[53:53:0928/122922.326519:VERBOSE1:google_apis/gaia/gaia_auth_util.cc:54] Canonicalized @gmail.com to @gmail.com
[53:53:0928/122923.324697:VERBOSE1:chrome/browser/enterprise/data_protection/data_protection_navigation_observer.cc:216] enterprise.data_protection: same document navigation: 0
[53:53:0928/122923.325266:VERBOSE1:chrome/browser/enterprise/data_protection/data_protection_navigation_observer.cc:218] enterprise.data_protection: URL to scan: file:///usr/share/html-test/index.html
[53:53:0928/122923.702161:VERBOSE1:components/signin/internal/identity_manager/mutable_profile_oauth2_token_service_delegate.cc:408] MutablePO2TS::RefreshTokenIsAvailable
[53:53:0928/122923.702642:VERBOSE1:chrome/browser/signin/account_consistency_mode_manager.cc:207] Desktop Identity Consistency disabled as sign-in to Chrome is not allowed
[53:53:0928/122925.090310:ERROR:dbus/object_proxy.cc:573] Failed to call method: org.freedesktop.DBus.NameHasOwner: object_path= /org/freedesktop/DBus: unknown error type: 
[53:311:0928/122925.095684:ERROR:dbus/bus.cc:408] Failed to connect to the bus: Could not parse server address: Unknown address type (examples of valid types are "tcp" and on UNIX "unix")
[53:311:0928/122925.096970:ERROR:dbus/bus.cc:408] Failed to connect to the bus: Could not parse server address: Unknown address type (examples of valid types are "tcp" and on UNIX "unix")
[53:311:0928/122925.099311:ERROR:dbus/bus.cc:408] Failed to connect to the bus: Could not parse server address: Unknown address type (examples of valid types are "tcp" and on UNIX "unix")
[53:311:0928/122925.099987:ERROR:dbus/bus.cc:408] Failed to connect to the bus: Could not parse server address: Unknown address type (examples of valid types are "tcp" and on UNIX "unix")
[53:311:0928/122925.100502:ERROR:dbus/bus.cc:408] Failed to connect to the bus: Could not parse server address: Unknown address type (examples of valid types are "tcp" and on UNIX "unix")
[53:311:0928/122925.101041:ERROR:dbus/bus.cc:408] Failed to connect to the bus: Could not parse server address: Unknown address type (examples of valid types are "tcp" and on UNIX "unix")
[53:53:0928/122925.103859:WARNING:device/bluetooth/dbus/bluez_dbus_manager.cc:209] Floss manager service not available, cannot set Floss enable/disable.
[53:53:0928/122925.810264:ERROR:dbus/object_proxy.cc:573] Failed to call method: org.freedesktop.DBus.NameHasOwner: object_path= /org/freedesktop/DBus: unknown error type: 
[53:53:0928/122927.255766:VERBOSE1:components/signin/internal/identity_manager/mutable_profile_oauth2_token_service_delegate.cc:408] MutablePO2TS::RefreshTokenIsAvailable
[53:53:0928/122927.256269:VERBOSE1:chrome/browser/signin/account_consistency_mode_manager.cc:207] Desktop Identity Consistency disabled as sign-in to Chrome is not allowed
[53:53:0928/122927.495892:ERROR:dbus/object_proxy.cc:573] Failed to call method: org.freedesktop.DBus.NameHasOwner: object_path= /org/freedesktop/DBus: unknown error type: 
[53:53:0928/122927.496634:VERBOSE1:ui/base/idle/idle_linux.cc:117] org.freedesktop.ScreenSaver D-Bus service does not exist
[53:311:0928/122927.503731:ERROR:dbus/bus.cc:408] Failed to connect to the bus: Could not parse server address: Unknown address type (examples of valid types are "tcp" and on UNIX "unix")
[53:53:0928/122927.504288:ERROR:dbus/object_proxy.cc:573] Failed to call method: org.freedesktop.DBus.NameHasOwner: object_path= /org/freedesktop/DBus: unknown error type: 
[53:53:0928/122927.510298:WARNING:ui/ozone/platform/wayland/host/org_gnome_mutter_idle_monitor.cc:87] org.gnome.Mutter.IdleMonitor D-Bus service does not exist
[420:507:0928/122927.571441:VERBOSE1:net/base/network_delegate.cc:37] NetworkDelegate::NotifyBeforeURLRequest: http://clients2.google.com/time/1/current?cup2key=9:b0o2rE_trSHOwTiD3eXTLSeDn6k6Ig4nY19bUbe2uoo&cup2hreq=e3b0c44298fc1c149afbf4c8996fb92427ae41e4649b934ca495991b7852b855
[53:309:0928/122928.498053:VERBOSE1:content/browser/loader/file_url_loader_factory.cc:474] FileURLLoader::Start: file:///usr/share/html-test/index.html
[53:311:0928/122928.804093:ERROR:dbus/bus.cc:408] Failed to connect to the bus: Failed to connect to socket /run/dbus/system_bus_socket: No such file or directory
[53:311:0928/122928.824928:ERROR:dbus/bus.cc:408] Failed to connect to the bus: Failed to connect to socket /run/dbus/system_bus_socket: No such file or directory
[53:53:0928/122928.899941:ERROR:dbus/object_proxy.cc:573] Failed to call method: org.freedesktop.DBus.NameHasOwner: object_path= /org/freedesktop/DBus: unknown error type: 
[53:53:0928/122928.917413:ERROR:dbus/object_proxy.cc:573] Failed to call method: org.freedesktop.DBus.NameHasOwner: object_path= /org/freedesktop/DBus: unknown error type: 
[53:53:0928/122928.935701:ERROR:dbus/object_proxy.cc:573] Failed to call method: org.freedesktop.DBus.NameHasOwner: object_path= /org/freedesktop/DBus: unknown error type: 
[53:311:0928/122928.935754:ERROR:dbus/bus.cc:408] Failed to connect to the bus: Could not parse server address: Unknown address type (examples of valid types are "tcp" and on UNIX "unix")
[420:570:0928/122929.062837:VERBOSE1:net/disk_cache/simple/simple_index_file.cc:607] Simple Cache Index is being restored from disk.
[420:570:0928/122929.080871:VERBOSE1:base/files/file_util_posix.cc:317] Cannot stat "/root/mp-chromium-profile/Default/Shared Dictionary/cache/index-dir/the-real-index": No such file or directory (2)
[420:507:0928/122929.551277:ERROR:net/socket/tcp_socket_posix.cc:88] Failed to set TCP_KEEPIDLE on fd: 29: Protocol not available (92)
[0928/122929.984165:ERROR:third_party/crashpad/crashpad/util/linux/scoped_ptrace_attach.cc:27] ptrace: Function not implemented (38)
[53:53:0928/122930.516935:ERROR:dbus/object_proxy.cc:573] Failed to call method: org.freedesktop.DBus.NameHasOwner: object_path= /org/freedesktop/DBus: unknown error type: 
[53:53:0928/122930.522186:VERBOSE1:ui/base/idle/idle_linux.cc:117] org.cinnamon.ScreenSaver D-Bus service does not exist
[53:311:0928/122930.534236:ERROR:dbus/bus.cc:408] Failed to connect to the bus: Could not parse server address: Unknown address type (examples of valid types are "tcp" and on UNIX "unix")
[53:53:0928/122930.646725:WARNING:dbus/property.cc:94] Failed to connect to PropertiesChangedsignal.
[53:53:0928/122930.653729:ERROR:dbus/object_proxy.cc:573] Failed to call method: org.freedesktop.DBus.Properties.GetAll: object_path= /org/freedesktop/UPower/devices/DisplayDevice: unknown error type: 
[53:53:0928/122930.654256:WARNING:dbus/property.cc:174] GetAll request failed for: org.freedesktop.UPower.Device
[53:53:0928/122930.663992:ERROR:dbus/object_proxy.cc:573] Failed to call method: org.freedesktop.DBus.NameHasOwner: object_path= /org/freedesktop/DBus: unknown error type: 
[53:53:0928/122931.450962:VERBOSE1:chrome/browser/web_applications/locks/partitioned_lock_manager.cc:211] Acquiring <PartitionedLockId>{id: 0x31, partition: 0} for Start@chrome/browser/web_applications/generated_icon_fix_manager.cc:60
[53:53:0928/122931.480634:VERBOSE1:chrome/browser/web_applications/locks/partitioned_lock_manager.cc:193] All locks acquired for Start@chrome/browser/web_applications/generated_icon_fix_manager.cc:60
[53:309:0928/122932.236524:VERBOSE1:components/signin/public/webdata/token_service_table.cc:237] Loaded tokens: result = 3 ; number of tokens loaded = 0
[53:53:0928/122932.621206:VERBOSE1:components/signin/internal/identity_manager/mutable_profile_oauth2_token_service_delegate.cc:408] MutablePO2TS::RefreshTokenIsAvailable
[53:53:0928/122933.134312:ERROR:dbus/object_proxy.cc:573] Failed to call method: org.freedesktop.DBus.NameHasOwner: object_path= /org/freedesktop/DBus: unknown error type: 
[53:53:0928/122933.134954:VERBOSE1:ui/base/idle/idle_linux.cc:117] org.gnome.ScreenSaver D-Bus service does not exist
[53:311:0928/122933.140219:ERROR:dbus/bus.cc:408] Failed to connect to the bus: Could not parse server address: Unknown address type (examples of valid types are "tcp" and on UNIX "unix")
[53:309:0928/122933.165812:VERBOSE1:base/files/file_util_posix.cc:317] Cannot stat "/root/mp-chromium-profile/DeferredBrowserMetrics": No such file or directory (2)
[53:309:0928/122933.182285:VERBOSE1:base/files/file_util_posix.cc:317] Cannot stat "/root/mp-chromium-profile/CrashpadMetrics.pma": No such file or directory (2)
[53:312:0928/122933.190969:VERBOSE1:base/files/file_util_posix.cc:317] Cannot stat "/root/mp-chromium-profile/Breadcrumbs": No such file or directory (2)
[53:310:0928/122933.212532:VERBOSE1:base/files/file_util_posix.cc:317] Cannot stat "/root/mp-chromium-profile/Default/Media Cache": No such file or directory (2)
[53:312:0928/122933.270955:VERBOSE1:base/files/file_util_posix.cc:317] Cannot stat "/root/mp-chromium-profile/Default/webrtc_event_logs": No such file or directory (2)
[53:310:0928/122933.277086:VERBOSE1:base/files/file_util_posix.cc:317] Cannot stat "/root/mp-chromium-profile/Default/databases": No such file or directory (2)
[53:53:0928/122933.546197:VERBOSE1:chrome/browser/web_applications/locks/partitioned_lock_manager.cc:235] Releasing <PartitionedLockId>{id: 0x31, partition: 0} requested by Start@chrome/browser/web_applications/generated_icon_fix_manager.cc:60
[53:53:0928/122933.725477:VERBOSE1:components/signin/internal/identity_manager/mutable_profile_oauth2_token_service_delegate.cc:535] MutablePO2TS::OnWebDataServiceRequestDone. Result type: 5
[53:53:0928/122933.728581:VERBOSE1:components/signin/internal/identity_manager/mutable_profile_oauth2_token_service_delegate.cc:592] MutablePO2TS::LoadAllCredentialsIntoMemory; 0 credential(s).
[420:507:0928/122934.491018:VERBOSE1:net/base/network_delegate.cc:37] NetworkDelegate::NotifyBeforeURLRequest: https://www.google.com/async/folae?async=_fmt:pb
[53:53:0928/122934.560796:VERBOSE1:extensions/browser/extension_registrar.cc:521] AddComponentExtension Google Hangouts
[420:506:0928/122934.667047:VERBOSE1:net/disk_cache/simple/simple_index_file.cc:607] Simple Cache Index is being restored from disk.
[420:506:0928/122934.668659:VERBOSE1:base/files/file_util_posix.cc:317] Cannot stat "/root/mp-chromium-profile/Default/Cache/Cache_Data/index-dir/the-real-index": No such file or directory (2)
[53:53:0928/122934.711759:ERROR:dbus/object_proxy.cc:573] Failed to call method: org.freedesktop.DBus.NameHasOwner: object_path= /org/freedesktop/DBus: unknown error type: 
[53:53:0928/122934.712381:VERBOSE1:ui/base/idle/idle_linux.cc:117] org.mate.ScreenSaver D-Bus service does not exist
[53:311:0928/122934.719514:ERROR:dbus/bus.cc:408] Failed to connect to the bus: Could not parse server address: Unknown address type (examples of valid types are "tcp" and on UNIX "unix")
[420:506:0928/122934.954219:VERBOSE1:base/files/file_util_posix.cc:317] Cannot stat "/root/mp-chromium-profile/Default/Cache/No_Vary_Search/snapshot-new.baf": No such file or directory (2)
[420:506:0928/122935.034061:VERBOSE1:base/files/file_util_posix.cc:317] Cannot stat "/root/mp-chromium-profile/Default/Cache/No_Vary_Search/journal.baj": No such file or directory (2)
