Date: 2026-09-28 UTC
[12:27:59.578] weston 14.0.2
               https://wayland.freedesktop.org
               Bug reports to: https://gitlab.freedesktop.org/wayland/weston/issues/
               Build: 14.0.2
[12:27:59.582] Command line: weston --backend=drm-backend.so --renderer=pixman --drm-device=card0 --seat=seat0 --idle-time=0 --debug --log=/root/mp-weston.log
[12:27:59.583] OS: Linux, 10.0.0, 10.0.0, aarch64
[12:27:59.583] Flight recorder: enabled
[12:27:59.596] Starting with no config file.
[12:27:59.623] Output repaint window is 7 ms maximum.
[12:27:59.633] Loading module '/usr/lib/libweston-14/drm-backend.so'
[12:27:59.732] initializing drm backend
[12:27:59.735] Trying libseat launcher...
[12:27:59.756] [libseat/libseat.c:62] Seat opened with backend 'seatd'
[12:27:59.757] [libseat/backend/seatd.c:212] Enabling seat
[12:27:59.757] libseat: session control granted
[12:27:59.782] using /dev/dri/card0
[12:27:59.784] DRM: does not support atomic modesetting
[12:27:59.785] DRM: supports GBM modifiers
[12:27:59.785] DRM: does not support Atomic async page flip
[12:27:59.785] DRM: supports picture aspect ratio
[12:27:59.790] Using Pixman renderer
[12:28:00.078] event0  - QEMU Virtio Keyboard: is tagged by udev as: Keyboard
[12:28:00.082] event0  - QEMU Virtio Keyboard: device is a keyboard
[12:28:00.108] event1  - QEMU Virtio Mouse: is tagged by udev as: Mouse
[12:28:00.109] event1  - QEMU Virtio Mouse: device is a pointer
[12:28:00.376] libinput: configuring device "QEMU Virtio Keyboard".
[12:28:00.378] libinput: configuring device "QEMU Virtio Mouse".
[12:28:00.390] DRM: head 'Virtual-1' found, connector 48 is connected, EDID make 'unknown', model 'unknown', serial ''
               Supported EOTF modes: SDR
               Supported colorimetry modes: default
[12:28:00.397] Registered plugin API 'weston_drm_output_api_v1' of size 40
[12:28:00.397] Registered plugin API 'weston_drm_virtual_output_api_v2' of size 48
[12:28:00.401] Color manager: no-op
                 protocol support: no
[12:28:00.450] Output 'Virtual-1' attempts EOTF mode SDR and colorimetry mode default.
[12:28:00.451] Output 'Virtual-1' using color profile: stock sRGB color profile
[12:28:00.500] DRM: output Virtual-1 uses shadow framebuffer.
[12:28:00.500] Output Virtual-1 (crtc 16) video modes:
               current@60.0, current, 70.6 MHz
[12:28:00.504] associating input device event0 with output Virtual-1 (none by udev)
[12:28:00.505] associating input device event1 with output Virtual-1 (none by udev)
[12:28:00.507] Output 'Virtual-1' enabled with head(s) Virtual-1
[12:28:00.507] Compositor capabilities:
               arbitrary surface rotation: yes
               screen capture uses y-flip: no
               cursor planes: yes
               arbitrary resolutions: no
               view mask clipping: yes
               explicit sync: no
               color operations: no
               presentation clock: CLOCK_MONOTONIC, id 1
               presentation clock resolution: 0.000001000 s
[12:28:00.522] Loading module '/usr/lib/weston/desktop-shell.so'
[12:28:00.562] launching '/usr/libexec/weston-keyboard'
[12:28:00.622] launching '/usr/libexec/weston-desktop-shell'
