Date: 2026-10-02 UTC
[06:31:49.727] weston 14.0.2
               https://wayland.freedesktop.org
               Bug reports to: https://gitlab.freedesktop.org/wayland/weston/issues/
               Build: 14.0.2
[06:31:49.732] Command line: weston --backend=drm-backend.so --renderer=pixman --drm-device=card0 --seat=seat0 --idle-time=0 --debug --log=/root/single-weston.log
[06:31:49.733] OS: Linux, 10.0.0, 10.0.0, aarch64
[06:31:49.733] Flight recorder: enabled
[06:31:49.748] Starting with no config file.
[06:31:49.779] Output repaint window is 7 ms maximum.
[06:31:49.788] Loading module '/usr/lib/libweston-14/drm-backend.so'
[06:31:49.880] initializing drm backend
[06:31:49.884] Trying libseat launcher...
[06:31:49.903] [libseat/libseat.c:62] Seat opened with backend 'seatd'
[06:31:49.904] [libseat/backend/seatd.c:212] Enabling seat
[06:31:49.904] libseat: session control granted
[06:31:49.932] using /dev/dri/card0
[06:31:49.937] DRM: does not support atomic modesetting
[06:31:49.937] DRM: supports GBM modifiers
[06:31:49.937] DRM: does not support Atomic async page flip
[06:31:49.937] DRM: supports picture aspect ratio
[06:31:49.943] Using Pixman renderer
[06:31:50.195] event0  - QEMU Virtio Keyboard: is tagged by udev as: Keyboard
[06:31:50.201] event0  - QEMU Virtio Keyboard: device is a keyboard
[06:31:50.234] event1  - QEMU Virtio Mouse: is tagged by udev as: Mouse
[06:31:50.235] event1  - QEMU Virtio Mouse: device is a pointer
[06:31:50.600] libinput: configuring device "QEMU Virtio Keyboard".
[06:31:50.605] libinput: configuring device "QEMU Virtio Mouse".
[06:31:50.627] DRM: head 'Virtual-1' found, connector 48 is connected, EDID make 'unknown', model 'unknown', serial ''
               Supported EOTF modes: SDR
               Supported colorimetry modes: default
[06:31:50.639] Registered plugin API 'weston_drm_output_api_v1' of size 40
[06:31:50.640] Registered plugin API 'weston_drm_virtual_output_api_v2' of size 48
[06:31:50.648] Color manager: no-op
                 protocol support: no
[06:31:50.688] Output 'Virtual-1' attempts EOTF mode SDR and colorimetry mode default.
[06:31:50.689] Output 'Virtual-1' using color profile: stock sRGB color profile
[06:31:50.750] DRM: output Virtual-1 uses shadow framebuffer.
[06:31:50.750] Output Virtual-1 (crtc 16) video modes:
               current@60.0, current, 70.6 MHz
[06:31:50.756] associating input device event0 with output Virtual-1 (none by udev)
[06:31:50.756] associating input device event1 with output Virtual-1 (none by udev)
[06:31:50.759] Output 'Virtual-1' enabled with head(s) Virtual-1
[06:31:50.760] Compositor capabilities:
               arbitrary surface rotation: yes
               screen capture uses y-flip: no
               cursor planes: yes
               arbitrary resolutions: no
               view mask clipping: yes
               explicit sync: no
               color operations: no
               presentation clock: CLOCK_MONOTONIC, id 1
               presentation clock resolution: 0.000001000 s
[06:31:50.781] Loading module '/usr/lib/weston/desktop-shell.so'
[06:31:50.852] launching '/usr/libexec/weston-keyboard'
[06:31:50.911] launching '/usr/libexec/weston-desktop-shell'
