[48:48:0930/004756.947044:VERBOSE1:chrome/app/chrome_crash_reporter_client.cc:199] GetCollectStatsConsent(): is_official_chrome_build is false so returning false
[48:48:0930/004800.566849:VERBOSE1:chrome/app/chrome_crash_reporter_client.cc:199] GetCollectStatsConsent(): is_official_chrome_build is false so returning false
[135:135:0930/004810.331113:INFO:third_party/webrtc/rtc_base/cpu_info.cc:75] Available number of cores: 4
[136:136:0930/004810.580096:INFO:third_party/webrtc/rtc_base/cpu_info.cc:75] Available number of cores: 4
[135:135:0930/004810.570187:VERBOSE1:content/zygote/zygote_main_linux.cc:201] ZygoteMain: initializing 0 fork delegates
[136:136:0930/004810.663799:VERBOSE1:content/zygote/zygote_main_linux.cc:201] ZygoteMain: initializing 0 fork delegates
[48:48:0930/004811.774846:VERBOSE1:components/policy/core/common/config_dir_policy_loader.cc:116] Found mandatory policy file: /etc/chromium/policies/managed/kiosk.json
[48:48:0930/004811.825013:VERBOSE1:components/policy/core/common/config_dir_policy_loader.cc:121] Skipping recommended platform policies because no policy file was found at: /etc/chromium/policies/recommended
[48:48:0930/004812.200469:VERBOSE1:components/variations/service/variations_field_trial_creator.cc:80] VariationsSeedUsage:2
[48:48:0930/004812.213806:VERBOSE1:components/variations/service/variations_field_trial_creator.cc:353] VariationsSetupComplete
[48:177:0930/004812.594950:VERBOSE1:base/files/file_util_posix.cc:317] Cannot stat "/root/mp-chromium-profile/VariationsSeedV1": No such file or directory (2)
[48:178:0930/004812.714669:ERROR:dbus/bus.cc:408] Failed to connect to the bus: Failed to connect to socket /run/dbus/system_bus_socket: No such file or directory
[48:48:0930/004812.997795:WARNING:ui/ozone/platform/wayland/ozone_platform_wayland.cc:272] Failed to initialize drm render node handle.
[2808489.841]  -> wl_display#1.get_registry(new id wl_registry#2)
[2808506.320]  -> wl_display#1.sync(new id wl_callback#3)
[2808512.518] {Display Queue} wl_display#1.delete_id(3)
[2808514.310] wl_registry#2.global(1, "wl_compositor", 5)
[2808517.454]  -> wl_registry#2.bind(1, "wl_compositor", 4, new id [unknown]#4)
[2808518.772] wl_registry#2.global(2, "wl_subcompositor", 1)
[2808519.036]  -> wl_registry#2.bind(2, "wl_subcompositor", 1, new id [unknown]#5)
[2808520.114] wl_registry#2.global(3, "wp_viewporter", 1)
[2808520.645]  -> wl_registry#2.bind(3, "wp_viewporter", 1, new id [unknown]#6)
[2808521.663] wl_registry#2.global(4, "zxdg_output_manager_v1", 2)
[2808522.242]  -> wl_registry#2.bind(4, "zxdg_output_manager_v1", 2, new id [unknown]#7)
[2808523.209] wl_registry#2.global(5, "wp_presentation", 1)
[2808523.469]  -> wl_registry#2.bind(5, "wp_presentation", 1, new id [unknown]#8)
[2808524.687] wl_registry#2.global(6, "wp_single_pixel_buffer_manager_v1", 1)
[2808528.238]  -> wl_registry#2.bind(6, "wp_single_pixel_buffer_manager_v1", 1, new id [unknown]#9)
[2808529.341] wl_registry#2.global(7, "wp_tearing_control_manager_v1", 1)
[2808529.576] wl_registry#2.global(8, "zwp_relative_pointer_manager_v1", 1)
[2808531.592]  -> wl_registry#2.bind(8, "zwp_relative_pointer_manager_v1", 1, new id [unknown]#10)
[2808532.695] wl_registry#2.global(9, "zwp_pointer_constraints_v1", 1)
[2808534.686]  -> wl_registry#2.bind(9, "zwp_pointer_constraints_v1", 1, new id [unknown]#11)
[2808535.886] wl_registry#2.global(10, "zwp_input_timestamps_manager_v1", 1)
[2808536.140] wl_registry#2.global(11, "weston_capture_v1", 1)
[2808536.333] wl_registry#2.global(12, "wl_data_device_manager", 3)
[2808538.312]  -> wl_registry#2.bind(12, "wl_data_device_manager", 3, new id [unknown]#12)
[2808540.911] wl_registry#2.global(13, "wl_shm", 2)
[48:48:0930/004813.066597:WARNING:ui/ozone/platform/wayland/common/wayland_object.cc:119] Binding to wl_shm version 1 but version 2 is available.
[2808542.269]  -> wl_registry#2.bind(13, "wl_shm", 1, new id [unknown]#13)
[2808543.108] wl_registry#2.global(14, "weston_debug_v1", 1)
[2808543.353] wl_registry#2.global(15, "wl_seat", 7)
[2808545.536]  -> wl_registry#2.bind(15, "wl_seat", 7, new id [unknown]#14)
[2808546.200]  -> wl_data_device_manager#12.get_data_device(new id wl_data_device#15, wl_seat#14)
[2808550.428] wl_registry#2.global(16, "wl_output", 4)
[2808552.782]  -> wl_registry#2.bind(16, "wl_output", 4, new id [unknown]#16)
[2808553.421]  -> zxdg_output_manager_v1#7.get_xdg_output(new id zxdg_output_v1#17, wl_output#16)
[2808558.027] wl_registry#2.global(17, "zwp_input_panel_v1", 1)
[2808558.367] wl_registry#2.global(18, "zwp_input_method_v1", 1)
[2808558.762] wl_registry#2.global(19, "zwp_text_input_manager_v1", 1)
[2808558.977]  -> wl_registry#2.bind(19, "zwp_text_input_manager_v1", 1, new id [unknown]#18)
[2808559.938] wl_registry#2.global(20, "xdg_wm_base", 5)
[2808560.183]  -> wl_registry#2.bind(20, "xdg_wm_base", 5, new id [unknown]#19)
[2808561.312] wl_registry#2.global(21, "weston_desktop_shell", 1)
[2808561.699] wl_callback#3.done(1)
[2808562.240]  -> wl_display#1.sync(new id wl_callback#3)
[2808564.901] wp_presentation#8.clock_id(1)
[2808565.228] discarded wl_shm#13.format(0)
[2808565.427] discarded wl_shm#13.format(1)
[2808565.591] discarded wl_shm#13.format(909199186)
[2808565.732] discarded wl_shm#13.format(875709016)
[2808565.872] discarded wl_shm#13.format(875708993)
[2808566.011] discarded wl_shm#13.format(875714642)
[2808566.152] discarded wl_shm#13.format(875708754)
[2808566.299] discarded wl_shm#13.format(875714626)
[2808566.439] discarded wl_shm#13.format(875708738)
[2808566.578] discarded wl_shm#13.format(808669784)
[2808566.717] discarded wl_shm#13.format(808669761)
[2808566.865] discarded wl_shm#13.format(808665688)
[2808567.002] discarded wl_shm#13.format(808665665)
[2808567.151] wl_seat#14.name("default")
[2808567.423] wl_seat#14.capabilities(2)
[2808567.667]  -> wl_seat#14.get_keyboard(new id wl_keyboard#20)
[2808577.819] wl_output#16.geometry(0, 0, 1280, 800, 0, "unknown", "unknown", 0)
[2808578.494] wl_output#16.scale(1)
[2808578.737] wl_output#16.mode(1, 1280, 800, 59999)
[2808578.924] wl_output#16.name("Virtual-1")
[2808579.213] wl_output#16.description("unknown")
[2808579.497] wl_output#16.done()
[2808579.950] zxdg_output_v1#17.logical_position(0, 0)
[2808580.131] zxdg_output_v1#17.logical_size(1280, 800)
[2808580.317] zxdg_output_v1#17.name("Virtual-1")
[2808580.593] zxdg_output_v1#17.done()
[2808581.733] {Display Queue} wl_display#1.delete_id(3)
[2808581.905] wl_callback#3.done(1)
[2808582.063] wl_keyboard#20.repeat_info(40, 400)
[2808583.763] wl_keyboard#20.keymap(1, fd 28, 65134)
[2810107.898] {Default Queue}  -> wl_display#1.get_registry(new id wl_registry#2)
[2810110.856] {Default Queue}  -> wl_display#1.sync(new id wl_callback#3)
[2810117.594] {Display Queue} wl_display#1.delete_id(3)
[2810118.302] {Default Queue} wl_registry#2.global(1, "wl_compositor", 5)
[2810118.620] {Default Queue}  -> wl_registry#2.bind(1, "wl_compositor", 3, new id [unknown]#4)
[2810118.971] {Default Queue} wl_registry#2.global(2, "wl_subcompositor", 1)
[2810119.190] {Default Queue}  -> wl_registry#2.bind(2, "wl_subcompositor", 1, new id [unknown]#5)
[2810119.384] {Default Queue} wl_registry#2.global(3, "wp_viewporter", 1)
[2810119.621] {Default Queue} wl_registry#2.global(4, "zxdg_output_manager_v1", 2)
[2810119.798] {Default Queue}  -> wl_registry#2.bind(4, "zxdg_output_manager_v1", 2, new id [unknown]#6)
[2810120.007] {Default Queue}  -> wl_display#1.sync(new id wl_callback#7)
[2810120.191] {Default Queue} wl_registry#2.global(5, "wp_presentation", 1)
[2810120.341] {Default Queue} wl_registry#2.global(6, "wp_single_pixel_buffer_manager_v1", 1)
[2810120.480] {Default Queue} wl_registry#2.global(7, "wp_tearing_control_manager_v1", 1)
[2810120.618] {Default Queue} wl_registry#2.global(8, "zwp_relative_pointer_manager_v1", 1)
[2810120.773] {Default Queue} wl_registry#2.global(9, "zwp_pointer_constraints_v1", 1)
[2810120.911] {Default Queue} wl_registry#2.global(10, "zwp_input_timestamps_manager_v1", 1)
[2810121.048] {Default Queue} wl_registry#2.global(11, "weston_capture_v1", 1)
[2810121.187] {Default Queue} wl_registry#2.global(12, "wl_data_device_manager", 3)
[2810121.364] {Default Queue}  -> wl_registry#2.bind(12, "wl_data_device_manager", 3, new id [unknown]#8)
[2810121.636] {Default Queue} wl_registry#2.global(13, "wl_shm", 2)
[2810121.811] {Default Queue}  -> wl_registry#2.bind(13, "wl_shm", 1, new id [unknown]#9)
[2810121.977] {Default Queue} wl_registry#2.global(14, "weston_debug_v1", 1)
[2810122.163] {Default Queue} wl_registry#2.global(15, "wl_seat", 7)
[2810122.379] {Default Queue} wl_registry#2.global(16, "wl_output", 4)
[2810122.551] {Default Queue}  -> wl_registry#2.bind(16, "wl_output", 2, new id [unknown]#10)
[2810128.035] {Default Queue}  -> zxdg_output_manager_v1#6.get_xdg_output(new id zxdg_output_v1#11, wl_output#10)
[2810128.837] {Default Queue}  -> wl_display#1.sync(new id wl_callback#12)
[2810129.047] {Default Queue} wl_registry#2.global(17, "zwp_input_panel_v1", 1)
[2810129.208] {Default Queue} wl_registry#2.global(18, "zwp_input_method_v1", 1)
[2810129.360] {Default Queue} wl_registry#2.global(19, "zwp_text_input_manager_v1", 1)
[2810129.505] {Default Queue} wl_registry#2.global(20, "xdg_wm_base", 5)
[2810129.665] {Default Queue} wl_registry#2.global(21, "weston_desktop_shell", 1)
[2810129.811] {Default Queue} wl_callback#3.done(1)
[2810133.860] {Default Queue}  -> wl_shm#9.create_pool(new id wl_shm_pool#3, fd 32, 2304)
[2810140.707] {Default Queue}  -> wl_shm_pool#3.resize(5568)
[2810142.166] {Default Queue}  -> wl_shm_pool#3.resize(12096)
[2810143.759] {Default Queue}  -> wl_shm_pool#3.resize(25216)
[2810145.556] {Default Queue}  -> wl_registry#2.bind(15, "wl_seat", 5, new id [unknown]#13)
[2810275.242] {Default Queue}  -> wl_compositor#4.create_surface(new id wl_surface#14)
[2810279.706] {Default Queue}  -> wl_data_device_manager#8.get_data_device(new id wl_data_device#15, wl_seat#13)
[2810290.172] {Default Queue}  -> wl_compositor#4.create_surface(new id wl_surface#16)
[2810290.956] {Default Queue}  -> wl_display#1.sync(new id wl_callback#17)
[2810299.205] {Display Queue} wl_display#1.delete_id(7)
[2810299.536] {Display Queue} wl_display#1.delete_id(12)
[2810299.689] {Display Queue} wl_display#1.delete_id(17)
[2810299.827] {Default Queue} wl_callback#7.done(1)
[2810300.093] {Default Queue} wl_shm#9.format(0)
[2810300.249] {Default Queue} wl_shm#9.format(1)
[2810300.470] {Default Queue} wl_shm#9.format(909199186)
[2810300.611] {Default Queue} wl_shm#9.format(875709016)
[2810300.759] {Default Queue} wl_shm#9.format(875708993)
[2810300.890] {Default Queue} wl_shm#9.format(875714642)
[2810301.019] {Default Queue} wl_shm#9.format(875708754)
[2810301.150] {Default Queue} wl_shm#9.format(875714626)
[2810301.286] {Default Queue} wl_shm#9.format(875708738)
[2810301.416] {Default Queue} wl_shm#9.format(808669784)
[2810301.545] {Default Queue} wl_shm#9.format(808669761)
[2810301.674] {Default Queue} wl_shm#9.format(808665688)
[2810301.806] {Default Queue} wl_shm#9.format(808665665)
[2810301.938] {Default Queue} wl_output#10.geometry(0, 0, 1280, 800, 0, "unknown", "unknown", 0)
[2810303.279] {Default Queue} wl_output#10.scale(1)
[2810303.468] {Default Queue} wl_output#10.mode(1, 1280, 800, 59999)
[2810303.677] {Default Queue} wl_output#10.done()
[2810303.871] {Default Queue} zxdg_output_v1#11.logical_position(0, 0)
[2810304.143] {Default Queue} zxdg_output_v1#11.logical_size(1280, 800)
[2810304.314] {Default Queue} zxdg_output_v1#11.name("Virtual-1")
[2810304.497] {Default Queue} zxdg_output_v1#11.done()
[2810307.707] {Default Queue} wl_callback#12.done(1)
[2810308.365] {Default Queue} wl_seat#13.name("default")
[2810308.542] {Default Queue} wl_seat#13.capabilities(2)
[2810311.108] {Default Queue}  -> wl_seat#13.get_keyboard(new id wl_keyboard#12)
[2810313.672] {Default Queue} wl_callback#17.done(1)
[2810314.011] {Default Queue}  -> wl_registry#2.bind(20, "xdg_wm_base", 5, new id [unknown]#17)
[48:48:0930/004817.499241:VERBOSE1:chrome/browser/media/webrtc/webrtc_event_log_manager.cc:122] WebRTC remote-bound event logging enabled.
[48:48:0930/004817.743806:VERBOSE1:components/proxy_config/pref_proxy_config_tracker_impl.cc:199] 0x4402399500: set chrome proxy config service to 0x440226abe0
[48:48:0930/004817.831276:VERBOSE1:google_apis/api_key_cache.cc:99] Using default value "497550622367-ubtkmd3b2pp5gulba5n6ha6sq4n35ehj.apps.googleusercontent.com" for API key GOOGLE_CLIENT_ID_MAIN
[48:48:0930/004817.834892:VERBOSE1:google_apis/api_key_cache.cc:99] Using default value "NaCX8tIIAphrjs56n3TpHx_e" for API key GOOGLE_CLIENT_SECRET_MAIN
[48:48:0930/004817.837066:VERBOSE1:google_apis/api_key_cache.cc:99] Using default value "497550622367-ubtkmd3b2pp5gulba5n6ha6sq4n35ehj.apps.googleusercontent.com" for API key GOOGLE_CLIENT_ID_REMOTING
[48:48:0930/004817.837520:VERBOSE1:google_apis/api_key_cache.cc:99] Using default value "NaCX8tIIAphrjs56n3TpHx_e" for API key GOOGLE_CLIENT_SECRET_REMOTING
[48:48:0930/004817.837857:VERBOSE1:google_apis/api_key_cache.cc:99] Using default value "497550622367-ubtkmd3b2pp5gulba5n6ha6sq4n35ehj.apps.googleusercontent.com" for API key GOOGLE_CLIENT_ID_REMOTING_HOST
[48:48:0930/004817.840072:VERBOSE1:google_apis/api_key_cache.cc:99] Using default value "NaCX8tIIAphrjs56n3TpHx_e" for API key GOOGLE_CLIENT_SECRET_REMOTING_HOST
[48:48:0930/004819.606598:VERBOSE1:components/device_event_log/device_event_log_impl.cc:200] [00:48:18.569] Display: EVENT: wayland_screen.cc:144 Displays updated, count: 1
[48:48:0930/004819.619865:VERBOSE1:components/device_event_log/device_event_log_impl.cc:200] [00:48:19.618] Display: EVENT: wayland_screen.cc:147 Display[16] bounds=[0,0 1280x800], workarea=[0,0 1280x800], scale=1, rotation=0, panel_rotation=0 external detected
[48:178:0930/004819.884863:ERROR:dbus/bus.cc:408] Failed to connect to the bus: Could not parse server address: Unknown address type (examples of valid types are "tcp" and on UNIX "unix")
[48:178:0930/004819.890861:ERROR:dbus/bus.cc:408] Failed to connect to the bus: Failed to connect to socket /run/dbus/system_bus_socket: No such file or directory
[48:178:0930/004819.912118:ERROR:dbus/bus.cc:408] Failed to connect to the bus: Failed to connect to socket /run/dbus/system_bus_socket: No such file or directory
[48:177:0930/004820.096362:VERBOSE1:base/files/file_util_posix.cc:317] Cannot stat "/root/mp-chromium-profile/component_crx_cache/metadata.json": No such file or directory (2)
[48:181:0930/004820.912947:VERBOSE1:content/browser/renderer_host/media/media_stream_manager.cc:1555] MSM::InitializeMaybeAsync([this=0x440236f980])
[48:181:0930/004820.947086:VERBOSE1:content/browser/renderer_host/media/media_stream_manager.cc:1555] MDM::MediaDevicesManager()
[48:181:0930/004820.952351:VERBOSE1:content/browser/renderer_host/media/media_stream_manager.cc:1555] MSM::MediaStreamManager([this=0x440236f980]))
[48:176:0930/004821.077489:VERBOSE1:base/files/file_util_posix.cc:317] Cannot stat "/root/mp-chromium-profile/Consent To Send Stats": No such file or directory (2)
[229:229:0930/004821.566709:WARNING:ui/ozone/platform/wayland/ozone_platform_wayland.cc:325] Failed to find drm render node path.
[229:229:0930/004821.659505:WARNING:ui/ozone/platform/wayland/gpu/wayland_buffer_manager_gpu.cc:458] Failed to initialize drm render node handle.
[48:48:0930/004821.905085:VERBOSE1:components/os_crypt/sync/key_storage_util_linux.cc:46] Password storage detected desktop environment: (unknown)
[48:48:0930/004821.907151:VERBOSE1:components/os_crypt/sync/key_storage_linux.cc:116] Selected backend for OSCrypt: BASIC_TEXT
[48:48:0930/004821.915591:VERBOSE1:components/os_crypt/sync/key_storage_linux.cc:135] OSCrypt did not initialize a backend.
[48:48:0930/004821.992360:VERBOSE1:components/enterprise/browser/controller/chrome_browser_cloud_management_controller.cc:171] Cloud management controller initialization aborted as CBCM is not enabled. Please use the `--enable-chrome-browser-cloud-management` command line flag to enable it if you are not using the official Google Chrome build.
[229:229:0930/004822.848151:ERROR:ui/gl/angle_platform_impl.cc:42] vk_renderer.cpp:187 (VerifyExtensionsPresent): Extension not supported: VK_EXT_headless_surface
ERR: vk_renderer.cpp:187 (VerifyExtensionsPresent): Extension not supported: VK_EXT_headless_surface
[229:229:0930/004822.860822:ERROR:ui/gl/angle_platform_impl.cc:42] vk_renderer.cpp:187 (VerifyExtensionsPresent): Extension not supported: VK_KHR_surface
ERR: vk_renderer.cpp:187 (VerifyExtensionsPresent): Extension not supported: VK_KHR_surface
[229:229:0930/004822.874562:ERROR:ui/gl/angle_platform_impl.cc:42] Display.cpp:1093 (initialize): ANGLE Display::initialize error 0: Internal Vulkan error (-7): A requested extension is not supported, in ../../third_party/angle/src/libANGLE/renderer/vulkan/vk_renderer.cpp, enableInstanceExtensions:2252.
ERR: Display.cpp:1093 (initialize): ANGLE Display::initialize error 0: Internal Vulkan error (-7): A requested extension is not supported, in ../../third_party/angle/src/libANGLE/renderer/vulkan/vk_renderer.cpp, enableInstanceExtensions:2252.
[229:229:0930/004822.885349:ERROR:ui/gl/egl_util.cc:92] EGL Driver message (Critical) eglInitialize: Internal Vulkan error (-7): A requested extension is not supported, in ../../third_party/angle/src/libANGLE/renderer/vulkan/vk_renderer.cpp, enableInstanceExtensions:2252.
[229:229:0930/004822.891224:ERROR:ui/gl/gl_display.cc:639] eglInitialize SwANGLE failed with error EGL_NOT_INITIALIZED
[229:229:0930/004822.897151:ERROR:ui/gl/gl_display.cc:674] Initialization of all EGL display types failed.
[229:229:0930/004822.902287:ERROR:ui/ozone/common/gl_ozone_egl.cc:26] GLDisplayEGL::Initialize failed.
[229:229:0930/004823.052082:ERROR:ui/gl/angle_platform_impl.cc:42] vk_renderer.cpp:187 (VerifyExtensionsPresent): Extension not supported: VK_EXT_headless_surface
ERR: vk_renderer.cpp:187 (VerifyExtensionsPresent): Extension not supported: VK_EXT_headless_surface
[229:229:0930/004823.064237:ERROR:ui/gl/angle_platform_impl.cc:42] vk_renderer.cpp:187 (VerifyExtensionsPresent): Extension not supported: VK_KHR_surface
ERR: vk_renderer.cpp:187 (VerifyExtensionsPresent): Extension not supported: VK_KHR_surface
[229:229:0930/004823.070733:ERROR:ui/gl/angle_platform_impl.cc:42] Display.cpp:1093 (initialize): ANGLE Display::initialize error 0: Internal Vulkan error (-7): A requested extension is not supported, in ../../third_party/angle/src/libANGLE/renderer/vulkan/vk_renderer.cpp, enableInstanceExtensions:2252.
ERR: Display.cpp:1093 (initialize): ANGLE Display::initialize error 0: Internal Vulkan error (-7): A requested extension is not supported, in ../../third_party/angle/src/libANGLE/renderer/vulkan/vk_renderer.cpp, enableInstanceExtensions:2252.
[229:229:0930/004823.077346:ERROR:ui/gl/egl_util.cc:92] EGL Driver message (Critical) eglInitialize: Internal Vulkan error (-7): A requested extension is not supported, in ../../third_party/angle/src/libANGLE/renderer/vulkan/vk_renderer.cpp, enableInstanceExtensions:2252.
[229:229:0930/004823.083760:ERROR:ui/gl/gl_display.cc:639] eglInitialize SwANGLE failed with error EGL_NOT_INITIALIZED
[229:229:0930/004823.090789:ERROR:ui/gl/gl_display.cc:674] Initialization of all EGL display types failed.
[229:229:0930/004823.095116:ERROR:ui/ozone/common/gl_ozone_egl.cc:26] GLDisplayEGL::Initialize failed.
[229:229:0930/004823.106000:VERBOSE1:gpu/ipc/service/gpu_init.cc:510] gl::init::InitializeGLNoExtensionsOneOff failed
[229:229:0930/004823.629390:VERBOSE1:components/viz/service/main/viz_main_impl.cc:86] VizNullHypothesis is disabled (not a warning)
[229:229:0930/004823.824299:ERROR:components/viz/service/main/viz_main_impl.cc:189] Exiting GPU process due to errors during initialization
[48:48:0930/004826.109746:VERBOSE1:chrome/browser/signin/account_consistency_mode_manager.cc:207] Desktop Identity Consistency disabled as sign-in to Chrome is not allowed
[48:48:0930/004826.344453:VERBOSE1:components/device_event_log/device_event_log_impl.cc:200] [00:48:26.334] Bluetooth: EVENT: bluetooth_api.cc:82 BluetoothAPI: 0x44026ba0c0
[48:48:0930/004826.448366:VERBOSE2:components/content_settings/core/browser/content_settings_policy_provider.cc:452] Skipping unset preference: profile.managed_automatic_fullscreen_allowed_for_urls
[48:48:0930/004826.448902:VERBOSE2:components/content_settings/core/browser/content_settings_policy_provider.cc:452] Skipping unset preference: profile.managed_automatic_fullscreen_blocked_for_urls
[48:48:0930/004826.449548:VERBOSE2:components/content_settings/core/browser/content_settings_policy_provider.cc:452] Skipping unset preference: profile.managed_cookies_allowed_for_urls
[48:48:0930/004826.449884:VERBOSE2:components/content_settings/core/browser/content_settings_policy_provider.cc:452] Skipping unset preference: profile.managed_cookies_blocked_for_urls
[48:48:0930/004826.450215:VERBOSE2:components/content_settings/core/browser/content_settings_policy_provider.cc:452] Skipping unset preference: profile.managed_cookies_sessiononly_for_urls
[48:48:0930/004826.450539:VERBOSE2:components/content_settings/core/browser/content_settings_policy_provider.cc:452] Skipping unset preference: profile.managed_access_to_get_all_screens_media_in_session_allowed_for_urls
[48:48:0930/004826.450839:VERBOSE2:components/content_settings/core/browser/content_settings_policy_provider.cc:452] Skipping unset preference: profile.managed_images_allowed_for_urls
[48:48:0930/004826.451090:VERBOSE2:components/content_settings/core/browser/content_settings_policy_provider.cc:452] Skipping unset preference: profile.managed_images_blocked_for_urls
[48:48:0930/004826.451345:VERBOSE2:components/content_settings/core/browser/content_settings_policy_provider.cc:452] Skipping unset preference: profile.managed_insecure_content_allowed_for_urls
[48:48:0930/004826.451592:VERBOSE2:components/content_settings/core/browser/content_settings_policy_provider.cc:452] Skipping unset preference: profile.managed_insecure_content_blocked_for_urls
[48:48:0930/004826.451860:VERBOSE2:components/content_settings/core/browser/content_settings_policy_provider.cc:452] Skipping unset preference: profile.managed_javascript_allowed_for_urls
[48:48:0930/004826.452296:VERBOSE2:components/content_settings/core/browser/content_settings_policy_provider.cc:452] Skipping unset preference: profile.managed_javascript_blocked_for_urls
[48:48:0930/004826.453241:VERBOSE2:components/content_settings/core/browser/content_settings_policy_provider.cc:452] Skipping unset preference: profile.managed_clipboard_allowed_for_urls
[48:48:0930/004826.453617:VERBOSE2:components/content_settings/core/browser/content_settings_policy_provider.cc:452] Skipping unset preference: profile.managed_clipboard_blocked_for_urls
[48:48:0930/004826.453874:VERBOSE2:components/content_settings/core/browser/content_settings_policy_provider.cc:452] Skipping unset preference: profile.managed_notifications_allowed_for_urls
[48:48:0930/004826.454120:VERBOSE2:components/content_settings/core/browser/content_settings_policy_provider.cc:452] Skipping unset preference: profile.managed_notifications_blocked_for_urls
[48:48:0930/004826.454370:VERBOSE2:components/content_settings/core/browser/content_settings_policy_provider.cc:452] Skipping unset preference: profile.managed_popups_allowed_for_urls
[48:48:0930/004826.454614:VERBOSE2:components/content_settings/core/browser/content_settings_policy_provider.cc:452] Skipping unset preference: profile.managed_popups_blocked_for_urls
[48:48:0930/004826.454864:VERBOSE2:components/content_settings/core/browser/content_settings_policy_provider.cc:452] Skipping unset preference: profile.managed_web_usb_ask_for_urls
[48:48:0930/004826.455115:VERBOSE2:components/content_settings/core/browser/content_settings_policy_provider.cc:452] Skipping unset preference: profile.managed_web_usb_blocked_for_urls
[48:48:0930/004826.455367:VERBOSE2:components/content_settings/core/browser/content_settings_policy_provider.cc:452] Skipping unset preference: profile.managed_file_system_read_ask_for_urls
[48:48:0930/004826.455613:VERBOSE2:components/content_settings/core/browser/content_settings_policy_provider.cc:452] Skipping unset preference: profile.managed_file_system_read_blocked_for_urls
[48:48:0930/004826.455862:VERBOSE2:components/content_settings/core/browser/content_settings_policy_provider.cc:452] Skipping unset preference: profile.managed_file_system_write_ask_for_urls
[48:48:0930/004826.456108:VERBOSE2:components/content_settings/core/browser/content_settings_policy_provider.cc:452] Skipping unset preference: profile.managed_file_system_write_blocked_for_urls
[48:48:0930/004826.460431:VERBOSE2:components/content_settings/core/browser/content_settings_policy_provider.cc:452] Skipping unset preference: profile.managed_legacy_cookie_access_allowed_for_domains
[48:48:0930/004826.461042:VERBOSE2:components/content_settings/core/browser/content_settings_policy_provider.cc:452] Skipping unset preference: profile.managed_default_content_settings.legacy_cookie_scope
[48:48:0930/004826.461366:VERBOSE2:components/content_settings/core/browser/content_settings_policy_provider.cc:452] Skipping unset preference: profile.managed_legacy_cookie_scope_for_domains
[48:48:0930/004826.461774:VERBOSE2:components/content_settings/core/browser/content_settings_policy_provider.cc:452] Skipping unset preference: profile.managed_serial_ask_for_urls
[48:48:0930/004826.462032:VERBOSE2:components/content_settings/core/browser/content_settings_policy_provider.cc:452] Skipping unset preference: profile.managed_serial_blocked_for_urls
[48:48:0930/004826.462435:VERBOSE2:components/content_settings/core/browser/content_settings_policy_provider.cc:452] Skipping unset preference: profile.managed_sensors_allowed_for_urls
[48:48:0930/004826.462678:VERBOSE2:components/content_settings/core/browser/content_settings_policy_provider.cc:452] Skipping unset preference: profile.managed_sensors_blocked_for_urls
[48:48:0930/004826.463491:VERBOSE2:components/content_settings/core/browser/content_settings_policy_provider.cc:452] Skipping unset preference: profile.managed_javascript_jit_allowed_for_sites
[48:48:0930/004826.463897:VERBOSE2:components/content_settings/core/browser/content_settings_policy_provider.cc:452] Skipping unset preference: profile.managed_javascript_jit_blocked_for_sites
[48:48:0930/004826.464160:VERBOSE2:components/content_settings/core/browser/content_settings_policy_provider.cc:452] Skipping unset preference: profile.managed_javascript_optimizer_allowed_for_sites
[48:48:0930/004826.464587:VERBOSE2:components/content_settings/core/browser/content_settings_policy_provider.cc:452] Skipping unset preference: profile.managed_javascript_optimizer_blocked_for_sites
[48:48:0930/004826.464835:VERBOSE2:components/content_settings/core/browser/content_settings_policy_provider.cc:452] Skipping unset preference: profile.managed_web_hid_ask_for_urls
[48:48:0930/004826.465071:VERBOSE2:components/content_settings/core/browser/content_settings_policy_provider.cc:452] Skipping unset preference: profile.managed_web_hid_blocked_for_urls
[48:48:0930/004826.465309:VERBOSE2:components/content_settings/core/browser/content_settings_policy_provider.cc:452] Skipping unset preference: profile.managed_window_management_allowed_for_urls
[48:48:0930/004826.465560:VERBOSE2:components/content_settings/core/browser/content_settings_policy_provider.cc:452] Skipping unset preference: profile.managed_window_management_blocked_for_urls
[48:48:0930/004826.465798:VERBOSE2:components/content_settings/core/browser/content_settings_policy_provider.cc:452] Skipping unset preference: profile.managed_local_fonts_allowed_for_urls
[48:48:0930/004826.466031:VERBOSE2:components/content_settings/core/browser/content_settings_policy_provider.cc:452] Skipping unset preference: profile.managed_local_fonts_blocked_for_urls
[48:48:0930/004826.466274:VERBOSE2:components/content_settings/core/browser/content_settings_policy_provider.cc:452] Skipping unset preference: profile.managed_third_party_storage_partitioning_blocked_for_origins
[48:48:0930/004826.466519:VERBOSE2:components/content_settings/core/browser/content_settings_policy_provider.cc:452] Skipping unset preference: profile.managed_web_printing_allowed_for_urls
[48:48:0930/004826.466870:VERBOSE2:components/content_settings/core/browser/content_settings_policy_provider.cc:452] Skipping unset preference: profile.managed_web_printing_blocked_for_urls
[48:48:0930/004826.467120:VERBOSE2:components/content_settings/core/browser/content_settings_policy_provider.cc:452] Skipping unset preference: profile.managed_direct_sockets_allowed_for_urls
[48:48:0930/004826.467478:VERBOSE2:components/content_settings/core/browser/content_settings_policy_provider.cc:452] Skipping unset preference: profile.managed_direct_sockets_blocked_for_urls
[48:48:0930/004826.467726:VERBOSE2:components/content_settings/core/browser/content_settings_policy_provider.cc:452] Skipping unset preference: profile.managed_direct_sockets_pna_allowed_for_urls
[48:48:0930/004826.467968:VERBOSE2:components/content_settings/core/browser/content_settings_policy_provider.cc:452] Skipping unset preference: profile.managed_direct_sockets_pna_blocked_for_urls
[48:48:0930/004826.468208:VERBOSE2:components/content_settings/core/browser/content_settings_policy_provider.cc:452] Skipping unset preference: profile.managed_controlled_frame_allowed_for_urls
[48:48:0930/004826.468455:VERBOSE2:components/content_settings/core/browser/content_settings_policy_provider.cc:452] Skipping unset preference: profile.managed_controlled_frame_blocked_for_urls
[48:48:0930/004826.468696:VERBOSE2:components/content_settings/core/browser/content_settings_policy_provider.cc:452] Skipping unset preference: profile.managed_local_network_access_allowed_for_urls
[48:48:0930/004826.468943:VERBOSE2:components/content_settings/core/browser/content_settings_policy_provider.cc:452] Skipping unset preference: profile.managed_local_network_access_blocked_for_urls
[48:48:0930/004826.469344:VERBOSE2:components/content_settings/core/browser/content_settings_policy_provider.cc:530] Skipping unset preference: profile.managed_auto_select_certificate_for_urls
[48:176:0930/004827.231154:VERBOSE1:base/files/file_util_posix.cc:317] Cannot stat "/root/mp-chromium-profile/Default/Web Applications/Logs/WebAppInstallManager.log": No such file or directory (2)
[48:178:0930/004827.841145:ERROR:dbus/bus.cc:408] Failed to connect to the bus: Could not parse server address: Unknown address type (examples of valid types are "tcp" and on UNIX "unix")
[48:48:0930/004828.661026:VERBOSE1:components/proxy_config/pref_proxy_config_tracker_impl.cc:199] 0x440239ad00: set chrome proxy config service to 0x440226e800
[48:48:0930/004828.729716:VERBOSE1:chrome/browser/signin/account_consistency_mode_manager.cc:207] Desktop Identity Consistency disabled as sign-in to Chrome is not allowed
[48:48:0930/004828.879184:VERBOSE1:components/signin/internal/identity_manager/mutable_profile_oauth2_token_service_delegate.cc:318] MutablePO2TS::MutablePO2TS
[48:176:0930/004830.782473:VERBOSE1:net/disk_cache/simple/simple_index_file.cc:607] Simple Cache Index is being restored from disk.
[48:176:0930/004830.821829:VERBOSE1:base/files/file_util_posix.cc:317] Cannot stat "/root/mp-chromium-profile/Default/Code Cache/js/index-dir/the-real-index": No such file or directory (2)
[48:179:0930/004830.846132:VERBOSE1:net/disk_cache/simple/simple_index_file.cc:607] Simple Cache Index is being restored from disk.
[48:179:0930/004830.849050:VERBOSE1:base/files/file_util_posix.cc:317] Cannot stat "/root/mp-chromium-profile/Default/Code Cache/wasm/index-dir/the-real-index": No such file or directory (2)
[48:48:0930/004831.051294:VERBOSE1:components/proxy_config/pref_proxy_config_tracker_impl.cc:199] 0x440239c200: set chrome proxy config service to 0x44022706e0
[48:48:0930/004831.865547:VERBOSE1:chrome/browser/signin/account_consistency_mode_manager.cc:207] Desktop Identity Consistency disabled as sign-in to Chrome is not allowed
[48:48:0930/004832.424150:VERBOSE1:extensions/browser/api/bluetooth_low_energy/bluetooth_low_energy_event_router.cc:291] Initializing BluetoothLowEnergyEventRouter.
[48:48:0930/004832.836360:VERBOSE1:chrome/browser/permissions/prediction_service/prediction_model_handler_provider_factory.cc:58] [PermissionsAI]: PredictionModelHandlerProviderFactory::BuildServiceInstanceForBrowserContext
[48:48:0930/004832.845966:VERBOSE1:chrome/browser/permissions/prediction_service/prediction_model_handler_provider_factory.cc:66] [PermissionsAI]: OptimizationGuideKeyedService not available.
[48:48:0930/004834.159134:VERBOSE1:extensions/browser/extension_registrar.cc:521] AddComponentExtension Web Store
[48:48:0930/004834.161734:VERBOSE1:extensions/browser/extension_registrar.cc:523] Component extension Web Store (ahfgeienlihckogmohjhadlkjgocpleb) installing/upgrading from '' to 0.2
[48:48:0930/004834.622260:VERBOSE1:extensions/browser/extension_registrar.cc:521] AddComponentExtension Chromium PDF Viewer
[48:48:0930/004834.622658:VERBOSE1:extensions/browser/extension_registrar.cc:523] Component extension Chromium PDF Viewer (mhjfbmdgcfjbbpaeojofohoefgiehjai) installing/upgrading from '' to 1
[48:48:0930/004834.666258:VERBOSE1:extensions/browser/extension_registrar.cc:521] AddComponentExtension Google Hangouts
[48:48:0930/004834.666633:VERBOSE1:extensions/browser/extension_registrar.cc:523] Component extension Google Hangouts (nkeimhogjdpnpccoofpliimaahmaaome) installing/upgrading from '' to 1.3.26
[48:48:0930/004834.722582:VERBOSE1:components/signin/internal/identity_manager/mutable_profile_oauth2_token_service_delegate.cc:408] MutablePO2TS::RefreshTokenIsAvailable
[48:48:0930/004834.731197:VERBOSE1:components/signin/internal/identity_manager/mutable_profile_oauth2_token_service_delegate.cc:408] MutablePO2TS::RefreshTokenIsAvailable
[48:48:0930/004834.742633:VERBOSE1:chrome/browser/signin/account_consistency_mode_manager.cc:207] Desktop Identity Consistency disabled as sign-in to Chrome is not allowed
[48:48:0930/004834.745307:VERBOSE1:components/signin/core/browser/account_reconcilor.cc:165] AccountReconcilor::AccountReconcilor
[48:48:0930/004834.746272:VERBOSE1:components/signin/core/browser/account_reconcilor.cc:203] AccountReconcilor::Initialize
[48:176:0930/004834.897593:VERBOSE1:base/files/file_util_posix.cc:317] Cannot stat "/root/mp-chromium-profile/Default/Policy/User Policy": No such file or directory (2)
[48:176:0930/004834.899672:VERBOSE1:base/files/file_util_posix.cc:317] Cannot stat "/root/mp-chromium-profile/Default/Policy/Signing Key": No such file or directory (2)
[48:48:0930/004835.162044:VERBOSE1:chrome/browser/profiles/profile_manager.cc:1277] AddKeepAlive(Default, kBrowserWindow). keep_alives=[kWaitingForFirstBrowserWindow (1), kBrowserWindow (1)]
[48:48:0930/004835.163816:VERBOSE1:chrome/browser/profiles/profile_manager.cc:1359] ClearFirstBrowserWindowKeepAlive(Default). keep_alives=[kBrowserWindow (1)]
[48:178:0930/004837.070876:ERROR:dbus/bus.cc:408] Failed to connect to the bus: Could not parse server address: Unknown address type (examples of valid types are "tcp" and on UNIX "unix")
[48:178:0930/004837.076307:ERROR:dbus/bus.cc:408] Failed to connect to the bus: Could not parse server address: Unknown address type (examples of valid types are "tcp" and on UNIX "unix")
[2832978.778]  -> wl_compositor#4.create_surface(new id wl_surface#3)
[2832980.860]  -> wp_viewporter#6.get_viewport(new id wp_viewport#21, wl_surface#3)
[48:48:0930/004837.512170:WARNING:ui/ozone/platform/wayland/host/wayland_surface.cc:170] Server doesn't support zcr_alpha_compositing_v1.
[48:48:0930/004837.512729:WARNING:ui/ozone/platform/wayland/host/wayland_surface.cc:185] Server doesn't support overlay_prioritizer.
[48:48:0930/004837.513020:WARNING:ui/ozone/platform/wayland/host/wayland_surface.cc:200] Server doesn't support wp_content_type_v1
[48:48:0930/004837.513355:WARNING:ui/ozone/platform/wayland/host/wayland_surface.cc:214] Server doesn't support wp_color_management_surface_v1.
[48:193:0930/004837.529446:VERBOSE1:chrome/browser/shutdown_signal_handlers_posix.cc:131] Handling shutdown for signal 15.
[2833015.954]  -> wl_compositor#4.create_region(new id wl_region#22)
[2833023.831]  -> wl_region#22.add(0, 0, 1280, 800)
[2833024.334]  -> wl_surface#3.set_opaque_region(wl_region#22)
[2833024.674]  -> wl_region#22.destroy()
[48:48:0930/004837.764769:WARNING:ui/ozone/platform/wayland/host/wayland_connection.cc:408] text-input-v3 not available.
[48:48:0930/004838.281244:VERBOSE1:chrome/browser/signin/account_consistency_mode_manager.cc:207] Desktop Identity Consistency disabled as sign-in to Chrome is not allowed
[48:48:0930/004840.502301:VERBOSE1:google_apis/gaia/gaia_auth_util.cc:54] Canonicalized @gmail.com to @gmail.com
[48:48:0930/004840.503102:VERBOSE1:google_apis/gaia/gaia_auth_util.cc:54] Canonicalized @gmail.com to @gmail.com
[48:48:0930/004841.919576:VERBOSE1:chrome/browser/enterprise/data_protection/data_protection_navigation_observer.cc:216] enterprise.data_protection: same document navigation: 0
[48:48:0930/004841.920262:VERBOSE1:chrome/browser/enterprise/data_protection/data_protection_navigation_observer.cc:218] enterprise.data_protection: URL to scan: file:///usr/share/html-test/index.html
[48:48:0930/004842.625390:VERBOSE1:components/signin/internal/identity_manager/mutable_profile_oauth2_token_service_delegate.cc:408] MutablePO2TS::RefreshTokenIsAvailable
[48:48:0930/004842.625997:VERBOSE1:chrome/browser/signin/account_consistency_mode_manager.cc:207] Desktop Identity Consistency disabled as sign-in to Chrome is not allowed
[2838727.077]  -> xdg_wm_base#19.get_xdg_surface(new id xdg_surface#23, wl_surface#3)
[2838730.284]  -> xdg_surface#23.get_toplevel(new id xdg_toplevel#24)
[2838730.921]  -> xdg_toplevel#24.set_app_id("chromium-browser")
[2838731.432]  -> xdg_toplevel#24.set_title("Untitled - Chromium")
[2838735.437]  -> xdg_toplevel#24.set_min_size(532, 130)
[2838735.762]  -> xdg_toplevel#24.set_max_size(0, 0)
[2838736.885]  -> xdg_toplevel#24.unset_maximized()
[2838740.490]  -> xdg_toplevel#24.set_min_size(532, 130)
[2838740.779]  -> xdg_toplevel#24.set_max_size(0, 0)
[2838744.170]  -> wl_surface#3.commit()
[2838747.841]  -> xdg_surface#23.set_window_geometry(16, 10, 1248, 758)
[231:231:0930/004850.421224:INFO:content/child/child_thread_impl.cc:909] ChildThreadImpl::EnsureConnected()
