Date: 2026-09-28 UTC
[15:08:12.713] weston 14.0.2
               https://wayland.freedesktop.org
               Bug reports to: https://gitlab.freedesktop.org/wayland/weston/issues/
               Build: 14.0.2
[15:08:12.717] Command line: weston --backend=drm-backend.so --renderer=pixman --drm-device=card0 --seat=seat0 --idle-time=0 --debug --log=/root/mp-weston.log
[15:08:12.718] OS: Linux, 10.0.0, 10.0.0, aarch64
[15:08:12.718] Flight recorder: enabled
[15:08:12.731] Starting with no config file.
[15:08:12.759] Output repaint window is 7 ms maximum.
[15:08:12.768] Loading module '/usr/lib/libweston-14/drm-backend.so'
[15:08:12.869] initializing drm backend
[15:08:12.872] Trying libseat launcher...
[15:08:12.889] [libseat/libseat.c:62] Seat opened with backend 'seatd'
[15:08:12.890] [libseat/backend/seatd.c:212] Enabling seat
[15:08:12.890] libseat: session control granted
[15:08:12.914] using /dev/dri/card0
[15:08:12.917] DRM: does not support atomic modesetting
[15:08:12.917] DRM: supports GBM modifiers
[15:08:12.917] DRM: does not support Atomic async page flip
[15:08:12.917] DRM: supports picture aspect ratio
[15:08:12.922] Using Pixman renderer
[15:08:13.140] event0  - QEMU Virtio Keyboard: is tagged by udev as: Keyboard
[15:08:13.143] event0  - QEMU Virtio Keyboard: device is a keyboard
[15:08:13.171] event1  - QEMU Virtio Mouse: is tagged by udev as: Mouse
[15:08:13.172] event1  - QEMU Virtio Mouse: device is a pointer
[15:08:13.434] libinput: configuring device "QEMU Virtio Keyboard".
[15:08:13.436] libinput: configuring device "QEMU Virtio Mouse".
[15:08:13.444] DRM: head 'Virtual-1' found, connector 48 is connected, EDID make 'unknown', model 'unknown', serial ''
               Supported EOTF modes: SDR
               Supported colorimetry modes: default
[15:08:13.449] Registered plugin API 'weston_drm_output_api_v1' of size 40
[15:08:13.449] Registered plugin API 'weston_drm_virtual_output_api_v2' of size 48
[15:08:13.452] Color manager: no-op
                 protocol support: no
[15:08:13.473] Output 'Virtual-1' attempts EOTF mode SDR and colorimetry mode default.
[15:08:13.473] Output 'Virtual-1' using color profile: stock sRGB color profile
[15:08:13.517] DRM: output Virtual-1 uses shadow framebuffer.
[15:08:13.518] Output Virtual-1 (crtc 16) video modes:
               current@60.0, current, 70.6 MHz
[15:08:13.525] associating input device event0 with output Virtual-1 (none by udev)
[15:08:13.525] associating input device event1 with output Virtual-1 (none by udev)
[15:08:13.528] Output 'Virtual-1' enabled with head(s) Virtual-1
[15:08:13.529] Compositor capabilities:
               arbitrary surface rotation: yes
               screen capture uses y-flip: no
               cursor planes: yes
               arbitrary resolutions: no
               view mask clipping: yes
               explicit sync: no
               color operations: no
               presentation clock: CLOCK_MONOTONIC, id 1
               presentation clock resolution: 0.000001000 s
[15:08:13.556] Loading module '/usr/lib/weston/desktop-shell.so'
[15:08:13.602] launching '/usr/libexec/weston-keyboard'
[15:08:13.688] launching '/usr/libexec/weston-desktop-shell'
