Tue Sep 22 05:00:39 UTC 2026 [t0] pid=180 st=R type=(browser/none)
Tue Sep 22 05:00:46 UTC 2026 [t5] pid=180 st=S type=(browser/none)
Tue Sep 22 05:00:46 UTC 2026 [t5] pid=193 st=S type=crashpad-handler
Tue Sep 22 05:00:53 UTC 2026 [t10] pid=180 st=S type=(browser/none)
Tue Sep 22 05:00:53 UTC 2026 [t10] pid=193 st=S type=crashpad-handler
Tue Sep 22 05:00:53 UTC 2026 [t10] pid=197 st=S type=crashpad-handler
Tue Sep 22 05:00:53 UTC 2026 [t10] pid=203 st=R type=zygote
Tue Sep 22 05:00:53 UTC 2026 [t10] pid=204 st=R type=zygote
Tue Sep 22 05:01:03 UTC 2026 [t15] pid=180 st=R type=(browser/none)
Tue Sep 22 05:01:03 UTC 2026 [t15] pid=193 st=S type=crashpad-handler
Tue Sep 22 05:01:03 UTC 2026 [t15] pid=197 st=S type=crashpad-handler
Tue Sep 22 05:01:10 UTC 2026 [t20] pid=180 st=R type=(browser/none)
Tue Sep 22 05:01:10 UTC 2026 [t20] pid=193 st=S type=crashpad-handler
Tue Sep 22 05:01:10 UTC 2026 [t20] pid=197 st=S type=crashpad-handler
Tue Sep 22 05:01:19 UTC 2026 [t25] pid=180 st=R type=(browser/none)
Tue Sep 22 05:01:19 UTC 2026 [t25] pid=193 st=S type=crashpad-handler
Tue Sep 22 05:01:19 UTC 2026 [t25] pid=197 st=S type=crashpad-handler
Tue Sep 22 05:01:19 UTC 2026 [t25] pid=257 st=R type=utility
Tue Sep 22 05:01:27 UTC 2026 [t30] pid=180 st=R type=(browser/none)
Tue Sep 22 05:01:27 UTC 2026 [t30] pid=193 st=S type=crashpad-handler
Tue Sep 22 05:01:27 UTC 2026 [t30] pid=197 st=S type=crashpad-handler
Tue Sep 22 05:01:27 UTC 2026 [t30] pid=257 st=S type=utility
Tue Sep 22 05:01:36 UTC 2026 [t35] pid=197 st=S type=crashpad-handler
Tue Sep 22 05:01:36 UTC 2026 [t35] pid=257 st=S type=utility
Tue Sep 22 05:01:44 UTC 2026 [t40] pid=197 st=S type=crashpad-handler
Tue Sep 22 05:01:44 UTC 2026 [t40] pid=257 st=S type=utility
Tue Sep 22 05:01:56 UTC 2026 [t45] pid=197 st=S type=crashpad-handler
Tue Sep 22 05:01:56 UTC 2026 [t45] pid=257 st=S type=utility
