[full]   SNAP[t0] n=1
[180:180:0922/050044.306892:VERBOSE1:chrome/app/chrome_crash_reporter_client.cc:199] GetCollectStatsConsent(): is_official_chrome_build is false so returning false
[full]   SNAP[t5] n=2
[180:180:0922/050047.873399:VERBOSE1:chrome/app/chrome_crash_reporter_client.cc:199] GetCollectStatsConsent(): is_official_chrome_build is false so returning false
[180:180:0922/050047.954806:ERROR:ui/ozone/platform/wayland/common/drm_render_node_path_finder.cc:45] drmGetDevices2() has not found any devices: No such file or directory (2)
[203:203:0922/050055.732452:INFO:third_party/webrtc/rtc_base/cpu_info.cc:77] Available number of cores: 4
[204:204:0922/050055.812634:INFO:third_party/webrtc/rtc_base/cpu_info.cc:77] Available number of cores: 4
[203:203:0922/050055.875780:VERBOSE1:content/zygote/zygote_main_linux.cc:202] ZygoteMain: initializing 0 fork delegates
[full]   SNAP[t10] n=5
[204:204:0922/050056.051987:VERBOSE1:content/zygote/zygote_main_linux.cc:202] ZygoteMain: initializing 0 fork delegates
[180:180:0922/050104.232635:VERBOSE1:components/policy/core/common/config_dir_policy_loader.cc:120] Skipping mandatory platform policies because no policy file was found at: /etc/chromium/policies/managed
[180:180:0922/050104.237996:VERBOSE1:components/policy/core/common/config_dir_policy_loader.cc:120] Skipping recommended platform policies because no policy file was found at: /etc/chromium/policies/recommended
[full]   SNAP[t15] n=3
[180:180:0922/050104.711238:VERBOSE1:components/variations/service/variations_field_trial_creator.cc:77] VariationsSeedUsage:2
[180:180:0922/050104.739516:VERBOSE1:components/variations/service/variations_field_trial_creator.cc:374] VariationsSetupComplete
[180:221:0922/050105.208029:VERBOSE1:base/files/file_util_posix.cc:309] Cannot stat "/tmp/chromium-baseline/VariationsSeedV2": No such file or directory (2)
[180:222:0922/050105.233373:ERROR:base/files/file_path_watcher_inotify.cc:338] inotify_init() failed: Function not implemented (38)
[180:221:0922/050105.238480:VERBOSE1:base/files/file_util_posix.cc:309] Cannot stat "/tmp/chromium-baseline/VariationsSeedV2": No such file or directory (2)
[180:223:0922/050105.380365:ERROR:dbus/bus.cc:405] Failed to connect to the bus: Failed to connect to socket /run/dbus/system_bus_socket: No such file or directory
[180:180:0922/050105.648036:WARNING:ui/ozone/platform/wayland/ozone_platform_wayland.cc:278] Failed to initialize drm render node handle.
[180:180:0922/050105.684568:WARNING:ui/ozone/platform/wayland/common/wayland_object.cc:119] Binding to wl_shm version 1 but version 2 is available.
[180:180:0922/050105.693609:WARNING:ui/ozone/platform/wayland/host/wayland_connection.cc:273] No wl_seat object. The functionality may suffer.
[180:180:0922/050108.085898:ERROR:content/browser/browser_main_loop.cc:274] Gdk: gdk_seat_get_keyboard: assertion 'GDK_IS_SEAT (seat)' failed
[180:180:0922/050111.287368:VERBOSE1:chrome/browser/media/webrtc/webrtc_event_log_manager.cc:126] WebRTC remote-bound event logging enabled.
[full]   SNAP[t20] n=3
[180:180:0922/050111.421695:VERBOSE1:components/proxy_config/pref_proxy_config_tracker_impl.cc:462] 0x2c0228cd00: set chrome proxy config service to 0x2c02381500
[180:180:0922/050111.448559:VERBOSE1:google_apis/api_key_cache.cc:120] Using default value "497550622367-ubtkmd3b2pp5gulba5n6ha6sq4n35ehj.apps.googleusercontent.com" for API key GOOGLE_CLIENT_ID_MAIN
[180:180:0922/050111.449543:VERBOSE1:google_apis/api_key_cache.cc:120] Using default value "NaCX8tIIAphrjs56n3TpHx_e" for API key GOOGLE_CLIENT_SECRET_MAIN
[180:180:0922/050111.450276:VERBOSE1:google_apis/api_key_cache.cc:120] Using default value "497550622367-ubtkmd3b2pp5gulba5n6ha6sq4n35ehj.apps.googleusercontent.com" for API key GOOGLE_CLIENT_ID_REMOTING
[180:180:0922/050111.450904:VERBOSE1:google_apis/api_key_cache.cc:120] Using default value "NaCX8tIIAphrjs56n3TpHx_e" for API key GOOGLE_CLIENT_SECRET_REMOTING
[180:180:0922/050111.451256:VERBOSE1:google_apis/api_key_cache.cc:120] Using default value "497550622367-ubtkmd3b2pp5gulba5n6ha6sq4n35ehj.apps.googleusercontent.com" for API key GOOGLE_CLIENT_ID_REMOTING_HOST
[180:180:0922/050111.452429:VERBOSE1:google_apis/api_key_cache.cc:120] Using default value "NaCX8tIIAphrjs56n3TpHx_e" for API key GOOGLE_CLIENT_SECRET_REMOTING_HOST
[180:180:0922/050111.636276:VERBOSE1:components/device_event_log/device_event_log_impl.cc:203] [05:01:11.635] Display: EVENT: wayland_screen.cc:146 Displays updated, count: 1
[180:180:0922/050112.890777:VERBOSE1:components/device_event_log/device_event_log_impl.cc:203] [05:01:12.890] Display: EVENT: wayland_screen.cc:149 Display[14] bounds=[0,0 1280x800], workarea=[0,0 1280x800], scale=1, rotation=0, panel_rotation=0 external detected
[180:223:0922/050113.043327:ERROR:dbus/bus.cc:405] Failed to connect to the bus: Could not parse server address: Unknown address type (examples of valid types are "tcp" and on UNIX "unix")
[180:223:0922/050113.064186:ERROR:dbus/bus.cc:405] Failed to connect to the bus: Failed to connect to socket /run/dbus/system_bus_socket: No such file or directory
[180:223:0922/050113.070775:ERROR:dbus/bus.cc:405] Failed to connect to the bus: Failed to connect to socket /run/dbus/system_bus_socket: No such file or directory
[180:223:0922/050113.071975:ERROR:dbus/bus.cc:405] Failed to connect to the bus: Could not parse server address: Unknown address type (examples of valid types are "tcp" and on UNIX "unix")
[180:221:0922/050113.167383:VERBOSE1:base/files/file_util_posix.cc:309] Cannot stat "/tmp/chromium-baseline/component_crx_cache/metadata.json": No such file or directory (2)
[180:250:0922/050113.825664:WARNING:ui/ozone/platform/wayland/ozone_platform_wayland.cc:331] Failed to find drm render node path.
[180:250:0922/050113.827221:WARNING:ui/ozone/platform/wayland/gpu/wayland_buffer_manager_gpu.cc:456] Failed to initialize drm render node handle.
[180:250:0922/050113.877507:ERROR:ui/gl/init/gl_factory.cc:110] Requested GL implementation (gl=none,angle=none) not found in allowed implementations: [(gl=egl-angle,angle=opengl),(gl=egl-angle,angle=opengles),(gl=egl-angle,angle=vulkan)].
[180:250:0922/050113.885589:VERBOSE1:gpu/ipc/service/gpu_init.cc:1101] gl::init::InitializeGLNoExtensionsOneOff failed
[180:250:0922/050113.904781:WARNING:media/gpu/vaapi/vaapi_wrapper.cc:1643] drmGetDevices2() has not found any devices
[180:250:0922/050113.918686:VERBOSE1:media/gpu/vaapi/vaapi_wrapper.cc:1710] GetHandle(): Either VADisplayStateSingleton::PreSandboxInitialization() hasn't been called or that method failed to find a suitable render node
[180:250:0922/050113.978434:VERBOSE1:components/viz/service/main/viz_main_impl.cc:87] VizNullHypothesis is disabled (not a warning)
[180:223:0922/050114.076727:ERROR:dbus/bus.cc:405] Failed to connect to the bus: Could not parse server address: Unknown address type (examples of valid types are "tcp" and on UNIX "unix")
[180:222:0922/050114.132396:VERBOSE1:base/files/file_util_posix.cc:309] Cannot stat "/tmp/chromium-baseline/Consent To Send Stats": No such file or directory (2)
[180:180:0922/050114.802194:VERBOSE1:components/enterprise/browser/controller/chrome_browser_cloud_management_controller.cc:204] Cloud management controller initialization aborted as CBCM is not enabled. Please use the `--enable-chrome-browser-cloud-management` command line flag to enable it if you are not using the official Google Chrome build.
[180:180:0922/050115.414824:VERBOSE1:components/policy/core/common/cloud/user_cloud_policy_store.cc:130] [policy_type=google/chrome/user] Initiating immediate policy load from disk
[180:180:0922/050115.420848:VERBOSE1:components/policy/core/common/cloud/user_cloud_policy_store.cc:233] [policy_type=google/chrome/user] No policy found on disk
[180:180:0922/050115.421903:VERBOSE1:components/policy/core/common/cloud/user_cloud_policy_store.cc:130] [policy_type=google/extension-install-cloud-policy/chrome/user] Initiating immediate policy load from disk
[180:180:0922/050115.423034:VERBOSE1:components/policy/core/common/cloud/user_cloud_policy_store.cc:233] [policy_type=google/extension-install-cloud-policy/chrome/user] No policy found on disk
[180:221:0922/050116.621449:VERBOSE1:base/files/file_util_posix.cc:309] Cannot stat "/tmp/chromium-baseline/Default/Web Applications/Logs": No such file or directory (2)
[180:223:0922/050116.704982:ERROR:dbus/bus.cc:405] Failed to connect to the bus: Could not parse server address: Unknown address type (examples of valid types are "tcp" and on UNIX "unix")
[180:180:0922/050116.893108:VERBOSE1:components/proxy_config/pref_proxy_config_tracker_impl.cc:462] 0x2c02290ac0: set chrome proxy config service to 0x2c02383800
[180:180:0922/050116.961646:VERBOSE1:components/signin/internal/identity_manager/mutable_profile_oauth2_token_service_delegate.cc:353] MutablePO2TS::MutablePO2TS
[180:243:0922/050117.294729:VERBOSE1:base/files/file_util_posix.cc:309] Cannot stat "/tmp/chromium-baseline/Default/Code Cache/pc": No such file or directory (2)
[180:221:0922/050117.360173:VERBOSE1:net/disk_cache/simple/simple_index_file.cc:625] Simple Cache Index is being restored from disk.
[180:222:0922/050117.363363:VERBOSE1:net/disk_cache/simple/simple_index_file.cc:625] Simple Cache Index is being restored from disk.
[180:221:0922/050117.370221:VERBOSE1:base/files/file_util_posix.cc:309] Cannot stat "/tmp/chromium-baseline/Default/Code Cache/js/index-dir/the-real-index": No such file or directory (2)
[180:222:0922/050117.368027:VERBOSE1:base/files/file_util_posix.cc:309] Cannot stat "/tmp/chromium-baseline/Default/Code Cache/wasm/index-dir/the-real-index": No such file or directory (2)
[180:180:0922/050117.446986:VERBOSE1:components/proxy_config/pref_proxy_config_tracker_impl.cc:462] 0x2c022917c0: set chrome proxy config service to 0x2c023832c0
[180:180:0922/050117.513382:VERBOSE1:chrome/browser/permissions/prediction_service/prediction_model_handler_provider_factory.cc:61] [PermissionsAI]: PredictionModelHandlerProviderFactory::BuildServiceInstanceForBrowserContext
[180:180:0922/050117.514110:VERBOSE1:chrome/browser/permissions/prediction_service/prediction_model_handler_provider_factory.cc:70] [PermissionsAI]: OptimizationGuideGlobalStateHolderKeyedService not available.
[180:180:0922/050117.711167:VERBOSE1:components/signin/internal/identity_manager/mutable_profile_oauth2_token_service_delegate.cc:443] MutablePO2TS::RefreshTokenIsAvailable
[180:180:0922/050118.267301:VERBOSE1:components/signin/internal/identity_manager/mutable_profile_oauth2_token_service_delegate.cc:443] MutablePO2TS::RefreshTokenIsAvailable
[180:180:0922/050118.904461:VERBOSE1:extensions/browser/extension_registrar.cc:547] AddComponentExtension Web Store
[180:180:0922/050118.905173:VERBOSE1:extensions/browser/extension_registrar.cc:549] Component extension Web Store (ahfgeienlihckogmohjhadlkjgocpleb) installing/upgrading from '' to 0.2
[180:180:0922/050119.414444:VERBOSE1:extensions/browser/extension_registrar.cc:547] AddComponentExtension Chromium PDF Viewer
[180:180:0922/050119.415121:VERBOSE1:extensions/browser/extension_registrar.cc:549] Component extension Chromium PDF Viewer (mhjfbmdgcfjbbpaeojofohoefgiehjai) installing/upgrading from '' to 1
[180:180:0922/050119.460114:VERBOSE1:extensions/browser/extension_registrar.cc:547] AddComponentExtension Google Hangouts
[180:180:0922/050119.460745:VERBOSE1:extensions/browser/extension_registrar.cc:549] Component extension Google Hangouts (nkeimhogjdpnpccoofpliimaahmaaome) installing/upgrading from '' to 1.3.26
[180:180:0922/050119.517621:VERBOSE1:components/signin/internal/identity_manager/mutable_profile_oauth2_token_service_delegate.cc:443] MutablePO2TS::RefreshTokenIsAvailable
[180:180:0922/050119.518380:VERBOSE1:components/signin/internal/identity_manager/mutable_profile_oauth2_token_service_delegate.cc:443] MutablePO2TS::RefreshTokenIsAvailable
[180:180:0922/050119.528333:VERBOSE1:components/signin/core/browser/account_reconcilor.cc:150] AccountReconcilor::AccountReconcilor
[180:180:0922/050119.529408:VERBOSE1:components/signin/core/browser/account_reconcilor.cc:180] AccountReconcilor::Initialize
[180:180:0922/050119.530805:VERBOSE1:components/signin/core/browser/account_reconcilor.cc:231] AccountReconcilor::RegisterWithContentSettings
[180:180:0922/050119.531872:VERBOSE1:components/signin/core/browser/account_reconcilor.cc:254] AccountReconcilor::RegisterWithIdentityManager
[180:223:0922/050119.709150:ERROR:dbus/bus.cc:405] Failed to connect to the bus: Could not parse server address: Unknown address type (examples of valid types are "tcp" and on UNIX "unix")
[180:221:0922/050119.828016:VERBOSE1:base/files/file_util_posix.cc:309] Cannot stat "/tmp/chromium-baseline/Default/Policy/User Policy": No such file or directory (2)
[180:221:0922/050119.836328:VERBOSE1:base/files/file_util_posix.cc:309] Cannot stat "/tmp/chromium-baseline/Default/Policy/Signing Key": No such file or directory (2)
[180:221:0922/050119.845624:VERBOSE1:base/files/file_util_posix.cc:309] Cannot stat "/tmp/chromium-baseline/Default/Policy/User Extension Install Policy": No such file or directory (2)
[180:221:0922/050119.851203:VERBOSE1:base/files/file_util_posix.cc:309] Cannot stat "/tmp/chromium-baseline/Default/Policy/User Extension Install Signing Key": No such file or directory (2)
[180:180:0922/050120.063864:VERBOSE1:chrome/browser/profiles/profile_manager.cc:1408] AddKeepAlive(Default, kBrowserWindow). keep_alives=[kWaitingForFirstBrowserWindow (1), kBrowserWindow (1)]
[180:180:0922/050120.071406:VERBOSE1:chrome/browser/profiles/profile_manager.cc:1490] ClearFirstBrowserWindowKeepAlive(Default). keep_alives=[kBrowserWindow (1)]

(chromium:180): GLib-GIO-CRITICAL **: 05:01:20.375: g_settings_schema_source_lookup: assertion 'source != NULL' failed
[full]   SNAP[t25] n=4
[180:180:0922/050122.272368:WARNING:ui/ozone/platform/wayland/host/wayland_surface.cc:170] Server doesn't support zcr_alpha_compositing_v1.
[180:180:0922/050122.273307:WARNING:ui/ozone/platform/wayland/host/wayland_surface.cc:185] Server doesn't support overlay_prioritizer.
[180:180:0922/050122.273603:WARNING:ui/ozone/platform/wayland/host/wayland_surface.cc:200] Server doesn't support wp_content_type_v1
[180:180:0922/050122.275119:WARNING:ui/ozone/platform/wayland/host/wayland_surface.cc:214] Server doesn't support wp_color_management_surface_v1.
[180:180:0922/050122.460464:WARNING:ui/ozone/platform/wayland/host/wayland_connection.cc:408] text-input-v3 not available.
[180:180:0922/050124.117073:VERBOSE1:chrome/browser/ui/views/omnibox/omnibox_popup_closer.cc:65] Closing omnibox popup with reason: kRevertAll
[180:180:0922/050124.858738:VERBOSE1:google_apis/gaia/gaia_auth_util.cc:53] Canonicalized @gmail.com to @gmail.com
[180:180:0922/050124.859275:VERBOSE1:google_apis/gaia/gaia_auth_util.cc:53] Canonicalized @gmail.com to @gmail.com
[180:180:0922/050125.620129:VERBOSE1:chrome/browser/enterprise/data_protection/data_protection_navigation_observer.cc:227] enterprise.data_protection: same document navigation: 0
[180:180:0922/050125.621341:VERBOSE1:chrome/browser/enterprise/data_protection/data_protection_navigation_observer.cc:229] enterprise.data_protection: URL to scan: file:///usr/share/html-test/index.html
[180:180:0922/050125.811545:VERBOSE1:components/signin/internal/identity_manager/mutable_profile_oauth2_token_service_delegate.cc:443] MutablePO2TS::RefreshTokenIsAvailable
[180:180:0922/050126.156791:VERBOSE1:chrome/browser/ui/views/omnibox/omnibox_popup_closer.cc:65] Closing omnibox popup with reason: kRevertAll
[180:180:0922/050126.346556:VERBOSE1:components/signin/internal/identity_manager/mutable_profile_oauth2_token_service_delegate.cc:443] MutablePO2TS::RefreshTokenIsAvailable
[180:180:0922/050127.563874:ERROR:dbus/object_proxy.cc:572] Failed to call method: org.freedesktop.DBus.NameHasOwner: object_path= /org/freedesktop/DBus: unknown error type: 
[180:223:0922/050127.568481:ERROR:dbus/bus.cc:405] Failed to connect to the bus: Could not parse server address: Unknown address type (examples of valid types are "tcp" and on UNIX "unix")
[180:180:0922/050127.569206:WARNING:device/bluetooth/dbus/bluez_dbus_manager.cc:209] Floss manager service not available, cannot set Floss enable/disable.
[180:180:0922/050127.572327:ERROR:dbus/object_proxy.cc:572] Failed to call method: org.freedesktop.DBus.NameHasOwner: object_path= /org/freedesktop/DBus: unknown error type: 
[180:180:0922/050127.573265:VERBOSE1:ui/base/idle/idle_linux.cc:130] org.freedesktop.ScreenSaver D-Bus service does not exist
[180:223:0922/050127.576754:ERROR:dbus/bus.cc:405] Failed to connect to the bus: Could not parse server address: Unknown address type (examples of valid types are "tcp" and on UNIX "unix")
[180:180:0922/050127.600322:ERROR:dbus/object_proxy.cc:572] Failed to call method: org.freedesktop.DBus.NameHasOwner: object_path= /org/freedesktop/DBus: unknown error type: 
[180:180:0922/050127.942907:ERROR:dbus/object_proxy.cc:572] Failed to call method: org.freedesktop.DBus.NameHasOwner: object_path= /org/freedesktop/DBus: unknown error type: 
[257:270:0922/050128.365116:VERBOSE1:net/base/network_delegate.cc:38] NetworkDelegate::NotifyBeforeURLRequest: http://clients2.google.com/time/1/current?cup2key=10:9HXB94mvuZ-AqAwKWgFb5sixM5roDU7q0PgwImoXObE&cup2hreq=e3b0c44298fc1c149afbf4c8996fb92427ae41e4649b934ca495991b7852b855
[180:180:0922/050129.076808:VERBOSE1:components/signin/internal/identity_manager/mutable_profile_oauth2_token_service_delegate.cc:443] MutablePO2TS::RefreshTokenIsAvailable
[257:275:0922/050129.085063:VERBOSE1:net/disk_cache/simple/simple_index_file.cc:625] Simple Cache Index is being restored from disk.
[257:275:0922/050129.096375:VERBOSE1:base/files/file_util_posix.cc:309] Cannot stat "/tmp/chromium-baseline/Default/Shared Dictionary/cache/index-dir/the-real-index": No such file or directory (2)
[180:180:0922/050129.138168:ERROR:dbus/object_proxy.cc:572] Failed to call method: org.freedesktop.DBus.NameHasOwner: object_path= /org/freedesktop/DBus: unknown error type: 
[180:180:0922/050129.139157:WARNING:ui/ozone/platform/wayland/host/org_gnome_mutter_idle_monitor.cc:87] org.gnome.Mutter.IdleMonitor D-Bus service does not exist
[257:270:0922/050129.341617:ERROR:net/socket/tcp_socket_posix.cc:93] Failed to set TCP_KEEPIDLE on fd: 27: Protocol not available (92)
[full]   SNAP[t30] n=4
[180:221:0922/050129.798818:VERBOSE1:content/browser/loader/file_url_loader_factory.cc:474] FileURLLoader::Start: file:///usr/share/html-test/index.html
[257:270:0922/050129.930352:VERBOSE1:net/base/network_delegate.cc:38] NetworkDelegate::NotifyBeforeURLRequest: https://www.google.com/async/folae?async=_fmt:pb&udm=50&client_locale=en-US
[180:223:0922/050129.944514:ERROR:dbus/bus.cc:405] Failed to connect to the bus: Failed to connect to socket /run/dbus/system_bus_socket: No such file or directory
[180:223:0922/050129.981354:ERROR:dbus/bus.cc:405] Failed to connect to the bus: Failed to connect to socket /run/dbus/system_bus_socket: No such file or directory
[180:180:0922/050130.039304:ERROR:dbus/object_proxy.cc:572] Failed to call method: org.freedesktop.DBus.NameHasOwner: object_path= /org/freedesktop/DBus: unknown error type: 
[180:180:0922/050130.082188:ERROR:dbus/object_proxy.cc:572] Failed to call method: org.freedesktop.DBus.NameHasOwner: object_path= /org/freedesktop/DBus: unknown error type: 
[180:180:0922/050130.082865:VERBOSE1:ui/base/idle/idle_linux.cc:130] org.cinnamon.ScreenSaver D-Bus service does not exist
[180:223:0922/050130.084829:ERROR:dbus/bus.cc:405] Failed to connect to the bus: Could not parse server address: Unknown address type (examples of valid types are "tcp" and on UNIX "unix")
[0922/050130.658767:ERROR:third_party/crashpad/crashpad/util/linux/socket.cc:177] missing credentials
[180:180:0922/050131.382485:WARNING:dbus/property.cc:94] Failed to connect to PropertiesChangedsignal.
[180:180:0922/050131.385502:ERROR:dbus/object_proxy.cc:572] Failed to call method: org.freedesktop.DBus.Properties.GetAll: object_path= /org/freedesktop/UPower/devices/DisplayDevice: unknown error type: 
[180:180:0922/050131.385863:WARNING:dbus/property.cc:174] GetAll request failed for: org.freedesktop.UPower.Device
[257:269:0922/050131.410605:VERBOSE1:net/disk_cache/simple/simple_index_file.cc:625] Simple Cache Index is being restored from disk.
[257:269:0922/050131.414458:VERBOSE1:base/files/file_util_posix.cc:309] Cannot stat "/tmp/chromium-baseline/Default/Cache/Cache_Data/index-dir/the-real-index": No such file or directory (2)
[180:180:0922/050131.448970:ERROR:dbus/object_proxy.cc:572] Failed to call method: org.freedesktop.DBus.NameHasOwner: object_path= /org/freedesktop/DBus: unknown error type: 
[180:180:0922/050131.452236:VERBOSE1:ui/base/idle/idle_linux.cc:130] org.gnome.ScreenSaver D-Bus service does not exist
[180:223:0922/050131.455191:ERROR:dbus/bus.cc:405] Failed to connect to the bus: Could not parse server address: Unknown address type (examples of valid types are "tcp" and on UNIX "unix")
[257:271:0922/050131.499996:VERBOSE1:base/files/file_util_posix.cc:309] Cannot stat "/tmp/chromium-baseline/Default/Cache/No_Vary_Search/snapshot-new.baf": No such file or directory (2)
[257:271:0922/050131.518438:VERBOSE1:base/files/file_util_posix.cc:309] Cannot stat "/tmp/chromium-baseline/Default/Cache/No_Vary_Search/journal.baj": No such file or directory (2)
[257:269:0922/050131.550065:VERBOSE1:base/files/file_util_posix.cc:309] Cannot stat "/tmp/chromium-baseline/Default/Cache/Cache_Data/cfc3e0bad1972083_0": No such file or directory (2)
[257:269:0922/050131.561157:VERBOSE1:base/files/file_util_posix.cc:309] Cannot stat "/tmp/chromium-baseline/Default/Cache/Cache_Data/cfc3e0bad1972083_1": No such file or directory (2)
[257:269:0922/050131.565971:VERBOSE1:base/files/file_util_posix.cc:309] Cannot stat "/tmp/chromium-baseline/Default/Cache/Cache_Data/cfc3e0bad1972083_s": No such file or directory (2)
[180:224:0922/050131.603647:VERBOSE1:components/signin/public/webdata/token_service_table.cc:259] Loaded tokens: result = 3 ; number of tokens loaded = 0
[257:270:0922/050131.662220:ERROR:net/socket/tcp_socket_posix.cc:93] Failed to set TCP_KEEPIDLE on fd: 32: Protocol not available (92)
[180:180:0922/050131.825427:VERBOSE1:components/signin/internal/identity_manager/mutable_profile_oauth2_token_service_delegate.cc:443] MutablePO2TS::RefreshTokenIsAvailable
[257:270:0922/050131.966246:ERROR:net/socket/tcp_socket_posix.cc:93] Failed to set TCP_KEEPIDLE on fd: 33: Protocol not available (92)
[257:270:0922/050132.026842:ERROR:net/socket/tcp_socket_posix.cc:93] Failed to set TCP_KEEPIDLE on fd: 32: Protocol not available (92)
[180:221:0922/050132.136765:VERBOSE1:base/files/file_util_posix.cc:309] Cannot stat "/tmp/chromium-baseline/Default/Web Applications/Logs": No such file or directory (2)
[180:180:0922/050132.138166:VERBOSE1:chrome/browser/web_applications/locks/partitioned_lock_manager.cc:262] Acquiring <PartitionedLockId>{id: 0x31, partition: 0} for Start@chrome/browser/web_applications/generated_icon_fix_manager.cc:61
[180:180:0922/050132.140805:VERBOSE1:chrome/browser/web_applications/locks/partitioned_lock_manager.cc:243] All locks acquired for Start@chrome/browser/web_applications/generated_icon_fix_manager.cc:61
[180:180:0922/050132.393493:ERROR:dbus/object_proxy.cc:572] Failed to call method: org.freedesktop.DBus.NameHasOwner: object_path= /org/freedesktop/DBus: unknown error type: 
[180:180:0922/050132.393853:VERBOSE1:ui/base/idle/idle_linux.cc:130] org.mate.ScreenSaver D-Bus service does not exist
[180:223:0922/050132.397568:ERROR:dbus/bus.cc:405] Failed to connect to the bus: Could not parse server address: Unknown address type (examples of valid types are "tcp" and on UNIX "unix")
[180:180:0922/050132.410160:VERBOSE1:components/signin/internal/identity_manager/mutable_profile_oauth2_token_service_delegate.cc:599] MutablePO2TS::OnWebDataServiceRequestDone. Result type: 5
[180:180:0922/050132.410983:VERBOSE1:components/signin/internal/identity_manager/mutable_profile_oauth2_token_service_delegate.cc:661] MutablePO2TS::LoadAllCredentialsIntoMemory; 0 credential(s).
[180:180:0922/050132.419799:VERBOSE1:components/signin/core/browser/account_reconcilor.cc:339] AccountReconcilor::OnEndBatchOfRefreshTokenStateChanges. Reconcilor state: 1
[180:180:0922/050132.666543:VERBOSE1:chrome/browser/web_applications/locks/partitioned_lock_manager.cc:286] Releasing <PartitionedLockId>{id: 0x31, partition: 0} requested by Start@chrome/browser/web_applications/generated_icon_fix_manager.cc:61
[180:180:0922/050132.742084:ERROR:dbus/object_proxy.cc:572] Failed to call method: org.freedesktop.DBus.NameHasOwner: object_path= /org/freedesktop/DBus: unknown error type: 
[180:180:0922/050132.742466:VERBOSE1:ui/base/idle/idle_linux.cc:130] org.xfce.ScreenSaver D-Bus service does not exist
[180:180:0922/050132.742782:WARNING:ui/base/idle/idle_linux.cc:111] None of the known D-Bus ScreenSaver services could be used.
[257:270:0922/050132.860831:ERROR:net/socket/tcp_socket_posix.cc:93] Failed to set TCP_KEEPIDLE on fd: 27: Protocol not available (92)
[180:180:0922/050133.754378:VERBOSE1:extensions/browser/extension_registrar.cc:547] AddComponentExtension Google Hangouts
[full]   SNAP[t35] n=2
[full]   SNAP[t40] n=2
[full]   SNAP[t45] n=2
